[1.734s] Invoking command in '/home/darkdemon/work/motor_control/src/realsense': PYTHONPATH=/home/darkdemon/work/motor_control/build/realsense/prefix_override:/usr/lib/python3/dist-packages/colcon_core/task/python/colcon_distutils_commands:/home/darkdemon/work/motor_control/install/realsense/lib/python3.10/site-packages:${PYTHONPATH} /usr/bin/python3 -W ignore:setup.py install is deprecated -W ignore:easy_install command is deprecated setup.py egg_info --egg-base ../../build/realsense build --build-base /home/darkdemon/work/motor_control/build/realsense/build install --record /home/darkdemon/work/motor_control/build/realsense/install.log --single-version-externally-managed install_data
[2.195s] running egg_info
[2.196s] writing ../../build/realsense/realsense.egg-info/PKG-INFO
[2.197s] writing dependency_links to ../../build/realsense/realsense.egg-info/dependency_links.txt
[2.197s] writing entry points to ../../build/realsense/realsense.egg-info/entry_points.txt
[2.197s] writing requirements to ../../build/realsense/realsense.egg-info/requires.txt
[2.197s] writing top-level names to ../../build/realsense/realsense.egg-info/top_level.txt
[2.200s] reading manifest file '../../build/realsense/realsense.egg-info/SOURCES.txt'
[2.201s] writing manifest file '../../build/realsense/realsense.egg-info/SOURCES.txt'
[2.201s] running build
[2.201s] running build_py
[2.202s] copying realsense/depth_calculate.py -> /home/darkdemon/work/motor_control/build/realsense/build/lib/realsense
[2.202s] running install
[2.203s] running install_lib
[2.204s] copying /home/darkdemon/work/motor_control/build/realsense/build/lib/realsense/depth_calculate.py -> /home/darkdemon/work/motor_control/install/realsense/lib/python3.10/site-packages/realsense
[2.205s] byte-compiling /home/darkdemon/work/motor_control/install/realsense/lib/python3.10/site-packages/realsense/depth_calculate.py to depth_calculate.cpython-310.pyc
[2.212s] running install_data
[2.212s] running install_egg_info
[2.212s] removing '/home/darkdemon/work/motor_control/install/realsense/lib/python3.10/site-packages/realsense-0.0.1-py3.10.egg-info' (and everything under it)
[2.212s] Copying ../../build/realsense/realsense.egg-info to /home/darkdemon/work/motor_control/install/realsense/lib/python3.10/site-packages/realsense-0.0.1-py3.10.egg-info
[2.213s] running install_scripts
[2.239s] Installing box_edge_detect script to /home/darkdemon/work/motor_control/install/realsense/lib/realsense
[2.239s] Installing color_detect script to /home/darkdemon/work/motor_control/install/realsense/lib/realsense
[2.240s] Installing color_range script to /home/darkdemon/work/motor_control/install/realsense/lib/realsense
[2.240s] Installing depth_calculate script to /home/darkdemon/work/motor_control/install/realsense/lib/realsense
[2.240s] Installing paddleorc script to /home/darkdemon/work/motor_control/install/realsense/lib/realsense
[2.241s] Installing realsense_read script to /home/darkdemon/work/motor_control/install/realsense/lib/realsense
[2.241s] Installing visiual script to /home/darkdemon/work/motor_control/install/realsense/lib/realsense
[2.241s] Installing yolo_number_detect script to /home/darkdemon/work/motor_control/install/realsense/lib/realsense
[2.242s] writing list of installed files to '/home/darkdemon/work/motor_control/build/realsense/install.log'
[2.276s] Invoked command in '/home/darkdemon/work/motor_control/src/realsense' returned '0': PYTHONPATH=/home/darkdemon/work/motor_control/build/realsense/prefix_override:/usr/lib/python3/dist-packages/colcon_core/task/python/colcon_distutils_commands:/home/darkdemon/work/motor_control/install/realsense/lib/python3.10/site-packages:${PYTHONPATH} /usr/bin/python3 -W ignore:setup.py install is deprecated -W ignore:easy_install command is deprecated setup.py egg_info --egg-base ../../build/realsense build --build-base /home/darkdemon/work/motor_control/build/realsense/build install --record /home/darkdemon/work/motor_control/build/realsense/install.log --single-version-externally-managed install_data
