[0.234s] Invoking command in '/home/darkdemon/work/motor_control/build/small_arm_moveit_cpp': CMAKE_PREFIX_PATH=${CMAKE_PREFIX_PATH}:/home/darkdemon/work/motor_control/install/python_moveit2:/opt/ros/humble /usr/bin/cmake --build /home/darkdemon/work/motor_control/build/small_arm_moveit_cpp -- -j20 -l20
[0.290s] [ 25%] Built target ee_pose_in_base
[0.295s] [ 50%] Built target named_goal
[0.299s] [ 62%] [32mBuilding CXX object CMakeFiles/auto_pose_goal.dir/src/auto_pose_goal.cpp.o[0m
[0.299s] [ 87%] Built target eye_hand_pose
[9.943s] [100%] [32m[1mLinking CXX executable auto_pose_goal[0m
[10.497s] [100%] Built target auto_pose_goal
[10.509s] Invoked command in '/home/darkdemon/work/motor_control/build/small_arm_moveit_cpp' returned '0': CMAKE_PREFIX_PATH=${CMAKE_PREFIX_PATH}:/home/darkdemon/work/motor_control/install/python_moveit2:/opt/ros/humble /usr/bin/cmake --build /home/darkdemon/work/motor_control/build/small_arm_moveit_cpp -- -j20 -l20
[10.510s] Invoking command in '/home/darkdemon/work/motor_control/build/small_arm_moveit_cpp': CMAKE_PREFIX_PATH=${CMAKE_PREFIX_PATH}:/home/darkdemon/work/motor_control/install/python_moveit2:/opt/ros/humble /usr/bin/cmake --install /home/darkdemon/work/motor_control/build/small_arm_moveit_cpp
[10.517s] -- Install configuration: ""
[10.517s] -- Execute custom install script
[10.517s] -- Up-to-date symlink: /home/darkdemon/work/motor_control/install/small_arm_moveit_cpp/lib/small_arm_moveit_cpp/named_goal
[10.517s] -- Up-to-date symlink: /home/darkdemon/work/motor_control/install/small_arm_moveit_cpp/lib/small_arm_moveit_cpp/ee_pose_in_base
[10.517s] -- Up-to-date symlink: /home/darkdemon/work/motor_control/install/small_arm_moveit_cpp/lib/small_arm_moveit_cpp/eye_hand_pose
[10.518s] -- Up-to-date symlink: /home/darkdemon/work/motor_control/install/small_arm_moveit_cpp/lib/small_arm_moveit_cpp/auto_pose_goal
[10.518s] -- Up-to-date symlink: /home/darkdemon/work/motor_control/install/small_arm_moveit_cpp/share/small_arm_moveit_cpp/launch/motion_planning.launch.py
[10.518s] -- Up-to-date symlink: /home/darkdemon/work/motor_control/install/small_arm_moveit_cpp/share/small_arm_moveit_cpp/config/moveit_cpp.yaml
[10.518s] -- Up-to-date symlink: /home/darkdemon/work/motor_control/install/small_arm_moveit_cpp/share/ament_index/resource_index/package_run_dependencies/small_arm_moveit_cpp
[10.518s] -- Up-to-date symlink: /home/darkdemon/work/motor_control/install/small_arm_moveit_cpp/share/ament_index/resource_index/parent_prefix_path/small_arm_moveit_cpp
[10.518s] -- Up-to-date symlink: /home/darkdemon/work/motor_control/install/small_arm_moveit_cpp/share/small_arm_moveit_cpp/environment/ament_prefix_path.sh
[10.518s] -- Up-to-date symlink: /home/darkdemon/work/motor_control/install/small_arm_moveit_cpp/share/small_arm_moveit_cpp/environment/ament_prefix_path.dsv
[10.519s] -- Up-to-date symlink: /home/darkdemon/work/motor_control/install/small_arm_moveit_cpp/share/small_arm_moveit_cpp/environment/path.sh
[10.519s] -- Up-to-date symlink: /home/darkdemon/work/motor_control/install/small_arm_moveit_cpp/share/small_arm_moveit_cpp/environment/path.dsv
[10.519s] -- Up-to-date symlink: /home/darkdemon/work/motor_control/install/small_arm_moveit_cpp/share/small_arm_moveit_cpp/local_setup.bash
[10.519s] -- Up-to-date symlink: /home/darkdemon/work/motor_control/install/small_arm_moveit_cpp/share/small_arm_moveit_cpp/local_setup.sh
[10.519s] -- Up-to-date symlink: /home/darkdemon/work/motor_control/install/small_arm_moveit_cpp/share/small_arm_moveit_cpp/local_setup.zsh
[10.519s] -- Up-to-date symlink: /home/darkdemon/work/motor_control/install/small_arm_moveit_cpp/share/small_arm_moveit_cpp/local_setup.dsv
[10.519s] -- Symlinking: /home/darkdemon/work/motor_control/install/small_arm_moveit_cpp/share/small_arm_moveit_cpp/package.dsv
[10.529s] -- Up-to-date symlink: /home/darkdemon/work/motor_control/install/small_arm_moveit_cpp/share/ament_index/resource_index/packages/small_arm_moveit_cpp
[10.529s] -- Up-to-date symlink: /home/darkdemon/work/motor_control/install/small_arm_moveit_cpp/share/small_arm_moveit_cpp/cmake/small_arm_moveit_cppConfig.cmake
[10.529s] -- Up-to-date symlink: /home/darkdemon/work/motor_control/install/small_arm_moveit_cpp/share/small_arm_moveit_cpp/cmake/small_arm_moveit_cppConfig-version.cmake
[10.529s] -- Up-to-date symlink: /home/darkdemon/work/motor_control/install/small_arm_moveit_cpp/share/small_arm_moveit_cpp/package.xml
[10.531s] Invoked command in '/home/darkdemon/work/motor_control/build/small_arm_moveit_cpp' returned '0': CMAKE_PREFIX_PATH=${CMAKE_PREFIX_PATH}:/home/darkdemon/work/motor_control/install/python_moveit2:/opt/ros/humble /usr/bin/cmake --install /home/darkdemon/work/motor_control/build/small_arm_moveit_cpp
