[35m[1mConsolidate compiler generated dependencies of target dynamixel_workbench_msgs__rosidl_generator_c[0m
[  0%] Built target dynamixel_workbench_msgs__cpp
[  0%] Built target ament_cmake_python_copy_dynamixel_workbench_msgs
[35m[1mConsolidate compiler generated dependencies of target dynamixel_workbench_msgs__rosidl_typesupport_cpp[0m
[35m[1mConsolidate compiler generated dependencies of target dynamixel_workbench_msgs__rosidl_typesupport_fastrtps_cpp[0m
[35m[1mConsolidate compiler generated dependencies of target dynamixel_workbench_msgs__rosidl_typesupport_introspection_cpp[0m
[ 12%] Built target dynamixel_workbench_msgs__rosidl_generator_c
[35m[1mConsolidate compiler generated dependencies of target dynamixel_workbench_msgs__rosidl_typesupport_introspection_c[0m
[35m[1mConsolidate compiler generated dependencies of target dynamixel_workbench_msgs__rosidl_typesupport_c[0m
[35m[1mConsolidate compiler generated dependencies of target dynamixel_workbench_msgs__rosidl_typesupport_fastrtps_c[0m
[ 24%] Built target dynamixel_workbench_msgs__rosidl_typesupport_fastrtps_cpp
[ 37%] Built target dynamixel_workbench_msgs__rosidl_typesupport_introspection_cpp
[ 49%] Built target dynamixel_workbench_msgs__rosidl_typesupport_cpp
[ 61%] Built target dynamixel_workbench_msgs__rosidl_typesupport_c
[ 73%] Built target dynamixel_workbench_msgs__rosidl_typesupport_introspection_c
[ 85%] Built target dynamixel_workbench_msgs__rosidl_typesupport_fastrtps_c
[ 85%] Built target dynamixel_workbench_msgs
[ 86%] Built target dynamixel_workbench_msgs__py
[35m[1mConsolidate compiler generated dependencies of target dynamixel_workbench_msgs__rosidl_generator_py[0m
[ 86%] [32mBuilding C object CMakeFiles/dynamixel_workbench_msgs__rosidl_generator_py.dir/rosidl_generator_py/dynamixel_workbench_msgs/msg/_ax_s.c.o[0m
[ 87%] [32mBuilding C object CMakeFiles/dynamixel_workbench_msgs__rosidl_generator_py.dir/rosidl_generator_py/dynamixel_workbench_msgs/msg/_mx2_s.c.o[0m
[ 88%] [32mBuilding C object CMakeFiles/dynamixel_workbench_msgs__rosidl_generator_py.dir/rosidl_generator_py/dynamixel_workbench_msgs/msg/_ex_s.c.o[0m
[ 88%] [32mBuilding C object CMakeFiles/dynamixel_workbench_msgs__rosidl_generator_py.dir/rosidl_generator_py/dynamixel_workbench_msgs/msg/_mx2_ext_s.c.o[0m
[ 88%] [32mBuilding C object CMakeFiles/dynamixel_workbench_msgs__rosidl_generator_py.dir/rosidl_generator_py/dynamixel_workbench_msgs/msg/_mx_s.c.o[0m
[ 89%] [32mBuilding C object CMakeFiles/dynamixel_workbench_msgs__rosidl_generator_py.dir/rosidl_generator_py/dynamixel_workbench_msgs/msg/_pro_ext_s.c.o[0m
[ 90%] [32mBuilding C object CMakeFiles/dynamixel_workbench_msgs__rosidl_generator_py.dir/rosidl_generator_py/dynamixel_workbench_msgs/msg/_rx_s.c.o[0m
[ 91%] [32mBuilding C object CMakeFiles/dynamixel_workbench_msgs__rosidl_generator_py.dir/rosidl_generator_py/dynamixel_workbench_msgs/msg/_mx_ext_s.c.o[0m
[ 91%] [32mBuilding C object CMakeFiles/dynamixel_workbench_msgs__rosidl_generator_py.dir/rosidl_generator_py/dynamixel_workbench_msgs/msg/_xh_s.c.o[0m
[ 92%] [32mBuilding C object CMakeFiles/dynamixel_workbench_msgs__rosidl_generator_py.dir/rosidl_generator_py/dynamixel_workbench_msgs/msg/_pro_s.c.o[0m
[ 92%] [32mBuilding C object CMakeFiles/dynamixel_workbench_msgs__rosidl_generator_py.dir/rosidl_generator_py/dynamixel_workbench_msgs/msg/_xl_s.c.o[0m
[ 92%] [32mBuilding C object CMakeFiles/dynamixel_workbench_msgs__rosidl_generator_py.dir/rosidl_generator_py/dynamixel_workbench_msgs/msg/_xm_ext_s.c.o[0m
[ 92%] [32mBuilding C object CMakeFiles/dynamixel_workbench_msgs__rosidl_generator_py.dir/rosidl_generator_py/dynamixel_workbench_msgs/msg/_xl320_s.c.o[0m
[ 93%] [32mBuilding C object CMakeFiles/dynamixel_workbench_msgs__rosidl_generator_py.dir/rosidl_generator_py/dynamixel_workbench_msgs/msg/_xm_s.c.o[0m
[ 94%] [32mBuilding C object CMakeFiles/dynamixel_workbench_msgs__rosidl_generator_py.dir/rosidl_generator_py/dynamixel_workbench_msgs/msg/_dynamixel_state_s.c.o[0m
[ 95%] [32mBuilding C object CMakeFiles/dynamixel_workbench_msgs__rosidl_generator_py.dir/rosidl_generator_py/dynamixel_workbench_msgs/msg/_dynamixel_info_s.c.o[0m
[ 95%] [32mBuilding C object CMakeFiles/dynamixel_workbench_msgs__rosidl_generator_py.dir/rosidl_generator_py/dynamixel_workbench_msgs/msg/_dynamixel_state_list_s.c.o[0m
[ 95%] [32mBuilding C object CMakeFiles/dynamixel_workbench_msgs__rosidl_generator_py.dir/rosidl_generator_py/dynamixel_workbench_msgs/msg/_dynamixel_load_info_s.c.o[0m
[ 96%] [32mBuilding C object CMakeFiles/dynamixel_workbench_msgs__rosidl_generator_py.dir/rosidl_generator_py/dynamixel_workbench_msgs/srv/_get_dynamixel_info_s.c.o[0m
running egg_info
writing dynamixel_workbench_msgs.egg-info/PKG-INFO
writing dependency_links to dynamixel_workbench_msgs.egg-info/dependency_links.txt
writing top-level names to dynamixel_workbench_msgs.egg-info/top_level.txt
reading manifest file 'dynamixel_workbench_msgs.egg-info/SOURCES.txt'
writing manifest file 'dynamixel_workbench_msgs.egg-info/SOURCES.txt'
[ 96%] Built target ament_cmake_python_build_dynamixel_workbench_msgs_egg
[ 97%] [32mBuilding C object CMakeFiles/dynamixel_workbench_msgs__rosidl_generator_py.dir/rosidl_generator_py/dynamixel_workbench_msgs/srv/_dynamixel_command_s.c.o[0m
[ 97%] [32m[1mLinking C shared library rosidl_generator_py/dynamixel_workbench_msgs/libdynamixel_workbench_msgs__rosidl_generator_py.so[0m
[ 97%] Built target dynamixel_workbench_msgs__rosidl_generator_py
[35m[1mConsolidate compiler generated dependencies of target dynamixel_workbench_msgs__rosidl_typesupport_fastrtps_c__pyext[0m
[35m[1mConsolidate compiler generated dependencies of target dynamixel_workbench_msgs__rosidl_typesupport_c__pyext[0m
[35m[1mConsolidate compiler generated dependencies of target dynamixel_workbench_msgs__rosidl_typesupport_introspection_c__pyext[0m
[ 97%] [32m[1mLinking C shared library rosidl_generator_py/dynamixel_workbench_msgs/dynamixel_workbench_msgs_s__rosidl_typesupport_fastrtps_c.cpython-310-x86_64-linux-gnu.so[0m
[ 97%] [32m[1mLinking C shared library rosidl_generator_py/dynamixel_workbench_msgs/dynamixel_workbench_msgs_s__rosidl_typesupport_introspection_c.cpython-310-x86_64-linux-gnu.so[0m
[ 97%] [32m[1mLinking C shared library rosidl_generator_py/dynamixel_workbench_msgs/dynamixel_workbench_msgs_s__rosidl_typesupport_c.cpython-310-x86_64-linux-gnu.so[0m
[ 98%] Built target dynamixel_workbench_msgs__rosidl_typesupport_c__pyext
[ 99%] Built target dynamixel_workbench_msgs__rosidl_typesupport_fastrtps_c__pyext
[100%] Built target dynamixel_workbench_msgs__rosidl_typesupport_introspection_c__pyext
