[0.015s] Invoking command in '/home/darkdemon/work/motor_control/build/dynamixel_workbench_msgs': CMAKE_PREFIX_PATH=/opt/ros/humble /usr/bin/cmake --build /home/darkdemon/work/motor_control/build/dynamixel_workbench_msgs -- -j20 -l20
[0.374s] [35m[1mConsolidate compiler generated dependencies of target dynamixel_workbench_msgs__rosidl_generator_c[0m
[0.374s] [  0%] Built target dynamixel_workbench_msgs__cpp
[0.374s] [  0%] Built target ament_cmake_python_copy_dynamixel_workbench_msgs
[0.374s] [35m[1mConsolidate compiler generated dependencies of target dynamixel_workbench_msgs__rosidl_typesupport_cpp[0m
[0.374s] [35m[1mConsolidate compiler generated dependencies of target dynamixel_workbench_msgs__rosidl_typesupport_fastrtps_cpp[0m
[0.374s] [35m[1mConsolidate compiler generated dependencies of target dynamixel_workbench_msgs__rosidl_typesupport_introspection_cpp[0m
[0.375s] [ 12%] Built target dynamixel_workbench_msgs__rosidl_generator_c
[0.375s] [35m[1mConsolidate compiler generated dependencies of target dynamixel_workbench_msgs__rosidl_typesupport_introspection_c[0m
[0.375s] [35m[1mConsolidate compiler generated dependencies of target dynamixel_workbench_msgs__rosidl_typesupport_c[0m
[0.375s] [35m[1mConsolidate compiler generated dependencies of target dynamixel_workbench_msgs__rosidl_typesupport_fastrtps_c[0m
[0.375s] [ 24%] Built target dynamixel_workbench_msgs__rosidl_typesupport_fastrtps_cpp
[0.375s] [ 37%] Built target dynamixel_workbench_msgs__rosidl_typesupport_introspection_cpp
[0.375s] [ 49%] Built target dynamixel_workbench_msgs__rosidl_typesupport_cpp
[0.375s] [ 61%] Built target dynamixel_workbench_msgs__rosidl_typesupport_c
[0.375s] [ 73%] Built target dynamixel_workbench_msgs__rosidl_typesupport_introspection_c
[0.375s] [ 85%] Built target dynamixel_workbench_msgs__rosidl_typesupport_fastrtps_c
[0.375s] [ 85%] Built target dynamixel_workbench_msgs
[0.375s] [ 86%] Built target dynamixel_workbench_msgs__py
[0.375s] [35m[1mConsolidate compiler generated dependencies of target dynamixel_workbench_msgs__rosidl_generator_py[0m
[0.375s] [ 86%] [32mBuilding C object CMakeFiles/dynamixel_workbench_msgs__rosidl_generator_py.dir/rosidl_generator_py/dynamixel_workbench_msgs/msg/_ax_s.c.o[0m
[0.375s] [ 87%] [32mBuilding C object CMakeFiles/dynamixel_workbench_msgs__rosidl_generator_py.dir/rosidl_generator_py/dynamixel_workbench_msgs/msg/_mx2_s.c.o[0m
[0.375s] [ 88%] [32mBuilding C object CMakeFiles/dynamixel_workbench_msgs__rosidl_generator_py.dir/rosidl_generator_py/dynamixel_workbench_msgs/msg/_ex_s.c.o[0m
[0.375s] [ 88%] [32mBuilding C object CMakeFiles/dynamixel_workbench_msgs__rosidl_generator_py.dir/rosidl_generator_py/dynamixel_workbench_msgs/msg/_mx2_ext_s.c.o[0m
[0.376s] [ 88%] [32mBuilding C object CMakeFiles/dynamixel_workbench_msgs__rosidl_generator_py.dir/rosidl_generator_py/dynamixel_workbench_msgs/msg/_mx_s.c.o[0m
[0.376s] [ 89%] [32mBuilding C object CMakeFiles/dynamixel_workbench_msgs__rosidl_generator_py.dir/rosidl_generator_py/dynamixel_workbench_msgs/msg/_pro_ext_s.c.o[0m
[0.376s] [ 90%] [32mBuilding C object CMakeFiles/dynamixel_workbench_msgs__rosidl_generator_py.dir/rosidl_generator_py/dynamixel_workbench_msgs/msg/_rx_s.c.o[0m
[0.376s] [ 91%] [32mBuilding C object CMakeFiles/dynamixel_workbench_msgs__rosidl_generator_py.dir/rosidl_generator_py/dynamixel_workbench_msgs/msg/_mx_ext_s.c.o[0m
[0.376s] [ 91%] [32mBuilding C object CMakeFiles/dynamixel_workbench_msgs__rosidl_generator_py.dir/rosidl_generator_py/dynamixel_workbench_msgs/msg/_xh_s.c.o[0m
[0.376s] [ 92%] [32mBuilding C object CMakeFiles/dynamixel_workbench_msgs__rosidl_generator_py.dir/rosidl_generator_py/dynamixel_workbench_msgs/msg/_pro_s.c.o[0m
[0.376s] [ 92%] [32mBuilding C object CMakeFiles/dynamixel_workbench_msgs__rosidl_generator_py.dir/rosidl_generator_py/dynamixel_workbench_msgs/msg/_xl_s.c.o[0m
[0.376s] [ 92%] [32mBuilding C object CMakeFiles/dynamixel_workbench_msgs__rosidl_generator_py.dir/rosidl_generator_py/dynamixel_workbench_msgs/msg/_xm_ext_s.c.o[0m
[0.376s] [ 92%] [32mBuilding C object CMakeFiles/dynamixel_workbench_msgs__rosidl_generator_py.dir/rosidl_generator_py/dynamixel_workbench_msgs/msg/_xl320_s.c.o[0m
[0.376s] [ 93%] [32mBuilding C object CMakeFiles/dynamixel_workbench_msgs__rosidl_generator_py.dir/rosidl_generator_py/dynamixel_workbench_msgs/msg/_xm_s.c.o[0m
[0.376s] [ 94%] [32mBuilding C object CMakeFiles/dynamixel_workbench_msgs__rosidl_generator_py.dir/rosidl_generator_py/dynamixel_workbench_msgs/msg/_dynamixel_state_s.c.o[0m
[0.376s] [ 95%] [32mBuilding C object CMakeFiles/dynamixel_workbench_msgs__rosidl_generator_py.dir/rosidl_generator_py/dynamixel_workbench_msgs/msg/_dynamixel_info_s.c.o[0m
[0.376s] [ 95%] [32mBuilding C object CMakeFiles/dynamixel_workbench_msgs__rosidl_generator_py.dir/rosidl_generator_py/dynamixel_workbench_msgs/msg/_dynamixel_state_list_s.c.o[0m
[0.376s] [ 95%] [32mBuilding C object CMakeFiles/dynamixel_workbench_msgs__rosidl_generator_py.dir/rosidl_generator_py/dynamixel_workbench_msgs/msg/_dynamixel_load_info_s.c.o[0m
[0.376s] [ 96%] [32mBuilding C object CMakeFiles/dynamixel_workbench_msgs__rosidl_generator_py.dir/rosidl_generator_py/dynamixel_workbench_msgs/srv/_get_dynamixel_info_s.c.o[0m
[0.376s] running egg_info
[0.376s] writing dynamixel_workbench_msgs.egg-info/PKG-INFO
[0.378s] writing dependency_links to dynamixel_workbench_msgs.egg-info/dependency_links.txt
[0.378s] writing top-level names to dynamixel_workbench_msgs.egg-info/top_level.txt
[0.378s] reading manifest file 'dynamixel_workbench_msgs.egg-info/SOURCES.txt'
[0.378s] writing manifest file 'dynamixel_workbench_msgs.egg-info/SOURCES.txt'
[0.378s] [ 96%] Built target ament_cmake_python_build_dynamixel_workbench_msgs_egg
[0.378s] [ 97%] [32mBuilding C object CMakeFiles/dynamixel_workbench_msgs__rosidl_generator_py.dir/rosidl_generator_py/dynamixel_workbench_msgs/srv/_dynamixel_command_s.c.o[0m
[0.473s] [ 97%] [32m[1mLinking C shared library rosidl_generator_py/dynamixel_workbench_msgs/libdynamixel_workbench_msgs__rosidl_generator_py.so[0m
[0.520s] [ 97%] Built target dynamixel_workbench_msgs__rosidl_generator_py
[0.528s] [35m[1mConsolidate compiler generated dependencies of target dynamixel_workbench_msgs__rosidl_typesupport_fastrtps_c__pyext[0m
[0.531s] [35m[1mConsolidate compiler generated dependencies of target dynamixel_workbench_msgs__rosidl_typesupport_c__pyext[0m
[0.531s] [35m[1mConsolidate compiler generated dependencies of target dynamixel_workbench_msgs__rosidl_typesupport_introspection_c__pyext[0m
[0.539s] [ 97%] [32m[1mLinking C shared library rosidl_generator_py/dynamixel_workbench_msgs/dynamixel_workbench_msgs_s__rosidl_typesupport_fastrtps_c.cpython-310-x86_64-linux-gnu.so[0m
[0.541s] [ 97%] [32m[1mLinking C shared library rosidl_generator_py/dynamixel_workbench_msgs/dynamixel_workbench_msgs_s__rosidl_typesupport_introspection_c.cpython-310-x86_64-linux-gnu.so[0m
[0.541s] [ 97%] [32m[1mLinking C shared library rosidl_generator_py/dynamixel_workbench_msgs/dynamixel_workbench_msgs_s__rosidl_typesupport_c.cpython-310-x86_64-linux-gnu.so[0m
[0.571s] [ 98%] Built target dynamixel_workbench_msgs__rosidl_typesupport_c__pyext
[0.573s] [ 99%] Built target dynamixel_workbench_msgs__rosidl_typesupport_fastrtps_c__pyext
[0.575s] [100%] Built target dynamixel_workbench_msgs__rosidl_typesupport_introspection_c__pyext
