[0.247s] Invoking command in '/home/darkdemon/work/motor_control/build/map_if': CMAKE_PREFIX_PATH=/home/darkdemon/work/motor_control/install/small_arm_moveit_cpp:/home/darkdemon/work/motor_control/install/small_arm_moveit_config:/home/darkdemon/work/motor_control/install/small_arm_description:/home/darkdemon/work/motor_control/install/visual:/home/darkdemon/work/motor_control/install/realsense:/home/darkdemon/work/motor_control/install/python_moveit2:/home/darkdemon/work/motor_control/install/map_tool:/home/darkdemon/work/motor_control/install/lidar_filter:/opt/ros/humble:/home/darkdemon/work/motor_control/install/python_moveit_interface:/home/darkdemon/work/motor_control/install/map_if:/home/darkdemon/work/motor_control/install/dynamixel_workbench:/home/darkdemon/work/motor_control/install/dynamixel_hardware:/home/darkdemon/work/motor_control/install/dynamixel_workbench_toolbox:/home/darkdemon/work/motor_control/install/dynamixel_workbench_msgs /usr/bin/cmake --build /home/darkdemon/work/motor_control/build/map_if -- -j20 -l20
[0.971s] [ 12%] Built target map_if__cpp
[0.971s] [ 12%] Built target map_if__rosidl_generator_c
[0.971s] [ 12%] Built target ament_cmake_python_copy_map_if
[0.971s] [ 22%] Built target map_if__rosidl_typesupport_c
[0.971s] [ 32%] Built target map_if__rosidl_typesupport_introspection_c
[0.971s] [ 41%] Built target map_if__rosidl_typesupport_cpp
[0.971s] [ 51%] Built target map_if__rosidl_typesupport_introspection_cpp
[0.972s] [ 64%] Built target map_if__rosidl_typesupport_fastrtps_cpp
[0.972s] [ 70%] Built target map_if__rosidl_typesupport_fastrtps_c
[0.972s] [ 70%] Built target map_if
[0.972s] [ 74%] Built target map_if__py
[0.972s] [ 80%] Built target map_if__rosidl_generator_py
[0.972s] [ 93%] Built target map_if__rosidl_typesupport_fastrtps_c__pyext
[0.972s] [ 93%] Built target map_if__rosidl_typesupport_c__pyext
[0.972s] [100%] Built target map_if__rosidl_typesupport_introspection_c__pyext
[0.972s] running egg_info
[0.972s] writing map_if.egg-info/PKG-INFO
[0.972s] writing dependency_links to map_if.egg-info/dependency_links.txt
[0.972s] writing top-level names to map_if.egg-info/top_level.txt
[0.973s] reading manifest file 'map_if.egg-info/SOURCES.txt'
[0.973s] writing manifest file 'map_if.egg-info/SOURCES.txt'
[0.973s] [100%] Built target ament_cmake_python_build_map_if_egg
[1.227s] Invoked command in '/home/darkdemon/work/motor_control/build/map_if' returned '0': CMAKE_PREFIX_PATH=/home/darkdemon/work/motor_control/install/small_arm_moveit_cpp:/home/darkdemon/work/motor_control/install/small_arm_moveit_config:/home/darkdemon/work/motor_control/install/small_arm_description:/home/darkdemon/work/motor_control/install/visual:/home/darkdemon/work/motor_control/install/realsense:/home/darkdemon/work/motor_control/install/python_moveit2:/home/darkdemon/work/motor_control/install/map_tool:/home/darkdemon/work/motor_control/install/lidar_filter:/opt/ros/humble:/home/darkdemon/work/motor_control/install/python_moveit_interface:/home/darkdemon/work/motor_control/install/map_if:/home/darkdemon/work/motor_control/install/dynamixel_workbench:/home/darkdemon/work/motor_control/install/dynamixel_hardware:/home/darkdemon/work/motor_control/install/dynamixel_workbench_toolbox:/home/darkdemon/work/motor_control/install/dynamixel_workbench_msgs /usr/bin/cmake --build /home/darkdemon/work/motor_control/build/map_if -- -j20 -l20
[1.228s] Invoking command in '/home/darkdemon/work/motor_control/build/map_if': CMAKE_PREFIX_PATH=/home/darkdemon/work/motor_control/install/small_arm_moveit_cpp:/home/darkdemon/work/motor_control/install/small_arm_moveit_config:/home/darkdemon/work/motor_control/install/small_arm_description:/home/darkdemon/work/motor_control/install/visual:/home/darkdemon/work/motor_control/install/realsense:/home/darkdemon/work/motor_control/install/python_moveit2:/home/darkdemon/work/motor_control/install/map_tool:/home/darkdemon/work/motor_control/install/lidar_filter:/opt/ros/humble:/home/darkdemon/work/motor_control/install/python_moveit_interface:/home/darkdemon/work/motor_control/install/map_if:/home/darkdemon/work/motor_control/install/dynamixel_workbench:/home/darkdemon/work/motor_control/install/dynamixel_hardware:/home/darkdemon/work/motor_control/install/dynamixel_workbench_toolbox:/home/darkdemon/work/motor_control/install/dynamixel_workbench_msgs /usr/bin/cmake --install /home/darkdemon/work/motor_control/build/map_if
[1.282s] -- Install configuration: ""
[1.291s] -- Up-to-date: /home/darkdemon/work/motor_control/install/map_if/share/ament_index/resource_index/rosidl_interfaces/map_if
[1.291s] -- Up-to-date: /home/darkdemon/work/motor_control/install/map_if/include/map_if/map_if
[1.291s] -- Up-to-date: /home/darkdemon/work/motor_control/install/map_if/include/map_if/map_if/msg
[1.292s] -- Up-to-date: /home/darkdemon/work/motor_control/install/map_if/include/map_if/map_if/msg/rosidl_generator_c__visibility_control.h
[1.292s] -- Up-to-date: /home/darkdemon/work/motor_control/install/map_if/include/map_if/map_if/srv
[1.292s] -- Up-to-date: /home/darkdemon/work/motor_control/install/map_if/include/map_if/map_if/srv/detail
[1.292s] -- Up-to-date: /home/darkdemon/work/motor_control/install/map_if/include/map_if/map_if/srv/detail/command__struct.h
[1.292s] -- Up-to-date: /home/darkdemon/work/motor_control/install/map_if/include/map_if/map_if/srv/detail/command__functions.h
[1.292s] -- Up-to-date: /home/darkdemon/work/motor_control/install/map_if/include/map_if/map_if/srv/detail/command__functions.c
[1.292s] -- Up-to-date: /home/darkdemon/work/motor_control/install/map_if/include/map_if/map_if/srv/detail/command__type_support.h
[1.292s] -- Up-to-date: /home/darkdemon/work/motor_control/install/map_if/include/map_if/map_if/srv/command.h
[1.292s] -- Up-to-date: /home/darkdemon/work/motor_control/install/map_if/share/map_if/environment/library_path.sh
[1.292s] -- Up-to-date: /home/darkdemon/work/motor_control/install/map_if/share/map_if/environment/library_path.dsv
[1.292s] -- Up-to-date: /home/darkdemon/work/motor_control/install/map_if/lib/libmap_if__rosidl_generator_c.so
[1.292s] -- Up-to-date: /home/darkdemon/work/motor_control/install/map_if/include/map_if/map_if
[1.292s] -- Up-to-date: /home/darkdemon/work/motor_control/install/map_if/include/map_if/map_if/msg
[1.292s] -- Up-to-date: /home/darkdemon/work/motor_control/install/map_if/include/map_if/map_if/msg/rosidl_typesupport_fastrtps_c__visibility_control.h
[1.292s] -- Up-to-date: /home/darkdemon/work/motor_control/install/map_if/include/map_if/map_if/srv
[1.292s] -- Up-to-date: /home/darkdemon/work/motor_control/install/map_if/include/map_if/map_if/srv/detail
[1.292s] -- Up-to-date: /home/darkdemon/work/motor_control/install/map_if/include/map_if/map_if/srv/detail/command__rosidl_typesupport_fastrtps_c.h
[1.292s] -- Up-to-date: /home/darkdemon/work/motor_control/install/map_if/lib/libmap_if__rosidl_typesupport_fastrtps_c.so
[1.292s] -- Up-to-date: /home/darkdemon/work/motor_control/install/map_if/include/map_if/map_if
[1.292s] -- Up-to-date: /home/darkdemon/work/motor_control/install/map_if/include/map_if/map_if/msg
[1.292s] -- Up-to-date: /home/darkdemon/work/motor_control/install/map_if/include/map_if/map_if/msg/rosidl_typesupport_introspection_c__visibility_control.h
[1.293s] -- Up-to-date: /home/darkdemon/work/motor_control/install/map_if/include/map_if/map_if/srv
[1.293s] -- Up-to-date: /home/darkdemon/work/motor_control/install/map_if/include/map_if/map_if/srv/detail
[1.293s] -- Up-to-date: /home/darkdemon/work/motor_control/install/map_if/include/map_if/map_if/srv/detail/command__rosidl_typesupport_introspection_c.h
[1.293s] -- Up-to-date: /home/darkdemon/work/motor_control/install/map_if/include/map_if/map_if/srv/detail/command__type_support.c
[1.293s] -- Up-to-date: /home/darkdemon/work/motor_control/install/map_if/lib/libmap_if__rosidl_typesupport_introspection_c.so
[1.293s] -- Up-to-date: /home/darkdemon/work/motor_control/install/map_if/lib/libmap_if__rosidl_typesupport_c.so
[1.293s] -- Up-to-date: /home/darkdemon/work/motor_control/install/map_if/include/map_if/map_if
[1.293s] -- Up-to-date: /home/darkdemon/work/motor_control/install/map_if/include/map_if/map_if/msg
[1.293s] -- Up-to-date: /home/darkdemon/work/motor_control/install/map_if/include/map_if/map_if/msg/rosidl_generator_cpp__visibility_control.hpp
[1.293s] -- Up-to-date: /home/darkdemon/work/motor_control/install/map_if/include/map_if/map_if/srv
[1.293s] -- Up-to-date: /home/darkdemon/work/motor_control/install/map_if/include/map_if/map_if/srv/detail
[1.293s] -- Up-to-date: /home/darkdemon/work/motor_control/install/map_if/include/map_if/map_if/srv/detail/command__type_support.hpp
[1.293s] -- Up-to-date: /home/darkdemon/work/motor_control/install/map_if/include/map_if/map_if/srv/detail/command__struct.hpp
[1.293s] -- Up-to-date: /home/darkdemon/work/motor_control/install/map_if/include/map_if/map_if/srv/detail/command__traits.hpp
[1.293s] -- Up-to-date: /home/darkdemon/work/motor_control/install/map_if/include/map_if/map_if/srv/detail/command__builder.hpp
[1.293s] -- Up-to-date: /home/darkdemon/work/motor_control/install/map_if/include/map_if/map_if/srv/command.hpp
[1.294s] -- Up-to-date: /home/darkdemon/work/motor_control/install/map_if/include/map_if/map_if
[1.294s] -- Up-to-date: /home/darkdemon/work/motor_control/install/map_if/include/map_if/map_if/msg
[1.294s] -- Up-to-date: /home/darkdemon/work/motor_control/install/map_if/include/map_if/map_if/msg/rosidl_typesupport_fastrtps_cpp__visibility_control.h
[1.294s] -- Up-to-date: /home/darkdemon/work/motor_control/install/map_if/include/map_if/map_if/srv
[1.294s] -- Up-to-date: /home/darkdemon/work/motor_control/install/map_if/include/map_if/map_if/srv/detail
[1.294s] -- Up-to-date: /home/darkdemon/work/motor_control/install/map_if/include/map_if/map_if/srv/detail/command__rosidl_typesupport_fastrtps_cpp.hpp
[1.294s] -- Up-to-date: /home/darkdemon/work/motor_control/install/map_if/include/map_if/map_if/srv/detail/dds_fastrtps
[1.294s] -- Up-to-date: /home/darkdemon/work/motor_control/install/map_if/lib/libmap_if__rosidl_typesupport_fastrtps_cpp.so
[1.296s] -- Up-to-date: /home/darkdemon/work/motor_control/install/map_if/include/map_if/map_if
[1.296s] -- Up-to-date: /home/darkdemon/work/motor_control/install/map_if/include/map_if/map_if/srv
[1.296s] -- Up-to-date: /home/darkdemon/work/motor_control/install/map_if/include/map_if/map_if/srv/detail
[1.296s] -- Up-to-date: /home/darkdemon/work/motor_control/install/map_if/include/map_if/map_if/srv/detail/command__type_support.cpp
[1.296s] -- Up-to-date: /home/darkdemon/work/motor_control/install/map_if/include/map_if/map_if/srv/detail/command__rosidl_typesupport_introspection_cpp.hpp
[1.296s] -- Up-to-date: /home/darkdemon/work/motor_control/install/map_if/lib/libmap_if__rosidl_typesupport_introspection_cpp.so
[1.296s] -- Up-to-date: /home/darkdemon/work/motor_control/install/map_if/lib/libmap_if__rosidl_typesupport_cpp.so
[1.297s] -- Up-to-date: /home/darkdemon/work/motor_control/install/map_if/share/map_if/environment/pythonpath.sh
[1.297s] -- Up-to-date: /home/darkdemon/work/motor_control/install/map_if/share/map_if/environment/pythonpath.dsv
[1.297s] -- Up-to-date: /home/darkdemon/work/motor_control/install/map_if/local/lib/python3.10/dist-packages/map_if-0.0.0-py3.10.egg-info
[1.299s] -- Installing: /home/darkdemon/work/motor_control/install/map_if/local/lib/python3.10/dist-packages/map_if-0.0.0-py3.10.egg-info/top_level.txt
[1.304s] -- Installing: /home/darkdemon/work/motor_control/install/map_if/local/lib/python3.10/dist-packages/map_if-0.0.0-py3.10.egg-info/PKG-INFO
[1.304s] -- Installing: /home/darkdemon/work/motor_control/install/map_if/local/lib/python3.10/dist-packages/map_if-0.0.0-py3.10.egg-info/dependency_links.txt
[1.305s] -- Installing: /home/darkdemon/work/motor_control/install/map_if/local/lib/python3.10/dist-packages/map_if-0.0.0-py3.10.egg-info/SOURCES.txt
[1.305s] -- Up-to-date: /home/darkdemon/work/motor_control/install/map_if/local/lib/python3.10/dist-packages/map_if
[1.306s] -- Up-to-date: /home/darkdemon/work/motor_control/install/map_if/local/lib/python3.10/dist-packages/map_if/_map_if_s.ep.rosidl_typesupport_c.c
[1.306s] -- Up-to-date: /home/darkdemon/work/motor_control/install/map_if/local/lib/python3.10/dist-packages/map_if/_map_if_s.ep.rosidl_typesupport_fastrtps_c.c
[1.306s] -- Up-to-date: /home/darkdemon/work/motor_control/install/map_if/local/lib/python3.10/dist-packages/map_if/__init__.py
[1.306s] -- Up-to-date: /home/darkdemon/work/motor_control/install/map_if/local/lib/python3.10/dist-packages/map_if/map_if_s__rosidl_typesupport_introspection_c.cpython-310-x86_64-linux-gnu.so
[1.307s] -- Up-to-date: /home/darkdemon/work/motor_control/install/map_if/local/lib/python3.10/dist-packages/map_if/srv
[1.307s] -- Up-to-date: /home/darkdemon/work/motor_control/install/map_if/local/lib/python3.10/dist-packages/map_if/srv/__init__.py
[1.307s] -- Up-to-date: /home/darkdemon/work/motor_control/install/map_if/local/lib/python3.10/dist-packages/map_if/srv/_command.py
[1.307s] -- Up-to-date: /home/darkdemon/work/motor_control/install/map_if/local/lib/python3.10/dist-packages/map_if/srv/_command_s.c
[1.307s] -- Up-to-date: /home/darkdemon/work/motor_control/install/map_if/local/lib/python3.10/dist-packages/map_if/libmap_if__rosidl_generator_py.so
[1.307s] -- Up-to-date: /home/darkdemon/work/motor_control/install/map_if/local/lib/python3.10/dist-packages/map_if/map_if_s__rosidl_typesupport_fastrtps_c.cpython-310-x86_64-linux-gnu.so
[1.307s] -- Up-to-date: /home/darkdemon/work/motor_control/install/map_if/local/lib/python3.10/dist-packages/map_if/map_if_s__rosidl_typesupport_c.cpython-310-x86_64-linux-gnu.so
[1.307s] -- Up-to-date: /home/darkdemon/work/motor_control/install/map_if/local/lib/python3.10/dist-packages/map_if/_map_if_s.ep.rosidl_typesupport_introspection_c.c
[1.337s] Listing '/home/darkdemon/work/motor_control/install/map_if/local/lib/python3.10/dist-packages/map_if'...
[1.337s] Listing '/home/darkdemon/work/motor_control/install/map_if/local/lib/python3.10/dist-packages/map_if/srv'...
[1.346s] -- Up-to-date: /home/darkdemon/work/motor_control/install/map_if/local/lib/python3.10/dist-packages/map_if/map_if_s__rosidl_typesupport_fastrtps_c.cpython-310-x86_64-linux-gnu.so
[1.346s] -- Up-to-date: /home/darkdemon/work/motor_control/install/map_if/local/lib/python3.10/dist-packages/map_if/map_if_s__rosidl_typesupport_introspection_c.cpython-310-x86_64-linux-gnu.so
[1.346s] -- Up-to-date: /home/darkdemon/work/motor_control/install/map_if/local/lib/python3.10/dist-packages/map_if/map_if_s__rosidl_typesupport_c.cpython-310-x86_64-linux-gnu.so
[1.346s] -- Up-to-date: /home/darkdemon/work/motor_control/install/map_if/lib/libmap_if__rosidl_generator_py.so
[1.346s] -- Up-to-date: /home/darkdemon/work/motor_control/install/map_if/share/map_if/srv/Command.idl
[1.347s] -- Up-to-date: /home/darkdemon/work/motor_control/install/map_if/share/map_if/srv/Command.srv
[1.347s] -- Up-to-date: /home/darkdemon/work/motor_control/install/map_if/share/map_if/srv/Command_Request.msg
[1.347s] -- Up-to-date: /home/darkdemon/work/motor_control/install/map_if/share/map_if/srv/Command_Response.msg
[1.347s] -- Up-to-date: /home/darkdemon/work/motor_control/install/map_if/share/ament_index/resource_index/package_run_dependencies/map_if
[1.347s] -- Up-to-date: /home/darkdemon/work/motor_control/install/map_if/share/ament_index/resource_index/parent_prefix_path/map_if
[1.347s] -- Up-to-date: /home/darkdemon/work/motor_control/install/map_if/share/map_if/environment/ament_prefix_path.sh
[1.347s] -- Up-to-date: /home/darkdemon/work/motor_control/install/map_if/share/map_if/environment/ament_prefix_path.dsv
[1.347s] -- Up-to-date: /home/darkdemon/work/motor_control/install/map_if/share/map_if/environment/path.sh
[1.347s] -- Up-to-date: /home/darkdemon/work/motor_control/install/map_if/share/map_if/environment/path.dsv
[1.347s] -- Up-to-date: /home/darkdemon/work/motor_control/install/map_if/share/map_if/local_setup.bash
[1.347s] -- Up-to-date: /home/darkdemon/work/motor_control/install/map_if/share/map_if/local_setup.sh
[1.347s] -- Up-to-date: /home/darkdemon/work/motor_control/install/map_if/share/map_if/local_setup.zsh
[1.347s] -- Up-to-date: /home/darkdemon/work/motor_control/install/map_if/share/map_if/local_setup.dsv
[1.347s] -- Installing: /home/darkdemon/work/motor_control/install/map_if/share/map_if/package.dsv
[1.347s] -- Up-to-date: /home/darkdemon/work/motor_control/install/map_if/share/ament_index/resource_index/packages/map_if
[1.347s] -- Up-to-date: /home/darkdemon/work/motor_control/install/map_if/share/map_if/cmake/export_map_if__rosidl_generator_cExport.cmake
[1.348s] -- Up-to-date: /home/darkdemon/work/motor_control/install/map_if/share/map_if/cmake/export_map_if__rosidl_generator_cExport-noconfig.cmake
[1.348s] -- Up-to-date: /home/darkdemon/work/motor_control/install/map_if/share/map_if/cmake/export_map_if__rosidl_typesupport_fastrtps_cExport.cmake
[1.348s] -- Up-to-date: /home/darkdemon/work/motor_control/install/map_if/share/map_if/cmake/export_map_if__rosidl_typesupport_fastrtps_cExport-noconfig.cmake
[1.348s] -- Up-to-date: /home/darkdemon/work/motor_control/install/map_if/share/map_if/cmake/map_if__rosidl_typesupport_introspection_cExport.cmake
[1.348s] -- Up-to-date: /home/darkdemon/work/motor_control/install/map_if/share/map_if/cmake/map_if__rosidl_typesupport_introspection_cExport-noconfig.cmake
[1.348s] -- Up-to-date: /home/darkdemon/work/motor_control/install/map_if/share/map_if/cmake/map_if__rosidl_typesupport_cExport.cmake
[1.348s] -- Up-to-date: /home/darkdemon/work/motor_control/install/map_if/share/map_if/cmake/map_if__rosidl_typesupport_cExport-noconfig.cmake
[1.348s] -- Up-to-date: /home/darkdemon/work/motor_control/install/map_if/share/map_if/cmake/export_map_if__rosidl_generator_cppExport.cmake
[1.348s] -- Up-to-date: /home/darkdemon/work/motor_control/install/map_if/share/map_if/cmake/export_map_if__rosidl_typesupport_fastrtps_cppExport.cmake
[1.348s] -- Up-to-date: /home/darkdemon/work/motor_control/install/map_if/share/map_if/cmake/export_map_if__rosidl_typesupport_fastrtps_cppExport-noconfig.cmake
[1.349s] -- Up-to-date: /home/darkdemon/work/motor_control/install/map_if/share/map_if/cmake/map_if__rosidl_typesupport_introspection_cppExport.cmake
[1.349s] -- Up-to-date: /home/darkdemon/work/motor_control/install/map_if/share/map_if/cmake/map_if__rosidl_typesupport_introspection_cppExport-noconfig.cmake
[1.349s] -- Up-to-date: /home/darkdemon/work/motor_control/install/map_if/share/map_if/cmake/map_if__rosidl_typesupport_cppExport.cmake
[1.349s] -- Up-to-date: /home/darkdemon/work/motor_control/install/map_if/share/map_if/cmake/map_if__rosidl_typesupport_cppExport-noconfig.cmake
[1.349s] -- Up-to-date: /home/darkdemon/work/motor_control/install/map_if/share/map_if/cmake/export_map_if__rosidl_generator_pyExport.cmake
[1.349s] -- Up-to-date: /home/darkdemon/work/motor_control/install/map_if/share/map_if/cmake/export_map_if__rosidl_generator_pyExport-noconfig.cmake
[1.349s] -- Up-to-date: /home/darkdemon/work/motor_control/install/map_if/share/map_if/cmake/rosidl_cmake-extras.cmake
[1.349s] -- Up-to-date: /home/darkdemon/work/motor_control/install/map_if/share/map_if/cmake/ament_cmake_export_include_directories-extras.cmake
[1.349s] -- Up-to-date: /home/darkdemon/work/motor_control/install/map_if/share/map_if/cmake/ament_cmake_export_libraries-extras.cmake
[1.349s] -- Up-to-date: /home/darkdemon/work/motor_control/install/map_if/share/map_if/cmake/ament_cmake_export_targets-extras.cmake
[1.349s] -- Up-to-date: /home/darkdemon/work/motor_control/install/map_if/share/map_if/cmake/rosidl_cmake_export_typesupport_targets-extras.cmake
[1.349s] -- Up-to-date: /home/darkdemon/work/motor_control/install/map_if/share/map_if/cmake/ament_cmake_export_dependencies-extras.cmake
[1.349s] -- Up-to-date: /home/darkdemon/work/motor_control/install/map_if/share/map_if/cmake/rosidl_cmake_export_typesupport_libraries-extras.cmake
[1.349s] -- Up-to-date: /home/darkdemon/work/motor_control/install/map_if/share/map_if/cmake/map_ifConfig.cmake
[1.349s] -- Up-to-date: /home/darkdemon/work/motor_control/install/map_if/share/map_if/cmake/map_ifConfig-version.cmake
[1.349s] -- Up-to-date: /home/darkdemon/work/motor_control/install/map_if/share/map_if/package.xml
[1.385s] Invoked command in '/home/darkdemon/work/motor_control/build/map_if' returned '0': CMAKE_PREFIX_PATH=/home/darkdemon/work/motor_control/install/small_arm_moveit_cpp:/home/darkdemon/work/motor_control/install/small_arm_moveit_config:/home/darkdemon/work/motor_control/install/small_arm_description:/home/darkdemon/work/motor_control/install/visual:/home/darkdemon/work/motor_control/install/realsense:/home/darkdemon/work/motor_control/install/python_moveit2:/home/darkdemon/work/motor_control/install/map_tool:/home/darkdemon/work/motor_control/install/lidar_filter:/opt/ros/humble:/home/darkdemon/work/motor_control/install/python_moveit_interface:/home/darkdemon/work/motor_control/install/map_if:/home/darkdemon/work/motor_control/install/dynamixel_workbench:/home/darkdemon/work/motor_control/install/dynamixel_hardware:/home/darkdemon/work/motor_control/install/dynamixel_workbench_toolbox:/home/darkdemon/work/motor_control/install/dynamixel_workbench_msgs /usr/bin/cmake --install /home/darkdemon/work/motor_control/build/map_if
