[0.167s] Invoking command in '/home/darkdemon/work/motor_control/build/map_if': CMAKE_PREFIX_PATH=/opt/ros/humble /usr/bin/cmake --build /home/darkdemon/work/motor_control/build/map_if -- -j20 -l20
[0.609s] [  9%] Built target map_if__rosidl_generator_c
[0.609s] [ 12%] Built target map_if__cpp
[0.610s] [ 12%] Built target ament_cmake_python_copy_map_if
[0.610s] [ 22%] Built target map_if__rosidl_typesupport_introspection_cpp
[0.610s] [ 32%] Built target map_if__rosidl_typesupport_introspection_c
[0.610s] [ 41%] Built target map_if__rosidl_typesupport_fastrtps_cpp
[0.610s] [ 51%] Built target map_if__rosidl_typesupport_cpp
[0.610s] [ 61%] Built target map_if__rosidl_typesupport_c
[0.610s] [ 70%] Built target map_if__rosidl_typesupport_fastrtps_c
[0.610s] [ 70%] Built target map_if
[0.610s] [ 74%] Built target map_if__py
[0.610s] [ 80%] Built target map_if__rosidl_generator_py
[0.610s] [100%] Built target map_if__rosidl_typesupport_fastrtps_c__pyext
[0.610s] [100%] Built target map_if__rosidl_typesupport_introspection_c__pyext
[0.611s] [100%] Built target map_if__rosidl_typesupport_c__pyext
[0.611s] running egg_info
[0.611s] writing map_if.egg-info/PKG-INFO
[0.611s] writing dependency_links to map_if.egg-info/dependency_links.txt
[0.611s] writing top-level names to map_if.egg-info/top_level.txt
[0.611s] reading manifest file 'map_if.egg-info/SOURCES.txt'
[0.611s] writing manifest file 'map_if.egg-info/SOURCES.txt'
[0.611s] [100%] Built target ament_cmake_python_build_map_if_egg
[0.758s] Invoked command in '/home/darkdemon/work/motor_control/build/map_if' returned '0': CMAKE_PREFIX_PATH=/opt/ros/humble /usr/bin/cmake --build /home/darkdemon/work/motor_control/build/map_if -- -j20 -l20
[0.759s] Invoking command in '/home/darkdemon/work/motor_control/build/map_if': CMAKE_PREFIX_PATH=/opt/ros/humble /usr/bin/cmake --install /home/darkdemon/work/motor_control/build/map_if
[0.775s] -- Install configuration: ""
[0.775s] -- Up-to-date: /home/darkdemon/work/motor_control/install/map_if/share/ament_index/resource_index/rosidl_interfaces/map_if
[0.775s] -- Up-to-date: /home/darkdemon/work/motor_control/install/map_if/include/map_if/map_if
[0.775s] -- Up-to-date: /home/darkdemon/work/motor_control/install/map_if/include/map_if/map_if/msg
[0.776s] -- Up-to-date: /home/darkdemon/work/motor_control/install/map_if/include/map_if/map_if/msg/rosidl_generator_c__visibility_control.h
[0.776s] -- Up-to-date: /home/darkdemon/work/motor_control/install/map_if/include/map_if/map_if/srv
[0.776s] -- Up-to-date: /home/darkdemon/work/motor_control/install/map_if/include/map_if/map_if/srv/detail
[0.776s] -- Up-to-date: /home/darkdemon/work/motor_control/install/map_if/include/map_if/map_if/srv/detail/command__struct.h
[0.777s] -- Up-to-date: /home/darkdemon/work/motor_control/install/map_if/include/map_if/map_if/srv/detail/command__functions.h
[0.777s] -- Up-to-date: /home/darkdemon/work/motor_control/install/map_if/include/map_if/map_if/srv/detail/command__functions.c
[0.777s] -- Up-to-date: /home/darkdemon/work/motor_control/install/map_if/include/map_if/map_if/srv/detail/command__type_support.h
[0.777s] -- Up-to-date: /home/darkdemon/work/motor_control/install/map_if/include/map_if/map_if/srv/command.h
[0.777s] -- Up-to-date: /home/darkdemon/work/motor_control/install/map_if/share/map_if/environment/library_path.sh
[0.777s] -- Up-to-date: /home/darkdemon/work/motor_control/install/map_if/share/map_if/environment/library_path.dsv
[0.777s] -- Up-to-date: /home/darkdemon/work/motor_control/install/map_if/lib/libmap_if__rosidl_generator_c.so
[0.778s] -- Up-to-date: /home/darkdemon/work/motor_control/install/map_if/include/map_if/map_if
[0.778s] -- Up-to-date: /home/darkdemon/work/motor_control/install/map_if/include/map_if/map_if/msg
[0.778s] -- Up-to-date: /home/darkdemon/work/motor_control/install/map_if/include/map_if/map_if/msg/rosidl_typesupport_fastrtps_c__visibility_control.h
[0.778s] -- Up-to-date: /home/darkdemon/work/motor_control/install/map_if/include/map_if/map_if/srv
[0.778s] -- Up-to-date: /home/darkdemon/work/motor_control/install/map_if/include/map_if/map_if/srv/detail
[0.779s] -- Up-to-date: /home/darkdemon/work/motor_control/install/map_if/include/map_if/map_if/srv/detail/command__rosidl_typesupport_fastrtps_c.h
[0.780s] -- Up-to-date: /home/darkdemon/work/motor_control/install/map_if/lib/libmap_if__rosidl_typesupport_fastrtps_c.so
[0.780s] -- Up-to-date: /home/darkdemon/work/motor_control/install/map_if/include/map_if/map_if
[0.780s] -- Up-to-date: /home/darkdemon/work/motor_control/install/map_if/include/map_if/map_if/msg
[0.780s] -- Up-to-date: /home/darkdemon/work/motor_control/install/map_if/include/map_if/map_if/msg/rosidl_typesupport_introspection_c__visibility_control.h
[0.780s] -- Up-to-date: /home/darkdemon/work/motor_control/install/map_if/include/map_if/map_if/srv
[0.780s] -- Up-to-date: /home/darkdemon/work/motor_control/install/map_if/include/map_if/map_if/srv/detail
[0.780s] -- Up-to-date: /home/darkdemon/work/motor_control/install/map_if/include/map_if/map_if/srv/detail/command__rosidl_typesupport_introspection_c.h
[0.781s] -- Up-to-date: /home/darkdemon/work/motor_control/install/map_if/include/map_if/map_if/srv/detail/command__type_support.c
[0.781s] -- Up-to-date: /home/darkdemon/work/motor_control/install/map_if/lib/libmap_if__rosidl_typesupport_introspection_c.so
[0.781s] -- Up-to-date: /home/darkdemon/work/motor_control/install/map_if/lib/libmap_if__rosidl_typesupport_c.so
[0.784s] -- Up-to-date: /home/darkdemon/work/motor_control/install/map_if/include/map_if/map_if
[0.784s] -- Up-to-date: /home/darkdemon/work/motor_control/install/map_if/include/map_if/map_if/msg
[0.784s] -- Up-to-date: /home/darkdemon/work/motor_control/install/map_if/include/map_if/map_if/msg/rosidl_generator_cpp__visibility_control.hpp
[0.784s] -- Up-to-date: /home/darkdemon/work/motor_control/install/map_if/include/map_if/map_if/srv
[0.785s] -- Up-to-date: /home/darkdemon/work/motor_control/install/map_if/include/map_if/map_if/srv/detail
[0.786s] -- Up-to-date: /home/darkdemon/work/motor_control/install/map_if/include/map_if/map_if/srv/detail/command__type_support.hpp
[0.786s] -- Up-to-date: /home/darkdemon/work/motor_control/install/map_if/include/map_if/map_if/srv/detail/command__struct.hpp
[0.786s] -- Up-to-date: /home/darkdemon/work/motor_control/install/map_if/include/map_if/map_if/srv/detail/command__traits.hpp
[0.786s] -- Up-to-date: /home/darkdemon/work/motor_control/install/map_if/include/map_if/map_if/srv/detail/command__builder.hpp
[0.786s] -- Up-to-date: /home/darkdemon/work/motor_control/install/map_if/include/map_if/map_if/srv/command.hpp
[0.788s] -- Up-to-date: /home/darkdemon/work/motor_control/install/map_if/include/map_if/map_if
[0.788s] -- Up-to-date: /home/darkdemon/work/motor_control/install/map_if/include/map_if/map_if/msg
[0.788s] -- Up-to-date: /home/darkdemon/work/motor_control/install/map_if/include/map_if/map_if/msg/rosidl_typesupport_fastrtps_cpp__visibility_control.h
[0.788s] -- Up-to-date: /home/darkdemon/work/motor_control/install/map_if/include/map_if/map_if/srv
[0.788s] -- Up-to-date: /home/darkdemon/work/motor_control/install/map_if/include/map_if/map_if/srv/detail
[0.788s] -- Up-to-date: /home/darkdemon/work/motor_control/install/map_if/include/map_if/map_if/srv/detail/command__rosidl_typesupport_fastrtps_cpp.hpp
[0.789s] -- Up-to-date: /home/darkdemon/work/motor_control/install/map_if/include/map_if/map_if/srv/detail/dds_fastrtps
[0.789s] -- Up-to-date: /home/darkdemon/work/motor_control/install/map_if/lib/libmap_if__rosidl_typesupport_fastrtps_cpp.so
[0.789s] -- Up-to-date: /home/darkdemon/work/motor_control/install/map_if/include/map_if/map_if
[0.789s] -- Up-to-date: /home/darkdemon/work/motor_control/install/map_if/include/map_if/map_if/srv
[0.789s] -- Up-to-date: /home/darkdemon/work/motor_control/install/map_if/include/map_if/map_if/srv/detail
[0.789s] -- Up-to-date: /home/darkdemon/work/motor_control/install/map_if/include/map_if/map_if/srv/detail/command__type_support.cpp
[0.789s] -- Up-to-date: /home/darkdemon/work/motor_control/install/map_if/include/map_if/map_if/srv/detail/command__rosidl_typesupport_introspection_cpp.hpp
[0.790s] -- Up-to-date: /home/darkdemon/work/motor_control/install/map_if/lib/libmap_if__rosidl_typesupport_introspection_cpp.so
[0.790s] -- Up-to-date: /home/darkdemon/work/motor_control/install/map_if/lib/libmap_if__rosidl_typesupport_cpp.so
[0.790s] -- Up-to-date: /home/darkdemon/work/motor_control/install/map_if/share/map_if/environment/pythonpath.sh
[0.790s] -- Up-to-date: /home/darkdemon/work/motor_control/install/map_if/share/map_if/environment/pythonpath.dsv
[0.790s] -- Up-to-date: /home/darkdemon/work/motor_control/install/map_if/local/lib/python3.10/dist-packages/map_if-0.0.0-py3.10.egg-info
[0.790s] -- Installing: /home/darkdemon/work/motor_control/install/map_if/local/lib/python3.10/dist-packages/map_if-0.0.0-py3.10.egg-info/top_level.txt
[0.790s] -- Installing: /home/darkdemon/work/motor_control/install/map_if/local/lib/python3.10/dist-packages/map_if-0.0.0-py3.10.egg-info/PKG-INFO
[0.791s] -- Installing: /home/darkdemon/work/motor_control/install/map_if/local/lib/python3.10/dist-packages/map_if-0.0.0-py3.10.egg-info/dependency_links.txt
[0.791s] -- Installing: /home/darkdemon/work/motor_control/install/map_if/local/lib/python3.10/dist-packages/map_if-0.0.0-py3.10.egg-info/SOURCES.txt
[0.791s] -- Up-to-date: /home/darkdemon/work/motor_control/install/map_if/local/lib/python3.10/dist-packages/map_if
[0.791s] -- Up-to-date: /home/darkdemon/work/motor_control/install/map_if/local/lib/python3.10/dist-packages/map_if/_map_if_s.ep.rosidl_typesupport_c.c
[0.791s] -- Up-to-date: /home/darkdemon/work/motor_control/install/map_if/local/lib/python3.10/dist-packages/map_if/_map_if_s.ep.rosidl_typesupport_fastrtps_c.c
[0.791s] -- Up-to-date: /home/darkdemon/work/motor_control/install/map_if/local/lib/python3.10/dist-packages/map_if/__init__.py
[0.791s] -- Up-to-date: /home/darkdemon/work/motor_control/install/map_if/local/lib/python3.10/dist-packages/map_if/map_if_s__rosidl_typesupport_introspection_c.cpython-310-x86_64-linux-gnu.so
[0.792s] -- Up-to-date: /home/darkdemon/work/motor_control/install/map_if/local/lib/python3.10/dist-packages/map_if/srv
[0.792s] -- Up-to-date: /home/darkdemon/work/motor_control/install/map_if/local/lib/python3.10/dist-packages/map_if/srv/__init__.py
[0.792s] -- Up-to-date: /home/darkdemon/work/motor_control/install/map_if/local/lib/python3.10/dist-packages/map_if/srv/_command.py
[0.792s] -- Up-to-date: /home/darkdemon/work/motor_control/install/map_if/local/lib/python3.10/dist-packages/map_if/srv/_command_s.c
[0.792s] -- Up-to-date: /home/darkdemon/work/motor_control/install/map_if/local/lib/python3.10/dist-packages/map_if/libmap_if__rosidl_generator_py.so
[0.792s] -- Up-to-date: /home/darkdemon/work/motor_control/install/map_if/local/lib/python3.10/dist-packages/map_if/map_if_s__rosidl_typesupport_fastrtps_c.cpython-310-x86_64-linux-gnu.so
[0.792s] -- Up-to-date: /home/darkdemon/work/motor_control/install/map_if/local/lib/python3.10/dist-packages/map_if/map_if_s__rosidl_typesupport_c.cpython-310-x86_64-linux-gnu.so
[0.792s] -- Up-to-date: /home/darkdemon/work/motor_control/install/map_if/local/lib/python3.10/dist-packages/map_if/_map_if_s.ep.rosidl_typesupport_introspection_c.c
[0.806s] Listing '/home/darkdemon/work/motor_control/install/map_if/local/lib/python3.10/dist-packages/map_if'...
[0.806s] Listing '/home/darkdemon/work/motor_control/install/map_if/local/lib/python3.10/dist-packages/map_if/srv'...
[0.808s] -- Up-to-date: /home/darkdemon/work/motor_control/install/map_if/local/lib/python3.10/dist-packages/map_if/map_if_s__rosidl_typesupport_fastrtps_c.cpython-310-x86_64-linux-gnu.so
[0.808s] -- Up-to-date: /home/darkdemon/work/motor_control/install/map_if/local/lib/python3.10/dist-packages/map_if/map_if_s__rosidl_typesupport_introspection_c.cpython-310-x86_64-linux-gnu.so
[0.808s] -- Up-to-date: /home/darkdemon/work/motor_control/install/map_if/local/lib/python3.10/dist-packages/map_if/map_if_s__rosidl_typesupport_c.cpython-310-x86_64-linux-gnu.so
[0.808s] -- Up-to-date: /home/darkdemon/work/motor_control/install/map_if/lib/libmap_if__rosidl_generator_py.so
[0.808s] -- Up-to-date: /home/darkdemon/work/motor_control/install/map_if/share/map_if/srv/Command.idl
[0.808s] -- Up-to-date: /home/darkdemon/work/motor_control/install/map_if/share/map_if/srv/Command.srv
[0.808s] -- Up-to-date: /home/darkdemon/work/motor_control/install/map_if/share/map_if/srv/Command_Request.msg
[0.808s] -- Up-to-date: /home/darkdemon/work/motor_control/install/map_if/share/map_if/srv/Command_Response.msg
[0.808s] -- Up-to-date: /home/darkdemon/work/motor_control/install/map_if/share/ament_index/resource_index/package_run_dependencies/map_if
[0.808s] -- Up-to-date: /home/darkdemon/work/motor_control/install/map_if/share/ament_index/resource_index/parent_prefix_path/map_if
[0.808s] -- Up-to-date: /home/darkdemon/work/motor_control/install/map_if/share/map_if/environment/ament_prefix_path.sh
[0.808s] -- Up-to-date: /home/darkdemon/work/motor_control/install/map_if/share/map_if/environment/ament_prefix_path.dsv
[0.808s] -- Up-to-date: /home/darkdemon/work/motor_control/install/map_if/share/map_if/environment/path.sh
[0.808s] -- Up-to-date: /home/darkdemon/work/motor_control/install/map_if/share/map_if/environment/path.dsv
[0.808s] -- Up-to-date: /home/darkdemon/work/motor_control/install/map_if/share/map_if/local_setup.bash
[0.808s] -- Up-to-date: /home/darkdemon/work/motor_control/install/map_if/share/map_if/local_setup.sh
[0.808s] -- Up-to-date: /home/darkdemon/work/motor_control/install/map_if/share/map_if/local_setup.zsh
[0.808s] -- Up-to-date: /home/darkdemon/work/motor_control/install/map_if/share/map_if/local_setup.dsv
[0.808s] -- Installing: /home/darkdemon/work/motor_control/install/map_if/share/map_if/package.dsv
[0.808s] -- Up-to-date: /home/darkdemon/work/motor_control/install/map_if/share/ament_index/resource_index/packages/map_if
[0.808s] -- Up-to-date: /home/darkdemon/work/motor_control/install/map_if/share/map_if/cmake/export_map_if__rosidl_generator_cExport.cmake
[0.808s] -- Up-to-date: /home/darkdemon/work/motor_control/install/map_if/share/map_if/cmake/export_map_if__rosidl_generator_cExport-noconfig.cmake
[0.808s] -- Up-to-date: /home/darkdemon/work/motor_control/install/map_if/share/map_if/cmake/export_map_if__rosidl_typesupport_fastrtps_cExport.cmake
[0.808s] -- Up-to-date: /home/darkdemon/work/motor_control/install/map_if/share/map_if/cmake/export_map_if__rosidl_typesupport_fastrtps_cExport-noconfig.cmake
[0.808s] -- Up-to-date: /home/darkdemon/work/motor_control/install/map_if/share/map_if/cmake/map_if__rosidl_typesupport_introspection_cExport.cmake
[0.808s] -- Up-to-date: /home/darkdemon/work/motor_control/install/map_if/share/map_if/cmake/map_if__rosidl_typesupport_introspection_cExport-noconfig.cmake
[0.808s] -- Up-to-date: /home/darkdemon/work/motor_control/install/map_if/share/map_if/cmake/map_if__rosidl_typesupport_cExport.cmake
[0.808s] -- Up-to-date: /home/darkdemon/work/motor_control/install/map_if/share/map_if/cmake/map_if__rosidl_typesupport_cExport-noconfig.cmake
[0.808s] -- Up-to-date: /home/darkdemon/work/motor_control/install/map_if/share/map_if/cmake/export_map_if__rosidl_generator_cppExport.cmake
[0.808s] -- Up-to-date: /home/darkdemon/work/motor_control/install/map_if/share/map_if/cmake/export_map_if__rosidl_typesupport_fastrtps_cppExport.cmake
[0.808s] -- Up-to-date: /home/darkdemon/work/motor_control/install/map_if/share/map_if/cmake/export_map_if__rosidl_typesupport_fastrtps_cppExport-noconfig.cmake
[0.808s] -- Up-to-date: /home/darkdemon/work/motor_control/install/map_if/share/map_if/cmake/map_if__rosidl_typesupport_introspection_cppExport.cmake
[0.808s] -- Up-to-date: /home/darkdemon/work/motor_control/install/map_if/share/map_if/cmake/map_if__rosidl_typesupport_introspection_cppExport-noconfig.cmake
[0.808s] -- Up-to-date: /home/darkdemon/work/motor_control/install/map_if/share/map_if/cmake/map_if__rosidl_typesupport_cppExport.cmake
[0.809s] -- Up-to-date: /home/darkdemon/work/motor_control/install/map_if/share/map_if/cmake/map_if__rosidl_typesupport_cppExport-noconfig.cmake
[0.809s] -- Up-to-date: /home/darkdemon/work/motor_control/install/map_if/share/map_if/cmake/export_map_if__rosidl_generator_pyExport.cmake
[0.809s] -- Up-to-date: /home/darkdemon/work/motor_control/install/map_if/share/map_if/cmake/export_map_if__rosidl_generator_pyExport-noconfig.cmake
[0.809s] -- Up-to-date: /home/darkdemon/work/motor_control/install/map_if/share/map_if/cmake/rosidl_cmake-extras.cmake
[0.809s] -- Up-to-date: /home/darkdemon/work/motor_control/install/map_if/share/map_if/cmake/ament_cmake_export_include_directories-extras.cmake
[0.809s] -- Up-to-date: /home/darkdemon/work/motor_control/install/map_if/share/map_if/cmake/ament_cmake_export_libraries-extras.cmake
[0.809s] -- Up-to-date: /home/darkdemon/work/motor_control/install/map_if/share/map_if/cmake/ament_cmake_export_targets-extras.cmake
[0.809s] -- Up-to-date: /home/darkdemon/work/motor_control/install/map_if/share/map_if/cmake/rosidl_cmake_export_typesupport_targets-extras.cmake
[0.809s] -- Up-to-date: /home/darkdemon/work/motor_control/install/map_if/share/map_if/cmake/ament_cmake_export_dependencies-extras.cmake
[0.809s] -- Up-to-date: /home/darkdemon/work/motor_control/install/map_if/share/map_if/cmake/rosidl_cmake_export_typesupport_libraries-extras.cmake
[0.809s] -- Up-to-date: /home/darkdemon/work/motor_control/install/map_if/share/map_if/cmake/map_ifConfig.cmake
[0.809s] -- Up-to-date: /home/darkdemon/work/motor_control/install/map_if/share/map_if/cmake/map_ifConfig-version.cmake
[0.809s] -- Up-to-date: /home/darkdemon/work/motor_control/install/map_if/share/map_if/package.xml
[0.829s] Invoked command in '/home/darkdemon/work/motor_control/build/map_if' returned '0': CMAKE_PREFIX_PATH=/opt/ros/humble /usr/bin/cmake --install /home/darkdemon/work/motor_control/build/map_if
