[0.320s] Invoking command in '/home/darkdemon/work/motor_control/build/small_arm_moveit_cpp': CMAKE_PREFIX_PATH=/home/darkdemon/work/motor_control/install/dynamixel_workbench_msgs:/home/darkdemon/work/motor_control/install/small_arm_moveit_config:/home/darkdemon/work/motor_control/install/small_arm_description:/home/darkdemon/work/motor_control/install/dynamixel_workbench:/home/darkdemon/work/motor_control/install/dynamixel_hardware:/home/darkdemon/work/motor_control/install/dynamixel_workbench_toolbox:/home/darkdemon/work/motor_control/install/realsense:/home/darkdemon/work/motor_control/install/python_moveit2:/opt/ros/humble:/home/darkdemon/work/motor_control/install/python_moveit_interface /usr/bin/cmake --build /home/darkdemon/work/motor_control/build/small_arm_moveit_cpp -- -j20 -l20
[0.374s] [ 10%] [32mBuilding CXX object CMakeFiles/auto_pose_goal.dir/src/auto_pose_goal.cpp.o[0m
[0.374s] [ 20%] [32mBuilding CXX object CMakeFiles/gripper_open.dir/src/gripper_open.cpp.o[0m
[0.374s] [ 30%] [32mBuilding CXX object CMakeFiles/named_goal.dir/src/named_goal.cpp.o[0m
[0.383s] [ 50%] Built target eye_hand_pose
[0.383s] [ 70%] Built target ee_pose_in_base
[0.797s] [01m[K/home/darkdemon/work/motor_control/src/tb4_arm_ros2/small_arm_moveit_cpp/src/named_goal.cpp:5:10:[m[K [01;31m[Kfatal error: [m[Kpython_moveit_interface/srv/pose_request.hpp: No such file or directory
[0.797s]     5 | #include [01;31m[K"python_moveit_interface/srv/pose_request.hpp"[m[K  // 替換成實際 srv 的路徑
[0.797s]       |          [01;31m[K^~~~~~~~~~~~~~~~~~~~~~~~~~~~~~~~~~~~~~~~~~~~~~[m[K
[0.797s] compilation terminated.
[0.800s] gmake[2]: *** [CMakeFiles/named_goal.dir/build.make:76: CMakeFiles/named_goal.dir/src/named_goal.cpp.o] Error 1
[0.800s] gmake[1]: *** [CMakeFiles/Makefile2:171: CMakeFiles/named_goal.dir/all] Error 2
[0.800s] gmake[1]: *** Waiting for unfinished jobs....
[0.855s] [01m[K/home/darkdemon/work/motor_control/src/tb4_arm_ros2/small_arm_moveit_cpp/src/gripper_open.cpp:4:10:[m[K [01;31m[Kfatal error: [m[Kpython_moveit_interface/srv/gripper_control.hpp: No such file or directory
[0.855s]     4 | #include [01;31m[K"python_moveit_interface/srv/gripper_control.hpp"[m[K
[0.855s]       |          [01;31m[K^~~~~~~~~~~~~~~~~~~~~~~~~~~~~~~~~~~~~~~~~~~~~~~~~[m[K
[0.855s] compilation terminated.
[0.859s] gmake[2]: *** [CMakeFiles/gripper_open.dir/build.make:76: CMakeFiles/gripper_open.dir/src/gripper_open.cpp.o] Error 1
[0.860s] gmake[1]: *** [CMakeFiles/Makefile2:145: CMakeFiles/gripper_open.dir/all] Error 2
[0.905s] [01m[K/home/darkdemon/work/motor_control/src/tb4_arm_ros2/small_arm_moveit_cpp/src/auto_pose_goal.cpp:5:10:[m[K [01;31m[Kfatal error: [m[Kpython_moveit_interface/include/python_moveit_interface/python_moveit_interface/srv/detect_pose.hpp: No such file or directory
[0.905s]     5 | #include [01;31m[K"python_moveit_interface/include/python_moveit_interface/python_moveit_interface/srv/detect_pose.hpp"[m[K  // 替換成你實際 package
[0.905s]       |          [01;31m[K^~~~~~~~~~~~~~~~~~~~~~~~~~~~~~~~~~~~~~~~~~~~~~~~~~~~~~~~~~~~~~~~~~~~~~~~~~~~~~~~~~~~~~~~~~~~~~~~~~~~~[m[K
[0.905s] compilation terminated.
[0.908s] gmake[2]: *** [CMakeFiles/auto_pose_goal.dir/build.make:76: CMakeFiles/auto_pose_goal.dir/src/auto_pose_goal.cpp.o] Error 1
[0.908s] gmake[1]: *** [CMakeFiles/Makefile2:249: CMakeFiles/auto_pose_goal.dir/all] Error 2
[0.909s] gmake: *** [Makefile:146: all] Error 2
[0.911s] Invoked command in '/home/darkdemon/work/motor_control/build/small_arm_moveit_cpp' returned '2': CMAKE_PREFIX_PATH=/home/darkdemon/work/motor_control/install/dynamixel_workbench_msgs:/home/darkdemon/work/motor_control/install/small_arm_moveit_config:/home/darkdemon/work/motor_control/install/small_arm_description:/home/darkdemon/work/motor_control/install/dynamixel_workbench:/home/darkdemon/work/motor_control/install/dynamixel_hardware:/home/darkdemon/work/motor_control/install/dynamixel_workbench_toolbox:/home/darkdemon/work/motor_control/install/realsense:/home/darkdemon/work/motor_control/install/python_moveit2:/opt/ros/humble:/home/darkdemon/work/motor_control/install/python_moveit_interface /usr/bin/cmake --build /home/darkdemon/work/motor_control/build/small_arm_moveit_cpp -- -j20 -l20
