running egg_info
writing ../../../build/python_moveit2/python_moveit2.egg-info/PKG-INFO
writing dependency_links to ../../../build/python_moveit2/python_moveit2.egg-info/dependency_links.txt
writing entry points to ../../../build/python_moveit2/python_moveit2.egg-info/entry_points.txt
writing requirements to ../../../build/python_moveit2/python_moveit2.egg-info/requires.txt
writing top-level names to ../../../build/python_moveit2/python_moveit2.egg-info/top_level.txt
reading manifest file '../../../build/python_moveit2/python_moveit2.egg-info/SOURCES.txt'
writing manifest file '../../../build/python_moveit2/python_moveit2.egg-info/SOURCES.txt'
running build
running build_py
running install
running install_lib
running install_data
copying config/task_config.yaml -> /home/darkdemon/work/motor_control/install/python_moveit2/share/python_moveit2/config
running install_egg_info
removing '/home/darkdemon/work/motor_control/install/python_moveit2/lib/python3.10/site-packages/python_moveit2-0.0.0-py3.10.egg-info' (and everything under it)
Copying ../../../build/python_moveit2/python_moveit2.egg-info to /home/darkdemon/work/motor_control/install/python_moveit2/lib/python3.10/site-packages/python_moveit2-0.0.0-py3.10.egg-info
running install_scripts
Installing arm_test script to /home/darkdemon/work/motor_control/install/python_moveit2/lib/python_moveit2
Installing main_control script to /home/darkdemon/work/motor_control/install/python_moveit2/lib/python_moveit2
writing list of installed files to '/home/darkdemon/work/motor_control/build/python_moveit2/install.log'
