[1.726s] Invoking command in '/home/darkdemon/work/motor_control/src/tb4_arm_ros2/python_moveit2': PYTHONPATH=/home/darkdemon/work/motor_control/build/python_moveit2/prefix_override:/usr/lib/python3/dist-packages/colcon_core/task/python/colcon_distutils_commands:/home/darkdemon/work/motor_control/install/python_moveit2/lib/python3.10/site-packages:${PYTHONPATH} /usr/bin/python3 -W ignore:setup.py install is deprecated -W ignore:easy_install command is deprecated setup.py egg_info --egg-base ../../../build/python_moveit2 build --build-base /home/darkdemon/work/motor_control/build/python_moveit2/build install --record /home/darkdemon/work/motor_control/build/python_moveit2/install.log --single-version-externally-managed install_data
[2.153s] running egg_info
[2.154s] writing ../../../build/python_moveit2/python_moveit2.egg-info/PKG-INFO
[2.154s] writing dependency_links to ../../../build/python_moveit2/python_moveit2.egg-info/dependency_links.txt
[2.154s] writing entry points to ../../../build/python_moveit2/python_moveit2.egg-info/entry_points.txt
[2.155s] writing requirements to ../../../build/python_moveit2/python_moveit2.egg-info/requires.txt
[2.155s] writing top-level names to ../../../build/python_moveit2/python_moveit2.egg-info/top_level.txt
[2.157s] reading manifest file '../../../build/python_moveit2/python_moveit2.egg-info/SOURCES.txt'
[2.159s] writing manifest file '../../../build/python_moveit2/python_moveit2.egg-info/SOURCES.txt'
[2.159s] running build
[2.159s] running build_py
[2.159s] running install
[2.160s] running install_lib
[2.161s] running install_data
[2.162s] copying config/task_config.yaml -> /home/darkdemon/work/motor_control/install/python_moveit2/share/python_moveit2/config
[2.162s] running install_egg_info
[2.167s] removing '/home/darkdemon/work/motor_control/install/python_moveit2/lib/python3.10/site-packages/python_moveit2-0.0.0-py3.10.egg-info' (and everything under it)
[2.169s] Copying ../../../build/python_moveit2/python_moveit2.egg-info to /home/darkdemon/work/motor_control/install/python_moveit2/lib/python3.10/site-packages/python_moveit2-0.0.0-py3.10.egg-info
[2.171s] running install_scripts
[2.218s] Installing arm_test script to /home/darkdemon/work/motor_control/install/python_moveit2/lib/python_moveit2
[2.219s] Installing main_control script to /home/darkdemon/work/motor_control/install/python_moveit2/lib/python_moveit2
[2.219s] writing list of installed files to '/home/darkdemon/work/motor_control/build/python_moveit2/install.log'
[2.284s] Invoked command in '/home/darkdemon/work/motor_control/src/tb4_arm_ros2/python_moveit2' returned '0': PYTHONPATH=/home/darkdemon/work/motor_control/build/python_moveit2/prefix_override:/usr/lib/python3/dist-packages/colcon_core/task/python/colcon_distutils_commands:/home/darkdemon/work/motor_control/install/python_moveit2/lib/python3.10/site-packages:${PYTHONPATH} /usr/bin/python3 -W ignore:setup.py install is deprecated -W ignore:easy_install command is deprecated setup.py egg_info --egg-base ../../../build/python_moveit2 build --build-base /home/darkdemon/work/motor_control/build/python_moveit2/build install --record /home/darkdemon/work/motor_control/build/python_moveit2/install.log --single-version-externally-managed install_data
