[0.154s] Invoking command in '/home/darkdemon/work/motor_control/build/small_arm_moveit_cpp': CMAKE_PREFIX_PATH=/opt/ros/humble /usr/bin/cmake /home/darkdemon/work/motor_control/src/tb4_arm_ros2/small_arm_moveit_cpp -DCMAKE_INSTALL_PREFIX=/home/darkdemon/work/motor_control/install/small_arm_moveit_cpp
[0.164s] -- Found ament_cmake: 1.3.11 (/opt/ros/humble/share/ament_cmake/cmake)
[0.252s] -- Override CMake install command with custom implementation using symlinks instead of copying resources
[0.256s] -- Found moveit_ros_planning_interface: 2.5.8 (/opt/ros/humble/share/moveit_ros_planning_interface/cmake)
[0.264s] -- Found Boost: /usr/lib/x86_64-linux-gnu/cmake/Boost-1.74.0/BoostConfig.cmake (found version "1.74.0") found components: date_time filesystem program_options system thread 
[0.280s] -- Found rosidl_generator_c: 3.1.6 (/opt/ros/humble/share/rosidl_generator_c/cmake)
[0.282s] -- Found rosidl_adapter: 3.1.6 (/opt/ros/humble/share/rosidl_adapter/cmake)
[0.286s] -- Found rosidl_generator_cpp: 3.1.6 (/opt/ros/humble/share/rosidl_generator_cpp/cmake)
[0.291s] -- Using all available rosidl_typesupport_c: rosidl_typesupport_fastrtps_c;rosidl_typesupport_introspection_c
[0.299s] -- Using all available rosidl_typesupport_cpp: rosidl_typesupport_fastrtps_cpp;rosidl_typesupport_introspection_cpp
[0.416s] -- Found Boost: /usr/lib/x86_64-linux-gnu/cmake/Boost-1.74.0/BoostConfig.cmake (found version "1.74.0") found components: chrono date_time filesystem iostreams program_options regex serialization system thread 
[0.431s] -- Found parameter_traits: 0.4.0 (/opt/ros/humble/share/parameter_traits/cmake)
[0.448s] -- Found rmw_implementation_cmake: 6.1.2 (/opt/ros/humble/share/rmw_implementation_cmake/cmake)
[0.449s] -- Found rmw_cyclonedds_cpp: 1.3.4 (/opt/ros/humble/share/rmw_cyclonedds_cpp/cmake)
[0.460s] -- Using RMW implementation 'rmw_cyclonedds_cpp' as default
[0.489s] -- Found rclcpp_lifecycle: 16.0.11 (/opt/ros/humble/share/rclcpp_lifecycle/cmake)
[0.503s] -- Found Boost: /usr/lib/x86_64-linux-gnu/cmake/Boost-1.74.0/BoostConfig.cmake (found version "1.74.0") found components: filesystem 
[0.529s] -- library: /usr/lib/x86_64-linux-gnu/libcurl.so
[0.555s] -- Ensuring Eigen3 include directory is part of orocos-kdl CMake target
[0.628s] -- Found Boost: /usr/lib/x86_64-linux-gnu/cmake/Boost-1.74.0/BoostConfig.cmake (found version "1.74.0") found components: system filesystem date_time program_options thread chrono 
[0.647s] -- Found Boost: /usr/lib/x86_64-linux-gnu/cmake/Boost-1.74.0/BoostConfig.cmake (found version "1.74.0") found components: thread system filesystem regex date_time program_options 
[0.666s] -- Found Boost: /usr/lib/x86_64-linux-gnu/cmake/Boost-1.74.0/BoostConfig.cmake (found version "1.74.0") found components: system filesystem date_time program_options thread 
[0.687s] -- Found ament_lint_auto: 0.12.11 (/opt/ros/humble/share/ament_lint_auto/cmake)
[0.731s] -- Added test 'cppcheck' to perform static code analysis on C / C++ code
[0.731s] -- Configured cppcheck include dirs: 
[0.731s] -- Configured cppcheck exclude dirs and/or files: 
[0.731s] -- Added test 'flake8' to check Python code syntax and style conventions
[0.731s] -- Added test 'lint_cmake' to check CMake code style
[0.731s] -- Added test 'pep257' to check Python code against some of the docstring style conventions in PEP 257
[0.732s] -- Added test 'uncrustify' to check C / C++ code style
[0.732s] -- Configured uncrustify additional arguments: 
[0.732s] -- Added test 'xmllint' to check XML markup files
[0.733s] -- Configuring done
[0.812s] -- Generating done
[0.848s] -- Build files have been written to: /home/darkdemon/work/motor_control/build/small_arm_moveit_cpp
[0.858s] Invoked command in '/home/darkdemon/work/motor_control/build/small_arm_moveit_cpp' returned '0': CMAKE_PREFIX_PATH=/opt/ros/humble /usr/bin/cmake /home/darkdemon/work/motor_control/src/tb4_arm_ros2/small_arm_moveit_cpp -DCMAKE_INSTALL_PREFIX=/home/darkdemon/work/motor_control/install/small_arm_moveit_cpp
[0.864s] Invoking command in '/home/darkdemon/work/motor_control/build/small_arm_moveit_cpp': CMAKE_PREFIX_PATH=/opt/ros/humble /usr/bin/cmake --build /home/darkdemon/work/motor_control/build/small_arm_moveit_cpp -- -j20 -l20
[0.908s] [35m[1mConsolidate compiler generated dependencies of target pose_goal[0m
[0.908s] [35m[1mConsolidate compiler generated dependencies of target gripper_open[0m
[0.908s] [35m[1mConsolidate compiler generated dependencies of target pliz_move[0m
[0.908s] [35m[1mConsolidate compiler generated dependencies of target gripper_joint_value[0m
[0.908s] [35m[1mConsolidate compiler generated dependencies of target joint_goal[0m
[0.910s] [35m[1mConsolidate compiler generated dependencies of target named_goal[0m
[0.911s] [35m[1mConsolidate compiler generated dependencies of target cartesian_path[0m
[0.911s] [35m[1mConsolidate compiler generated dependencies of target ee_pose_in_base[0m
[0.911s] [35m[1mConsolidate compiler generated dependencies of target tool_move[0m
[0.912s] [35m[1mConsolidate compiler generated dependencies of target eye_hand_pose[0m
[0.929s] [ 20%] Built target joint_goal
[0.930s] [ 20%] Built target pliz_move
[0.930s] [ 30%] Built target gripper_joint_value
[0.930s] [ 40%] Built target pose_goal
[0.932s] [ 70%] Built target ee_pose_in_base
[0.932s] [ 70%] Built target named_goal
[0.932s] [ 70%] Built target gripper_open
[0.934s] [ 80%] Built target cartesian_path
[0.936s] [ 90%] Built target eye_hand_pose
[0.937s] [100%] Built target tool_move
[0.944s] Invoked command in '/home/darkdemon/work/motor_control/build/small_arm_moveit_cpp' returned '0': CMAKE_PREFIX_PATH=/opt/ros/humble /usr/bin/cmake --build /home/darkdemon/work/motor_control/build/small_arm_moveit_cpp -- -j20 -l20
[0.945s] Invoking command in '/home/darkdemon/work/motor_control/build/small_arm_moveit_cpp': CMAKE_PREFIX_PATH=/opt/ros/humble /usr/bin/cmake --install /home/darkdemon/work/motor_control/build/small_arm_moveit_cpp
[0.950s] -- Install configuration: ""
[0.950s] -- Execute custom install script
[0.950s] -- Up-to-date symlink: /home/darkdemon/work/motor_control/install/small_arm_moveit_cpp/lib/small_arm_moveit_cpp/eye_hand_pose
[0.950s] -- Up-to-date symlink: /home/darkdemon/work/motor_control/install/small_arm_moveit_cpp/lib/small_arm_moveit_cpp/ee_pose_in_base
[0.950s] -- Up-to-date symlink: /home/darkdemon/work/motor_control/install/small_arm_moveit_cpp/lib/small_arm_moveit_cpp/pose_goal
[0.950s] -- Up-to-date symlink: /home/darkdemon/work/motor_control/install/small_arm_moveit_cpp/lib/small_arm_moveit_cpp/joint_goal
[0.950s] -- Up-to-date symlink: /home/darkdemon/work/motor_control/install/small_arm_moveit_cpp/lib/small_arm_moveit_cpp/cartesian_path
[0.951s] -- Up-to-date symlink: /home/darkdemon/work/motor_control/install/small_arm_moveit_cpp/lib/small_arm_moveit_cpp/named_goal
[0.951s] -- Up-to-date symlink: /home/darkdemon/work/motor_control/install/small_arm_moveit_cpp/lib/small_arm_moveit_cpp/gripper_open
[0.951s] -- Up-to-date symlink: /home/darkdemon/work/motor_control/install/small_arm_moveit_cpp/lib/small_arm_moveit_cpp/gripper_joint_value
[0.951s] -- Up-to-date symlink: /home/darkdemon/work/motor_control/install/small_arm_moveit_cpp/lib/small_arm_moveit_cpp/pliz_move
[0.951s] -- Up-to-date symlink: /home/darkdemon/work/motor_control/install/small_arm_moveit_cpp/lib/small_arm_moveit_cpp/tool_move
[0.951s] -- Up-to-date symlink: /home/darkdemon/work/motor_control/install/small_arm_moveit_cpp/share/small_arm_moveit_cpp/launch/motion_planning.launch.py
[0.951s] -- Up-to-date symlink: /home/darkdemon/work/motor_control/install/small_arm_moveit_cpp/share/small_arm_moveit_cpp/config/moveit_cpp.yaml
[0.951s] -- Up-to-date symlink: /home/darkdemon/work/motor_control/install/small_arm_moveit_cpp/share/ament_index/resource_index/package_run_dependencies/small_arm_moveit_cpp
[0.951s] -- Up-to-date symlink: /home/darkdemon/work/motor_control/install/small_arm_moveit_cpp/share/ament_index/resource_index/parent_prefix_path/small_arm_moveit_cpp
[0.952s] -- Up-to-date symlink: /home/darkdemon/work/motor_control/install/small_arm_moveit_cpp/share/small_arm_moveit_cpp/environment/ament_prefix_path.sh
[0.952s] -- Up-to-date symlink: /home/darkdemon/work/motor_control/install/small_arm_moveit_cpp/share/small_arm_moveit_cpp/environment/ament_prefix_path.dsv
[0.952s] -- Up-to-date symlink: /home/darkdemon/work/motor_control/install/small_arm_moveit_cpp/share/small_arm_moveit_cpp/environment/path.sh
[0.952s] -- Up-to-date symlink: /home/darkdemon/work/motor_control/install/small_arm_moveit_cpp/share/small_arm_moveit_cpp/environment/path.dsv
[0.952s] -- Up-to-date symlink: /home/darkdemon/work/motor_control/install/small_arm_moveit_cpp/share/small_arm_moveit_cpp/local_setup.bash
[0.952s] -- Up-to-date symlink: /home/darkdemon/work/motor_control/install/small_arm_moveit_cpp/share/small_arm_moveit_cpp/local_setup.sh
[0.952s] -- Up-to-date symlink: /home/darkdemon/work/motor_control/install/small_arm_moveit_cpp/share/small_arm_moveit_cpp/local_setup.zsh
[0.952s] -- Up-to-date symlink: /home/darkdemon/work/motor_control/install/small_arm_moveit_cpp/share/small_arm_moveit_cpp/local_setup.dsv
[0.952s] -- Symlinking: /home/darkdemon/work/motor_control/install/small_arm_moveit_cpp/share/small_arm_moveit_cpp/package.dsv
[0.958s] -- Up-to-date symlink: /home/darkdemon/work/motor_control/install/small_arm_moveit_cpp/share/ament_index/resource_index/packages/small_arm_moveit_cpp
[0.958s] -- Up-to-date symlink: /home/darkdemon/work/motor_control/install/small_arm_moveit_cpp/share/small_arm_moveit_cpp/cmake/small_arm_moveit_cppConfig.cmake
[0.958s] -- Up-to-date symlink: /home/darkdemon/work/motor_control/install/small_arm_moveit_cpp/share/small_arm_moveit_cpp/cmake/small_arm_moveit_cppConfig-version.cmake
[0.958s] -- Up-to-date symlink: /home/darkdemon/work/motor_control/install/small_arm_moveit_cpp/share/small_arm_moveit_cpp/package.xml
[0.960s] Invoked command in '/home/darkdemon/work/motor_control/build/small_arm_moveit_cpp' returned '0': CMAKE_PREFIX_PATH=/opt/ros/humble /usr/bin/cmake --install /home/darkdemon/work/motor_control/build/small_arm_moveit_cpp
