[0.344s] Invoking command in '/home/darkdemon/work/motor_control/build/small_arm_moveit_cpp': CMAKE_PREFIX_PATH=/home/darkdemon/work/motor_control/install/dynamixel_workbench_msgs:/home/darkdemon/work/motor_control/install/small_arm_moveit_config:/home/darkdemon/work/motor_control/install/small_arm_description:/home/darkdemon/work/motor_control/install/dynamixel_workbench:/home/darkdemon/work/motor_control/install/dynamixel_hardware:/home/darkdemon/work/motor_control/install/dynamixel_workbench_toolbox:/home/darkdemon/work/motor_control/install/realsense:/home/darkdemon/work/motor_control/install/python_moveit2:/opt/ros/humble:/home/darkdemon/work/motor_control/install/python_moveit_interface /usr/bin/cmake --build /home/darkdemon/work/motor_control/build/small_arm_moveit_cpp -- -j20 -l20
[0.399s] [35m[1mConsolidate compiler generated dependencies of target gripper_open[0m
[0.399s] [35m[1mConsolidate compiler generated dependencies of target auto_pose_goal[0m
[0.399s] [35m[1mConsolidate compiler generated dependencies of target named_goal[0m
[0.406s] [ 16%] [32mBuilding CXX object CMakeFiles/gripper_open.dir/src/gripper_open.cpp.o[0m
[0.406s] [ 50%] Built target named_goal
[0.406s] [ 66%] [32mBuilding CXX object CMakeFiles/auto_pose_goal.dir/src/auto_pose_goal.cpp.o[0m
[3.182s] [01m[K/home/darkdemon/work/motor_control/src/tb4_arm_ros2/small_arm_moveit_cpp/src/gripper_open.cpp:[m[K In constructor ‘[01m[KGripperControlService::GripperControlService()[m[K’:
[3.182s] [01m[K/home/darkdemon/work/motor_control/src/tb4_arm_ros2/small_arm_moveit_cpp/src/gripper_open.cpp:16:45:[m[K [01;31m[Kerror: [m[K‘[01m[Kyour_package[m[K’ was not declared in this scope
[3.182s]    16 |     gripper_service_ = this->create_service<[01;31m[Kyour_package[m[K::srv::GripperControl>(
[3.182s]       |                                             [01;31m[K^~~~~~~~~~~~[m[K
[3.182s] [01m[K/home/darkdemon/work/motor_control/src/tb4_arm_ros2/small_arm_moveit_cpp/src/gripper_open.cpp:16:30:[m[K [01;31m[Kerror: [m[Kparse error in template argument list
[3.182s]    16 |     gripper_service_ = this->[01;31m[Kcreate_service<your_package::srv::GripperControl>[m[K(
[3.182s]       |                              [01;31m[K^~~~~~~~~~~~~~~~~~~~~~~~~~~~~~~~~~~~~~~~~~~~~~~~~[m[K
[3.186s] [01m[K/home/darkdemon/work/motor_control/src/tb4_arm_ros2/small_arm_moveit_cpp/src/gripper_open.cpp:16:79:[m[K [01;31m[Kerror: [m[Kno matching function for call to ‘[01m[KGripperControlService::create_service<<expression error> >(const char [24], std::_Bind_helper<false, void (GripperControlService::*)(std::shared_ptr<python_moveit_interface::srv::GripperControl_Request_<std::allocator<void> > >, std::shared_ptr<python_moveit_interface::srv::GripperControl_Response_<std::allocator<void> > >), GripperControlService*, const std::_Placeholder<1>&, const std::_Placeholder<2>&>::type)[m[K’
[3.186s]    16 |     gripper_service_ = [01;31m[Kthis->create_service<your_package::srv::GripperControl>([m[K
[3.186s]       |                        [01;31m[K~~~~~~~~~~~~~~~~~~~~~~~~~~~~~~~~~~~~~~~~~~~~~~~~~~~~~~~^[m[K
[3.186s]    17 | [01;31m[K      "gripper_control_service", std::bind(&GripperControlService::handle_service, this, _1, _2))[m[K;
[3.186s]       |       [01;31m[K~~~~~~~~~~~~~~~~~~~~~~~~~~~~~~~~~~~~~~~~~~~~~~~~~~~~~~~~~~~~~~~~~~~~~~~~~~~~~~~~~~~~~~~~~~~[m[K
[3.186s] In file included from [01m[K/opt/ros/humble/include/rclcpp/rclcpp/executors/single_threaded_executor.hpp:28[m[K,
[3.186s]                  from [01m[K/opt/ros/humble/include/rclcpp/rclcpp/executors.hpp:22[m[K,
[3.186s]                  from [01m[K/opt/ros/humble/include/rclcpp/rclcpp/rclcpp.hpp:155[m[K,
[3.186s]                  from [01m[K/home/darkdemon/work/motor_control/src/tb4_arm_ros2/small_arm_moveit_cpp/src/gripper_open.cpp:2[m[K:
[3.186s] [01m[K/opt/ros/humble/include/rclcpp/rclcpp/node.hpp:267:3:[m[K [01;36m[Knote: [m[Kcandidate: ‘[01m[Ktemplate<class ServiceT, class CallbackT> typename rclcpp::Service<ServiceT>::SharedPtr rclcpp::Node::create_service(const string&, CallbackT&&, const rmw_qos_profile_t&, rclcpp::CallbackGroup::SharedPtr)[m[K’
[3.186s]   267 |   [01;36m[Kcreate_service[m[K(
[3.186s]       |   [01;36m[K^~~~~~~~~~~~~~[m[K
[3.186s] [01m[K/opt/ros/humble/include/rclcpp/rclcpp/node.hpp:267:3:[m[K [01;36m[Knote: [m[K  template argument deduction/substitution failed:
[3.186s] [01m[K/home/darkdemon/work/motor_control/src/tb4_arm_ros2/small_arm_moveit_cpp/src/gripper_open.cpp:16:79:[m[K [01;31m[Kerror: [m[Ktemplate argument 1 is invalid
[3.186s]    16 |     gripper_service_ = [01;31m[Kthis->create_service<your_package::srv::GripperControl>([m[K
[3.186s]       |                        [01;31m[K~~~~~~~~~~~~~~~~~~~~~~~~~~~~~~~~~~~~~~~~~~~~~~~~~~~~~~~^[m[K
[3.187s]    17 | [01;31m[K      "gripper_control_service", std::bind(&GripperControlService::handle_service, this, _1, _2))[m[K;
[3.187s]       |       [01;31m[K~~~~~~~~~~~~~~~~~~~~~~~~~~~~~~~~~~~~~~~~~~~~~~~~~~~~~~~~~~~~~~~~~~~~~~~~~~~~~~~~~~~~~~~~~~~[m[K
[3.259s] [01m[K/home/darkdemon/work/motor_control/src/tb4_arm_ros2/small_arm_moveit_cpp/src/auto_pose_goal.cpp:27:57:[m[K [01;31m[Kerror: [m[K‘[01m[KPoseRequest[m[K’ is not a member of ‘[01m[Kpython_moveit_interface::srv[m[K’
[3.259s]    27 |     const std::shared_ptr<python_moveit_interface::srv::[01;31m[KPoseRequest[m[K::Request> request,
[3.260s]       |                                                         [01;31m[K^~~~~~~~~~~[m[K
[3.260s] [01m[K/home/darkdemon/work/motor_control/src/tb4_arm_ros2/small_arm_moveit_cpp/src/auto_pose_goal.cpp:27:77:[m[K [01;31m[Kerror: [m[Ktemplate argument 1 is invalid
[3.260s]    27 |     const std::shared_ptr<python_moveit_interface::srv::PoseRequest::Request[01;31m[K>[m[K request,
[3.260s]       |                                                                             [01;31m[K^[m[K
[3.260s] [01m[K/home/darkdemon/work/motor_control/src/tb4_arm_ros2/small_arm_moveit_cpp/src/auto_pose_goal.cpp:27:57:[m[K [01;31m[Kerror: [m[K‘[01m[KPoseRequest[m[K’ is not a member of ‘[01m[Kpython_moveit_interface::srv[m[K’
[3.260s]    27 |     const std::shared_ptr<python_moveit_interface::srv::[01;31m[KPoseRequest[m[K::Request> request,
[3.260s]       |                                                         [01;31m[K^~~~~~~~~~~[m[K
[3.260s] [01m[K/home/darkdemon/work/motor_control/src/tb4_arm_ros2/small_arm_moveit_cpp/src/auto_pose_goal.cpp:27:77:[m[K [01;31m[Kerror: [m[Ktemplate argument 1 is invalid
[3.260s]    27 |     const std::shared_ptr<python_moveit_interface::srv::PoseRequest::Request[01;31m[K>[m[K request,
[3.260s]       |                                                                             [01;31m[K^[m[K
[3.260s] [01m[K/home/darkdemon/work/motor_control/src/tb4_arm_ros2/small_arm_moveit_cpp/src/auto_pose_goal.cpp:27:57:[m[K [01;31m[Kerror: [m[K‘[01m[KPoseRequest[m[K’ is not a member of ‘[01m[Kpython_moveit_interface::srv[m[K’
[3.260s]    27 |     const std::shared_ptr<python_moveit_interface::srv::[01;31m[KPoseRequest[m[K::Request> request,
[3.260s]       |                                                         [01;31m[K^~~~~~~~~~~[m[K
[3.260s] [01m[K/home/darkdemon/work/motor_control/src/tb4_arm_ros2/small_arm_moveit_cpp/src/auto_pose_goal.cpp:27:77:[m[K [01;31m[Kerror: [m[Ktemplate argument 1 is invalid
[3.260s]    27 |     const std::shared_ptr<python_moveit_interface::srv::PoseRequest::Request[01;31m[K>[m[K request,
[3.260s]       |                                                                             [01;31m[K^[m[K
[3.260s] [01m[K/home/darkdemon/work/motor_control/src/tb4_arm_ros2/small_arm_moveit_cpp/src/auto_pose_goal.cpp:27:11:[m[K [01;31m[Kerror: [m[Kinvalid template-id
[3.260s]    27 |     const [01;31m[Kstd[m[K::shared_ptr<python_moveit_interface::srv::PoseRequest::Request> request,
[3.260s]       |           [01;31m[K^~~[m[K
[3.260s] [01m[K/home/darkdemon/work/motor_control/src/tb4_arm_ros2/small_arm_moveit_cpp/src/auto_pose_goal.cpp:27:57:[m[K [01;31m[Kerror: [m[K‘[01m[Kpython_moveit_interface::srv::PoseRequest[m[K’ has not been declared
[3.261s]    27 |     const std::shared_ptr<python_moveit_interface::srv::[01;31m[KPoseRequest[m[K::Request> request,
[3.261s]       |                                                         [01;31m[K^~~~~~~~~~~[m[K
[3.261s] [01m[K/home/darkdemon/work/motor_control/src/tb4_arm_ros2/small_arm_moveit_cpp/src/auto_pose_goal.cpp:27:5:[m[K [01;31m[Kerror: [m[Kclass template placeholder ‘[01m[Kstd::shared_ptr[m[K’ not permitted in this context
[3.261s]    27 |     [01;31m[Kconst[m[K std::shared_ptr<python_moveit_interface::srv::PoseRequest::Request> request,
[3.261s]       |     [01;31m[K^~~~~[m[K
[3.261s] [01m[K/home/darkdemon/work/motor_control/src/tb4_arm_ros2/small_arm_moveit_cpp/src/auto_pose_goal.cpp:28:51:[m[K [01;31m[Kerror: [m[K‘[01m[KPoseRequest[m[K’ is not a member of ‘[01m[Kpython_moveit_interface::srv[m[K’
[3.261s]    28 |     std::shared_ptr<python_moveit_interface::srv::[01;31m[KPoseRequest[m[K::Response> response)
[3.261s]       |                                                   [01;31m[K^~~~~~~~~~~[m[K
[3.261s] [01m[K/home/darkdemon/work/motor_control/src/tb4_arm_ros2/small_arm_moveit_cpp/src/auto_pose_goal.cpp:28:72:[m[K [01;31m[Kerror: [m[Ktemplate argument 1 is invalid
[3.261s]    28 |     std::shared_ptr<python_moveit_interface::srv::PoseRequest::Response[01;31m[K>[m[K response)
[3.261s]       |                                                                        [01;31m[K^[m[K
[3.261s] [01m[K/home/darkdemon/work/motor_control/src/tb4_arm_ros2/small_arm_moveit_cpp/src/auto_pose_goal.cpp:28:51:[m[K [01;31m[Kerror: [m[K‘[01m[KPoseRequest[m[K’ is not a member of ‘[01m[Kpython_moveit_interface::srv[m[K’
[3.261s]    28 |     std::shared_ptr<python_moveit_interface::srv::[01;31m[KPoseRequest[m[K::Response> response)
[3.261s]       |                                                   [01;31m[K^~~~~~~~~~~[m[K
[3.261s] [01m[K/home/darkdemon/work/motor_control/src/tb4_arm_ros2/small_arm_moveit_cpp/src/auto_pose_goal.cpp:28:72:[m[K [01;31m[Kerror: [m[Ktemplate argument 1 is invalid
[3.261s]    28 |     std::shared_ptr<python_moveit_interface::srv::PoseRequest::Response[01;31m[K>[m[K response)
[3.261s]       |                                                                        [01;31m[K^[m[K
[3.261s] [01m[K/home/darkdemon/work/motor_control/src/tb4_arm_ros2/small_arm_moveit_cpp/src/auto_pose_goal.cpp:28:51:[m[K [01;31m[Kerror: [m[K‘[01m[KPoseRequest[m[K’ is not a member of ‘[01m[Kpython_moveit_interface::srv[m[K’
[3.261s]    28 |     std::shared_ptr<python_moveit_interface::srv::[01;31m[KPoseRequest[m[K::Response> response)
[3.261s]       |                                                   [01;31m[K^~~~~~~~~~~[m[K
[3.262s] [01m[K/home/darkdemon/work/motor_control/src/tb4_arm_ros2/small_arm_moveit_cpp/src/auto_pose_goal.cpp:28:72:[m[K [01;31m[Kerror: [m[Ktemplate argument 1 is invalid
[3.262s]    28 |     std::shared_ptr<python_moveit_interface::srv::PoseRequest::Response[01;31m[K>[m[K response)
[3.262s]       |                                                                        [01;31m[K^[m[K
[3.262s] [01m[K/home/darkdemon/work/motor_control/src/tb4_arm_ros2/small_arm_moveit_cpp/src/auto_pose_goal.cpp:28:5:[m[K [01;31m[Kerror: [m[Kinvalid template-id
[3.262s]    28 |     [01;31m[Kstd[m[K::shared_ptr<python_moveit_interface::srv::PoseRequest::Response> response)
[3.262s]       |     [01;31m[K^~~[m[K
[3.262s] [01m[K/home/darkdemon/work/motor_control/src/tb4_arm_ros2/small_arm_moveit_cpp/src/auto_pose_goal.cpp:28:51:[m[K [01;31m[Kerror: [m[K‘[01m[Kpython_moveit_interface::srv::PoseRequest[m[K’ has not been declared
[3.262s]    28 |     std::shared_ptr<python_moveit_interface::srv::[01;31m[KPoseRequest[m[K::Response> response)
[3.262s]       |                                                   [01;31m[K^~~~~~~~~~~[m[K
[3.262s] [01m[K/home/darkdemon/work/motor_control/src/tb4_arm_ros2/small_arm_moveit_cpp/src/auto_pose_goal.cpp:28:5:[m[K [01;31m[Kerror: [m[Kclass template placeholder ‘[01m[Kstd::shared_ptr[m[K’ not permitted in this context
[3.262s]    28 |     [01;31m[Kstd[m[K::shared_ptr<python_moveit_interface::srv::PoseRequest::Response> response)
[3.262s]       |     [01;31m[K^~~[m[K
[3.262s] [01m[K/home/darkdemon/work/motor_control/src/tb4_arm_ros2/small_arm_moveit_cpp/src/auto_pose_goal.cpp:60:49:[m[K [01;31m[Kerror: [m[K‘[01m[KPoseRequest[m[K’ is not a member of ‘[01m[Kpython_moveit_interface::srv[m[K’
[3.262s]    60 |   rclcpp::Service<python_moveit_interface::srv::[01;31m[KPoseRequest[m[K>::SharedPtr service_;
[3.262s]       |                                                 [01;31m[K^~~~~~~~~~~[m[K
[3.262s] [01m[K/home/darkdemon/work/motor_control/src/tb4_arm_ros2/small_arm_moveit_cpp/src/auto_pose_goal.cpp:60:60:[m[K [01;31m[Kerror: [m[Ktemplate argument 1 is invalid
[3.262s]    60 |   rclcpp::Service<python_moveit_interface::srv::PoseRequest[01;31m[K>[m[K::SharedPtr service_;
[3.262s]       |                                                            [01;31m[K^[m[K
[3.262s] [01m[K/home/darkdemon/work/motor_control/src/tb4_arm_ros2/small_arm_moveit_cpp/src/auto_pose_goal.cpp:60:63:[m[K [01;31m[Kerror: [m[Kexpected ‘[01m[K;[m[K’ at end of member declaration
[3.262s]    60 |   rclcpp::Service<python_moveit_interface::srv::PoseRequest>::[01;31m[KSharedPtr[m[K service_;
[3.262s]       |                                                               [01;31m[K^~~~~~~~~[m[K
[3.262s]       |                                                                        [32m[K;[m[K
[3.264s] [01m[K/home/darkdemon/work/motor_control/src/tb4_arm_ros2/small_arm_moveit_cpp/src/auto_pose_goal.cpp:60:73:[m[K [01;31m[Kerror: [m[K‘[01m[Kservice_[m[K’ does not name a type
[3.264s]    60 |   rclcpp::Service<python_moveit_interface::srv::PoseRequest>::SharedPtr [01;31m[Kservice_[m[K;
[3.264s]       |                                                                         [01;31m[K^~~~~~~~[m[K
[3.270s] [01m[K/home/darkdemon/work/motor_control/src/tb4_arm_ros2/small_arm_moveit_cpp/src/auto_pose_goal.cpp:[m[K In constructor ‘[01m[KAutoPoseService::AutoPoseService()[m[K’:
[3.270s] [01m[K/home/darkdemon/work/motor_control/src/tb4_arm_ros2/small_arm_moveit_cpp/src/auto_pose_goal.cpp:18:5:[m[K [01;31m[Kerror: [m[K‘[01m[Kservice_[m[K’ was not declared in this scope
[3.270s]    18 |     [01;31m[Kservice_[m[K = this->create_service<your_package::srv::PoseRequest>(
[3.270s]       |     [01;31m[K^~~~~~~~[m[K
[3.278s] [01m[K/home/darkdemon/work/motor_control/src/tb4_arm_ros2/small_arm_moveit_cpp/src/auto_pose_goal.cpp:18:37:[m[K [01;31m[Kerror: [m[K‘[01m[Kyour_package[m[K’ was not declared in this scope
[3.278s]    18 |     service_ = this->create_service<[01;31m[Kyour_package[m[K::srv::PoseRequest>(
[3.278s]       |                                     [01;31m[K^~~~~~~~~~~~[m[K
[3.278s] [01m[K/home/darkdemon/work/motor_control/src/tb4_arm_ros2/small_arm_moveit_cpp/src/auto_pose_goal.cpp:18:22:[m[K [01;31m[Kerror: [m[Kparse error in template argument list
[3.278s]    18 |     service_ = this->[01;31m[Kcreate_service<your_package::srv::PoseRequest>[m[K(
[3.278s]       |                      [01;31m[K^~~~~~~~~~~~~~~~~~~~~~~~~~~~~~~~~~~~~~~~~~~~~~[m[K
[3.281s] [01m[K/home/darkdemon/work/motor_control/src/tb4_arm_ros2/small_arm_moveit_cpp/src/auto_pose_goal.cpp:18:68:[m[K [01;31m[Kerror: [m[Kno matching function for call to ‘[01m[KAutoPoseService::create_service<<expression error> >(const char [18], std::_Bind_helper<false, void (AutoPoseService::*)(...), AutoPoseService*, const std::_Placeholder<1>&, const std::_Placeholder<2>&>::type)[m[K’
[3.282s]    18 |     service_ = [01;31m[Kthis->create_service<your_package::srv::PoseRequest>([m[K
[3.282s]       |                [01;31m[K~~~~~~~~~~~~~~~~~~~~~~~~~~~~~~~~~~~~~~~~~~~~~~~~~~~~^[m[K
[3.282s]    19 | [01;31m[K      "auto_pose_service", std::bind(&AutoPoseService::handle_service, this, _1, _2))[m[K;
[3.282s]       |       [01;31m[K~~~~~~~~~~~~~~~~~~~~~~~~~~~~~~~~~~~~~~~~~~~~~~~~~~~~~~~~~~~~~~~~~~~~~~~~~~~~~~~[m[K
[3.282s] In file included from [01m[K/opt/ros/humble/include/rclcpp/rclcpp/executors/single_threaded_executor.hpp:28[m[K,
[3.282s]                  from [01m[K/opt/ros/humble/include/rclcpp/rclcpp/executors.hpp:22[m[K,
[3.282s]                  from [01m[K/opt/ros/humble/include/rclcpp/rclcpp/rclcpp.hpp:155[m[K,
[3.282s]                  from [01m[K/home/darkdemon/work/motor_control/src/tb4_arm_ros2/small_arm_moveit_cpp/src/auto_pose_goal.cpp:2[m[K:
[3.282s] [01m[K/opt/ros/humble/include/rclcpp/rclcpp/node.hpp:267:3:[m[K [01;36m[Knote: [m[Kcandidate: ‘[01m[Ktemplate<class ServiceT, class CallbackT> typename rclcpp::Service<ServiceT>::SharedPtr rclcpp::Node::create_service(const string&, CallbackT&&, const rmw_qos_profile_t&, rclcpp::CallbackGroup::SharedPtr)[m[K’
[3.282s]   267 |   [01;36m[Kcreate_service[m[K(
[3.282s]       |   [01;36m[K^~~~~~~~~~~~~~[m[K
[3.282s] [01m[K/opt/ros/humble/include/rclcpp/rclcpp/node.hpp:267:3:[m[K [01;36m[Knote: [m[K  template argument deduction/substitution failed:
[3.282s] [01m[K/home/darkdemon/work/motor_control/src/tb4_arm_ros2/small_arm_moveit_cpp/src/auto_pose_goal.cpp:18:68:[m[K [01;31m[Kerror: [m[Ktemplate argument 1 is invalid
[3.282s]    18 |     service_ = [01;31m[Kthis->create_service<your_package::srv::PoseRequest>([m[K
[3.282s]       |                [01;31m[K~~~~~~~~~~~~~~~~~~~~~~~~~~~~~~~~~~~~~~~~~~~~~~~~~~~~^[m[K
[3.282s]    19 | [01;31m[K      "auto_pose_service", std::bind(&AutoPoseService::handle_service, this, _1, _2))[m[K;
[3.282s]       |       [01;31m[K~~~~~~~~~~~~~~~~~~~~~~~~~~~~~~~~~~~~~~~~~~~~~~~~~~~~~~~~~~~~~~~~~~~~~~~~~~~~~~~[m[K
[3.287s] [01m[K/home/darkdemon/work/motor_control/src/tb4_arm_ros2/small_arm_moveit_cpp/src/auto_pose_goal.cpp:[m[K In member function ‘[01m[Kvoid AutoPoseService::handle_service(...)[m[K’:
[3.287s] [01m[K/home/darkdemon/work/motor_control/src/tb4_arm_ros2/small_arm_moveit_cpp/src/auto_pose_goal.cpp:30:17:[m[K [01;31m[Kerror: [m[K‘[01m[Krequest[m[K’ was not declared in this scope
[3.287s]    30 |     auto pose = [01;31m[Krequest[m[K->target_pose;
[3.287s]       |                 [01;31m[K^~~~~~~[m[K
[3.293s] [01m[K/home/darkdemon/work/motor_control/src/tb4_arm_ros2/small_arm_moveit_cpp/src/auto_pose_goal.cpp:40:7:[m[K [01;31m[Kerror: [m[K‘[01m[Kresponse[m[K’ was not declared in this scope
[3.293s]    40 |       [01;31m[Kresponse[m[K->success = false;
[3.293s]       |       [01;31m[K^~~~~~~~[m[K
[3.298s] [01m[K/home/darkdemon/work/motor_control/src/tb4_arm_ros2/small_arm_moveit_cpp/src/auto_pose_goal.cpp:52:7:[m[K [01;31m[Kerror: [m[K‘[01m[Kresponse[m[K’ was not declared in this scope
[3.298s]    52 |       [01;31m[Kresponse[m[K->success = true;
[3.298s]       |       [01;31m[K^~~~~~~~[m[K
[3.303s] [01m[K/home/darkdemon/work/motor_control/src/tb4_arm_ros2/small_arm_moveit_cpp/src/auto_pose_goal.cpp:55:7:[m[K [01;31m[Kerror: [m[K‘[01m[Kresponse[m[K’ was not declared in this scope
[3.303s]    55 |       [01;31m[Kresponse[m[K->success = false;
[3.303s]       |       [01;31m[K^~~~~~~~[m[K
[4.703s] gmake[2]: *** [CMakeFiles/gripper_open.dir/build.make:76: CMakeFiles/gripper_open.dir/src/gripper_open.cpp.o] Error 1
[4.703s] gmake[1]: *** [CMakeFiles/Makefile2:193: CMakeFiles/gripper_open.dir/all] Error 2
[4.703s] gmake[1]: *** Waiting for unfinished jobs....
[4.802s] gmake[2]: *** [CMakeFiles/auto_pose_goal.dir/build.make:76: CMakeFiles/auto_pose_goal.dir/src/auto_pose_goal.cpp.o] Error 1
[4.802s] gmake[1]: *** [CMakeFiles/Makefile2:141: CMakeFiles/auto_pose_goal.dir/all] Error 2
[4.802s] gmake: *** [Makefile:146: all] Error 2
[4.805s] Invoked command in '/home/darkdemon/work/motor_control/build/small_arm_moveit_cpp' returned '2': CMAKE_PREFIX_PATH=/home/darkdemon/work/motor_control/install/dynamixel_workbench_msgs:/home/darkdemon/work/motor_control/install/small_arm_moveit_config:/home/darkdemon/work/motor_control/install/small_arm_description:/home/darkdemon/work/motor_control/install/dynamixel_workbench:/home/darkdemon/work/motor_control/install/dynamixel_hardware:/home/darkdemon/work/motor_control/install/dynamixel_workbench_toolbox:/home/darkdemon/work/motor_control/install/realsense:/home/darkdemon/work/motor_control/install/python_moveit2:/opt/ros/humble:/home/darkdemon/work/motor_control/install/python_moveit_interface /usr/bin/cmake --build /home/darkdemon/work/motor_control/build/small_arm_moveit_cpp -- -j20 -l20
