[0.938s] Invoking command in '/home/darkdemon/work/motor_control/build/small_arm_moveit_cpp': CMAKE_PREFIX_PATH=/home/darkdemon/work/motor_control/install/small_arm_moveit_cpp:/home/darkdemon/work/motor_control/install/small_arm_moveit_config:/home/darkdemon/work/motor_control/install/small_arm_description:/home/darkdemon/work/motor_control/install/visual:/home/darkdemon/work/motor_control/install/realsense:/home/darkdemon/work/motor_control/install/python_moveit2:/home/darkdemon/work/motor_control/install/map_tool:/home/darkdemon/work/motor_control/install/lidar_filter:/opt/ros/humble:/home/darkdemon/work/motor_control/install/python_moveit_interface:/home/darkdemon/work/motor_control/install/map_if:/home/darkdemon/work/motor_control/install/dynamixel_workbench:/home/darkdemon/work/motor_control/install/dynamixel_hardware:/home/darkdemon/work/motor_control/install/dynamixel_workbench_toolbox:/home/darkdemon/work/motor_control/install/dynamixel_workbench_msgs /usr/bin/cmake --build /home/darkdemon/work/motor_control/build/small_arm_moveit_cpp -- -j20 -l20
[1.143s] [35m[1mConsolidate compiler generated dependencies of target cartesian_path[0m
[1.143s] [ 16%] Built target ee_pose_in_base
[1.143s] [ 33%] Built target named_goal
[1.143s] [ 50%] Built target gripper_open
[1.143s] [ 66%] Built target auto_pose_goal
[1.143s] [ 83%] Built target manual_pose_topic
[1.144s] [ 91%] [32mBuilding CXX object CMakeFiles/cartesian_path.dir/src/cartesian_path.cpp.o[0m
[4.530s] [01m[K/home/darkdemon/work/motor_control/src/tb4_arm_ros2/small_arm_moveit_cpp/src/cartesian_path.cpp:14:23:[m[K [01;31m[Kerror: [m[K‘[01m[Kmy_robot_interfaces[m[K’ does not name a type
[4.530s]    14 | using CartesianPath = [01;31m[Kmy_robot_interfaces[m[K::srv::CartesianPath;
[4.531s]       |                       [01;31m[K^~~~~~~~~~~~~~~~~~~[m[K
[4.534s] [01m[K/home/darkdemon/work/motor_control/src/tb4_arm_ros2/small_arm_moveit_cpp/src/cartesian_path.cpp:18:8:[m[K [01;31m[Kerror: [m[K‘[01m[Kdetect_pose[m[K’ does not name a type
[4.534s]    18 | public:[01;31m[Kdetect_pose[m[K
[4.534s]       |        [01;31m[K^~~~~~~~~~~[m[K
[4.545s] [01m[K/home/darkdemon/work/motor_control/src/tb4_arm_ros2/small_arm_moveit_cpp/src/cartesian_path.cpp:64:27:[m[K [01;31m[Kerror: [m[K‘[01m[KCartesianPath[m[K’ was not declared in this scope; did you mean ‘[01m[KCartesianPathServer[m[K’?
[4.545s]    64 |     const std::shared_ptr<[01;31m[KCartesianPath[m[K::Request> /*request*/,
[4.545s]       |                           [01;31m[K^~~~~~~~~~~~~[m[K
[4.545s]       |                           [32m[KCartesianPathServer[m[K
[4.545s] [01m[K/home/darkdemon/work/motor_control/src/tb4_arm_ros2/small_arm_moveit_cpp/src/cartesian_path.cpp:64:49:[m[K [01;31m[Kerror: [m[Ktemplate argument 1 is invalid
[4.545s]    64 |     const std::shared_ptr<CartesianPath::Request[01;31m[K>[m[K /*request*/,
[4.545s]       |                                                 [01;31m[K^[m[K
[4.557s] [01m[K/home/darkdemon/work/motor_control/src/tb4_arm_ros2/small_arm_moveit_cpp/src/cartesian_path.cpp:64:27:[m[K [01;31m[Kerror: [m[K‘[01m[KCartesianPath[m[K’ was not declared in this scope; did you mean ‘[01m[KCartesianPathServer[m[K’?
[4.557s]    64 |     const std::shared_ptr<[01;31m[KCartesianPath[m[K::Request> /*request*/,
[4.557s]       |                           [01;31m[K^~~~~~~~~~~~~[m[K
[4.557s]       |                           [32m[KCartesianPathServer[m[K
[4.557s] [01m[K/home/darkdemon/work/motor_control/src/tb4_arm_ros2/small_arm_moveit_cpp/src/cartesian_path.cpp:64:49:[m[K [01;31m[Kerror: [m[Ktemplate argument 1 is invalid
[4.557s]    64 |     const std::shared_ptr<CartesianPath::Request[01;31m[K>[m[K /*request*/,
[4.557s]       |                                                 [01;31m[K^[m[K
[4.569s] [01m[K/home/darkdemon/work/motor_control/src/tb4_arm_ros2/small_arm_moveit_cpp/src/cartesian_path.cpp:64:27:[m[K [01;31m[Kerror: [m[K‘[01m[KCartesianPath[m[K’ was not declared in this scope; did you mean ‘[01m[KCartesianPathServer[m[K’?
[4.569s]    64 |     const std::shared_ptr<[01;31m[KCartesianPath[m[K::Request> /*request*/,
[4.569s]       |                           [01;31m[K^~~~~~~~~~~~~[m[K
[4.569s]       |                           [32m[KCartesianPathServer[m[K
[4.569s] [01m[K/home/darkdemon/work/motor_control/src/tb4_arm_ros2/small_arm_moveit_cpp/src/cartesian_path.cpp:64:49:[m[K [01;31m[Kerror: [m[Ktemplate argument 1 is invalid
[4.569s]    64 |     const std::shared_ptr<CartesianPath::Request[01;31m[K>[m[K /*request*/,
[4.569s]       |                                                 [01;31m[K^[m[K
[4.569s] [01m[K/home/darkdemon/work/motor_control/src/tb4_arm_ros2/small_arm_moveit_cpp/src/cartesian_path.cpp:64:11:[m[K [01;31m[Kerror: [m[Kinvalid template-id
[4.569s]    64 |     const [01;31m[Kstd[m[K::shared_ptr<CartesianPath::Request> /*request*/,
[4.569s]       |           [01;31m[K^~~[m[K
[4.569s] [01m[K/home/darkdemon/work/motor_control/src/tb4_arm_ros2/small_arm_moveit_cpp/src/cartesian_path.cpp:64:27:[m[K [01;31m[Kerror: [m[K‘[01m[KCartesianPath[m[K’ has not been declared
[4.569s]    64 |     const std::shared_ptr<[01;31m[KCartesianPath[m[K::Request> /*request*/,
[4.569s]       |                           [01;31m[K^~~~~~~~~~~~~[m[K
[4.569s] [01m[K/home/darkdemon/work/motor_control/src/tb4_arm_ros2/small_arm_moveit_cpp/src/cartesian_path.cpp:64:5:[m[K [01;31m[Kerror: [m[Kclass template placeholder ‘[01m[Kstd::shared_ptr[m[K’ not permitted in this context
[4.569s]    64 |     [01;31m[Kconst[m[K std::shared_ptr<CartesianPath::Request> /*request*/,
[4.569s]       |     [01;31m[K^~~~~[m[K
[4.577s] [01m[K/home/darkdemon/work/motor_control/src/tb4_arm_ros2/small_arm_moveit_cpp/src/cartesian_path.cpp:65:21:[m[K [01;31m[Kerror: [m[K‘[01m[KCartesianPath[m[K’ was not declared in this scope; did you mean ‘[01m[KCartesianPathServer[m[K’?
[4.577s]    65 |     std::shared_ptr<[01;31m[KCartesianPath[m[K::Response> response)
[4.577s]       |                     [01;31m[K^~~~~~~~~~~~~[m[K
[4.577s]       |                     [32m[KCartesianPathServer[m[K
[4.577s] [01m[K/home/darkdemon/work/motor_control/src/tb4_arm_ros2/small_arm_moveit_cpp/src/cartesian_path.cpp:65:44:[m[K [01;31m[Kerror: [m[Ktemplate argument 1 is invalid
[4.577s]    65 |     std::shared_ptr<CartesianPath::Response[01;31m[K>[m[K response)
[4.578s]       |                                            [01;31m[K^[m[K
[4.586s] [01m[K/home/darkdemon/work/motor_control/src/tb4_arm_ros2/small_arm_moveit_cpp/src/cartesian_path.cpp:65:21:[m[K [01;31m[Kerror: [m[K‘[01m[KCartesianPath[m[K’ was not declared in this scope; did you mean ‘[01m[KCartesianPathServer[m[K’?
[4.586s]    65 |     std::shared_ptr<[01;31m[KCartesianPath[m[K::Response> response)
[4.586s]       |                     [01;31m[K^~~~~~~~~~~~~[m[K
[4.586s]       |                     [32m[KCartesianPathServer[m[K
[4.586s] [01m[K/home/darkdemon/work/motor_control/src/tb4_arm_ros2/small_arm_moveit_cpp/src/cartesian_path.cpp:65:44:[m[K [01;31m[Kerror: [m[Ktemplate argument 1 is invalid
[4.587s]    65 |     std::shared_ptr<CartesianPath::Response[01;31m[K>[m[K response)
[4.587s]       |                                            [01;31m[K^[m[K
[4.597s] [01m[K/home/darkdemon/work/motor_control/src/tb4_arm_ros2/small_arm_moveit_cpp/src/cartesian_path.cpp:65:21:[m[K [01;31m[Kerror: [m[K‘[01m[KCartesianPath[m[K’ was not declared in this scope; did you mean ‘[01m[KCartesianPathServer[m[K’?
[4.597s]    65 |     std::shared_ptr<[01;31m[KCartesianPath[m[K::Response> response)
[4.597s]       |                     [01;31m[K^~~~~~~~~~~~~[m[K
[4.597s]       |                     [32m[KCartesianPathServer[m[K
[4.597s] [01m[K/home/darkdemon/work/motor_control/src/tb4_arm_ros2/small_arm_moveit_cpp/src/cartesian_path.cpp:65:44:[m[K [01;31m[Kerror: [m[Ktemplate argument 1 is invalid
[4.597s]    65 |     std::shared_ptr<CartesianPath::Response[01;31m[K>[m[K response)
[4.597s]       |                                            [01;31m[K^[m[K
[4.597s] [01m[K/home/darkdemon/work/motor_control/src/tb4_arm_ros2/small_arm_moveit_cpp/src/cartesian_path.cpp:65:5:[m[K [01;31m[Kerror: [m[Kinvalid template-id
[4.597s]    65 |     [01;31m[Kstd[m[K::shared_ptr<CartesianPath::Response> response)
[4.597s]       |     [01;31m[K^~~[m[K
[4.597s] [01m[K/home/darkdemon/work/motor_control/src/tb4_arm_ros2/small_arm_moveit_cpp/src/cartesian_path.cpp:65:21:[m[K [01;31m[Kerror: [m[K‘[01m[KCartesianPath[m[K’ has not been declared
[4.597s]    65 |     std::shared_ptr<[01;31m[KCartesianPath[m[K::Response> response)
[4.597s]       |                     [01;31m[K^~~~~~~~~~~~~[m[K
[4.597s] [01m[K/home/darkdemon/work/motor_control/src/tb4_arm_ros2/small_arm_moveit_cpp/src/cartesian_path.cpp:65:5:[m[K [01;31m[Kerror: [m[Kclass template placeholder ‘[01m[Kstd::shared_ptr[m[K’ not permitted in this context
[4.597s]    65 |     [01;31m[Kstd[m[K::shared_ptr<CartesianPath::Response> response)
[4.597s]       |     [01;31m[K^~~[m[K
[4.608s] [01m[K/home/darkdemon/work/motor_control/src/tb4_arm_ros2/small_arm_moveit_cpp/src/cartesian_path.cpp:101:19:[m[K [01;31m[Kerror: [m[K‘[01m[KCartesianPath[m[K’ was not declared in this scope; did you mean ‘[01m[KCartesianPathServer[m[K’?
[4.609s]   101 |   rclcpp::Service<[01;31m[KCartesianPath[m[K>::SharedPtr service_;
[4.609s]       |                   [01;31m[K^~~~~~~~~~~~~[m[K
[4.609s]       |                   [32m[KCartesianPathServer[m[K
[4.609s] [01m[K/home/darkdemon/work/motor_control/src/tb4_arm_ros2/small_arm_moveit_cpp/src/cartesian_path.cpp:101:32:[m[K [01;31m[Kerror: [m[Ktemplate argument 1 is invalid
[4.609s]   101 |   rclcpp::Service<CartesianPath[01;31m[K>[m[K::SharedPtr service_;
[4.609s]       |                                [01;31m[K^[m[K
[4.609s] [01m[K/home/darkdemon/work/motor_control/src/tb4_arm_ros2/small_arm_moveit_cpp/src/cartesian_path.cpp:101:35:[m[K [01;31m[Kerror: [m[Kexpected ‘[01m[K;[m[K’ at end of member declaration
[4.609s]   101 |   rclcpp::Service<CartesianPath>::[01;31m[KSharedPtr[m[K service_;
[4.609s]       |                                   [01;31m[K^~~~~~~~~[m[K
[4.609s]       |                                            [32m[K;[m[K
[4.611s] [01m[K/home/darkdemon/work/motor_control/src/tb4_arm_ros2/small_arm_moveit_cpp/src/cartesian_path.cpp:101:45:[m[K [01;31m[Kerror: [m[K‘[01m[Kservice_[m[K’ does not name a type
[4.611s]   101 |   rclcpp::Service<CartesianPath>::SharedPtr [01;31m[Kservice_[m[K;
[4.611s]       |                                             [01;31m[K^~~~~~~~[m[K
[4.651s] [01m[K/home/darkdemon/work/motor_control/src/tb4_arm_ros2/small_arm_moveit_cpp/src/cartesian_path.cpp:[m[K In member function ‘[01m[Kvoid CartesianPathServer::handle_service(...)[m[K’:
[4.651s] [01m[K/home/darkdemon/work/motor_control/src/tb4_arm_ros2/small_arm_moveit_cpp/src/cartesian_path.cpp:90:9:[m[K [01;31m[Kerror: [m[K‘[01m[Kresponse[m[K’ was not declared in this scope
[4.651s]    90 |         [01;31m[Kresponse[m[K->success = true;
[4.651s]       |         [01;31m[K^~~~~~~~[m[K
[4.657s] [01m[K/home/darkdemon/work/motor_control/src/tb4_arm_ros2/small_arm_moveit_cpp/src/cartesian_path.cpp:96:5:[m[K [01;31m[Kerror: [m[K‘[01m[Kresponse[m[K’ was not declared in this scope
[4.657s]    96 |     [01;31m[Kresponse[m[K->success = false;
[4.657s]       |     [01;31m[K^~~~~~~~[m[K
[5.705s] In file included from [01m[K/usr/include/x86_64-linux-gnu/c++/11/bits/c++allocator.h:33[m[K,
[5.705s]                  from [01m[K/usr/include/c++/11/bits/allocator.h:46[m[K,
[5.705s]                  from [01m[K/usr/include/c++/11/memory:64[m[K,
[5.705s]                  from [01m[K/home/darkdemon/work/motor_control/src/tb4_arm_ros2/small_arm_moveit_cpp/src/cartesian_path.cpp:1[m[K:
[5.705s] /usr/include/c++/11/ext/new_allocator.h: In instantiation of ‘[01m[Kvoid __gnu_cxx::new_allocator<_Tp>::construct(_Up*, _Args&& ...) [with _Up = CartesianPathServer; _Args = {}; _Tp = CartesianPathServer][m[K’:
[5.705s] [01m[K/usr/include/c++/11/bits/alloc_traits.h:516:17:[m[K   required from ‘[01m[Kstatic void std::allocator_traits<std::allocator<_Tp1> >::construct(std::allocator_traits<std::allocator<_Tp1> >::allocator_type&, _Up*, _Args&& ...) [with _Up = CartesianPathServer; _Args = {}; _Tp = CartesianPathServer; std::allocator_traits<std::allocator<_Tp1> >::allocator_type = std::allocator<CartesianPathServer>][m[K’
[5.705s] [01m[K/usr/include/c++/11/bits/shared_ptr_base.h:519:39:[m[K   required from ‘[01m[Kstd::_Sp_counted_ptr_inplace<_Tp, _Alloc, _Lp>::_Sp_counted_ptr_inplace(_Alloc, _Args&& ...) [with _Args = {}; _Tp = CartesianPathServer; _Alloc = std::allocator<CartesianPathServer>; __gnu_cxx::_Lock_policy _Lp = __gnu_cxx::_S_atomic][m[K’
[5.705s] [01m[K/usr/include/c++/11/bits/shared_ptr_base.h:650:16:[m[K   required from ‘[01m[Kstd::__shared_count<_Lp>::__shared_count(_Tp*&, std::_Sp_alloc_shared_tag<_Alloc>, _Args&& ...) [with _Tp = CartesianPathServer; _Alloc = std::allocator<CartesianPathServer>; _Args = {}; __gnu_cxx::_Lock_policy _Lp = __gnu_cxx::_S_atomic][m[K’
[5.705s] [01m[K/usr/include/c++/11/bits/shared_ptr_base.h:1342:14:[m[K   required from ‘[01m[Kstd::__shared_ptr<_Tp, _Lp>::__shared_ptr(std::_Sp_alloc_shared_tag<_Tp>, _Args&& ...) [with _Alloc = std::allocator<CartesianPathServer>; _Args = {}; _Tp = CartesianPathServer; __gnu_cxx::_Lock_policy _Lp = __gnu_cxx::_S_atomic][m[K’
[5.705s] [01m[K/usr/include/c++/11/bits/shared_ptr.h:409:59:[m[K   required from ‘[01m[Kstd::shared_ptr<_Tp>::shared_ptr(std::_Sp_alloc_shared_tag<_Tp>, _Args&& ...) [with _Alloc = std::allocator<CartesianPathServer>; _Args = {}; _Tp = CartesianPathServer][m[K’
[5.706s] [01m[K/usr/include/c++/11/bits/shared_ptr.h:862:14:[m[K   required from ‘[01m[Kstd::shared_ptr<_Tp> std::allocate_shared(const _Alloc&, _Args&& ...) [with _Tp = CartesianPathServer; _Alloc = std::allocator<CartesianPathServer>; _Args = {}][m[K’
[5.706s] [01m[K/usr/include/c++/11/bits/shared_ptr.h:878:39:[m[K   required from ‘[01m[Kstd::shared_ptr<_Tp> std::make_shared(_Args&& ...) [with _Tp = CartesianPathServer; _Args = {}][m[K’
[5.706s] [01m[K/home/darkdemon/work/motor_control/src/tb4_arm_ros2/small_arm_moveit_cpp/src/cartesian_path.cpp:108:52:[m[K   required from here
[5.706s] [01m[K/usr/include/c++/11/ext/new_allocator.h:162:11:[m[K [01;31m[Kerror: [m[Kuse of deleted function ‘[01m[KCartesianPathServer::CartesianPathServer()[m[K’
[5.706s]   162 |         { [01;31m[K::new((void *)__p) _Up(std::forward<_Args>(__args)...)[m[K; }
[5.706s]       |           [01;31m[K^~~~~~~~~~~~~~~~~~~~~~~~~~~~~~~~~~~~~~~~~~~~~~~~~~~~~~[m[K
[5.706s] [01m[K/home/darkdemon/work/motor_control/src/tb4_arm_ros2/small_arm_moveit_cpp/src/cartesian_path.cpp:16:7:[m[K [01;36m[Knote: [m[K‘[01m[KCartesianPathServer::CartesianPathServer()[m[K’ is implicitly deleted because the default definition would be ill-formed:
[5.706s]    16 | class [01;36m[KCartesianPathServer[m[K : public rclcpp::Node
[5.706s]       |       [01;36m[K^~~~~~~~~~~~~~~~~~~[m[K
[5.706s] [01m[K/home/darkdemon/work/motor_control/src/tb4_arm_ros2/small_arm_moveit_cpp/src/cartesian_path.cpp:16:7:[m[K [01;31m[Kerror: [m[Kno matching function for call to ‘[01m[Krclcpp::Node::Node()[m[K’
[5.706s] In file included from [01m[K/opt/ros/humble/include/rclcpp/rclcpp/executors/single_threaded_executor.hpp:28[m[K,
[5.706s]                  from [01m[K/opt/ros/humble/include/rclcpp/rclcpp/executors.hpp:22[m[K,
[5.706s]                  from [01m[K/opt/ros/humble/include/rclcpp/rclcpp/rclcpp.hpp:155[m[K,
[5.706s]                  from [01m[K/home/darkdemon/work/motor_control/src/tb4_arm_ros2/small_arm_moveit_cpp/src/cartesian_path.cpp:5[m[K:
[5.706s] [01m[K/opt/ros/humble/include/rclcpp/rclcpp/node.hpp:1294:3:[m[K [01;36m[Knote: [m[Kcandidate: ‘[01m[Krclcpp::Node::Node(const rclcpp::Node&, const string&)[m[K’
[5.706s]  1294 |   [01;36m[KNode[m[K(
[5.707s]       |   [01;36m[K^~~~[m[K
[5.707s] [01m[K/opt/ros/humble/include/rclcpp/rclcpp/node.hpp:1294:3:[m[K [01;36m[Knote: [m[K  candidate expects 2 arguments, 0 provided
[5.707s] [01m[K/opt/ros/humble/include/rclcpp/rclcpp/node.hpp:101:12:[m[K [01;36m[Knote: [m[Kcandidate: ‘[01m[Krclcpp::Node::Node(const string&, const string&, const rclcpp::NodeOptions&)[m[K’
[5.707s]   101 |   explicit [01;36m[KNode[m[K(
[5.707s]       |            [01;36m[K^~~~[m[K
[5.707s] [01m[K/opt/ros/humble/include/rclcpp/rclcpp/node.hpp:101:12:[m[K [01;36m[Knote: [m[K  candidate expects 3 arguments, 0 provided
[5.707s] [01m[K/opt/ros/humble/include/rclcpp/rclcpp/node.hpp:89:12:[m[K [01;36m[Knote: [m[Kcandidate: ‘[01m[Krclcpp::Node::Node(const string&, const rclcpp::NodeOptions&)[m[K’
[5.707s]    89 |   explicit [01;36m[KNode[m[K(
[5.707s]       |            [01;36m[K^~~~[m[K
[5.707s] [01m[K/opt/ros/humble/include/rclcpp/rclcpp/node.hpp:89:12:[m[K [01;36m[Knote: [m[K  candidate expects 2 arguments, 0 provided
[6.630s] gmake[2]: *** [CMakeFiles/cartesian_path.dir/build.make:76: CMakeFiles/cartesian_path.dir/src/cartesian_path.cpp.o] Error 1
[6.630s] gmake[1]: *** [CMakeFiles/Makefile2:147: CMakeFiles/cartesian_path.dir/all] Error 2
[6.630s] gmake: *** [Makefile:146: all] Error 2
[6.633s] Invoked command in '/home/darkdemon/work/motor_control/build/small_arm_moveit_cpp' returned '2': CMAKE_PREFIX_PATH=/home/darkdemon/work/motor_control/install/small_arm_moveit_cpp:/home/darkdemon/work/motor_control/install/small_arm_moveit_config:/home/darkdemon/work/motor_control/install/small_arm_description:/home/darkdemon/work/motor_control/install/visual:/home/darkdemon/work/motor_control/install/realsense:/home/darkdemon/work/motor_control/install/python_moveit2:/home/darkdemon/work/motor_control/install/map_tool:/home/darkdemon/work/motor_control/install/lidar_filter:/opt/ros/humble:/home/darkdemon/work/motor_control/install/python_moveit_interface:/home/darkdemon/work/motor_control/install/map_if:/home/darkdemon/work/motor_control/install/dynamixel_workbench:/home/darkdemon/work/motor_control/install/dynamixel_hardware:/home/darkdemon/work/motor_control/install/dynamixel_workbench_toolbox:/home/darkdemon/work/motor_control/install/dynamixel_workbench_msgs /usr/bin/cmake --build /home/darkdemon/work/motor_control/build/small_arm_moveit_cpp -- -j20 -l20
