[0.858s] Invoking command in '/home/darkdemon/work/motor_control/build/small_arm_moveit_cpp': CMAKE_PREFIX_PATH=/home/darkdemon/work/motor_control/install/small_arm_moveit_cpp:/home/darkdemon/work/motor_control/install/small_arm_moveit_config:/home/darkdemon/work/motor_control/install/small_arm_description:/home/darkdemon/work/motor_control/install/visual:/home/darkdemon/work/motor_control/install/realsense:/home/darkdemon/work/motor_control/install/python_moveit2:/home/darkdemon/work/motor_control/install/map_tool:/home/darkdemon/work/motor_control/install/lidar_filter:/opt/ros/humble:/home/darkdemon/work/motor_control/install/python_moveit_interface:/home/darkdemon/work/motor_control/install/map_if:/home/darkdemon/work/motor_control/install/dynamixel_workbench:/home/darkdemon/work/motor_control/install/dynamixel_hardware:/home/darkdemon/work/motor_control/install/dynamixel_workbench_toolbox:/home/darkdemon/work/motor_control/install/dynamixel_workbench_msgs /usr/bin/cmake --build /home/darkdemon/work/motor_control/build/small_arm_moveit_cpp -- -j20 -l20
[0.902s] [35m[1mConsolidate compiler generated dependencies of target cartesian_path[0m
[0.920s] [ 33%] Built target named_goal
[0.920s] [ 33%] Built target ee_pose_in_base
[0.923s] [ 50%] Built target manual_pose_topic
[0.924s] [ 83%] Built target auto_pose_goal
[0.924s] [ 83%] Built target gripper_open
[0.929s] [ 91%] [32mBuilding CXX object CMakeFiles/cartesian_path.dir/src/cartesian_path.cpp.o[0m
[4.676s] [01m[K/home/darkdemon/work/motor_control/src/tb4_arm_ros2/small_arm_moveit_cpp/src/cartesian_path.cpp:14:23:[m[K [01;31m[Kerror: [m[K‘[01m[Kmy_robot_interfaces[m[K’ does not name a type
[4.676s]    14 | using CartesianPath = [01;31m[Kmy_robot_interfaces[m[K::srv::CartesianPath;
[4.676s]       |                       [01;31m[K^~~~~~~~~~~~~~~~~~~[m[K
[4.676s] [01m[K/home/darkdemon/work/motor_control/src/tb4_arm_ros2/small_arm_moveit_cpp/src/cartesian_path.cpp:39:10:[m[K [01;31m[Kerror: [m[Kexpected ‘[01m[K;[m[K’ at end of member declaration
[4.676s]    39 |   double [01;31m[Kfix[m[K  ed_z_;
[4.676s]       |          [01;31m[K^~~[m[K
[4.676s]       |             [32m[K;[m[K
[4.677s] [01m[K/home/darkdemon/work/motor_control/src/tb4_arm_ros2/small_arm_moveit_cpp/src/cartesian_path.cpp:39:15:[m[K [01;31m[Kerror: [m[K‘[01m[Ked_z_[m[K’ does not name a type
[4.677s]    39 |   double fix  [01;31m[Ked_z_[m[K;
[4.677s]       |               [01;31m[K^~~~~[m[K
[4.687s] [01m[K/home/darkdemon/work/motor_control/src/tb4_arm_ros2/small_arm_moveit_cpp/src/cartesian_path.cpp:64:27:[m[K [01;31m[Kerror: [m[K‘[01m[KCartesianPath[m[K’ was not declared in this scope; did you mean ‘[01m[KCartesianPathServer[m[K’?
[4.687s]    64 |     const std::shared_ptr<[01;31m[KCartesianPath[m[K::Request> /*request*/,
[4.687s]       |                           [01;31m[K^~~~~~~~~~~~~[m[K
[4.687s]       |                           [32m[KCartesianPathServer[m[K
[4.687s] [01m[K/home/darkdemon/work/motor_control/src/tb4_arm_ros2/small_arm_moveit_cpp/src/cartesian_path.cpp:64:49:[m[K [01;31m[Kerror: [m[Ktemplate argument 1 is invalid
[4.688s]    64 |     const std::shared_ptr<CartesianPath::Request[01;31m[K>[m[K /*request*/,
[4.688s]       |                                                 [01;31m[K^[m[K
[4.698s] [01m[K/home/darkdemon/work/motor_control/src/tb4_arm_ros2/small_arm_moveit_cpp/src/cartesian_path.cpp:64:27:[m[K [01;31m[Kerror: [m[K‘[01m[KCartesianPath[m[K’ was not declared in this scope; did you mean ‘[01m[KCartesianPathServer[m[K’?
[4.698s]    64 |     const std::shared_ptr<[01;31m[KCartesianPath[m[K::Request> /*request*/,
[4.698s]       |                           [01;31m[K^~~~~~~~~~~~~[m[K
[4.698s]       |                           [32m[KCartesianPathServer[m[K
[4.698s] [01m[K/home/darkdemon/work/motor_control/src/tb4_arm_ros2/small_arm_moveit_cpp/src/cartesian_path.cpp:64:49:[m[K [01;31m[Kerror: [m[Ktemplate argument 1 is invalid
[4.698s]    64 |     const std::shared_ptr<CartesianPath::Request[01;31m[K>[m[K /*request*/,
[4.699s]       |                                                 [01;31m[K^[m[K
[4.707s] [01m[K/home/darkdemon/work/motor_control/src/tb4_arm_ros2/small_arm_moveit_cpp/src/cartesian_path.cpp:64:27:[m[K [01;31m[Kerror: [m[K‘[01m[KCartesianPath[m[K’ was not declared in this scope; did you mean ‘[01m[KCartesianPathServer[m[K’?
[4.707s]    64 |     const std::shared_ptr<[01;31m[KCartesianPath[m[K::Request> /*request*/,
[4.707s]       |                           [01;31m[K^~~~~~~~~~~~~[m[K
[4.707s]       |                           [32m[KCartesianPathServer[m[K
[4.707s] [01m[K/home/darkdemon/work/motor_control/src/tb4_arm_ros2/small_arm_moveit_cpp/src/cartesian_path.cpp:64:49:[m[K [01;31m[Kerror: [m[Ktemplate argument 1 is invalid
[4.707s]    64 |     const std::shared_ptr<CartesianPath::Request[01;31m[K>[m[K /*request*/,
[4.707s]       |                                                 [01;31m[K^[m[K
[4.707s] [01m[K/home/darkdemon/work/motor_control/src/tb4_arm_ros2/small_arm_moveit_cpp/src/cartesian_path.cpp:64:11:[m[K [01;31m[Kerror: [m[Kinvalid template-id
[4.708s]    64 |     const [01;31m[Kstd[m[K::shared_ptr<CartesianPath::Request> /*request*/,
[4.708s]       |           [01;31m[K^~~[m[K
[4.708s] [01m[K/home/darkdemon/work/motor_control/src/tb4_arm_ros2/small_arm_moveit_cpp/src/cartesian_path.cpp:64:27:[m[K [01;31m[Kerror: [m[K‘[01m[KCartesianPath[m[K’ has not been declared
[4.708s]    64 |     const std::shared_ptr<[01;31m[KCartesianPath[m[K::Request> /*request*/,
[4.708s]       |                           [01;31m[K^~~~~~~~~~~~~[m[K
[4.708s] [01m[K/home/darkdemon/work/motor_control/src/tb4_arm_ros2/small_arm_moveit_cpp/src/cartesian_path.cpp:64:5:[m[K [01;31m[Kerror: [m[Kclass template placeholder ‘[01m[Kstd::shared_ptr[m[K’ not permitted in this context
[4.708s]    64 |     [01;31m[Kconst[m[K std::shared_ptr<CartesianPath::Request> /*request*/,
[4.708s]       |     [01;31m[K^~~~~[m[K
[4.717s] [01m[K/home/darkdemon/work/motor_control/src/tb4_arm_ros2/small_arm_moveit_cpp/src/cartesian_path.cpp:65:21:[m[K [01;31m[Kerror: [m[K‘[01m[KCartesianPath[m[K’ was not declared in this scope; did you mean ‘[01m[KCartesianPathServer[m[K’?
[4.717s]    65 |     std::shared_ptr<[01;31m[KCartesianPath[m[K::Response> response)
[4.717s]       |                     [01;31m[K^~~~~~~~~~~~~[m[K
[4.717s]       |                     [32m[KCartesianPathServer[m[K
[4.717s] [01m[K/home/darkdemon/work/motor_control/src/tb4_arm_ros2/small_arm_moveit_cpp/src/cartesian_path.cpp:65:44:[m[K [01;31m[Kerror: [m[Ktemplate argument 1 is invalid
[4.717s]    65 |     std::shared_ptr<CartesianPath::Response[01;31m[K>[m[K response)
[4.717s]       |                                            [01;31m[K^[m[K
[4.725s] [01m[K/home/darkdemon/work/motor_control/src/tb4_arm_ros2/small_arm_moveit_cpp/src/cartesian_path.cpp:65:21:[m[K [01;31m[Kerror: [m[K‘[01m[KCartesianPath[m[K’ was not declared in this scope; did you mean ‘[01m[KCartesianPathServer[m[K’?
[4.725s]    65 |     std::shared_ptr<[01;31m[KCartesianPath[m[K::Response> response)
[4.726s]       |                     [01;31m[K^~~~~~~~~~~~~[m[K
[4.726s]       |                     [32m[KCartesianPathServer[m[K
[4.726s] [01m[K/home/darkdemon/work/motor_control/src/tb4_arm_ros2/small_arm_moveit_cpp/src/cartesian_path.cpp:65:44:[m[K [01;31m[Kerror: [m[Ktemplate argument 1 is invalid
[4.726s]    65 |     std::shared_ptr<CartesianPath::Response[01;31m[K>[m[K response)
[4.726s]       |                                            [01;31m[K^[m[K
[4.734s] [01m[K/home/darkdemon/work/motor_control/src/tb4_arm_ros2/small_arm_moveit_cpp/src/cartesian_path.cpp:65:21:[m[K [01;31m[Kerror: [m[K‘[01m[KCartesianPath[m[K’ was not declared in this scope; did you mean ‘[01m[KCartesianPathServer[m[K’?
[4.734s]    65 |     std::shared_ptr<[01;31m[KCartesianPath[m[K::Response> response)
[4.734s]       |                     [01;31m[K^~~~~~~~~~~~~[m[K
[4.734s]       |                     [32m[KCartesianPathServer[m[K
[4.734s] [01m[K/home/darkdemon/work/motor_control/src/tb4_arm_ros2/small_arm_moveit_cpp/src/cartesian_path.cpp:65:44:[m[K [01;31m[Kerror: [m[Ktemplate argument 1 is invalid
[4.734s]    65 |     std::shared_ptr<CartesianPath::Response[01;31m[K>[m[K response)
[4.735s]       |                                            [01;31m[K^[m[K
[4.735s] [01m[K/home/darkdemon/work/motor_control/src/tb4_arm_ros2/small_arm_moveit_cpp/src/cartesian_path.cpp:65:5:[m[K [01;31m[Kerror: [m[Kinvalid template-id
[4.735s]    65 |     [01;31m[Kstd[m[K::shared_ptr<CartesianPath::Response> response)
[4.735s]       |     [01;31m[K^~~[m[K
[4.735s] [01m[K/home/darkdemon/work/motor_control/src/tb4_arm_ros2/small_arm_moveit_cpp/src/cartesian_path.cpp:65:21:[m[K [01;31m[Kerror: [m[K‘[01m[KCartesianPath[m[K’ has not been declared
[4.735s]    65 |     std::shared_ptr<[01;31m[KCartesianPath[m[K::Response> response)
[4.735s]       |                     [01;31m[K^~~~~~~~~~~~~[m[K
[4.735s] [01m[K/home/darkdemon/work/motor_control/src/tb4_arm_ros2/small_arm_moveit_cpp/src/cartesian_path.cpp:65:5:[m[K [01;31m[Kerror: [m[Kclass template placeholder ‘[01m[Kstd::shared_ptr[m[K’ not permitted in this context
[4.735s]    65 |     [01;31m[Kstd[m[K::shared_ptr<CartesianPath::Response> response)
[4.735s]       |     [01;31m[K^~~[m[K
[4.746s] [01m[K/home/darkdemon/work/motor_control/src/tb4_arm_ros2/small_arm_moveit_cpp/src/cartesian_path.cpp:101:19:[m[K [01;31m[Kerror: [m[K‘[01m[KCartesianPath[m[K’ was not declared in this scope; did you mean ‘[01m[KCartesianPathServer[m[K’?
[4.746s]   101 |   rclcpp::Service<[01;31m[KCartesianPath[m[K>::SharedPtr service_;
[4.746s]       |                   [01;31m[K^~~~~~~~~~~~~[m[K
[4.746s]       |                   [32m[KCartesianPathServer[m[K
[4.746s] [01m[K/home/darkdemon/work/motor_control/src/tb4_arm_ros2/small_arm_moveit_cpp/src/cartesian_path.cpp:101:32:[m[K [01;31m[Kerror: [m[Ktemplate argument 1 is invalid
[4.746s]   101 |   rclcpp::Service<CartesianPath[01;31m[K>[m[K::SharedPtr service_;
[4.746s]       |                                [01;31m[K^[m[K
[4.746s] [01m[K/home/darkdemon/work/motor_control/src/tb4_arm_ros2/small_arm_moveit_cpp/src/cartesian_path.cpp:101:35:[m[K [01;31m[Kerror: [m[Kexpected ‘[01m[K;[m[K’ at end of member declaration
[4.746s]   101 |   rclcpp::Service<CartesianPath>::[01;31m[KSharedPtr[m[K service_;
[4.746s]       |                                   [01;31m[K^~~~~~~~~[m[K
[4.746s]       |                                            [32m[K;[m[K
[4.748s] [01m[K/home/darkdemon/work/motor_control/src/tb4_arm_ros2/small_arm_moveit_cpp/src/cartesian_path.cpp:101:45:[m[K [01;31m[Kerror: [m[K‘[01m[Kservice_[m[K’ does not name a type
[4.748s]   101 |   rclcpp::Service<CartesianPath>::SharedPtr [01;31m[Kservice_[m[K;
[4.748s]       |                                             [01;31m[K^~~~~~~~[m[K
[4.779s] [01m[K/home/darkdemon/work/motor_control/src/tb4_arm_ros2/small_arm_moveit_cpp/src/cartesian_path.cpp:[m[K In constructor ‘[01m[KCartesianPathServer::CartesianPathServer()[m[K’:
[4.779s] [01m[K/home/darkdemon/work/motor_control/src/tb4_arm_ros2/small_arm_moveit_cpp/src/cartesian_path.cpp:20:36:[m[K [01;31m[Kerror: [m[Kclass ‘[01m[KCartesianPathServer[m[K’ does not have any field named ‘[01m[Kfixed_z_[m[K’
[4.779s]    20 |   : Node("cartesian_path_server"), [01;31m[Kfixed_z_[m[K(0.03)
[4.779s]       |                                    [01;31m[K^~~~~~~~[m[K
[4.786s] [01m[K/home/darkdemon/work/motor_control/src/tb4_arm_ros2/small_arm_moveit_cpp/src/cartesian_path.cpp:25:5:[m[K [01;31m[Kerror: [m[K‘[01m[Kservice_[m[K’ was not declared in this scope
[4.787s]    25 |     [01;31m[Kservice_[m[K = this->create_service<CartesianPath>(
[4.787s]       |     [01;31m[K^~~~~~~~[m[K
[4.795s] [01m[K/home/darkdemon/work/motor_control/src/tb4_arm_ros2/small_arm_moveit_cpp/src/cartesian_path.cpp:25:37:[m[K [01;31m[Kerror: [m[K‘[01m[KCartesianPath[m[K’ was not declared in this scope; did you mean ‘[01m[KCartesianPathServer[m[K’?
[4.795s]    25 |     service_ = this->create_service<[01;31m[KCartesianPath[m[K>(
[4.796s]       |                                     [01;31m[K^~~~~~~~~~~~~[m[K
[4.796s]       |                                     [32m[KCartesianPathServer[m[K
[4.800s] [01m[K/home/darkdemon/work/motor_control/src/tb4_arm_ros2/small_arm_moveit_cpp/src/cartesian_path.cpp:25:51:[m[K [01;31m[Kerror: [m[Kno matching function for call to ‘[01m[KCartesianPathServer::create_service<<expression error> >(const char [23], std::_Bind_helper<false, void (CartesianPathServer::*)(...), CartesianPathServer*, const std::_Placeholder<1>&, const std::_Placeholder<2>&>::type)[m[K’
[4.800s]    25 |     service_ = [01;31m[Kthis->create_service<CartesianPath>([m[K
[4.800s]       |                [01;31m[K~~~~~~~~~~~~~~~~~~~~~~~~~~~~~~~~~~~^[m[K
[4.800s]    26 | [01;31m[K      "compute_cartesian_path",[m[K
[4.800s]       |       [01;31m[K~~~~~~~~~~~~~~~~~~~~~~~~~[m[K                    
[4.800s]    27 | [01;31m[K      std::bind(&CartesianPathServer::handle_service, this, _1, _2))[m[K;
[4.800s]       |       [01;31m[K~~~~~~~~~~~~~~~~~~~~~~~~~~~~~~~~~~~~~~~~~~~~~~~~~~~~~~~~~~~~~~[m[K
[4.800s] In file included from [01m[K/opt/ros/humble/include/rclcpp/rclcpp/executors/single_threaded_executor.hpp:28[m[K,
[4.800s]                  from [01m[K/opt/ros/humble/include/rclcpp/rclcpp/executors.hpp:22[m[K,
[4.801s]                  from [01m[K/opt/ros/humble/include/rclcpp/rclcpp/rclcpp.hpp:155[m[K,
[4.801s]                  from [01m[K/home/darkdemon/work/motor_control/src/tb4_arm_ros2/small_arm_moveit_cpp/src/cartesian_path.cpp:5[m[K:
[4.801s] [01m[K/opt/ros/humble/include/rclcpp/rclcpp/node.hpp:267:3:[m[K [01;36m[Knote: [m[Kcandidate: ‘[01m[Ktemplate<class ServiceT, class CallbackT> typename rclcpp::Service<ServiceT>::SharedPtr rclcpp::Node::create_service(const string&, CallbackT&&, const rmw_qos_profile_t&, rclcpp::CallbackGroup::SharedPtr)[m[K’
[4.801s]   267 |   [01;36m[Kcreate_service[m[K(
[4.801s]       |   [01;36m[K^~~~~~~~~~~~~~[m[K
[4.801s] [01m[K/opt/ros/humble/include/rclcpp/rclcpp/node.hpp:267:3:[m[K [01;36m[Knote: [m[K  template argument deduction/substitution failed:
[4.801s] [01m[K/home/darkdemon/work/motor_control/src/tb4_arm_ros2/small_arm_moveit_cpp/src/cartesian_path.cpp:25:51:[m[K [01;31m[Kerror: [m[Ktemplate argument 1 is invalid
[4.801s]    25 |     service_ = [01;31m[Kthis->create_service<CartesianPath>([m[K
[4.801s]       |                [01;31m[K~~~~~~~~~~~~~~~~~~~~~~~~~~~~~~~~~~~^[m[K
[4.801s]    26 | [01;31m[K      "compute_cartesian_path",[m[K
[4.801s]       |       [01;31m[K~~~~~~~~~~~~~~~~~~~~~~~~~[m[K                    
[4.801s]    27 | [01;31m[K      std::bind(&CartesianPathServer::handle_service, this, _1, _2))[m[K;
[4.801s]       |       [01;31m[K~~~~~~~~~~~~~~~~~~~~~~~~~~~~~~~~~~~~~~~~~~~~~~~~~~~~~~~~~~~~~~[m[K
[4.816s] [01m[K/home/darkdemon/work/motor_control/src/tb4_arm_ros2/small_arm_moveit_cpp/src/cartesian_path.cpp:[m[K In member function ‘[01m[Kvoid CartesianPathServer::pose_callback(geometry_msgs::msg::Pose_<std::allocator<void> >::SharedPtr)[m[K’:
[4.816s] [01m[K/home/darkdemon/work/motor_control/src/tb4_arm_ros2/small_arm_moveit_cpp/src/cartesian_path.cpp:50:7:[m[K [01;31m[Kerror: [m[K‘[01m[Kfixed_z_[m[K’ was not declared in this scope
[4.816s]    50 |       [01;31m[Kfixed_z_[m[K = 0.015;
[4.816s]       |       [01;31m[K^~~~~~~~[m[K
[4.824s] [01m[K/home/darkdemon/work/motor_control/src/tb4_arm_ros2/small_arm_moveit_cpp/src/cartesian_path.cpp:52:7:[m[K [01;31m[Kerror: [m[K‘[01m[Kfixed_z_[m[K’ was not declared in this scope
[4.824s]    52 |       [01;31m[Kfixed_z_[m[K = 0.025;
[4.824s]       |       [01;31m[K^~~~~~~~[m[K
[4.831s] [01m[K/home/darkdemon/work/motor_control/src/tb4_arm_ros2/small_arm_moveit_cpp/src/cartesian_path.cpp:54:7:[m[K [01;31m[Kerror: [m[K‘[01m[Kfixed_z_[m[K’ was not declared in this scope
[4.831s]    54 |       [01;31m[Kfixed_z_[m[K = 0.035;
[4.831s]       |       [01;31m[K^~~~~~~~[m[K
[4.837s] [01m[K/home/darkdemon/work/motor_control/src/tb4_arm_ros2/small_arm_moveit_cpp/src/cartesian_path.cpp:56:7:[m[K [01;31m[Kerror: [m[K‘[01m[Kfixed_z_[m[K’ was not declared in this scope
[4.838s]    56 |       [01;31m[Kfixed_z_[m[K = 0.03; // 預設值
[4.838s]       |       [01;31m[K^~~~~~~~[m[K
[4.846s] In file included from [01m[K/opt/ros/humble/include/rclcpp/rclcpp/logging.hpp:24[m[K,
[4.846s]                  from [01m[K/opt/ros/humble/include/rclcpp/rclcpp/client.hpp:40[m[K,
[4.846s]                  from [01m[K/opt/ros/humble/include/rclcpp/rclcpp/callback_group.hpp:24[m[K,
[4.846s]                  from [01m[K/opt/ros/humble/include/rclcpp/rclcpp/any_executable.hpp:20[m[K,
[4.846s]                  from [01m[K/opt/ros/humble/include/rclcpp/rclcpp/memory_strategy.hpp:25[m[K,
[4.846s]                  from [01m[K/opt/ros/humble/include/rclcpp/rclcpp/memory_strategies.hpp:18[m[K,
[4.846s]                  from [01m[K/opt/ros/humble/include/rclcpp/rclcpp/executor_options.hpp:20[m[K,
[4.846s]                  from [01m[K/opt/ros/humble/include/rclcpp/rclcpp/executor.hpp:37[m[K,
[4.846s]                  from [01m[K/opt/ros/humble/include/rclcpp/rclcpp/executors/multi_threaded_executor.hpp:25[m[K,
[4.846s]                  from [01m[K/opt/ros/humble/include/rclcpp/rclcpp/executors.hpp:21[m[K,
[4.847s]                  from [01m[K/opt/ros/humble/include/rclcpp/rclcpp/rclcpp.hpp:155[m[K,
[4.847s]                  from [01m[K/home/darkdemon/work/motor_control/src/tb4_arm_ros2/small_arm_moveit_cpp/src/cartesian_path.cpp:5[m[K:
[4.847s] [01m[K/home/darkdemon/work/motor_control/src/tb4_arm_ros2/small_arm_moveit_cpp/src/cartesian_path.cpp:60:68:[m[K [01;31m[Kerror: [m[K‘[01m[Kfixed_z_[m[K’ was not declared in this scope
[4.847s]    60 |          latest_point_.x, latest_point_.y, latest_point_.z, [01;31m[Kfixed_z_[m[K);
[4.847s]       |                                                             [01;31m[K^~~~~~~~[m[K
[4.847s] 
[4.854s] [01m[K/home/darkdemon/work/motor_control/src/tb4_arm_ros2/small_arm_moveit_cpp/src/cartesian_path.cpp:[m[K In member function ‘[01m[Kvoid CartesianPathServer::handle_service(...)[m[K’:
[4.854s] [01m[K/home/darkdemon/work/motor_control/src/tb4_arm_ros2/small_arm_moveit_cpp/src/cartesian_path.cpp:74:30:[m[K [01;31m[Kerror: [m[K‘[01m[Kfixed_z_[m[K’ was not declared in this scope
[4.855s]    74 |     target_pose.position.z = [01;31m[Kfixed_z_[m[K;  // 使用經過分類後的固定高度
[4.855s]       |                              [01;31m[K^~~~~~~~[m[K
[4.863s] [01m[K/home/darkdemon/work/motor_control/src/tb4_arm_ros2/small_arm_moveit_cpp/src/cartesian_path.cpp:90:9:[m[K [01;31m[Kerror: [m[K‘[01m[Kresponse[m[K’ was not declared in this scope
[4.863s]    90 |         [01;31m[Kresponse[m[K->success = true;
[4.863s]       |         [01;31m[K^~~~~~~~[m[K
[4.869s] [01m[K/home/darkdemon/work/motor_control/src/tb4_arm_ros2/small_arm_moveit_cpp/src/cartesian_path.cpp:96:5:[m[K [01;31m[Kerror: [m[K‘[01m[Kresponse[m[K’ was not declared in this scope
[4.869s]    96 |     [01;31m[Kresponse[m[K->success = false;
[4.869s]       |     [01;31m[K^~~~~~~~[m[K
[8.317s] gmake[2]: *** [CMakeFiles/cartesian_path.dir/build.make:76: CMakeFiles/cartesian_path.dir/src/cartesian_path.cpp.o] Error 1
[8.317s] gmake[1]: *** [CMakeFiles/Makefile2:147: CMakeFiles/cartesian_path.dir/all] Error 2
[8.317s] gmake: *** [Makefile:146: all] Error 2
[8.320s] Invoked command in '/home/darkdemon/work/motor_control/build/small_arm_moveit_cpp' returned '2': CMAKE_PREFIX_PATH=/home/darkdemon/work/motor_control/install/small_arm_moveit_cpp:/home/darkdemon/work/motor_control/install/small_arm_moveit_config:/home/darkdemon/work/motor_control/install/small_arm_description:/home/darkdemon/work/motor_control/install/visual:/home/darkdemon/work/motor_control/install/realsense:/home/darkdemon/work/motor_control/install/python_moveit2:/home/darkdemon/work/motor_control/install/map_tool:/home/darkdemon/work/motor_control/install/lidar_filter:/opt/ros/humble:/home/darkdemon/work/motor_control/install/python_moveit_interface:/home/darkdemon/work/motor_control/install/map_if:/home/darkdemon/work/motor_control/install/dynamixel_workbench:/home/darkdemon/work/motor_control/install/dynamixel_hardware:/home/darkdemon/work/motor_control/install/dynamixel_workbench_toolbox:/home/darkdemon/work/motor_control/install/dynamixel_workbench_msgs /usr/bin/cmake --build /home/darkdemon/work/motor_control/build/small_arm_moveit_cpp -- -j20 -l20
