[0.016s] Invoking command in '/home/darkdemon/work/motor_control/build/dynamixel_workbench_msgs': CMAKE_PREFIX_PATH=${CMAKE_PREFIX_PATH}:/home/darkdemon/work/motor_control/install/realsense:/home/darkdemon/work/motor_control/install/python_moveit2:/opt/ros/humble /usr/bin/cmake /home/darkdemon/work/motor_control/src/dynamixel-workbench-msgs/dynamixel_workbench_msgs -DCMAKE_INSTALL_PREFIX=/home/darkdemon/work/motor_control/install/dynamixel_workbench_msgs
[0.315s] -- The C compiler identification is GNU 11.4.0
[0.315s] -- The CXX compiler identification is GNU 11.4.0
[0.315s] -- Detecting C compiler ABI info
[0.315s] -- Detecting C compiler ABI info - done
[0.315s] -- Check for working C compiler: /usr/bin/cc - skipped
[0.315s] -- Detecting C compile features
[0.315s] -- Detecting C compile features - done
[0.315s] -- Detecting CXX compiler ABI info
[0.315s] -- Detecting CXX compiler ABI info - done
[0.315s] -- Check for working CXX compiler: /usr/bin/c++ - skipped
[0.315s] -- Detecting CXX compile features
[0.315s] -- Detecting CXX compile features - done
[0.315s] -- Found ament_cmake: 1.3.11 (/opt/ros/humble/share/ament_cmake/cmake)
[0.342s] -- Found Python3: /usr/bin/python3 (found version "3.10.12") found components: Interpreter 
[0.410s] -- Found rosidl_default_generators: 1.2.0 (/opt/ros/humble/share/rosidl_default_generators/cmake)
[0.413s] -- Using all available rosidl_typesupport_c: rosidl_typesupport_fastrtps_c;rosidl_typesupport_introspection_c
[0.419s] -- Found rosidl_adapter: 3.1.6 (/opt/ros/humble/share/rosidl_adapter/cmake)
[0.450s] -- Using all available rosidl_typesupport_cpp: rosidl_typesupport_fastrtps_cpp;rosidl_typesupport_introspection_cpp
[0.475s] -- Found std_msgs: 4.8.0 (/opt/ros/humble/share/std_msgs/cmake)
[0.788s] -- Found ament_cmake_cppcheck: 0.12.12 (/opt/ros/humble/share/ament_cmake_cppcheck/cmake)
[0.790s] -- Found ament_cmake_cpplint: 0.12.12 (/opt/ros/humble/share/ament_cmake_cpplint/cmake)
[0.792s] -- Found ament_cmake_uncrustify: 0.12.12 (/opt/ros/humble/share/ament_cmake_uncrustify/cmake)
[0.794s] -- Found ament_cmake_ros: 0.10.0 (/opt/ros/humble/share/ament_cmake_ros/cmake)
[0.954s] -- Using all available rosidl_typesupport_c: rosidl_typesupport_fastrtps_c;rosidl_typesupport_introspection_c
[1.159s] -- Using all available rosidl_typesupport_cpp: rosidl_typesupport_fastrtps_cpp;rosidl_typesupport_introspection_cpp
[1.177s] -- Found PythonInterp: /usr/bin/python3 (found suitable version "3.10.12", minimum required is "3.6") 
[1.178s] -- Found python_cmake_module: 0.10.0 (/opt/ros/humble/share/python_cmake_module/cmake)
[1.200s] -- Found PythonLibs: /usr/lib/x86_64-linux-gnu/libpython3.10.so (found suitable version "3.10.12", minimum required is "3.5") 
[1.200s] -- Using PYTHON_EXECUTABLE: /usr/bin/python3
[1.200s] -- Using PYTHON_INCLUDE_DIRS: /usr/include/python3.10
[1.200s] -- Using PYTHON_LIBRARIES: /usr/lib/x86_64-linux-gnu/libpython3.10.so
[1.215s] -- Found PythonExtra: .so  
[1.369s] -- Using numpy include directory: /usr/local/lib/python3.10/dist-packages/numpy/core/include
[1.383s] -- Found ament_cmake_flake8: 0.12.12 (/opt/ros/humble/share/ament_cmake_flake8/cmake)
[1.386s] -- Found ament_cmake_pep257: 0.12.12 (/opt/ros/humble/share/ament_cmake_pep257/cmake)
[1.394s] -- Configuring done
[1.438s] -- Generating done
[1.447s] -- Build files have been written to: /home/darkdemon/work/motor_control/build/dynamixel_workbench_msgs
[1.460s] Invoked command in '/home/darkdemon/work/motor_control/build/dynamixel_workbench_msgs' returned '0': CMAKE_PREFIX_PATH=${CMAKE_PREFIX_PATH}:/home/darkdemon/work/motor_control/install/realsense:/home/darkdemon/work/motor_control/install/python_moveit2:/opt/ros/humble /usr/bin/cmake /home/darkdemon/work/motor_control/src/dynamixel-workbench-msgs/dynamixel_workbench_msgs -DCMAKE_INSTALL_PREFIX=/home/darkdemon/work/motor_control/install/dynamixel_workbench_msgs
[1.460s] Invoking command in '/home/darkdemon/work/motor_control/build/dynamixel_workbench_msgs': CMAKE_PREFIX_PATH=${CMAKE_PREFIX_PATH}:/home/darkdemon/work/motor_control/install/realsense:/home/darkdemon/work/motor_control/install/python_moveit2:/opt/ros/humble /usr/bin/cmake --build /home/darkdemon/work/motor_control/build/dynamixel_workbench_msgs -- -j20 -l20
[1.506s] [  0%] [34m[1mGenerating C code for ROS interfaces[0m
[1.520s] [  0%] [34m[1mGenerating C++ code for ROS interfaces[0m
[1.540s] [  0%] Built target ament_cmake_python_copy_dynamixel_workbench_msgs
[1.690s] running egg_info
[1.690s] creating dynamixel_workbench_msgs.egg-info
[1.690s] writing dynamixel_workbench_msgs.egg-info/PKG-INFO
[1.690s] writing dependency_links to dynamixel_workbench_msgs.egg-info/dependency_links.txt
[1.691s] writing top-level names to dynamixel_workbench_msgs.egg-info/top_level.txt
[1.691s] writing manifest file 'dynamixel_workbench_msgs.egg-info/SOURCES.txt'
[1.692s] reading manifest file 'dynamixel_workbench_msgs.egg-info/SOURCES.txt'
[1.692s] writing manifest file 'dynamixel_workbench_msgs.egg-info/SOURCES.txt'
[1.712s] [  0%] Built target ament_cmake_python_build_dynamixel_workbench_msgs_egg
[2.896s] [  1%] [32mBuilding C object CMakeFiles/dynamixel_workbench_msgs__rosidl_generator_c.dir/rosidl_generator_c/dynamixel_workbench_msgs/msg/detail/ax__functions.c.o[0m
[2.896s] [  1%] [32mBuilding C object CMakeFiles/dynamixel_workbench_msgs__rosidl_generator_c.dir/rosidl_generator_c/dynamixel_workbench_msgs/msg/detail/mx2__functions.c.o[0m
[2.896s] [  1%] [32mBuilding C object CMakeFiles/dynamixel_workbench_msgs__rosidl_generator_c.dir/rosidl_generator_c/dynamixel_workbench_msgs/msg/detail/mx_ext__functions.c.o[0m
[2.896s] [  1%] [32mBuilding C object CMakeFiles/dynamixel_workbench_msgs__rosidl_generator_c.dir/rosidl_generator_c/dynamixel_workbench_msgs/msg/detail/ex__functions.c.o[0m
[2.896s] [  2%] [32mBuilding C object CMakeFiles/dynamixel_workbench_msgs__rosidl_generator_c.dir/rosidl_generator_c/dynamixel_workbench_msgs/msg/detail/pro__functions.c.o[0m
[2.896s] [  3%] [32mBuilding C object CMakeFiles/dynamixel_workbench_msgs__rosidl_generator_c.dir/rosidl_generator_c/dynamixel_workbench_msgs/msg/detail/mx__functions.c.o[0m
[2.897s] [  4%] [32mBuilding C object CMakeFiles/dynamixel_workbench_msgs__rosidl_generator_c.dir/rosidl_generator_c/dynamixel_workbench_msgs/msg/detail/mx2_ext__functions.c.o[0m
[2.897s] [  5%] [32mBuilding C object CMakeFiles/dynamixel_workbench_msgs__rosidl_generator_c.dir/rosidl_generator_c/dynamixel_workbench_msgs/msg/detail/pro_ext__functions.c.o[0m
[2.897s] [  6%] [32mBuilding C object CMakeFiles/dynamixel_workbench_msgs__rosidl_generator_c.dir/rosidl_generator_c/dynamixel_workbench_msgs/msg/detail/xh__functions.c.o[0m
[2.897s] [  7%] [32mBuilding C object CMakeFiles/dynamixel_workbench_msgs__rosidl_generator_c.dir/rosidl_generator_c/dynamixel_workbench_msgs/msg/detail/xl__functions.c.o[0m
[2.897s] [  7%] [32mBuilding C object CMakeFiles/dynamixel_workbench_msgs__rosidl_generator_c.dir/rosidl_generator_c/dynamixel_workbench_msgs/msg/detail/xl320__functions.c.o[0m
[2.897s] [  7%] [32mBuilding C object CMakeFiles/dynamixel_workbench_msgs__rosidl_generator_c.dir/rosidl_generator_c/dynamixel_workbench_msgs/msg/detail/xm__functions.c.o[0m
[2.897s] [  7%] [32mBuilding C object CMakeFiles/dynamixel_workbench_msgs__rosidl_generator_c.dir/rosidl_generator_c/dynamixel_workbench_msgs/msg/detail/dynamixel_state__functions.c.o[0m
[2.897s] [  9%] [32mBuilding C object CMakeFiles/dynamixel_workbench_msgs__rosidl_generator_c.dir/rosidl_generator_c/dynamixel_workbench_msgs/msg/detail/dynamixel_state_list__functions.c.o[0m
[2.897s] [  9%] [32mBuilding C object CMakeFiles/dynamixel_workbench_msgs__rosidl_generator_c.dir/rosidl_generator_c/dynamixel_workbench_msgs/msg/detail/xm_ext__functions.c.o[0m
[2.897s] [  9%] [32mBuilding C object CMakeFiles/dynamixel_workbench_msgs__rosidl_generator_c.dir/rosidl_generator_c/dynamixel_workbench_msgs/msg/detail/rx__functions.c.o[0m
[2.899s] [  9%] [32mBuilding C object CMakeFiles/dynamixel_workbench_msgs__rosidl_generator_c.dir/rosidl_generator_c/dynamixel_workbench_msgs/msg/detail/dynamixel_info__functions.c.o[0m
[2.904s] [ 11%] [32mBuilding C object CMakeFiles/dynamixel_workbench_msgs__rosidl_generator_c.dir/rosidl_generator_c/dynamixel_workbench_msgs/srv/detail/get_dynamixel_info__functions.c.o[0m
[2.907s] [ 11%] [32mBuilding C object CMakeFiles/dynamixel_workbench_msgs__rosidl_generator_c.dir/rosidl_generator_c/dynamixel_workbench_msgs/msg/detail/dynamixel_load_info__functions.c.o[0m
[2.946s] [ 11%] [32mBuilding C object CMakeFiles/dynamixel_workbench_msgs__rosidl_generator_c.dir/rosidl_generator_c/dynamixel_workbench_msgs/srv/detail/dynamixel_command__functions.c.o[0m
[2.988s] [ 12%] [32m[1mLinking C shared library libdynamixel_workbench_msgs__rosidl_generator_c.so[0m
[3.016s] [ 12%] Built target dynamixel_workbench_msgs__rosidl_generator_c
[3.026s] [ 13%] [34m[1mGenerating C introspection for ROS interfaces[0m
[3.026s] [ 15%] [34m[1mGenerating C type support for eProsima Fast-RTPS[0m
[3.026s] [ 15%] [34m[1mGenerating C type support dispatch for ROS interfaces[0m
[3.277s] [ 15%] Built target dynamixel_workbench_msgs__cpp
[3.285s] [ 18%] [34m[1mGenerating C++ introspection for ROS interfaces[0m
[3.285s] [ 18%] [34m[1mGenerating C++ type support dispatch for ROS interfaces[0m
[3.285s] [ 18%] [34m[1mGenerating C++ type support for eProsima Fast-RTPS[0m
[3.951s] [ 18%] [32mBuilding CXX object CMakeFiles/dynamixel_workbench_msgs__rosidl_typesupport_c.dir/rosidl_typesupport_c/dynamixel_workbench_msgs/msg/mx__type_support.cpp.o[0m
[3.951s] [ 18%] [32mBuilding CXX object CMakeFiles/dynamixel_workbench_msgs__rosidl_typesupport_c.dir/rosidl_typesupport_c/dynamixel_workbench_msgs/msg/mx2_ext__type_support.cpp.o[0m
[3.952s] [ 18%] [32mBuilding CXX object CMakeFiles/dynamixel_workbench_msgs__rosidl_typesupport_c.dir/rosidl_typesupport_c/dynamixel_workbench_msgs/msg/ax__type_support.cpp.o[0m
[3.952s] [ 20%] [32mBuilding CXX object CMakeFiles/dynamixel_workbench_msgs__rosidl_typesupport_c.dir/rosidl_typesupport_c/dynamixel_workbench_msgs/msg/mx2__type_support.cpp.o[0m
[3.952s] [ 20%] [32mBuilding CXX object CMakeFiles/dynamixel_workbench_msgs__rosidl_typesupport_c.dir/rosidl_typesupport_c/dynamixel_workbench_msgs/msg/ex__type_support.cpp.o[0m
[3.952s] [ 21%] [32mBuilding CXX object CMakeFiles/dynamixel_workbench_msgs__rosidl_typesupport_c.dir/rosidl_typesupport_c/dynamixel_workbench_msgs/msg/xl__type_support.cpp.o[0m
[3.952s] [ 22%] [32mBuilding CXX object CMakeFiles/dynamixel_workbench_msgs__rosidl_typesupport_c.dir/rosidl_typesupport_c/dynamixel_workbench_msgs/msg/pro_ext__type_support.cpp.o[0m
[3.952s] [ 23%] [32mBuilding CXX object CMakeFiles/dynamixel_workbench_msgs__rosidl_typesupport_c.dir/rosidl_typesupport_c/dynamixel_workbench_msgs/msg/mx_ext__type_support.cpp.o[0m
[3.952s] [ 23%] [32mBuilding CXX object CMakeFiles/dynamixel_workbench_msgs__rosidl_typesupport_c.dir/rosidl_typesupport_c/dynamixel_workbench_msgs/msg/pro__type_support.cpp.o[0m
[3.952s] [ 23%] [32mBuilding CXX object CMakeFiles/dynamixel_workbench_msgs__rosidl_typesupport_c.dir/rosidl_typesupport_c/dynamixel_workbench_msgs/msg/xm_ext__type_support.cpp.o[0m
[3.953s] [ 25%] [32mBuilding CXX object CMakeFiles/dynamixel_workbench_msgs__rosidl_typesupport_c.dir/rosidl_typesupport_c/dynamixel_workbench_msgs/msg/rx__type_support.cpp.o[0m
[3.953s] [ 25%] [32mBuilding CXX object CMakeFiles/dynamixel_workbench_msgs__rosidl_typesupport_c.dir/rosidl_typesupport_c/dynamixel_workbench_msgs/msg/xh__type_support.cpp.o[0m
[3.953s] [ 25%] [32mBuilding CXX object CMakeFiles/dynamixel_workbench_msgs__rosidl_typesupport_c.dir/rosidl_typesupport_c/dynamixel_workbench_msgs/msg/dynamixel_state__type_support.cpp.o[0m
[3.954s] [ 26%] [32mBuilding CXX object CMakeFiles/dynamixel_workbench_msgs__rosidl_typesupport_c.dir/rosidl_typesupport_c/dynamixel_workbench_msgs/msg/xm__type_support.cpp.o[0m
[3.954s] [ 26%] [32mBuilding CXX object CMakeFiles/dynamixel_workbench_msgs__rosidl_typesupport_c.dir/rosidl_typesupport_c/dynamixel_workbench_msgs/msg/xl320__type_support.cpp.o[0m
[3.984s] [ 27%] [32mBuilding CXX object CMakeFiles/dynamixel_workbench_msgs__rosidl_typesupport_c.dir/rosidl_typesupport_c/dynamixel_workbench_msgs/msg/dynamixel_info__type_support.cpp.o[0m
[3.985s] [ 27%] [32mBuilding CXX object CMakeFiles/dynamixel_workbench_msgs__rosidl_typesupport_c.dir/rosidl_typesupport_c/dynamixel_workbench_msgs/msg/dynamixel_state_list__type_support.cpp.o[0m
[3.985s] [ 27%] [32mBuilding CXX object CMakeFiles/dynamixel_workbench_msgs__rosidl_typesupport_c.dir/rosidl_typesupport_c/dynamixel_workbench_msgs/msg/dynamixel_load_info__type_support.cpp.o[0m
[3.986s] [ 29%] [32mBuilding CXX object CMakeFiles/dynamixel_workbench_msgs__rosidl_typesupport_c.dir/rosidl_typesupport_c/dynamixel_workbench_msgs/srv/get_dynamixel_info__type_support.cpp.o[0m
[3.986s] [ 29%] [32mBuilding CXX object CMakeFiles/dynamixel_workbench_msgs__rosidl_typesupport_c.dir/rosidl_typesupport_c/dynamixel_workbench_msgs/srv/dynamixel_command__type_support.cpp.o[0m
[4.015s] [ 29%] [32m[1mLinking CXX shared library libdynamixel_workbench_msgs__rosidl_typesupport_c.so[0m
[4.050s] [ 29%] Built target dynamixel_workbench_msgs__rosidl_typesupport_c
[4.123s] [ 30%] [32mBuilding C object CMakeFiles/dynamixel_workbench_msgs__rosidl_typesupport_introspection_c.dir/rosidl_typesupport_introspection_c/dynamixel_workbench_msgs/msg/detail/ax__type_support.c.o[0m
[4.123s] [ 31%] [32mBuilding C object CMakeFiles/dynamixel_workbench_msgs__rosidl_typesupport_introspection_c.dir/rosidl_typesupport_introspection_c/dynamixel_workbench_msgs/msg/detail/ex__type_support.c.o[0m
[4.123s] [ 31%] [32mBuilding C object CMakeFiles/dynamixel_workbench_msgs__rosidl_typesupport_introspection_c.dir/rosidl_typesupport_introspection_c/dynamixel_workbench_msgs/msg/detail/mx__type_support.c.o[0m
[4.123s] [ 32%] [32mBuilding C object CMakeFiles/dynamixel_workbench_msgs__rosidl_typesupport_introspection_c.dir/rosidl_typesupport_introspection_c/dynamixel_workbench_msgs/msg/detail/mx2_ext__type_support.c.o[0m
[4.123s] [ 32%] [32mBuilding C object CMakeFiles/dynamixel_workbench_msgs__rosidl_typesupport_introspection_c.dir/rosidl_typesupport_introspection_c/dynamixel_workbench_msgs/msg/detail/mx2__type_support.c.o[0m
[4.123s] [ 32%] [32mBuilding C object CMakeFiles/dynamixel_workbench_msgs__rosidl_typesupport_introspection_c.dir/rosidl_typesupport_introspection_c/dynamixel_workbench_msgs/msg/detail/pro_ext__type_support.c.o[0m
[4.123s] [ 34%] [32mBuilding C object CMakeFiles/dynamixel_workbench_msgs__rosidl_typesupport_introspection_c.dir/rosidl_typesupport_introspection_c/dynamixel_workbench_msgs/msg/detail/rx__type_support.c.o[0m
[4.123s] [ 34%] [32mBuilding C object CMakeFiles/dynamixel_workbench_msgs__rosidl_typesupport_introspection_c.dir/rosidl_typesupport_introspection_c/dynamixel_workbench_msgs/msg/detail/xh__type_support.c.o[0m
[4.123s] [ 34%] [32mBuilding C object CMakeFiles/dynamixel_workbench_msgs__rosidl_typesupport_introspection_c.dir/rosidl_typesupport_introspection_c/dynamixel_workbench_msgs/msg/detail/mx_ext__type_support.c.o[0m
[4.124s] [ 34%] [32mBuilding C object CMakeFiles/dynamixel_workbench_msgs__rosidl_typesupport_introspection_c.dir/rosidl_typesupport_introspection_c/dynamixel_workbench_msgs/msg/detail/xm_ext__type_support.c.o[0m
[4.124s] [ 35%] [32mBuilding C object CMakeFiles/dynamixel_workbench_msgs__rosidl_typesupport_introspection_c.dir/rosidl_typesupport_introspection_c/dynamixel_workbench_msgs/msg/detail/pro__type_support.c.o[0m
[4.124s] [ 35%] [32mBuilding C object CMakeFiles/dynamixel_workbench_msgs__rosidl_typesupport_introspection_c.dir/rosidl_typesupport_introspection_c/dynamixel_workbench_msgs/msg/detail/xl320__type_support.c.o[0m
[4.124s] [ 36%] [32mBuilding C object CMakeFiles/dynamixel_workbench_msgs__rosidl_typesupport_introspection_c.dir/rosidl_typesupport_introspection_c/dynamixel_workbench_msgs/msg/detail/xm__type_support.c.o[0m
[4.124s] [ 37%] [32mBuilding C object CMakeFiles/dynamixel_workbench_msgs__rosidl_typesupport_introspection_c.dir/rosidl_typesupport_introspection_c/dynamixel_workbench_msgs/msg/detail/xl__type_support.c.o[0m
[4.128s] [ 38%] [32mBuilding C object CMakeFiles/dynamixel_workbench_msgs__rosidl_typesupport_introspection_c.dir/rosidl_typesupport_introspection_c/dynamixel_workbench_msgs/msg/detail/dynamixel_state__type_support.c.o[0m
[4.128s] [ 38%] [32mBuilding C object CMakeFiles/dynamixel_workbench_msgs__rosidl_typesupport_introspection_c.dir/rosidl_typesupport_introspection_c/dynamixel_workbench_msgs/msg/detail/dynamixel_state_list__type_support.c.o[0m
[4.165s] [ 38%] [32mBuilding C object CMakeFiles/dynamixel_workbench_msgs__rosidl_typesupport_introspection_c.dir/rosidl_typesupport_introspection_c/dynamixel_workbench_msgs/msg/detail/dynamixel_info__type_support.c.o[0m
[4.165s] [ 39%] [32mBuilding C object CMakeFiles/dynamixel_workbench_msgs__rosidl_typesupport_introspection_c.dir/rosidl_typesupport_introspection_c/dynamixel_workbench_msgs/srv/detail/get_dynamixel_info__type_support.c.o[0m
[4.165s] [ 39%] [32mBuilding C object CMakeFiles/dynamixel_workbench_msgs__rosidl_typesupport_introspection_c.dir/rosidl_typesupport_introspection_c/dynamixel_workbench_msgs/msg/detail/dynamixel_load_info__type_support.c.o[0m
[4.167s] [ 40%] [32mBuilding C object CMakeFiles/dynamixel_workbench_msgs__rosidl_typesupport_introspection_c.dir/rosidl_typesupport_introspection_c/dynamixel_workbench_msgs/srv/detail/dynamixel_command__type_support.c.o[0m
[4.193s] [ 40%] [32m[1mLinking C shared library libdynamixel_workbench_msgs__rosidl_typesupport_introspection_c.so[0m
[4.219s] [ 40%] Built target dynamixel_workbench_msgs__rosidl_typesupport_introspection_c
[4.290s] [ 40%] [32mBuilding CXX object CMakeFiles/dynamixel_workbench_msgs__rosidl_typesupport_cpp.dir/rosidl_typesupport_cpp/dynamixel_workbench_msgs/msg/ax__type_support.cpp.o[0m
[4.290s] [ 41%] [32mBuilding CXX object CMakeFiles/dynamixel_workbench_msgs__rosidl_typesupport_cpp.dir/rosidl_typesupport_cpp/dynamixel_workbench_msgs/msg/pro__type_support.cpp.o[0m
[4.290s] [ 40%] [32mBuilding CXX object CMakeFiles/dynamixel_workbench_msgs__rosidl_typesupport_cpp.dir/rosidl_typesupport_cpp/dynamixel_workbench_msgs/msg/mx2_ext__type_support.cpp.o[0m
[4.292s] [ 43%] [32mBuilding CXX object CMakeFiles/dynamixel_workbench_msgs__rosidl_typesupport_cpp.dir/rosidl_typesupport_cpp/dynamixel_workbench_msgs/msg/pro_ext__type_support.cpp.o[0m
[4.292s] [ 43%] [32mBuilding CXX object CMakeFiles/dynamixel_workbench_msgs__rosidl_typesupport_cpp.dir/rosidl_typesupport_cpp/dynamixel_workbench_msgs/msg/mx__type_support.cpp.o[0m
[4.292s] [ 42%] [32mBuilding CXX object CMakeFiles/dynamixel_workbench_msgs__rosidl_typesupport_cpp.dir/rosidl_typesupport_cpp/dynamixel_workbench_msgs/msg/ex__type_support.cpp.o[0m
[4.292s] [ 44%] [32mBuilding CXX object CMakeFiles/dynamixel_workbench_msgs__rosidl_typesupport_cpp.dir/rosidl_typesupport_cpp/dynamixel_workbench_msgs/msg/xh__type_support.cpp.o[0m
[4.292s] [ 43%] [32mBuilding CXX object CMakeFiles/dynamixel_workbench_msgs__rosidl_typesupport_cpp.dir/rosidl_typesupport_cpp/dynamixel_workbench_msgs/msg/mx2__type_support.cpp.o[0m
[4.292s] [ 45%] [32mBuilding CXX object CMakeFiles/dynamixel_workbench_msgs__rosidl_typesupport_cpp.dir/rosidl_typesupport_cpp/dynamixel_workbench_msgs/msg/mx_ext__type_support.cpp.o[0m
[4.292s] [ 45%] [32mBuilding CXX object CMakeFiles/dynamixel_workbench_msgs__rosidl_typesupport_cpp.dir/rosidl_typesupport_cpp/dynamixel_workbench_msgs/msg/xm_ext__type_support.cpp.o[0m
[4.293s] [ 45%] [32mBuilding CXX object CMakeFiles/dynamixel_workbench_msgs__rosidl_typesupport_cpp.dir/rosidl_typesupport_cpp/dynamixel_workbench_msgs/msg/xl__type_support.cpp.o[0m
[4.293s] [ 46%] [32mBuilding CXX object CMakeFiles/dynamixel_workbench_msgs__rosidl_typesupport_cpp.dir/rosidl_typesupport_cpp/dynamixel_workbench_msgs/msg/xm__type_support.cpp.o[0m
[4.293s] [ 47%] [32mBuilding CXX object CMakeFiles/dynamixel_workbench_msgs__rosidl_typesupport_cpp.dir/rosidl_typesupport_cpp/dynamixel_workbench_msgs/msg/rx__type_support.cpp.o[0m
[4.293s] [ 47%] [32mBuilding CXX object CMakeFiles/dynamixel_workbench_msgs__rosidl_typesupport_cpp.dir/rosidl_typesupport_cpp/dynamixel_workbench_msgs/msg/xl320__type_support.cpp.o[0m
[4.294s] [ 49%] [32mBuilding CXX object CMakeFiles/dynamixel_workbench_msgs__rosidl_typesupport_cpp.dir/rosidl_typesupport_cpp/dynamixel_workbench_msgs/msg/dynamixel_state__type_support.cpp.o[0m
[4.294s] [ 49%] [32mBuilding CXX object CMakeFiles/dynamixel_workbench_msgs__rosidl_typesupport_cpp.dir/rosidl_typesupport_cpp/dynamixel_workbench_msgs/msg/dynamixel_info__type_support.cpp.o[0m
[4.298s] [ 49%] [32mBuilding CXX object CMakeFiles/dynamixel_workbench_msgs__rosidl_typesupport_cpp.dir/rosidl_typesupport_cpp/dynamixel_workbench_msgs/msg/dynamixel_state_list__type_support.cpp.o[0m
[4.566s] [ 50%] [32mBuilding CXX object CMakeFiles/dynamixel_workbench_msgs__rosidl_typesupport_cpp.dir/rosidl_typesupport_cpp/dynamixel_workbench_msgs/msg/dynamixel_load_info__type_support.cpp.o[0m
[4.568s] [ 51%] [32mBuilding CXX object CMakeFiles/dynamixel_workbench_msgs__rosidl_typesupport_cpp.dir/rosidl_typesupport_cpp/dynamixel_workbench_msgs/srv/get_dynamixel_info__type_support.cpp.o[0m
[4.575s] [ 51%] [32mBuilding CXX object CMakeFiles/dynamixel_workbench_msgs__rosidl_typesupport_cpp.dir/rosidl_typesupport_cpp/dynamixel_workbench_msgs/srv/dynamixel_command__type_support.cpp.o[0m
[4.657s] [ 52%] [32mBuilding CXX object CMakeFiles/dynamixel_workbench_msgs__rosidl_typesupport_introspection_cpp.dir/rosidl_typesupport_introspection_cpp/dynamixel_workbench_msgs/msg/detail/mx__type_support.cpp.o[0m
[4.657s] [ 53%] [32mBuilding CXX object CMakeFiles/dynamixel_workbench_msgs__rosidl_typesupport_fastrtps_c.dir/rosidl_typesupport_fastrtps_c/dynamixel_workbench_msgs/msg/detail/mx__type_support_c.cpp.o[0m
[4.657s] [ 53%] [32mBuilding CXX object CMakeFiles/dynamixel_workbench_msgs__rosidl_typesupport_fastrtps_c.dir/rosidl_typesupport_fastrtps_c/dynamixel_workbench_msgs/msg/detail/ex__type_support_c.cpp.o[0m
[4.657s] [ 55%] [32mBuilding CXX object CMakeFiles/dynamixel_workbench_msgs__rosidl_typesupport_introspection_cpp.dir/rosidl_typesupport_introspection_cpp/dynamixel_workbench_msgs/msg/detail/ax__type_support.cpp.o[0m
[4.657s] [ 55%] [32mBuilding CXX object CMakeFiles/dynamixel_workbench_msgs__rosidl_typesupport_fastrtps_c.dir/rosidl_typesupport_fastrtps_c/dynamixel_workbench_msgs/msg/detail/mx2_ext__type_support_c.cpp.o[0m
[4.657s] [ 55%] [32mBuilding CXX object CMakeFiles/dynamixel_workbench_msgs__rosidl_typesupport_introspection_cpp.dir/rosidl_typesupport_introspection_cpp/dynamixel_workbench_msgs/msg/detail/ex__type_support.cpp.o[0m
[4.657s] [ 55%] [32mBuilding CXX object CMakeFiles/dynamixel_workbench_msgs__rosidl_typesupport_fastrtps_c.dir/rosidl_typesupport_fastrtps_c/dynamixel_workbench_msgs/msg/detail/mx_ext__type_support_c.cpp.o[0m
[4.657s] [ 55%] [32mBuilding CXX object CMakeFiles/dynamixel_workbench_msgs__rosidl_typesupport_fastrtps_c.dir/rosidl_typesupport_fastrtps_c/dynamixel_workbench_msgs/msg/detail/ax__type_support_c.cpp.o[0m
[4.658s] [ 56%] [32mBuilding CXX object CMakeFiles/dynamixel_workbench_msgs__rosidl_typesupport_introspection_cpp.dir/rosidl_typesupport_introspection_cpp/dynamixel_workbench_msgs/msg/detail/mx2__type_support.cpp.o[0m
[4.658s] [ 56%] [32mBuilding CXX object CMakeFiles/dynamixel_workbench_msgs__rosidl_typesupport_fastrtps_c.dir/rosidl_typesupport_fastrtps_c/dynamixel_workbench_msgs/msg/detail/pro__type_support_c.cpp.o[0m
[4.658s] [ 56%] [32mBuilding CXX object CMakeFiles/dynamixel_workbench_msgs__rosidl_typesupport_introspection_cpp.dir/rosidl_typesupport_introspection_cpp/dynamixel_workbench_msgs/msg/detail/mx_ext__type_support.cpp.o[0m
[4.658s] [ 57%] [32mBuilding CXX object CMakeFiles/dynamixel_workbench_msgs__rosidl_typesupport_introspection_cpp.dir/rosidl_typesupport_introspection_cpp/dynamixel_workbench_msgs/msg/detail/mx2_ext__type_support.cpp.o[0m
[4.658s] [ 58%] [32mBuilding CXX object CMakeFiles/dynamixel_workbench_msgs__rosidl_typesupport_fastrtps_c.dir/rosidl_typesupport_fastrtps_c/dynamixel_workbench_msgs/msg/detail/mx2__type_support_c.cpp.o[0m
[4.658s] [ 59%] [32mBuilding CXX object CMakeFiles/dynamixel_workbench_msgs__rosidl_typesupport_introspection_cpp.dir/rosidl_typesupport_introspection_cpp/dynamixel_workbench_msgs/msg/detail/pro__type_support.cpp.o[0m
[4.658s] [ 59%] [32mBuilding CXX object CMakeFiles/dynamixel_workbench_msgs__rosidl_typesupport_introspection_cpp.dir/rosidl_typesupport_introspection_cpp/dynamixel_workbench_msgs/msg/detail/pro_ext__type_support.cpp.o[0m
[4.659s] [ 60%] [32mBuilding CXX object CMakeFiles/dynamixel_workbench_msgs__rosidl_typesupport_introspection_cpp.dir/rosidl_typesupport_introspection_cpp/dynamixel_workbench_msgs/msg/detail/rx__type_support.cpp.o[0m
[4.807s] [ 60%] [32mBuilding CXX object CMakeFiles/dynamixel_workbench_msgs__rosidl_typesupport_introspection_cpp.dir/rosidl_typesupport_introspection_cpp/dynamixel_workbench_msgs/msg/detail/xh__type_support.cpp.o[0m
[4.809s] [ 61%] [32mBuilding CXX object CMakeFiles/dynamixel_workbench_msgs__rosidl_typesupport_introspection_cpp.dir/rosidl_typesupport_introspection_cpp/dynamixel_workbench_msgs/msg/detail/xl__type_support.cpp.o[0m
[4.818s] [ 61%] [32m[1mLinking CXX shared library libdynamixel_workbench_msgs__rosidl_typesupport_cpp.so[0m
[4.872s] [ 61%] Built target dynamixel_workbench_msgs__rosidl_typesupport_cpp
[4.889s] [ 61%] [32mBuilding CXX object CMakeFiles/dynamixel_workbench_msgs__rosidl_typesupport_fastrtps_c.dir/rosidl_typesupport_fastrtps_c/dynamixel_workbench_msgs/msg/detail/pro_ext__type_support_c.cpp.o[0m
[5.036s] [ 62%] [32mBuilding CXX object CMakeFiles/dynamixel_workbench_msgs__rosidl_typesupport_introspection_cpp.dir/rosidl_typesupport_introspection_cpp/dynamixel_workbench_msgs/msg/detail/xl320__type_support.cpp.o[0m
[5.040s] [ 63%] [32mBuilding CXX object CMakeFiles/dynamixel_workbench_msgs__rosidl_typesupport_fastrtps_c.dir/rosidl_typesupport_fastrtps_c/dynamixel_workbench_msgs/msg/detail/rx__type_support_c.cpp.o[0m
[5.045s] [ 63%] [32mBuilding CXX object CMakeFiles/dynamixel_workbench_msgs__rosidl_typesupport_introspection_cpp.dir/rosidl_typesupport_introspection_cpp/dynamixel_workbench_msgs/msg/detail/xm__type_support.cpp.o[0m
[5.055s] [ 64%] [32mBuilding CXX object CMakeFiles/dynamixel_workbench_msgs__rosidl_typesupport_introspection_cpp.dir/rosidl_typesupport_introspection_cpp/dynamixel_workbench_msgs/msg/detail/xm_ext__type_support.cpp.o[0m
[5.073s] [ 64%] [32mBuilding CXX object CMakeFiles/dynamixel_workbench_msgs__rosidl_typesupport_introspection_cpp.dir/rosidl_typesupport_introspection_cpp/dynamixel_workbench_msgs/msg/detail/dynamixel_state__type_support.cpp.o[0m
[5.084s] [ 64%] [32mBuilding CXX object CMakeFiles/dynamixel_workbench_msgs__rosidl_typesupport_fastrtps_c.dir/rosidl_typesupport_fastrtps_c/dynamixel_workbench_msgs/msg/detail/xh__type_support_c.cpp.o[0m
[5.088s] [ 65%] [32mBuilding CXX object CMakeFiles/dynamixel_workbench_msgs__rosidl_typesupport_fastrtps_c.dir/rosidl_typesupport_fastrtps_c/dynamixel_workbench_msgs/msg/detail/xl__type_support_c.cpp.o[0m
[5.092s] [ 66%] [32mBuilding CXX object CMakeFiles/dynamixel_workbench_msgs__rosidl_typesupport_introspection_cpp.dir/rosidl_typesupport_introspection_cpp/dynamixel_workbench_msgs/msg/detail/dynamixel_state_list__type_support.cpp.o[0m
[5.104s] [ 66%] [32mBuilding CXX object CMakeFiles/dynamixel_workbench_msgs__rosidl_typesupport_fastrtps_c.dir/rosidl_typesupport_fastrtps_c/dynamixel_workbench_msgs/msg/detail/xl320__type_support_c.cpp.o[0m
[5.112s] [ 67%] [32mBuilding CXX object CMakeFiles/dynamixel_workbench_msgs__rosidl_typesupport_fastrtps_c.dir/rosidl_typesupport_fastrtps_c/dynamixel_workbench_msgs/msg/detail/xm__type_support_c.cpp.o[0m
[5.114s] [ 67%] [32mBuilding CXX object CMakeFiles/dynamixel_workbench_msgs__rosidl_typesupport_introspection_cpp.dir/rosidl_typesupport_introspection_cpp/dynamixel_workbench_msgs/msg/detail/dynamixel_info__type_support.cpp.o[0m
[5.117s] [ 67%] [32mBuilding CXX object CMakeFiles/dynamixel_workbench_msgs__rosidl_typesupport_fastrtps_c.dir/rosidl_typesupport_fastrtps_c/dynamixel_workbench_msgs/msg/detail/xm_ext__type_support_c.cpp.o[0m
[5.128s] [ 68%] [32mBuilding CXX object CMakeFiles/dynamixel_workbench_msgs__rosidl_typesupport_fastrtps_c.dir/rosidl_typesupport_fastrtps_c/dynamixel_workbench_msgs/msg/detail/dynamixel_state__type_support_c.cpp.o[0m
[5.132s] [ 68%] [32mBuilding CXX object CMakeFiles/dynamixel_workbench_msgs__rosidl_typesupport_fastrtps_c.dir/rosidl_typesupport_fastrtps_c/dynamixel_workbench_msgs/msg/detail/dynamixel_info__type_support_c.cpp.o[0m
[5.132s] [ 69%] [32mBuilding CXX object CMakeFiles/dynamixel_workbench_msgs__rosidl_typesupport_fastrtps_c.dir/rosidl_typesupport_fastrtps_c/dynamixel_workbench_msgs/msg/detail/dynamixel_state_list__type_support_c.cpp.o[0m
[5.135s] [ 70%] [32mBuilding CXX object CMakeFiles/dynamixel_workbench_msgs__rosidl_typesupport_introspection_cpp.dir/rosidl_typesupport_introspection_cpp/dynamixel_workbench_msgs/msg/detail/dynamixel_load_info__type_support.cpp.o[0m
[5.213s] [ 71%] [32mBuilding CXX object CMakeFiles/dynamixel_workbench_msgs__rosidl_typesupport_fastrtps_c.dir/rosidl_typesupport_fastrtps_c/dynamixel_workbench_msgs/msg/detail/dynamixel_load_info__type_support_c.cpp.o[0m
[5.219s] [ 71%] [32mBuilding CXX object CMakeFiles/dynamixel_workbench_msgs__rosidl_typesupport_fastrtps_c.dir/rosidl_typesupport_fastrtps_c/dynamixel_workbench_msgs/srv/detail/get_dynamixel_info__type_support_c.cpp.o[0m
[5.253s] [ 71%] [32mBuilding CXX object CMakeFiles/dynamixel_workbench_msgs__rosidl_typesupport_introspection_cpp.dir/rosidl_typesupport_introspection_cpp/dynamixel_workbench_msgs/srv/detail/get_dynamixel_info__type_support.cpp.o[0m
[5.424s] [ 72%] [32mBuilding CXX object CMakeFiles/dynamixel_workbench_msgs__rosidl_typesupport_introspection_cpp.dir/rosidl_typesupport_introspection_cpp/dynamixel_workbench_msgs/srv/detail/dynamixel_command__type_support.cpp.o[0m
[5.436s] [ 73%] [32mBuilding CXX object CMakeFiles/dynamixel_workbench_msgs__rosidl_typesupport_fastrtps_c.dir/rosidl_typesupport_fastrtps_c/dynamixel_workbench_msgs/srv/detail/dynamixel_command__type_support_c.cpp.o[0m
[5.483s] [ 73%] [32mBuilding CXX object CMakeFiles/dynamixel_workbench_msgs__rosidl_typesupport_fastrtps_cpp.dir/rosidl_typesupport_fastrtps_cpp/dynamixel_workbench_msgs/msg/detail/dds_fastrtps/ax__type_support.cpp.o[0m
[5.483s] [ 74%] [32mBuilding CXX object CMakeFiles/dynamixel_workbench_msgs__rosidl_typesupport_fastrtps_cpp.dir/rosidl_typesupport_fastrtps_cpp/dynamixel_workbench_msgs/msg/detail/dds_fastrtps/mx2__type_support.cpp.o[0m
[5.483s] [ 74%] [32mBuilding CXX object CMakeFiles/dynamixel_workbench_msgs__rosidl_typesupport_fastrtps_cpp.dir/rosidl_typesupport_fastrtps_cpp/dynamixel_workbench_msgs/msg/detail/dds_fastrtps/mx__type_support.cpp.o[0m
[5.483s] [ 75%] [32mBuilding CXX object CMakeFiles/dynamixel_workbench_msgs__rosidl_typesupport_fastrtps_cpp.dir/rosidl_typesupport_fastrtps_cpp/dynamixel_workbench_msgs/msg/detail/dds_fastrtps/mx2_ext__type_support.cpp.o[0m
[5.483s] [ 76%] [32mBuilding CXX object CMakeFiles/dynamixel_workbench_msgs__rosidl_typesupport_fastrtps_cpp.dir/rosidl_typesupport_fastrtps_cpp/dynamixel_workbench_msgs/msg/detail/dds_fastrtps/ex__type_support.cpp.o[0m
[5.503s] [ 76%] [32mBuilding CXX object CMakeFiles/dynamixel_workbench_msgs__rosidl_typesupport_fastrtps_cpp.dir/rosidl_typesupport_fastrtps_cpp/dynamixel_workbench_msgs/msg/detail/dds_fastrtps/mx_ext__type_support.cpp.o[0m
[5.511s] [ 77%] [32mBuilding CXX object CMakeFiles/dynamixel_workbench_msgs__rosidl_typesupport_fastrtps_cpp.dir/rosidl_typesupport_fastrtps_cpp/dynamixel_workbench_msgs/msg/detail/dds_fastrtps/pro__type_support.cpp.o[0m
[5.512s] [ 77%] [32mBuilding CXX object CMakeFiles/dynamixel_workbench_msgs__rosidl_typesupport_fastrtps_cpp.dir/rosidl_typesupport_fastrtps_cpp/dynamixel_workbench_msgs/msg/detail/dds_fastrtps/pro_ext__type_support.cpp.o[0m
[5.515s] [ 78%] [32mBuilding CXX object CMakeFiles/dynamixel_workbench_msgs__rosidl_typesupport_fastrtps_cpp.dir/rosidl_typesupport_fastrtps_cpp/dynamixel_workbench_msgs/msg/detail/dds_fastrtps/rx__type_support.cpp.o[0m
[5.515s] [ 78%] [32mBuilding CXX object CMakeFiles/dynamixel_workbench_msgs__rosidl_typesupport_fastrtps_cpp.dir/rosidl_typesupport_fastrtps_cpp/dynamixel_workbench_msgs/msg/detail/dds_fastrtps/xh__type_support.cpp.o[0m
[5.522s] [ 79%] [32mBuilding CXX object CMakeFiles/dynamixel_workbench_msgs__rosidl_typesupport_fastrtps_cpp.dir/rosidl_typesupport_fastrtps_cpp/dynamixel_workbench_msgs/msg/detail/dds_fastrtps/xl__type_support.cpp.o[0m
[5.525s] [ 79%] [32mBuilding CXX object CMakeFiles/dynamixel_workbench_msgs__rosidl_typesupport_fastrtps_cpp.dir/rosidl_typesupport_fastrtps_cpp/dynamixel_workbench_msgs/msg/detail/dds_fastrtps/xl320__type_support.cpp.o[0m
[5.554s] [ 80%] [32mBuilding CXX object CMakeFiles/dynamixel_workbench_msgs__rosidl_typesupport_fastrtps_cpp.dir/rosidl_typesupport_fastrtps_cpp/dynamixel_workbench_msgs/msg/detail/dds_fastrtps/xm__type_support.cpp.o[0m
[5.555s] [ 81%] [32mBuilding CXX object CMakeFiles/dynamixel_workbench_msgs__rosidl_typesupport_fastrtps_cpp.dir/rosidl_typesupport_fastrtps_cpp/dynamixel_workbench_msgs/msg/detail/dds_fastrtps/xm_ext__type_support.cpp.o[0m
[5.557s] [ 81%] [32mBuilding CXX object CMakeFiles/dynamixel_workbench_msgs__rosidl_typesupport_fastrtps_cpp.dir/rosidl_typesupport_fastrtps_cpp/dynamixel_workbench_msgs/msg/detail/dds_fastrtps/dynamixel_state__type_support.cpp.o[0m
[5.576s] [ 82%] [32mBuilding CXX object CMakeFiles/dynamixel_workbench_msgs__rosidl_typesupport_fastrtps_cpp.dir/rosidl_typesupport_fastrtps_cpp/dynamixel_workbench_msgs/msg/detail/dds_fastrtps/dynamixel_state_list__type_support.cpp.o[0m
[5.617s] [ 82%] [32mBuilding CXX object CMakeFiles/dynamixel_workbench_msgs__rosidl_typesupport_fastrtps_cpp.dir/rosidl_typesupport_fastrtps_cpp/dynamixel_workbench_msgs/msg/detail/dds_fastrtps/dynamixel_info__type_support.cpp.o[0m
[5.697s] [ 83%] [32mBuilding CXX object CMakeFiles/dynamixel_workbench_msgs__rosidl_typesupport_fastrtps_cpp.dir/rosidl_typesupport_fastrtps_cpp/dynamixel_workbench_msgs/msg/detail/dds_fastrtps/dynamixel_load_info__type_support.cpp.o[0m
[5.806s] [ 84%] [32m[1mLinking CXX shared library libdynamixel_workbench_msgs__rosidl_typesupport_introspection_cpp.so[0m
[5.809s] [ 84%] [32m[1mLinking CXX shared library libdynamixel_workbench_msgs__rosidl_typesupport_fastrtps_c.so[0m
[5.905s] [ 84%] [32mBuilding CXX object CMakeFiles/dynamixel_workbench_msgs__rosidl_typesupport_fastrtps_cpp.dir/rosidl_typesupport_fastrtps_cpp/dynamixel_workbench_msgs/srv/detail/dds_fastrtps/get_dynamixel_info__type_support.cpp.o[0m
[5.913s] [ 85%] [32mBuilding CXX object CMakeFiles/dynamixel_workbench_msgs__rosidl_typesupport_fastrtps_cpp.dir/rosidl_typesupport_fastrtps_cpp/dynamixel_workbench_msgs/srv/detail/dds_fastrtps/dynamixel_command__type_support.cpp.o[0m
[5.940s] [ 85%] Built target dynamixel_workbench_msgs__rosidl_typesupport_fastrtps_c
[5.960s] [ 85%] Built target dynamixel_workbench_msgs__rosidl_typesupport_introspection_cpp
[6.153s] [ 85%] [32m[1mLinking CXX shared library libdynamixel_workbench_msgs__rosidl_typesupport_fastrtps_cpp.so[0m
[6.207s] [ 85%] Built target dynamixel_workbench_msgs__rosidl_typesupport_fastrtps_cpp
[6.226s] [ 85%] Built target dynamixel_workbench_msgs
[6.244s] [ 86%] [34m[1mGenerating Python code for ROS interfaces[0m
[8.562s] [ 86%] Built target dynamixel_workbench_msgs__py
[8.586s] [ 88%] [32mBuilding C object CMakeFiles/dynamixel_workbench_msgs__rosidl_generator_py.dir/rosidl_generator_py/dynamixel_workbench_msgs/msg/_pro_s.c.o[0m
[8.586s] [ 88%] [32mBuilding C object CMakeFiles/dynamixel_workbench_msgs__rosidl_generator_py.dir/rosidl_generator_py/dynamixel_workbench_msgs/msg/_mx2_s.c.o[0m
[8.586s] [ 88%] [32mBuilding C object CMakeFiles/dynamixel_workbench_msgs__rosidl_generator_py.dir/rosidl_generator_py/dynamixel_workbench_msgs/msg/_mx_ext_s.c.o[0m
[8.587s] [ 87%] [32mBuilding C object CMakeFiles/dynamixel_workbench_msgs__rosidl_generator_py.dir/rosidl_generator_py/dynamixel_workbench_msgs/msg/_mx2_ext_s.c.o[0m
[8.587s] [ 88%] [32mBuilding C object CMakeFiles/dynamixel_workbench_msgs__rosidl_generator_py.dir/rosidl_generator_py/dynamixel_workbench_msgs/msg/_ax_s.c.o[0m
[8.587s] [ 88%] [32mBuilding C object CMakeFiles/dynamixel_workbench_msgs__rosidl_generator_py.dir/rosidl_generator_py/dynamixel_workbench_msgs/msg/_xh_s.c.o[0m
[8.588s] [ 89%] [32mBuilding C object CMakeFiles/dynamixel_workbench_msgs__rosidl_generator_py.dir/rosidl_generator_py/dynamixel_workbench_msgs/msg/_ex_s.c.o[0m
[8.590s] [ 90%] [32mBuilding C object CMakeFiles/dynamixel_workbench_msgs__rosidl_generator_py.dir/rosidl_generator_py/dynamixel_workbench_msgs/msg/_pro_ext_s.c.o[0m
[8.590s] [ 89%] [32mBuilding C object CMakeFiles/dynamixel_workbench_msgs__rosidl_generator_py.dir/rosidl_generator_py/dynamixel_workbench_msgs/msg/_mx_s.c.o[0m
[8.591s] [ 91%] [32mBuilding C object CMakeFiles/dynamixel_workbench_msgs__rosidl_generator_py.dir/rosidl_generator_py/dynamixel_workbench_msgs/msg/_xm_s.c.o[0m
[8.591s] [ 92%] [32mBuilding C object CMakeFiles/dynamixel_workbench_msgs__rosidl_generator_py.dir/rosidl_generator_py/dynamixel_workbench_msgs/msg/_dynamixel_state_s.c.o[0m
[8.591s] [ 94%] [32mBuilding C object CMakeFiles/dynamixel_workbench_msgs__rosidl_generator_py.dir/rosidl_generator_py/dynamixel_workbench_msgs/msg/_dynamixel_info_s.c.o[0m
[8.591s] [ 94%] [32mBuilding C object CMakeFiles/dynamixel_workbench_msgs__rosidl_generator_py.dir/rosidl_generator_py/dynamixel_workbench_msgs/msg/_rx_s.c.o[0m
[8.591s] [ 94%] [32mBuilding C object CMakeFiles/dynamixel_workbench_msgs__rosidl_generator_py.dir/rosidl_generator_py/dynamixel_workbench_msgs/msg/_dynamixel_state_list_s.c.o[0m
[8.591s] [ 94%] [32mBuilding C object CMakeFiles/dynamixel_workbench_msgs__rosidl_generator_py.dir/rosidl_generator_py/dynamixel_workbench_msgs/msg/_dynamixel_load_info_s.c.o[0m
[8.592s] [ 95%] [32mBuilding C object CMakeFiles/dynamixel_workbench_msgs__rosidl_generator_py.dir/rosidl_generator_py/dynamixel_workbench_msgs/srv/_get_dynamixel_info_s.c.o[0m
[8.592s] [ 95%] [32mBuilding C object CMakeFiles/dynamixel_workbench_msgs__rosidl_generator_py.dir/rosidl_generator_py/dynamixel_workbench_msgs/msg/_xm_ext_s.c.o[0m
[8.593s] [ 96%] [32mBuilding C object CMakeFiles/dynamixel_workbench_msgs__rosidl_generator_py.dir/rosidl_generator_py/dynamixel_workbench_msgs/msg/_xl_s.c.o[0m
[8.593s] [ 96%] [32mBuilding C object CMakeFiles/dynamixel_workbench_msgs__rosidl_generator_py.dir/rosidl_generator_py/dynamixel_workbench_msgs/msg/_xl320_s.c.o[0m
[8.593s] [ 97%] [32mBuilding C object CMakeFiles/dynamixel_workbench_msgs__rosidl_generator_py.dir/rosidl_generator_py/dynamixel_workbench_msgs/srv/_dynamixel_command_s.c.o[0m
[8.739s] [ 97%] [32m[1mLinking C shared library rosidl_generator_py/dynamixel_workbench_msgs/libdynamixel_workbench_msgs__rosidl_generator_py.so[0m
[8.775s] [ 97%] Built target dynamixel_workbench_msgs__rosidl_generator_py
[8.791s] [ 98%] [32mBuilding C object CMakeFiles/dynamixel_workbench_msgs__rosidl_typesupport_introspection_c__pyext.dir/rosidl_generator_py/dynamixel_workbench_msgs/_dynamixel_workbench_msgs_s.ep.rosidl_typesupport_introspection_c.c.o[0m
[8.791s] [ 99%] [32mBuilding C object CMakeFiles/dynamixel_workbench_msgs__rosidl_typesupport_c__pyext.dir/rosidl_generator_py/dynamixel_workbench_msgs/_dynamixel_workbench_msgs_s.ep.rosidl_typesupport_c.c.o[0m
[8.791s] [100%] [32mBuilding C object CMakeFiles/dynamixel_workbench_msgs__rosidl_typesupport_fastrtps_c__pyext.dir/rosidl_generator_py/dynamixel_workbench_msgs/_dynamixel_workbench_msgs_s.ep.rosidl_typesupport_fastrtps_c.c.o[0m
[8.886s] [100%] [32m[1mLinking C shared library rosidl_generator_py/dynamixel_workbench_msgs/dynamixel_workbench_msgs_s__rosidl_typesupport_introspection_c.cpython-310-x86_64-linux-gnu.so[0m
[8.886s] [100%] [32m[1mLinking C shared library rosidl_generator_py/dynamixel_workbench_msgs/dynamixel_workbench_msgs_s__rosidl_typesupport_c.cpython-310-x86_64-linux-gnu.so[0m
[8.890s] [100%] [32m[1mLinking C shared library rosidl_generator_py/dynamixel_workbench_msgs/dynamixel_workbench_msgs_s__rosidl_typesupport_fastrtps_c.cpython-310-x86_64-linux-gnu.so[0m
[8.914s] [100%] Built target dynamixel_workbench_msgs__rosidl_typesupport_introspection_c__pyext
[8.915s] [100%] Built target dynamixel_workbench_msgs__rosidl_typesupport_c__pyext
[8.917s] [100%] Built target dynamixel_workbench_msgs__rosidl_typesupport_fastrtps_c__pyext
