[0.332s] Invoking command in '/home/darkdemon/work/motor_control/build/small_arm_moveit_cpp': CMAKE_PREFIX_PATH=/opt/ros/humble /usr/bin/cmake --build /home/darkdemon/work/motor_control/build/small_arm_moveit_cpp -- -j20 -l20
[0.407s] [35m[1mConsolidate compiler generated dependencies of target pose_goal[0m
[0.458s] [  5%] [32mBuilding CXX object CMakeFiles/ee_pose_in_base.dir/src/ee_pose_in_base.cpp.o[0m
[0.496s] [ 15%] Built target eye_hand_pose
[0.497s] [ 25%] [32mBuilding CXX object CMakeFiles/cartesian_path.dir/src/cartesian_path.cpp.o[0m
[0.497s] [ 25%] [32mBuilding CXX object CMakeFiles/joint_goal.dir/src/joint_goal.cpp.o[0m
[0.498s] [ 30%] [32mBuilding CXX object CMakeFiles/tool_move.dir/src/tool_coordinate_move.cpp.o[0m
[0.498s] [ 35%] [32mBuilding CXX object CMakeFiles/gripper_joint_value.dir/src/gripper_joint_value.cpp.o[0m
[0.501s] [ 40%] [32mBuilding CXX object CMakeFiles/pose_goal.dir/src/pose_goal.cpp.o[0m
[0.502s] [ 45%] [32mBuilding CXX object CMakeFiles/named_goal.dir/src/named_goal.cpp.o[0m
[0.503s] [ 50%] [32mBuilding CXX object CMakeFiles/pliz_move.dir/src/pliz_move.cpp.o[0m
[0.503s] [ 55%] [32mBuilding CXX object CMakeFiles/gripper_open.dir/src/gripper_open.cpp.o[0m
[0.505s] [01m[Kcc1plus:[m[K [01;31m[Kfatal error: [m[K/home/darkdemon/work/motor_control/src/tb4_arm_ros2/small_arm_moveit_cpp/src/tool_coordinate_move.cpp: No such file or directory
[0.506s] compilation terminated.
[0.506s] [01m[Kcc1plus:[m[K [01;31m[Kfatal error: [m[K/home/darkdemon/work/motor_control/src/tb4_arm_ros2/small_arm_moveit_cpp/src/cartesian_path.cpp: No such file or directory
[0.506s] compilation terminated.
[0.507s] gmake[2]: *** [CMakeFiles/tool_move.dir/build.make:76: CMakeFiles/tool_move.dir/src/tool_coordinate_move.cpp.o] Error 1
[0.508s] gmake[2]: *** [CMakeFiles/cartesian_path.dir/build.make:76: CMakeFiles/cartesian_path.dir/src/cartesian_path.cpp.o] Error 1
[0.508s] gmake[1]: *** [CMakeFiles/Makefile2:337: CMakeFiles/tool_move.dir/all] Error 2
[0.508s] gmake[1]: *** Waiting for unfinished jobs....
[0.508s] gmake[1]: *** [CMakeFiles/Makefile2:207: CMakeFiles/cartesian_path.dir/all] Error 2
[0.510s] [01m[Kcc1plus:[m[K [01;31m[Kfatal error: [m[K/home/darkdemon/work/motor_control/src/tb4_arm_ros2/small_arm_moveit_cpp/src/pliz_move.cpp: No such file or directory
[0.510s] compilation terminated.
[0.510s] gmake[2]: *** [CMakeFiles/pliz_move.dir/build.make:76: CMakeFiles/pliz_move.dir/src/pliz_move.cpp.o] Error 1
[0.511s] gmake[1]: *** [CMakeFiles/Makefile2:311: CMakeFiles/pliz_move.dir/all] Error 2
[0.512s] [01m[Kcc1plus:[m[K [01;31m[Kfatal error: [m[K/home/darkdemon/work/motor_control/src/tb4_arm_ros2/small_arm_moveit_cpp/src/pose_goal.cpp: No such file or directory
[0.512s] compilation terminated.
[0.512s] gmake[2]: *** [CMakeFiles/pose_goal.dir/build.make:76: CMakeFiles/pose_goal.dir/src/pose_goal.cpp.o] Error 1
[0.513s] gmake[1]: *** [CMakeFiles/Makefile2:155: CMakeFiles/pose_goal.dir/all] Error 2
[0.546s] [ 60%] [32m[1mLinking CXX executable joint_goal[0m
[0.547s] [ 65%] [32m[1mLinking CXX executable gripper_joint_value[0m
[0.668s] [01m[K/home/darkdemon/work/motor_control/src/tb4_arm_ros2/small_arm_moveit_cpp/src/named_goal.cpp:2:17:[m[K [01;31m[Kerror: [m[Kmissing terminating > character
[0.668s]     2 | #include <rclcpp
[0.668s]       |                 [01;31m[K^[m[K
[0.669s] [01m[K/home/darkdemon/work/motor_control/src/tb4_arm_ros2/small_arm_moveit_cpp/src/named_goal.cpp:2:10:[m[K [01;31m[Kfatal error: [m[Krclcpp: No such file or directory
[0.669s]     2 | #include [01;31m[K<[m[Krclcpp
[0.669s]       |          [01;31m[K^[m[K
[0.669s] compilation terminated.
[0.670s] gmake[2]: *** [CMakeFiles/named_goal.dir/build.make:76: CMakeFiles/named_goal.dir/src/named_goal.cpp.o] Error 1
[0.670s] gmake[1]: *** [CMakeFiles/Makefile2:233: CMakeFiles/named_goal.dir/all] Error 2
[6.109s] In file included from [01m[K/opt/ros/humble/include/rclcpp/rclcpp/logging.hpp:24[m[K,
[6.110s]                  from [01m[K/opt/ros/humble/include/rclcpp/rclcpp/client.hpp:40[m[K,
[6.110s]                  from [01m[K/opt/ros/humble/include/rclcpp/rclcpp/callback_group.hpp:24[m[K,
[6.110s]                  from [01m[K/opt/ros/humble/include/rclcpp/rclcpp/any_executable.hpp:20[m[K,
[6.110s]                  from [01m[K/opt/ros/humble/include/rclcpp/rclcpp/memory_strategy.hpp:25[m[K,
[6.110s]                  from [01m[K/opt/ros/humble/include/rclcpp/rclcpp/memory_strategies.hpp:18[m[K,
[6.110s]                  from [01m[K/opt/ros/humble/include/rclcpp/rclcpp/executor_options.hpp:20[m[K,
[6.110s]                  from [01m[K/opt/ros/humble/include/rclcpp/rclcpp/executor.hpp:37[m[K,
[6.110s]                  from [01m[K/opt/ros/humble/include/rclcpp/rclcpp/executors/multi_threaded_executor.hpp:25[m[K,
[6.110s]                  from [01m[K/opt/ros/humble/include/rclcpp/rclcpp/executors.hpp:21[m[K,
[6.110s]                  from [01m[K/opt/ros/humble/include/rclcpp/rclcpp/rclcpp.hpp:155[m[K,
[6.110s]                  from [01m[K/home/darkdemon/work/motor_control/src/tb4_arm_ros2/small_arm_moveit_cpp/src/gripper_open.cpp:2[m[K:
[6.110s] [01m[K/home/darkdemon/work/motor_control/src/tb4_arm_ros2/small_arm_moveit_cpp/src/gripper_open.cpp:[m[K In member function ‘[01m[Kvoid GripperControlNode::gripperCallback(std_msgs::msg::Bool_<std::allocator<void> >::SharedPtr)[m[K’:
[6.110s] [01m[K/home/darkdemon/work/motor_control/src/tb4_arm_ros2/small_arm_moveit_cpp/src/gripper_open.cpp:27:37:[m[K [01;35m[Kwarning: [m[Ktoo many arguments for format [[01;35m[K]8;;https://gcc.gnu.org/onlinedocs/gcc/Warning-Options.html#index-Wformat-extra-args-Wformat-extra-args]8;;[m[K]
[6.110s]    27 |     RCLCPP_INFO(this->get_logger(), [01;35m[K"receive the command"[m[K, action.c_str(), target_value);
[6.110s]       |                                     [01;35m[K^~~~~~~~~~~~~~~~~~~~~[m[K
[10.441s] [ 70%] [32m[1mLinking CXX executable ee_pose_in_base[0m
[11.513s] [ 70%] Built target ee_pose_in_base
[12.094s] /usr/bin/ld: /usr/lib/gcc/x86_64-linux-gnu/11/../../../x86_64-linux-gnu/Scrt1.o: in function `_start':
[12.094s] (.text+0x1b): undefined reference to `main'
[12.098s] collect2: error: ld returned 1 exit status
[12.100s] gmake[2]: *** [CMakeFiles/gripper_joint_value.dir/build.make:355: gripper_joint_value] Error 1
[12.100s] gmake[1]: *** [CMakeFiles/Makefile2:285: CMakeFiles/gripper_joint_value.dir/all] Error 2
[13.062s] /usr/bin/ld: /usr/lib/gcc/x86_64-linux-gnu/11/../../../x86_64-linux-gnu/Scrt1.o: in function `_start':
[13.062s] (.text+0x1b): undefined reference to `main'
[13.065s] collect2: error: ld returned 1 exit status
[13.068s] gmake[2]: *** [CMakeFiles/joint_goal.dir/build.make:355: joint_goal] Error 1
[13.068s] gmake[1]: *** [CMakeFiles/Makefile2:181: CMakeFiles/joint_goal.dir/all] Error 2
[14.650s] [ 75%] [32m[1mLinking CXX executable gripper_open[0m
[15.481s] [ 75%] Built target gripper_open
[15.482s] gmake: *** [Makefile:146: all] Error 2
