[0.270s] Invoking command in '/home/darkdemon/work/motor_control/build/small_arm_moveit_cpp': CMAKE_PREFIX_PATH=${CMAKE_PREFIX_PATH}:/home/darkdemon/work/motor_control/install/python_moveit2:/opt/ros/humble /usr/bin/cmake --build /home/darkdemon/work/motor_control/build/small_arm_moveit_cpp -- -j20 -l20
[0.293s] -- Found ament_cmake: 1.3.11 (/opt/ros/humble/share/ament_cmake/cmake)
[0.446s] -- Override CMake install command with custom implementation using symlinks instead of copying resources
[0.453s] -- Found moveit_ros_planning_interface: 2.5.8 (/opt/ros/humble/share/moveit_ros_planning_interface/cmake)
[0.464s] -- Found Boost: /usr/lib/x86_64-linux-gnu/cmake/Boost-1.74.0/BoostConfig.cmake (found version "1.74.0") found components: date_time filesystem program_options system thread 
[0.492s] -- Found rosidl_generator_c: 3.1.6 (/opt/ros/humble/share/rosidl_generator_c/cmake)
[0.494s] -- Found rosidl_adapter: 3.1.6 (/opt/ros/humble/share/rosidl_adapter/cmake)
[0.499s] -- Found rosidl_generator_cpp: 3.1.6 (/opt/ros/humble/share/rosidl_generator_cpp/cmake)
[0.506s] -- Using all available rosidl_typesupport_c: rosidl_typesupport_fastrtps_c;rosidl_typesupport_introspection_c
[0.529s] -- Using all available rosidl_typesupport_cpp: rosidl_typesupport_fastrtps_cpp;rosidl_typesupport_introspection_cpp
[0.669s] -- Found Boost: /usr/lib/x86_64-linux-gnu/cmake/Boost-1.74.0/BoostConfig.cmake (found version "1.74.0") found components: chrono date_time filesystem iostreams program_options regex serialization system thread 
[0.689s] -- Found parameter_traits: 0.4.0 (/opt/ros/humble/share/parameter_traits/cmake)
[0.709s] -- Found rmw_implementation_cmake: 6.1.2 (/opt/ros/humble/share/rmw_implementation_cmake/cmake)
[0.716s] -- Found rmw_cyclonedds_cpp: 1.3.4 (/opt/ros/humble/share/rmw_cyclonedds_cpp/cmake)
[0.734s] -- Using RMW implementation 'rmw_cyclonedds_cpp' as default
[0.768s] -- Found rclcpp_lifecycle: 16.0.11 (/opt/ros/humble/share/rclcpp_lifecycle/cmake)
[0.785s] -- Found Boost: /usr/lib/x86_64-linux-gnu/cmake/Boost-1.74.0/BoostConfig.cmake (found version "1.74.0") found components: filesystem 
[0.814s] -- library: /usr/lib/x86_64-linux-gnu/libcurl.so
[0.834s] -- Ensuring Eigen3 include directory is part of orocos-kdl CMake target
[0.918s] -- Found Boost: /usr/lib/x86_64-linux-gnu/cmake/Boost-1.74.0/BoostConfig.cmake (found version "1.74.0") found components: system filesystem date_time program_options thread chrono 
[0.938s] -- Found Boost: /usr/lib/x86_64-linux-gnu/cmake/Boost-1.74.0/BoostConfig.cmake (found version "1.74.0") found components: thread system filesystem regex date_time program_options 
[0.958s] -- Found Boost: /usr/lib/x86_64-linux-gnu/cmake/Boost-1.74.0/BoostConfig.cmake (found version "1.74.0") found components: system filesystem date_time program_options thread 
[0.984s] -- Found ament_lint_auto: 0.12.11 (/opt/ros/humble/share/ament_lint_auto/cmake)
[1.042s] -- Added test 'cppcheck' to perform static code analysis on C / C++ code
[1.042s] -- Configured cppcheck include dirs: 
[1.042s] -- Configured cppcheck exclude dirs and/or files: 
[1.042s] -- Added test 'flake8' to check Python code syntax and style conventions
[1.042s] -- Added test 'lint_cmake' to check CMake code style
[1.043s] -- Added test 'pep257' to check Python code against some of the docstring style conventions in PEP 257
[1.043s] -- Added test 'uncrustify' to check C / C++ code style
[1.043s] -- Configured uncrustify additional arguments: 
[1.043s] -- Added test 'xmllint' to check XML markup files
[1.044s] -- Configuring done
[1.152s] -- Generating done
[1.187s] -- Build files have been written to: /home/darkdemon/work/motor_control/build/small_arm_moveit_cpp
[1.230s] [35m[1mConsolidate compiler generated dependencies of target joint_goal[0m
[1.230s] [35m[1mConsolidate compiler generated dependencies of target named_goal[0m
[1.230s] [35m[1mConsolidate compiler generated dependencies of target pose_goal[0m
[1.230s] [35m[1mConsolidate compiler generated dependencies of target gripper_open[0m
[1.230s] [35m[1mConsolidate compiler generated dependencies of target pliz_move[0m
[1.230s] [35m[1mConsolidate compiler generated dependencies of target tool_move[0m
[1.231s] [35m[1mConsolidate compiler generated dependencies of target cartesian_path[0m
[1.231s] [35m[1mConsolidate compiler generated dependencies of target gripper_joint_value[0m
[1.234s] [35m[1mConsolidate compiler generated dependencies of target ee_pose_in_base[0m
[1.234s] [35m[1mConsolidate compiler generated dependencies of target eye_hand_pose[0m
[1.252s] [ 15%] Built target pose_goal
[1.252s] [ 20%] Built target joint_goal
[1.259s] [ 35%] [32mBuilding CXX object CMakeFiles/ee_pose_in_base.dir/src/ee_pose_in_base.cpp.o[0m
[1.261s] [ 35%] Built target named_goal
[1.268s] [ 50%] Built target cartesian_path
[1.268s] [ 55%] Built target pliz_move
[1.268s] [ 65%] Built target gripper_joint_value
[1.268s] [ 75%] Built target gripper_open
[1.272s] [ 85%] Built target tool_move
[1.274s] [ 90%] [32mBuilding CXX object CMakeFiles/eye_hand_pose.dir/src/eye_hand_pose.cpp.o[0m
[5.028s] [01m[K/home/darkdemon/work/motor_control/src/tb4_arm_ros2/small_arm_moveit_cpp/src/eye_hand_pose.cpp:[m[K In function ‘[01m[Kint main(int, char**)[m[K’:
[5.028s] [01m[K/home/darkdemon/work/motor_control/src/tb4_arm_ros2/small_arm_moveit_cpp/src/eye_hand_pose.cpp:107:3:[m[K [01;31m[Kerror: [m[K‘[01m[Krclcp[m[K’ was not declared in this scope; did you mean ‘[01m[Krclcpp[m[K’?
[5.028s]   107 |   [01;31m[Krclcp[m[K p::init(argc, argv);  // 初始化 ROS2 節點
[5.028s]       |   [01;31m[K^~~~~[m[K
[5.028s]       |   [32m[Krclcpp[m[K
[5.028s] [01m[K/home/darkdemon/work/motor_control/src/tb4_arm_ros2/small_arm_moveit_cpp/src/eye_hand_pose.cpp:106:14:[m[K [01;35m[Kwarning: [m[Kunused parameter ‘[01m[Kargc[m[K’ [[01;35m[K]8;;https://gcc.gnu.org/onlinedocs/gcc/Warning-Options.html#index-Wunused-parameter-Wunused-parameter]8;;[m[K]
[5.028s]   106 | int main([01;35m[Kint argc[m[K, char * argv[]) {
[5.028s]       |          [01;35m[K~~~~^~~~[m[K
[5.028s] [01m[K/home/darkdemon/work/motor_control/src/tb4_arm_ros2/small_arm_moveit_cpp/src/eye_hand_pose.cpp:106:27:[m[K [01;35m[Kwarning: [m[Kunused parameter ‘[01m[Kargv[m[K’ [[01;35m[K]8;;https://gcc.gnu.org/onlinedocs/gcc/Warning-Options.html#index-Wunused-parameter-Wunused-parameter]8;;[m[K]
[5.028s]   106 | int main(int argc, [01;35m[Kchar * argv[][m[K) {
[5.029s]       |                    [01;35m[K~~~~~~~^~~~~~[m[K
[7.036s] gmake[2]: *** [CMakeFiles/eye_hand_pose.dir/build.make:76: CMakeFiles/eye_hand_pose.dir/src/eye_hand_pose.cpp.o] Error 1
[7.036s] gmake[1]: *** [CMakeFiles/Makefile2:389: CMakeFiles/eye_hand_pose.dir/all] Error 2
[7.036s] gmake[1]: *** Waiting for unfinished jobs....
[7.723s] [ 95%] [32m[1mLinking CXX executable ee_pose_in_base[0m
[8.344s] [ 95%] Built target ee_pose_in_base
[8.345s] gmake: *** [Makefile:146: all] Error 2
[8.346s] Invoked command in '/home/darkdemon/work/motor_control/build/small_arm_moveit_cpp' returned '2': CMAKE_PREFIX_PATH=${CMAKE_PREFIX_PATH}:/home/darkdemon/work/motor_control/install/python_moveit2:/opt/ros/humble /usr/bin/cmake --build /home/darkdemon/work/motor_control/build/small_arm_moveit_cpp -- -j20 -l20
