[1.190s] Invoking command in '/home/darkdemon/work/motor_control/src/realsense': PYTHONPATH=/home/darkdemon/work/motor_control/build/realsense/prefix_override:/usr/lib/python3/dist-packages/colcon_core/task/python/colcon_distutils_commands:/home/darkdemon/work/motor_control/install/realsense/lib/python3.10/site-packages:${PYTHONPATH} /usr/bin/python3 -W ignore:setup.py install is deprecated -W ignore:easy_install command is deprecated setup.py egg_info --egg-base ../../build/realsense build --build-base /home/darkdemon/work/motor_control/build/realsense/build install --record /home/darkdemon/work/motor_control/build/realsense/install.log --single-version-externally-managed install_data
[1.353s] running egg_info
[1.354s] writing ../../build/realsense/realsense.egg-info/PKG-INFO
[1.354s] writing dependency_links to ../../build/realsense/realsense.egg-info/dependency_links.txt
[1.354s] writing entry points to ../../build/realsense/realsense.egg-info/entry_points.txt
[1.354s] writing requirements to ../../build/realsense/realsense.egg-info/requires.txt
[1.354s] writing top-level names to ../../build/realsense/realsense.egg-info/top_level.txt
[1.355s] reading manifest file '../../build/realsense/realsense.egg-info/SOURCES.txt'
[1.356s] writing manifest file '../../build/realsense/realsense.egg-info/SOURCES.txt'
[1.356s] running build
[1.356s] running build_py
[1.356s] copying realsense/realsense_read.py -> /home/darkdemon/work/motor_control/build/realsense/build/lib/realsense
[1.356s] copying realsense/paddleorc.py -> /home/darkdemon/work/motor_control/build/realsense/build/lib/realsense
[1.356s] running install
[1.356s] running install_lib
[1.357s] copying /home/darkdemon/work/motor_control/build/realsense/build/lib/realsense/realsense_read.py -> /home/darkdemon/work/motor_control/install/realsense/lib/python3.10/site-packages/realsense
[1.357s] copying /home/darkdemon/work/motor_control/build/realsense/build/lib/realsense/paddleorc.py -> /home/darkdemon/work/motor_control/install/realsense/lib/python3.10/site-packages/realsense
[1.357s] byte-compiling /home/darkdemon/work/motor_control/install/realsense/lib/python3.10/site-packages/realsense/realsense_read.py to realsense_read.cpython-310.pyc
[1.358s] byte-compiling /home/darkdemon/work/motor_control/install/realsense/lib/python3.10/site-packages/realsense/paddleorc.py to paddleorc.cpython-310.pyc
[1.359s] running install_data
[1.360s] running install_egg_info
[1.361s] removing '/home/darkdemon/work/motor_control/install/realsense/lib/python3.10/site-packages/realsense-0.0.1-py3.10.egg-info' (and everything under it)
[1.361s] Copying ../../build/realsense/realsense.egg-info to /home/darkdemon/work/motor_control/install/realsense/lib/python3.10/site-packages/realsense-0.0.1-py3.10.egg-info
[1.361s] running install_scripts
[1.379s] Installing box_edge_detect script to /home/darkdemon/work/motor_control/install/realsense/lib/realsense
[1.379s] Installing color_detect script to /home/darkdemon/work/motor_control/install/realsense/lib/realsense
[1.379s] Installing color_range script to /home/darkdemon/work/motor_control/install/realsense/lib/realsense
[1.379s] Installing depth_calculate script to /home/darkdemon/work/motor_control/install/realsense/lib/realsense
[1.379s] Installing paddleorc script to /home/darkdemon/work/motor_control/install/realsense/lib/realsense
[1.379s] Installing realsense_read script to /home/darkdemon/work/motor_control/install/realsense/lib/realsense
[1.380s] Installing visiual script to /home/darkdemon/work/motor_control/install/realsense/lib/realsense
[1.380s] Installing yolo_number_detect script to /home/darkdemon/work/motor_control/install/realsense/lib/realsense
[1.380s] writing list of installed files to '/home/darkdemon/work/motor_control/build/realsense/install.log'
[1.402s] Invoked command in '/home/darkdemon/work/motor_control/src/realsense' returned '0': PYTHONPATH=/home/darkdemon/work/motor_control/build/realsense/prefix_override:/usr/lib/python3/dist-packages/colcon_core/task/python/colcon_distutils_commands:/home/darkdemon/work/motor_control/install/realsense/lib/python3.10/site-packages:${PYTHONPATH} /usr/bin/python3 -W ignore:setup.py install is deprecated -W ignore:easy_install command is deprecated setup.py egg_info --egg-base ../../build/realsense build --build-base /home/darkdemon/work/motor_control/build/realsense/build install --record /home/darkdemon/work/motor_control/build/realsense/install.log --single-version-externally-managed install_data
