[0.350s] Invoking command in '/home/darkdemon/work/motor_control/build/small_arm_moveit_cpp': CMAKE_PREFIX_PATH=/home/darkdemon/work/motor_control/install/small_arm_moveit_cpp:/home/darkdemon/work/motor_control/install/small_arm_moveit_config:/home/darkdemon/work/motor_control/install/small_arm_description:/home/darkdemon/work/motor_control/install/dynamixel_hardware:/home/darkdemon/work/motor_control/install/dynamixel_workbench_msgs:/home/darkdemon/work/motor_control/install/realsense:/home/darkdemon/work/motor_control/install/python_moveit2:/opt/ros/humble:/home/darkdemon/work/motor_control/install/python_moveit_interface:/home/darkdemon/work/motor_control/install/dynamixel_workbench:/home/darkdemon/work/motor_control/install/dynamixel_workbench_toolbox /usr/bin/cmake --build /home/darkdemon/work/motor_control/build/small_arm_moveit_cpp -- -j20 -l20
[0.401s] [35m[1mConsolidate compiler generated dependencies of target auto_pose_goal[0m
[0.403s] [ 16%] Built target ee_pose_in_base
[0.409s] [ 33%] Built target gripper_open
[0.409s] [ 50%] Built target manual_pose_topic
[0.409s] [ 66%] Built target cartesian_path
[0.409s] [ 83%] Built target named_goal
[0.411s] [ 91%] [32mBuilding CXX object CMakeFiles/auto_pose_goal.dir/src/auto_pose_goal.cpp.o[0m
[3.237s] [01m[K/home/darkdemon/work/motor_control/src/tb4_arm_ros2/small_arm_moveit_cpp/src/auto_pose_goal.cpp:[m[K In member function ‘[01m[Kvoid AutoPoseService::pose_callback(geometry_msgs::msg::Pose_<std::allocator<void> >::SharedPtr)[m[K’:
[3.237s] [01m[K/home/darkdemon/work/motor_control/src/tb4_arm_ros2/small_arm_moveit_cpp/src/auto_pose_goal.cpp:77:3:[m[K [01;31m[Kerror: [m[K‘[01m[Klatest_pose_[m[K’ was not declared in this scope
[3.237s]    77 |   [01;31m[Klatest_pose_[m[K = *msg;
[3.237s]       |   [01;31m[K^~~~~~~~~~~~[m[K
[3.243s] [01m[K/home/darkdemon/work/motor_control/src/tb4_arm_ros2/small_arm_moveit_cpp/src/auto_pose_goal.cpp:78:3:[m[K [01;31m[Kerror: [m[K‘[01m[Khas_pose_[m[K’ was not declared in this scope
[3.243s]    78 |   [01;31m[Khas_pose_[m[K = true;
[3.243s]       |   [01;31m[K^~~~~~~~~[m[K
[3.257s] [01m[K/home/darkdemon/work/motor_control/src/tb4_arm_ros2/small_arm_moveit_cpp/src/auto_pose_goal.cpp:[m[K In member function ‘[01m[Kvoid AutoPoseService::handle_service(std::shared_ptr<python_moveit_interface::srv::DetectPose_Request_<std::allocator<void> > >, std::shared_ptr<python_moveit_interface::srv::DetectPose_Response_<std::allocator<void> > >)[m[K’:
[3.257s] [01m[K/home/darkdemon/work/motor_control/src/tb4_arm_ros2/small_arm_moveit_cpp/src/auto_pose_goal.cpp:124:10:[m[K [01;31m[Kerror: [m[K‘[01m[Khas_pose_[m[K’ was not declared in this scope
[3.257s]   124 |     if (![01;31m[Khas_pose_[m[K) {
[3.257s]       |          [01;31m[K^~~~~~~~~[m[K
[3.263s] [01m[K/home/darkdemon/work/motor_control/src/tb4_arm_ros2/small_arm_moveit_cpp/src/auto_pose_goal.cpp:131:44:[m[K [01;31m[Kerror: [m[K‘[01m[Klatest_pose_[m[K’ was not declared in this scope
[3.263s]   131 |     geometry_msgs::msg::Pose target_pose = [01;31m[Klatest_pose_[m[K;
[3.263s]       |                                            [01;31m[K^~~~~~~~~~~~[m[K
[5.896s] gmake[2]: *** [CMakeFiles/auto_pose_goal.dir/build.make:76: CMakeFiles/auto_pose_goal.dir/src/auto_pose_goal.cpp.o] Error 1
[5.896s] gmake[1]: *** [CMakeFiles/Makefile2:199: CMakeFiles/auto_pose_goal.dir/all] Error 2
[5.896s] gmake: *** [Makefile:146: all] Error 2
[5.898s] Invoked command in '/home/darkdemon/work/motor_control/build/small_arm_moveit_cpp' returned '2': CMAKE_PREFIX_PATH=/home/darkdemon/work/motor_control/install/small_arm_moveit_cpp:/home/darkdemon/work/motor_control/install/small_arm_moveit_config:/home/darkdemon/work/motor_control/install/small_arm_description:/home/darkdemon/work/motor_control/install/dynamixel_hardware:/home/darkdemon/work/motor_control/install/dynamixel_workbench_msgs:/home/darkdemon/work/motor_control/install/realsense:/home/darkdemon/work/motor_control/install/python_moveit2:/opt/ros/humble:/home/darkdemon/work/motor_control/install/python_moveit_interface:/home/darkdemon/work/motor_control/install/dynamixel_workbench:/home/darkdemon/work/motor_control/install/dynamixel_workbench_toolbox /usr/bin/cmake --build /home/darkdemon/work/motor_control/build/small_arm_moveit_cpp -- -j20 -l20
