[0.016s] Invoking command in '/home/darkdemon/work/motor_control/build/dynamixel_workbench_msgs': CMAKE_PREFIX_PATH=${CMAKE_PREFIX_PATH}:/opt/ros/humble /usr/bin/cmake /home/darkdemon/work/motor_control/src/dynamixel-workbench-msgs/dynamixel_workbench_msgs -DCMAKE_INSTALL_PREFIX=/home/darkdemon/work/motor_control/install/dynamixel_workbench_msgs
[0.313s] -- The C compiler identification is GNU 11.4.0
[0.313s] -- The CXX compiler identification is GNU 11.4.0
[0.313s] -- Detecting C compiler ABI info
[0.313s] -- Detecting C compiler ABI info - done
[0.313s] -- Check for working C compiler: /usr/bin/cc - skipped
[0.313s] -- Detecting C compile features
[0.313s] -- Detecting C compile features - done
[0.313s] -- Detecting CXX compiler ABI info
[0.313s] -- Detecting CXX compiler ABI info - done
[0.313s] -- Check for working CXX compiler: /usr/bin/c++ - skipped
[0.313s] -- Detecting CXX compile features
[0.314s] -- Detecting CXX compile features - done
[0.314s] -- Found ament_cmake: 1.3.11 (/opt/ros/humble/share/ament_cmake/cmake)
[0.325s] -- Found Python3: /usr/bin/python3 (found version "3.10.12") found components: Interpreter 
[0.396s] -- Found rosidl_default_generators: 1.2.0 (/opt/ros/humble/share/rosidl_default_generators/cmake)
[0.399s] -- Using all available rosidl_typesupport_c: rosidl_typesupport_fastrtps_c;rosidl_typesupport_introspection_c
[0.408s] -- Found rosidl_adapter: 3.1.6 (/opt/ros/humble/share/rosidl_adapter/cmake)
[0.443s] -- Using all available rosidl_typesupport_cpp: rosidl_typesupport_fastrtps_cpp;rosidl_typesupport_introspection_cpp
[0.471s] -- Found std_msgs: 4.8.0 (/opt/ros/humble/share/std_msgs/cmake)
[0.788s] -- Found ament_cmake_cppcheck: 0.12.12 (/opt/ros/humble/share/ament_cmake_cppcheck/cmake)
[0.789s] -- Found ament_cmake_cpplint: 0.12.12 (/opt/ros/humble/share/ament_cmake_cpplint/cmake)
[0.791s] -- Found ament_cmake_uncrustify: 0.12.12 (/opt/ros/humble/share/ament_cmake_uncrustify/cmake)
[0.793s] -- Found ament_cmake_ros: 0.10.0 (/opt/ros/humble/share/ament_cmake_ros/cmake)
[0.961s] -- Using all available rosidl_typesupport_c: rosidl_typesupport_fastrtps_c;rosidl_typesupport_introspection_c
[1.166s] -- Using all available rosidl_typesupport_cpp: rosidl_typesupport_fastrtps_cpp;rosidl_typesupport_introspection_cpp
[1.182s] -- Found PythonInterp: /usr/bin/python3 (found suitable version "3.10.12", minimum required is "3.6") 
[1.184s] -- Found python_cmake_module: 0.10.0 (/opt/ros/humble/share/python_cmake_module/cmake)
[1.200s] -- Found PythonLibs: /usr/lib/x86_64-linux-gnu/libpython3.10.so (found suitable version "3.10.12", minimum required is "3.5") 
[1.200s] -- Using PYTHON_EXECUTABLE: /usr/bin/python3
[1.200s] -- Using PYTHON_INCLUDE_DIRS: /usr/include/python3.10
[1.200s] -- Using PYTHON_LIBRARIES: /usr/lib/x86_64-linux-gnu/libpython3.10.so
[1.219s] -- Found PythonExtra: .so  
[1.349s] -- Using numpy include directory: /usr/local/lib/python3.10/dist-packages/numpy/core/include
[1.356s] -- Found ament_cmake_flake8: 0.12.12 (/opt/ros/humble/share/ament_cmake_flake8/cmake)
[1.357s] -- Found ament_cmake_pep257: 0.12.12 (/opt/ros/humble/share/ament_cmake_pep257/cmake)
[1.362s] -- Configuring done
[1.402s] -- Generating done
[1.411s] -- Build files have been written to: /home/darkdemon/work/motor_control/build/dynamixel_workbench_msgs
[1.418s] Invoked command in '/home/darkdemon/work/motor_control/build/dynamixel_workbench_msgs' returned '0': CMAKE_PREFIX_PATH=${CMAKE_PREFIX_PATH}:/opt/ros/humble /usr/bin/cmake /home/darkdemon/work/motor_control/src/dynamixel-workbench-msgs/dynamixel_workbench_msgs -DCMAKE_INSTALL_PREFIX=/home/darkdemon/work/motor_control/install/dynamixel_workbench_msgs
[1.420s] Invoking command in '/home/darkdemon/work/motor_control/build/dynamixel_workbench_msgs': CMAKE_PREFIX_PATH=${CMAKE_PREFIX_PATH}:/opt/ros/humble /usr/bin/cmake --build /home/darkdemon/work/motor_control/build/dynamixel_workbench_msgs -- -j20 -l20
[1.454s] [  0%] [34m[1mGenerating C code for ROS interfaces[0m
[1.465s] [  0%] [34m[1mGenerating C++ code for ROS interfaces[0m
[1.468s] [  0%] Built target ament_cmake_python_copy_dynamixel_workbench_msgs
[1.687s] running egg_info
[1.687s] creating dynamixel_workbench_msgs.egg-info
[1.687s] writing dynamixel_workbench_msgs.egg-info/PKG-INFO
[1.687s] writing dependency_links to dynamixel_workbench_msgs.egg-info/dependency_links.txt
[1.687s] writing top-level names to dynamixel_workbench_msgs.egg-info/top_level.txt
[1.688s] writing manifest file 'dynamixel_workbench_msgs.egg-info/SOURCES.txt'
[1.688s] reading manifest file 'dynamixel_workbench_msgs.egg-info/SOURCES.txt'
[1.688s] writing manifest file 'dynamixel_workbench_msgs.egg-info/SOURCES.txt'
[1.707s] [  0%] Built target ament_cmake_python_build_dynamixel_workbench_msgs_egg
[3.027s] [  0%] [32mBuilding C object CMakeFiles/dynamixel_workbench_msgs__rosidl_generator_c.dir/rosidl_generator_c/dynamixel_workbench_msgs/msg/detail/ex__functions.c.o[0m
[3.027s] [  1%] [32mBuilding C object CMakeFiles/dynamixel_workbench_msgs__rosidl_generator_c.dir/rosidl_generator_c/dynamixel_workbench_msgs/msg/detail/mx2_ext__functions.c.o[0m
[3.027s] [  0%] [32mBuilding C object CMakeFiles/dynamixel_workbench_msgs__rosidl_generator_c.dir/rosidl_generator_c/dynamixel_workbench_msgs/msg/detail/mx_ext__functions.c.o[0m
[3.028s] [  3%] [32mBuilding C object CMakeFiles/dynamixel_workbench_msgs__rosidl_generator_c.dir/rosidl_generator_c/dynamixel_workbench_msgs/msg/detail/pro__functions.c.o[0m
[3.028s] [  0%] [32mBuilding C object CMakeFiles/dynamixel_workbench_msgs__rosidl_generator_c.dir/rosidl_generator_c/dynamixel_workbench_msgs/msg/detail/mx2__functions.c.o[0m
[3.028s] [  4%] [32mBuilding C object CMakeFiles/dynamixel_workbench_msgs__rosidl_generator_c.dir/rosidl_generator_c/dynamixel_workbench_msgs/msg/detail/ax__functions.c.o[0m
[3.029s] [  4%] [32mBuilding C object CMakeFiles/dynamixel_workbench_msgs__rosidl_generator_c.dir/rosidl_generator_c/dynamixel_workbench_msgs/msg/detail/mx__functions.c.o[0m
[3.034s] [  5%] [32mBuilding C object CMakeFiles/dynamixel_workbench_msgs__rosidl_generator_c.dir/rosidl_generator_c/dynamixel_workbench_msgs/msg/detail/rx__functions.c.o[0m
[3.035s] [  6%] [32mBuilding C object CMakeFiles/dynamixel_workbench_msgs__rosidl_generator_c.dir/rosidl_generator_c/dynamixel_workbench_msgs/msg/detail/xh__functions.c.o[0m
[3.035s] [  6%] [32mBuilding C object CMakeFiles/dynamixel_workbench_msgs__rosidl_generator_c.dir/rosidl_generator_c/dynamixel_workbench_msgs/msg/detail/xl__functions.c.o[0m
[3.036s] [  7%] [32mBuilding C object CMakeFiles/dynamixel_workbench_msgs__rosidl_generator_c.dir/rosidl_generator_c/dynamixel_workbench_msgs/msg/detail/xm_ext__functions.c.o[0m
[3.039s] [  7%] [32mBuilding C object CMakeFiles/dynamixel_workbench_msgs__rosidl_generator_c.dir/rosidl_generator_c/dynamixel_workbench_msgs/msg/detail/xm__functions.c.o[0m
[3.039s] [  5%] [32mBuilding C object CMakeFiles/dynamixel_workbench_msgs__rosidl_generator_c.dir/rosidl_generator_c/dynamixel_workbench_msgs/msg/detail/pro_ext__functions.c.o[0m
[3.039s] [  8%] [32mBuilding C object CMakeFiles/dynamixel_workbench_msgs__rosidl_generator_c.dir/rosidl_generator_c/dynamixel_workbench_msgs/msg/detail/xl320__functions.c.o[0m
[3.054s] [  8%] [32mBuilding C object CMakeFiles/dynamixel_workbench_msgs__rosidl_generator_c.dir/rosidl_generator_c/dynamixel_workbench_msgs/msg/detail/dynamixel_state__functions.c.o[0m
[3.093s] [  8%] [32mBuilding C object CMakeFiles/dynamixel_workbench_msgs__rosidl_generator_c.dir/rosidl_generator_c/dynamixel_workbench_msgs/msg/detail/dynamixel_info__functions.c.o[0m
[3.093s] [  9%] [32mBuilding C object CMakeFiles/dynamixel_workbench_msgs__rosidl_generator_c.dir/rosidl_generator_c/dynamixel_workbench_msgs/msg/detail/dynamixel_state_list__functions.c.o[0m
[3.093s] [ 10%] [32mBuilding C object CMakeFiles/dynamixel_workbench_msgs__rosidl_generator_c.dir/rosidl_generator_c/dynamixel_workbench_msgs/srv/detail/get_dynamixel_info__functions.c.o[0m
[3.093s] [ 11%] [32mBuilding C object CMakeFiles/dynamixel_workbench_msgs__rosidl_generator_c.dir/rosidl_generator_c/dynamixel_workbench_msgs/msg/detail/dynamixel_load_info__functions.c.o[0m
[3.101s] [ 11%] [32mBuilding C object CMakeFiles/dynamixel_workbench_msgs__rosidl_generator_c.dir/rosidl_generator_c/dynamixel_workbench_msgs/srv/detail/dynamixel_command__functions.c.o[0m
[3.183s] [ 12%] [32m[1mLinking C shared library libdynamixel_workbench_msgs__rosidl_generator_c.so[0m
[3.228s] [ 12%] Built target dynamixel_workbench_msgs__rosidl_generator_c
[3.237s] [ 13%] [34m[1mGenerating C type support for eProsima Fast-RTPS[0m
[3.240s] [ 14%] [34m[1mGenerating C type support dispatch for ROS interfaces[0m
[3.241s] [ 15%] [34m[1mGenerating C introspection for ROS interfaces[0m
[3.991s] [ 15%] Built target dynamixel_workbench_msgs__cpp
[4.001s] [ 16%] [34m[1mGenerating C++ type support dispatch for ROS interfaces[0m
[4.001s] [ 18%] [34m[1mGenerating C++ introspection for ROS interfaces[0m
[4.001s] [ 18%] [34m[1mGenerating C++ type support for eProsima Fast-RTPS[0m
[4.358s] [ 21%] [32mBuilding C object CMakeFiles/dynamixel_workbench_msgs__rosidl_typesupport_introspection_c.dir/rosidl_typesupport_introspection_c/dynamixel_workbench_msgs/msg/detail/ax__type_support.c.o[0m
[4.358s] [ 21%] [32mBuilding C object CMakeFiles/dynamixel_workbench_msgs__rosidl_typesupport_introspection_c.dir/rosidl_typesupport_introspection_c/dynamixel_workbench_msgs/msg/detail/mx2_ext__type_support.c.o[0m
[4.358s] [ 21%] [32mBuilding C object CMakeFiles/dynamixel_workbench_msgs__rosidl_typesupport_introspection_c.dir/rosidl_typesupport_introspection_c/dynamixel_workbench_msgs/msg/detail/mx__type_support.c.o[0m
[4.359s] [ 21%] [32mBuilding C object CMakeFiles/dynamixel_workbench_msgs__rosidl_typesupport_introspection_c.dir/rosidl_typesupport_introspection_c/dynamixel_workbench_msgs/msg/detail/ex__type_support.c.o[0m
[4.359s] [ 21%] [32mBuilding C object CMakeFiles/dynamixel_workbench_msgs__rosidl_typesupport_introspection_c.dir/rosidl_typesupport_introspection_c/dynamixel_workbench_msgs/msg/detail/mx2__type_support.c.o[0m
[4.359s] [ 23%] [32mBuilding C object CMakeFiles/dynamixel_workbench_msgs__rosidl_typesupport_introspection_c.dir/rosidl_typesupport_introspection_c/dynamixel_workbench_msgs/msg/detail/rx__type_support.c.o[0m
[4.359s] [ 23%] [32mBuilding C object CMakeFiles/dynamixel_workbench_msgs__rosidl_typesupport_introspection_c.dir/rosidl_typesupport_introspection_c/dynamixel_workbench_msgs/msg/detail/xl__type_support.c.o[0m
[4.359s] [ 23%] [32mBuilding C object CMakeFiles/dynamixel_workbench_msgs__rosidl_typesupport_introspection_c.dir/rosidl_typesupport_introspection_c/dynamixel_workbench_msgs/msg/detail/pro_ext__type_support.c.o[0m
[4.359s] [ 24%] [32mBuilding C object CMakeFiles/dynamixel_workbench_msgs__rosidl_typesupport_introspection_c.dir/rosidl_typesupport_introspection_c/dynamixel_workbench_msgs/msg/detail/pro__type_support.c.o[0m
[4.360s] [ 24%] [32mBuilding C object CMakeFiles/dynamixel_workbench_msgs__rosidl_typesupport_introspection_c.dir/rosidl_typesupport_introspection_c/dynamixel_workbench_msgs/msg/detail/mx_ext__type_support.c.o[0m
[4.363s] [ 24%] [32mBuilding C object CMakeFiles/dynamixel_workbench_msgs__rosidl_typesupport_introspection_c.dir/rosidl_typesupport_introspection_c/dynamixel_workbench_msgs/msg/detail/xl320__type_support.c.o[0m
[4.363s] [ 24%] [32mBuilding C object CMakeFiles/dynamixel_workbench_msgs__rosidl_typesupport_introspection_c.dir/rosidl_typesupport_introspection_c/dynamixel_workbench_msgs/msg/detail/xh__type_support.c.o[0m
[4.366s] [ 25%] [32mBuilding C object CMakeFiles/dynamixel_workbench_msgs__rosidl_typesupport_introspection_c.dir/rosidl_typesupport_introspection_c/dynamixel_workbench_msgs/msg/detail/xm__type_support.c.o[0m
[4.383s] [ 25%] [32mBuilding C object CMakeFiles/dynamixel_workbench_msgs__rosidl_typesupport_introspection_c.dir/rosidl_typesupport_introspection_c/dynamixel_workbench_msgs/msg/detail/dynamixel_state__type_support.c.o[0m
[4.388s] [ 26%] [32mBuilding C object CMakeFiles/dynamixel_workbench_msgs__rosidl_typesupport_introspection_c.dir/rosidl_typesupport_introspection_c/dynamixel_workbench_msgs/msg/detail/xm_ext__type_support.c.o[0m
[4.396s] [ 27%] [32mBuilding C object CMakeFiles/dynamixel_workbench_msgs__rosidl_typesupport_introspection_c.dir/rosidl_typesupport_introspection_c/dynamixel_workbench_msgs/msg/detail/dynamixel_state_list__type_support.c.o[0m
[4.402s] [ 27%] [32mBuilding C object CMakeFiles/dynamixel_workbench_msgs__rosidl_typesupport_introspection_c.dir/rosidl_typesupport_introspection_c/dynamixel_workbench_msgs/srv/detail/get_dynamixel_info__type_support.c.o[0m
[4.407s] [ 28%] [32mBuilding C object CMakeFiles/dynamixel_workbench_msgs__rosidl_typesupport_introspection_c.dir/rosidl_typesupport_introspection_c/dynamixel_workbench_msgs/srv/detail/dynamixel_command__type_support.c.o[0m
[4.407s] [ 29%] [32mBuilding C object CMakeFiles/dynamixel_workbench_msgs__rosidl_typesupport_introspection_c.dir/rosidl_typesupport_introspection_c/dynamixel_workbench_msgs/msg/detail/dynamixel_load_info__type_support.c.o[0m
[4.407s] [ 29%] [32mBuilding C object CMakeFiles/dynamixel_workbench_msgs__rosidl_typesupport_introspection_c.dir/rosidl_typesupport_introspection_c/dynamixel_workbench_msgs/msg/detail/dynamixel_info__type_support.c.o[0m
[4.440s] [ 29%] [32m[1mLinking C shared library libdynamixel_workbench_msgs__rosidl_typesupport_introspection_c.so[0m
[4.476s] [ 29%] Built target dynamixel_workbench_msgs__rosidl_typesupport_introspection_c
[4.650s] [ 29%] [32mBuilding CXX object CMakeFiles/dynamixel_workbench_msgs__rosidl_typesupport_fastrtps_c.dir/rosidl_typesupport_fastrtps_c/dynamixel_workbench_msgs/msg/detail/ax__type_support_c.cpp.o[0m
[4.652s] [ 30%] [32mBuilding CXX object CMakeFiles/dynamixel_workbench_msgs__rosidl_typesupport_fastrtps_c.dir/rosidl_typesupport_fastrtps_c/dynamixel_workbench_msgs/msg/detail/pro__type_support_c.cpp.o[0m
[4.652s] [ 30%] [32mBuilding CXX object CMakeFiles/dynamixel_workbench_msgs__rosidl_typesupport_fastrtps_c.dir/rosidl_typesupport_fastrtps_c/dynamixel_workbench_msgs/msg/detail/xh__type_support_c.cpp.o[0m
[4.652s] [ 32%] [32mBuilding CXX object CMakeFiles/dynamixel_workbench_msgs__rosidl_typesupport_fastrtps_c.dir/rosidl_typesupport_fastrtps_c/dynamixel_workbench_msgs/msg/detail/mx__type_support_c.cpp.o[0m
[4.652s] [ 32%] [32mBuilding CXX object CMakeFiles/dynamixel_workbench_msgs__rosidl_typesupport_fastrtps_c.dir/rosidl_typesupport_fastrtps_c/dynamixel_workbench_msgs/msg/detail/ex__type_support_c.cpp.o[0m
[4.652s] [ 32%] [32mBuilding CXX object CMakeFiles/dynamixel_workbench_msgs__rosidl_typesupport_fastrtps_c.dir/rosidl_typesupport_fastrtps_c/dynamixel_workbench_msgs/msg/detail/mx_ext__type_support_c.cpp.o[0m
[4.652s] [ 32%] [32mBuilding CXX object CMakeFiles/dynamixel_workbench_msgs__rosidl_typesupport_fastrtps_c.dir/rosidl_typesupport_fastrtps_c/dynamixel_workbench_msgs/msg/detail/mx2_ext__type_support_c.cpp.o[0m
[4.652s] [ 33%] [32mBuilding CXX object CMakeFiles/dynamixel_workbench_msgs__rosidl_typesupport_fastrtps_c.dir/rosidl_typesupport_fastrtps_c/dynamixel_workbench_msgs/msg/detail/rx__type_support_c.cpp.o[0m
[4.655s] [ 34%] [32mBuilding CXX object CMakeFiles/dynamixel_workbench_msgs__rosidl_typesupport_fastrtps_c.dir/rosidl_typesupport_fastrtps_c/dynamixel_workbench_msgs/msg/detail/mx2__type_support_c.cpp.o[0m
[4.658s] [ 34%] [32mBuilding CXX object CMakeFiles/dynamixel_workbench_msgs__rosidl_typesupport_fastrtps_c.dir/rosidl_typesupport_fastrtps_c/dynamixel_workbench_msgs/msg/detail/pro_ext__type_support_c.cpp.o[0m
[4.658s] [ 35%] [32mBuilding CXX object CMakeFiles/dynamixel_workbench_msgs__rosidl_typesupport_fastrtps_c.dir/rosidl_typesupport_fastrtps_c/dynamixel_workbench_msgs/msg/detail/xl__type_support_c.cpp.o[0m
[4.659s] [ 35%] [32mBuilding CXX object CMakeFiles/dynamixel_workbench_msgs__rosidl_typesupport_fastrtps_c.dir/rosidl_typesupport_fastrtps_c/dynamixel_workbench_msgs/msg/detail/xl320__type_support_c.cpp.o[0m
[4.660s] [ 36%] [32mBuilding CXX object CMakeFiles/dynamixel_workbench_msgs__rosidl_typesupport_fastrtps_c.dir/rosidl_typesupport_fastrtps_c/dynamixel_workbench_msgs/msg/detail/xm__type_support_c.cpp.o[0m
[4.670s] [ 36%] [32mBuilding CXX object CMakeFiles/dynamixel_workbench_msgs__rosidl_typesupport_fastrtps_c.dir/rosidl_typesupport_fastrtps_c/dynamixel_workbench_msgs/msg/detail/xm_ext__type_support_c.cpp.o[0m
[4.679s] [ 38%] [32mBuilding CXX object CMakeFiles/dynamixel_workbench_msgs__rosidl_typesupport_fastrtps_c.dir/rosidl_typesupport_fastrtps_c/dynamixel_workbench_msgs/msg/detail/dynamixel_state_list__type_support_c.cpp.o[0m
[4.687s] [ 38%] [32mBuilding CXX object CMakeFiles/dynamixel_workbench_msgs__rosidl_typesupport_fastrtps_c.dir/rosidl_typesupport_fastrtps_c/dynamixel_workbench_msgs/msg/detail/dynamixel_state__type_support_c.cpp.o[0m
[5.050s] [ 38%] [32mBuilding CXX object CMakeFiles/dynamixel_workbench_msgs__rosidl_typesupport_fastrtps_c.dir/rosidl_typesupport_fastrtps_c/dynamixel_workbench_msgs/msg/detail/dynamixel_info__type_support_c.cpp.o[0m
[5.058s] [ 39%] [32mBuilding CXX object CMakeFiles/dynamixel_workbench_msgs__rosidl_typesupport_fastrtps_c.dir/rosidl_typesupport_fastrtps_c/dynamixel_workbench_msgs/msg/detail/dynamixel_load_info__type_support_c.cpp.o[0m
[5.060s] [ 39%] [32mBuilding CXX object CMakeFiles/dynamixel_workbench_msgs__rosidl_typesupport_fastrtps_c.dir/rosidl_typesupport_fastrtps_c/dynamixel_workbench_msgs/srv/detail/get_dynamixel_info__type_support_c.cpp.o[0m
[5.072s] [ 40%] [32mBuilding CXX object CMakeFiles/dynamixel_workbench_msgs__rosidl_typesupport_fastrtps_c.dir/rosidl_typesupport_fastrtps_c/dynamixel_workbench_msgs/srv/detail/dynamixel_command__type_support_c.cpp.o[0m
[5.095s] [ 40%] [32mBuilding CXX object CMakeFiles/dynamixel_workbench_msgs__rosidl_typesupport_c.dir/rosidl_typesupport_c/dynamixel_workbench_msgs/msg/ax__type_support.cpp.o[0m
[5.100s] [ 41%] [32mBuilding CXX object CMakeFiles/dynamixel_workbench_msgs__rosidl_typesupport_c.dir/rosidl_typesupport_c/dynamixel_workbench_msgs/msg/mx2__type_support.cpp.o[0m
[5.101s] [ 42%] [32mBuilding CXX object CMakeFiles/dynamixel_workbench_msgs__rosidl_typesupport_c.dir/rosidl_typesupport_c/dynamixel_workbench_msgs/msg/ex__type_support.cpp.o[0m
[5.107s] [ 42%] [32mBuilding CXX object CMakeFiles/dynamixel_workbench_msgs__rosidl_typesupport_c.dir/rosidl_typesupport_c/dynamixel_workbench_msgs/msg/mx__type_support.cpp.o[0m
[5.117s] [ 42%] [32mBuilding CXX object CMakeFiles/dynamixel_workbench_msgs__rosidl_typesupport_c.dir/rosidl_typesupport_c/dynamixel_workbench_msgs/msg/mx2_ext__type_support.cpp.o[0m
[5.145s] [ 43%] [32mBuilding CXX object CMakeFiles/dynamixel_workbench_msgs__rosidl_typesupport_c.dir/rosidl_typesupport_c/dynamixel_workbench_msgs/msg/mx_ext__type_support.cpp.o[0m
[5.155s] [ 43%] [32mBuilding CXX object CMakeFiles/dynamixel_workbench_msgs__rosidl_typesupport_c.dir/rosidl_typesupport_c/dynamixel_workbench_msgs/msg/xh__type_support.cpp.o[0m
[5.157s] [ 44%] [32mBuilding CXX object CMakeFiles/dynamixel_workbench_msgs__rosidl_typesupport_c.dir/rosidl_typesupport_c/dynamixel_workbench_msgs/msg/rx__type_support.cpp.o[0m
[5.157s] [ 44%] [32mBuilding CXX object CMakeFiles/dynamixel_workbench_msgs__rosidl_typesupport_c.dir/rosidl_typesupport_c/dynamixel_workbench_msgs/msg/pro__type_support.cpp.o[0m
[5.160s] [ 45%] [32mBuilding CXX object CMakeFiles/dynamixel_workbench_msgs__rosidl_typesupport_c.dir/rosidl_typesupport_c/dynamixel_workbench_msgs/msg/pro_ext__type_support.cpp.o[0m
[5.168s] [ 45%] [32mBuilding CXX object CMakeFiles/dynamixel_workbench_msgs__rosidl_typesupport_c.dir/rosidl_typesupport_c/dynamixel_workbench_msgs/msg/xl320__type_support.cpp.o[0m
[5.170s] [ 46%] [32mBuilding CXX object CMakeFiles/dynamixel_workbench_msgs__rosidl_typesupport_c.dir/rosidl_typesupport_c/dynamixel_workbench_msgs/msg/xl__type_support.cpp.o[0m
[5.195s] [ 47%] [32mBuilding CXX object CMakeFiles/dynamixel_workbench_msgs__rosidl_typesupport_c.dir/rosidl_typesupport_c/dynamixel_workbench_msgs/msg/xm__type_support.cpp.o[0m
[5.195s] [ 48%] [32mBuilding CXX object CMakeFiles/dynamixel_workbench_msgs__rosidl_typesupport_c.dir/rosidl_typesupport_c/dynamixel_workbench_msgs/msg/dynamixel_state__type_support.cpp.o[0m
[5.207s] [ 48%] [32mBuilding CXX object CMakeFiles/dynamixel_workbench_msgs__rosidl_typesupport_c.dir/rosidl_typesupport_c/dynamixel_workbench_msgs/msg/xm_ext__type_support.cpp.o[0m
[5.207s] [ 49%] [32mBuilding CXX object CMakeFiles/dynamixel_workbench_msgs__rosidl_typesupport_c.dir/rosidl_typesupport_c/dynamixel_workbench_msgs/msg/dynamixel_info__type_support.cpp.o[0m
[5.207s] [ 49%] [32mBuilding CXX object CMakeFiles/dynamixel_workbench_msgs__rosidl_typesupport_c.dir/rosidl_typesupport_c/dynamixel_workbench_msgs/msg/dynamixel_state_list__type_support.cpp.o[0m
[5.208s] [ 49%] [32mBuilding CXX object CMakeFiles/dynamixel_workbench_msgs__rosidl_typesupport_c.dir/rosidl_typesupport_c/dynamixel_workbench_msgs/msg/dynamixel_load_info__type_support.cpp.o[0m
[5.214s] [ 50%] [32mBuilding CXX object CMakeFiles/dynamixel_workbench_msgs__rosidl_typesupport_c.dir/rosidl_typesupport_c/dynamixel_workbench_msgs/srv/get_dynamixel_info__type_support.cpp.o[0m
[5.221s] [ 51%] [32mBuilding CXX object CMakeFiles/dynamixel_workbench_msgs__rosidl_typesupport_c.dir/rosidl_typesupport_c/dynamixel_workbench_msgs/srv/dynamixel_command__type_support.cpp.o[0m
[5.250s] [ 51%] [32m[1mLinking CXX shared library libdynamixel_workbench_msgs__rosidl_typesupport_c.so[0m
[5.292s] [ 51%] Built target dynamixel_workbench_msgs__rosidl_typesupport_c
[5.389s] [ 52%] [32mBuilding CXX object CMakeFiles/dynamixel_workbench_msgs__rosidl_typesupport_cpp.dir/rosidl_typesupport_cpp/dynamixel_workbench_msgs/msg/mx2_ext__type_support.cpp.o[0m
[5.390s] [ 52%] [32mBuilding CXX object CMakeFiles/dynamixel_workbench_msgs__rosidl_typesupport_cpp.dir/rosidl_typesupport_cpp/dynamixel_workbench_msgs/msg/mx_ext__type_support.cpp.o[0m
[5.390s] [ 52%] [32mBuilding CXX object CMakeFiles/dynamixel_workbench_msgs__rosidl_typesupport_cpp.dir/rosidl_typesupport_cpp/dynamixel_workbench_msgs/msg/mx__type_support.cpp.o[0m
[5.390s] [ 53%] [32mBuilding CXX object CMakeFiles/dynamixel_workbench_msgs__rosidl_typesupport_cpp.dir/rosidl_typesupport_cpp/dynamixel_workbench_msgs/msg/mx2__type_support.cpp.o[0m
[5.390s] [ 53%] [32mBuilding CXX object CMakeFiles/dynamixel_workbench_msgs__rosidl_typesupport_cpp.dir/rosidl_typesupport_cpp/dynamixel_workbench_msgs/msg/xh__type_support.cpp.o[0m
[5.390s] [ 52%] [32mBuilding CXX object CMakeFiles/dynamixel_workbench_msgs__rosidl_typesupport_cpp.dir/rosidl_typesupport_cpp/dynamixel_workbench_msgs/msg/ax__type_support.cpp.o[0m
[5.390s] [ 54%] [32mBuilding CXX object CMakeFiles/dynamixel_workbench_msgs__rosidl_typesupport_cpp.dir/rosidl_typesupport_cpp/dynamixel_workbench_msgs/msg/ex__type_support.cpp.o[0m
[5.390s] [ 55%] [32mBuilding CXX object CMakeFiles/dynamixel_workbench_msgs__rosidl_typesupport_cpp.dir/rosidl_typesupport_cpp/dynamixel_workbench_msgs/msg/pro_ext__type_support.cpp.o[0m
[5.390s] [ 55%] [32mBuilding CXX object CMakeFiles/dynamixel_workbench_msgs__rosidl_typesupport_cpp.dir/rosidl_typesupport_cpp/dynamixel_workbench_msgs/msg/xm__type_support.cpp.o[0m
[5.395s] [ 55%] [32mBuilding CXX object CMakeFiles/dynamixel_workbench_msgs__rosidl_typesupport_cpp.dir/rosidl_typesupport_cpp/dynamixel_workbench_msgs/msg/xl320__type_support.cpp.o[0m
[5.395s] [ 55%] [32mBuilding CXX object CMakeFiles/dynamixel_workbench_msgs__rosidl_typesupport_cpp.dir/rosidl_typesupport_cpp/dynamixel_workbench_msgs/msg/xm_ext__type_support.cpp.o[0m
[5.395s] [ 57%] [32mBuilding CXX object CMakeFiles/dynamixel_workbench_msgs__rosidl_typesupport_cpp.dir/rosidl_typesupport_cpp/dynamixel_workbench_msgs/msg/pro__type_support.cpp.o[0m
[5.395s] [ 56%] [32mBuilding CXX object CMakeFiles/dynamixel_workbench_msgs__rosidl_typesupport_cpp.dir/rosidl_typesupport_cpp/dynamixel_workbench_msgs/msg/xl__type_support.cpp.o[0m
[5.395s] [ 58%] [32mBuilding CXX object CMakeFiles/dynamixel_workbench_msgs__rosidl_typesupport_cpp.dir/rosidl_typesupport_cpp/dynamixel_workbench_msgs/msg/rx__type_support.cpp.o[0m
[5.395s] [ 58%] [32mBuilding CXX object CMakeFiles/dynamixel_workbench_msgs__rosidl_typesupport_cpp.dir/rosidl_typesupport_cpp/dynamixel_workbench_msgs/msg/dynamixel_state_list__type_support.cpp.o[0m
[5.396s] [ 59%] [32mBuilding CXX object CMakeFiles/dynamixel_workbench_msgs__rosidl_typesupport_cpp.dir/rosidl_typesupport_cpp/dynamixel_workbench_msgs/msg/dynamixel_state__type_support.cpp.o[0m
[5.441s] [ 60%] [32mBuilding CXX object CMakeFiles/dynamixel_workbench_msgs__rosidl_typesupport_cpp.dir/rosidl_typesupport_cpp/dynamixel_workbench_msgs/msg/dynamixel_info__type_support.cpp.o[0m
[5.477s] [ 60%] [32m[1mLinking CXX shared library libdynamixel_workbench_msgs__rosidl_typesupport_fastrtps_c.so[0m
[5.688s] [ 61%] [32mBuilding CXX object CMakeFiles/dynamixel_workbench_msgs__rosidl_typesupport_cpp.dir/rosidl_typesupport_cpp/dynamixel_workbench_msgs/msg/dynamixel_load_info__type_support.cpp.o[0m
[5.696s] [ 61%] [32mBuilding CXX object CMakeFiles/dynamixel_workbench_msgs__rosidl_typesupport_cpp.dir/rosidl_typesupport_cpp/dynamixel_workbench_msgs/srv/get_dynamixel_info__type_support.cpp.o[0m
[5.702s] [ 62%] [32mBuilding CXX object CMakeFiles/dynamixel_workbench_msgs__rosidl_typesupport_cpp.dir/rosidl_typesupport_cpp/dynamixel_workbench_msgs/srv/dynamixel_command__type_support.cpp.o[0m
[5.709s] [ 62%] Built target dynamixel_workbench_msgs__rosidl_typesupport_fastrtps_c
[5.773s] [ 63%] [32mBuilding CXX object CMakeFiles/dynamixel_workbench_msgs__rosidl_typesupport_introspection_cpp.dir/rosidl_typesupport_introspection_cpp/dynamixel_workbench_msgs/msg/detail/ax__type_support.cpp.o[0m
[5.774s] [ 66%] [32mBuilding CXX object CMakeFiles/dynamixel_workbench_msgs__rosidl_typesupport_introspection_cpp.dir/rosidl_typesupport_introspection_cpp/dynamixel_workbench_msgs/msg/detail/rx__type_support.cpp.o[0m
[5.774s] [ 63%] [32mBuilding CXX object CMakeFiles/dynamixel_workbench_msgs__rosidl_typesupport_introspection_cpp.dir/rosidl_typesupport_introspection_cpp/dynamixel_workbench_msgs/msg/detail/mx2__type_support.cpp.o[0m
[5.774s] [ 63%] [32mBuilding CXX object CMakeFiles/dynamixel_workbench_msgs__rosidl_typesupport_introspection_cpp.dir/rosidl_typesupport_introspection_cpp/dynamixel_workbench_msgs/msg/detail/mx_ext__type_support.cpp.o[0m
[5.774s] [ 63%] [32mBuilding CXX object CMakeFiles/dynamixel_workbench_msgs__rosidl_typesupport_introspection_cpp.dir/rosidl_typesupport_introspection_cpp/dynamixel_workbench_msgs/msg/detail/ex__type_support.cpp.o[0m
[5.774s] [ 64%] [32mBuilding CXX object CMakeFiles/dynamixel_workbench_msgs__rosidl_typesupport_introspection_cpp.dir/rosidl_typesupport_introspection_cpp/dynamixel_workbench_msgs/msg/detail/mx__type_support.cpp.o[0m
[5.774s] [ 67%] [32mBuilding CXX object CMakeFiles/dynamixel_workbench_msgs__rosidl_typesupport_introspection_cpp.dir/rosidl_typesupport_introspection_cpp/dynamixel_workbench_msgs/msg/detail/pro__type_support.cpp.o[0m
[5.775s] [ 64%] [32mBuilding CXX object CMakeFiles/dynamixel_workbench_msgs__rosidl_typesupport_introspection_cpp.dir/rosidl_typesupport_introspection_cpp/dynamixel_workbench_msgs/msg/detail/pro_ext__type_support.cpp.o[0m
[5.776s] [ 65%] [32mBuilding CXX object CMakeFiles/dynamixel_workbench_msgs__rosidl_typesupport_introspection_cpp.dir/rosidl_typesupport_introspection_cpp/dynamixel_workbench_msgs/msg/detail/mx2_ext__type_support.cpp.o[0m
[5.780s] [ 67%] [32mBuilding CXX object CMakeFiles/dynamixel_workbench_msgs__rosidl_typesupport_introspection_cpp.dir/rosidl_typesupport_introspection_cpp/dynamixel_workbench_msgs/msg/detail/xh__type_support.cpp.o[0m
[5.780s] [ 68%] [32mBuilding CXX object CMakeFiles/dynamixel_workbench_msgs__rosidl_typesupport_introspection_cpp.dir/rosidl_typesupport_introspection_cpp/dynamixel_workbench_msgs/msg/detail/xl__type_support.cpp.o[0m
[5.780s] [ 69%] [32mBuilding CXX object CMakeFiles/dynamixel_workbench_msgs__rosidl_typesupport_introspection_cpp.dir/rosidl_typesupport_introspection_cpp/dynamixel_workbench_msgs/msg/detail/xl320__type_support.cpp.o[0m
[5.781s] [ 69%] [32mBuilding CXX object CMakeFiles/dynamixel_workbench_msgs__rosidl_typesupport_introspection_cpp.dir/rosidl_typesupport_introspection_cpp/dynamixel_workbench_msgs/msg/detail/xm__type_support.cpp.o[0m
[5.811s] [ 69%] [32mBuilding CXX object CMakeFiles/dynamixel_workbench_msgs__rosidl_typesupport_introspection_cpp.dir/rosidl_typesupport_introspection_cpp/dynamixel_workbench_msgs/msg/detail/dynamixel_state__type_support.cpp.o[0m
[5.826s] [ 70%] [32mBuilding CXX object CMakeFiles/dynamixel_workbench_msgs__rosidl_typesupport_introspection_cpp.dir/rosidl_typesupport_introspection_cpp/dynamixel_workbench_msgs/msg/detail/xm_ext__type_support.cpp.o[0m
[5.854s] [ 71%] [32mBuilding CXX object CMakeFiles/dynamixel_workbench_msgs__rosidl_typesupport_introspection_cpp.dir/rosidl_typesupport_introspection_cpp/dynamixel_workbench_msgs/msg/detail/dynamixel_state_list__type_support.cpp.o[0m
[5.978s] [ 71%] [32mBuilding CXX object CMakeFiles/dynamixel_workbench_msgs__rosidl_typesupport_introspection_cpp.dir/rosidl_typesupport_introspection_cpp/dynamixel_workbench_msgs/msg/detail/dynamixel_info__type_support.cpp.o[0m
[6.071s] [ 72%] [32mBuilding CXX object CMakeFiles/dynamixel_workbench_msgs__rosidl_typesupport_introspection_cpp.dir/rosidl_typesupport_introspection_cpp/dynamixel_workbench_msgs/msg/detail/dynamixel_load_info__type_support.cpp.o[0m
[6.192s] [ 72%] [32mBuilding CXX object CMakeFiles/dynamixel_workbench_msgs__rosidl_typesupport_introspection_cpp.dir/rosidl_typesupport_introspection_cpp/dynamixel_workbench_msgs/srv/detail/get_dynamixel_info__type_support.cpp.o[0m
[6.198s] [ 72%] [32m[1mLinking CXX shared library libdynamixel_workbench_msgs__rosidl_typesupport_cpp.so[0m
[6.204s] [ 73%] [32mBuilding CXX object CMakeFiles/dynamixel_workbench_msgs__rosidl_typesupport_introspection_cpp.dir/rosidl_typesupport_introspection_cpp/dynamixel_workbench_msgs/srv/detail/dynamixel_command__type_support.cpp.o[0m
[6.284s] [ 73%] Built target dynamixel_workbench_msgs__rosidl_typesupport_cpp
[6.434s] [ 75%] [32mBuilding CXX object CMakeFiles/dynamixel_workbench_msgs__rosidl_typesupport_fastrtps_cpp.dir/rosidl_typesupport_fastrtps_cpp/dynamixel_workbench_msgs/msg/detail/dds_fastrtps/mx__type_support.cpp.o[0m
[6.434s] [ 75%] [32mBuilding CXX object CMakeFiles/dynamixel_workbench_msgs__rosidl_typesupport_fastrtps_cpp.dir/rosidl_typesupport_fastrtps_cpp/dynamixel_workbench_msgs/msg/detail/dds_fastrtps/pro_ext__type_support.cpp.o[0m
[6.434s] [ 75%] [32mBuilding CXX object CMakeFiles/dynamixel_workbench_msgs__rosidl_typesupport_fastrtps_cpp.dir/rosidl_typesupport_fastrtps_cpp/dynamixel_workbench_msgs/msg/detail/dds_fastrtps/ex__type_support.cpp.o[0m
[6.434s] [ 75%] [32mBuilding CXX object CMakeFiles/dynamixel_workbench_msgs__rosidl_typesupport_fastrtps_cpp.dir/rosidl_typesupport_fastrtps_cpp/dynamixel_workbench_msgs/msg/detail/dds_fastrtps/ax__type_support.cpp.o[0m
[6.434s] [ 75%] [32mBuilding CXX object CMakeFiles/dynamixel_workbench_msgs__rosidl_typesupport_fastrtps_cpp.dir/rosidl_typesupport_fastrtps_cpp/dynamixel_workbench_msgs/msg/detail/dds_fastrtps/mx_ext__type_support.cpp.o[0m
[6.435s] [ 75%] [32mBuilding CXX object CMakeFiles/dynamixel_workbench_msgs__rosidl_typesupport_fastrtps_cpp.dir/rosidl_typesupport_fastrtps_cpp/dynamixel_workbench_msgs/msg/detail/dds_fastrtps/mx2__type_support.cpp.o[0m
[6.435s] [ 76%] [32mBuilding CXX object CMakeFiles/dynamixel_workbench_msgs__rosidl_typesupport_fastrtps_cpp.dir/rosidl_typesupport_fastrtps_cpp/dynamixel_workbench_msgs/msg/detail/dds_fastrtps/xh__type_support.cpp.o[0m
[6.435s] [ 78%] [32mBuilding CXX object CMakeFiles/dynamixel_workbench_msgs__rosidl_typesupport_fastrtps_cpp.dir/rosidl_typesupport_fastrtps_cpp/dynamixel_workbench_msgs/msg/detail/dds_fastrtps/pro__type_support.cpp.o[0m
[6.435s] [ 79%] [32mBuilding CXX object CMakeFiles/dynamixel_workbench_msgs__rosidl_typesupport_fastrtps_cpp.dir/rosidl_typesupport_fastrtps_cpp/dynamixel_workbench_msgs/msg/detail/dds_fastrtps/xm__type_support.cpp.o[0m
[6.435s] [ 76%] [32mBuilding CXX object CMakeFiles/dynamixel_workbench_msgs__rosidl_typesupport_fastrtps_cpp.dir/rosidl_typesupport_fastrtps_cpp/dynamixel_workbench_msgs/msg/detail/dds_fastrtps/xl320__type_support.cpp.o[0m
[6.435s] [ 80%] [32mBuilding CXX object CMakeFiles/dynamixel_workbench_msgs__rosidl_typesupport_fastrtps_cpp.dir/rosidl_typesupport_fastrtps_cpp/dynamixel_workbench_msgs/msg/detail/dds_fastrtps/xl__type_support.cpp.o[0m
[6.435s] [ 80%] [32mBuilding CXX object CMakeFiles/dynamixel_workbench_msgs__rosidl_typesupport_fastrtps_cpp.dir/rosidl_typesupport_fastrtps_cpp/dynamixel_workbench_msgs/msg/detail/dds_fastrtps/mx2_ext__type_support.cpp.o[0m
[6.435s] [ 80%] [32mBuilding CXX object CMakeFiles/dynamixel_workbench_msgs__rosidl_typesupport_fastrtps_cpp.dir/rosidl_typesupport_fastrtps_cpp/dynamixel_workbench_msgs/msg/detail/dds_fastrtps/rx__type_support.cpp.o[0m
[6.435s] [ 80%] [32mBuilding CXX object CMakeFiles/dynamixel_workbench_msgs__rosidl_typesupport_fastrtps_cpp.dir/rosidl_typesupport_fastrtps_cpp/dynamixel_workbench_msgs/msg/detail/dds_fastrtps/dynamixel_state__type_support.cpp.o[0m
[6.439s] [ 81%] [32mBuilding CXX object CMakeFiles/dynamixel_workbench_msgs__rosidl_typesupport_fastrtps_cpp.dir/rosidl_typesupport_fastrtps_cpp/dynamixel_workbench_msgs/msg/detail/dds_fastrtps/xm_ext__type_support.cpp.o[0m
[6.439s] [ 81%] [32mBuilding CXX object CMakeFiles/dynamixel_workbench_msgs__rosidl_typesupport_fastrtps_cpp.dir/rosidl_typesupport_fastrtps_cpp/dynamixel_workbench_msgs/msg/detail/dds_fastrtps/dynamixel_info__type_support.cpp.o[0m
[6.439s] [ 82%] [32mBuilding CXX object CMakeFiles/dynamixel_workbench_msgs__rosidl_typesupport_fastrtps_cpp.dir/rosidl_typesupport_fastrtps_cpp/dynamixel_workbench_msgs/msg/detail/dds_fastrtps/dynamixel_state_list__type_support.cpp.o[0m
[6.486s] [ 83%] [32mBuilding CXX object CMakeFiles/dynamixel_workbench_msgs__rosidl_typesupport_fastrtps_cpp.dir/rosidl_typesupport_fastrtps_cpp/dynamixel_workbench_msgs/msg/detail/dds_fastrtps/dynamixel_load_info__type_support.cpp.o[0m
[6.576s] [ 83%] [32mBuilding CXX object CMakeFiles/dynamixel_workbench_msgs__rosidl_typesupport_fastrtps_cpp.dir/rosidl_typesupport_fastrtps_cpp/dynamixel_workbench_msgs/srv/detail/dds_fastrtps/get_dynamixel_info__type_support.cpp.o[0m
[6.613s] [ 84%] [32m[1mLinking CXX shared library libdynamixel_workbench_msgs__rosidl_typesupport_introspection_cpp.so[0m
[6.749s] [ 84%] Built target dynamixel_workbench_msgs__rosidl_typesupport_introspection_cpp
[6.762s] [ 85%] [32mBuilding CXX object CMakeFiles/dynamixel_workbench_msgs__rosidl_typesupport_fastrtps_cpp.dir/rosidl_typesupport_fastrtps_cpp/dynamixel_workbench_msgs/srv/detail/dds_fastrtps/dynamixel_command__type_support.cpp.o[0m
[7.089s] [ 85%] [32m[1mLinking CXX shared library libdynamixel_workbench_msgs__rosidl_typesupport_fastrtps_cpp.so[0m
[7.158s] [ 85%] Built target dynamixel_workbench_msgs__rosidl_typesupport_fastrtps_cpp
[7.173s] [ 85%] Built target dynamixel_workbench_msgs
[7.190s] [ 86%] [34m[1mGenerating Python code for ROS interfaces[0m
[9.788s] [ 86%] Built target dynamixel_workbench_msgs__py
[9.810s] [ 87%] [32mBuilding C object CMakeFiles/dynamixel_workbench_msgs__rosidl_generator_py.dir/rosidl_generator_py/dynamixel_workbench_msgs/msg/_mx2_s.c.o[0m
[9.810s] [ 88%] [32mBuilding C object CMakeFiles/dynamixel_workbench_msgs__rosidl_generator_py.dir/rosidl_generator_py/dynamixel_workbench_msgs/msg/_mx2_ext_s.c.o[0m
[9.810s] [ 88%] [32mBuilding C object CMakeFiles/dynamixel_workbench_msgs__rosidl_generator_py.dir/rosidl_generator_py/dynamixel_workbench_msgs/msg/_mx_ext_s.c.o[0m
[9.810s] [ 88%] [32mBuilding C object CMakeFiles/dynamixel_workbench_msgs__rosidl_generator_py.dir/rosidl_generator_py/dynamixel_workbench_msgs/msg/_mx_s.c.o[0m
[9.810s] [ 89%] [32mBuilding C object CMakeFiles/dynamixel_workbench_msgs__rosidl_generator_py.dir/rosidl_generator_py/dynamixel_workbench_msgs/msg/_ex_s.c.o[0m
[9.810s] [ 90%] [32mBuilding C object CMakeFiles/dynamixel_workbench_msgs__rosidl_generator_py.dir/rosidl_generator_py/dynamixel_workbench_msgs/msg/_rx_s.c.o[0m
[9.811s] [ 90%] [32mBuilding C object CMakeFiles/dynamixel_workbench_msgs__rosidl_generator_py.dir/rosidl_generator_py/dynamixel_workbench_msgs/msg/_ax_s.c.o[0m
[9.811s] [ 91%] [32mBuilding C object CMakeFiles/dynamixel_workbench_msgs__rosidl_generator_py.dir/rosidl_generator_py/dynamixel_workbench_msgs/msg/_pro_s.c.o[0m
[9.811s] [ 91%] [32mBuilding C object CMakeFiles/dynamixel_workbench_msgs__rosidl_generator_py.dir/rosidl_generator_py/dynamixel_workbench_msgs/msg/_dynamixel_state_list_s.c.o[0m
[9.811s] [ 94%] [32mBuilding C object CMakeFiles/dynamixel_workbench_msgs__rosidl_generator_py.dir/rosidl_generator_py/dynamixel_workbench_msgs/msg/_xm_s.c.o[0m
[9.811s] [ 94%] [32mBuilding C object CMakeFiles/dynamixel_workbench_msgs__rosidl_generator_py.dir/rosidl_generator_py/dynamixel_workbench_msgs/msg/_pro_ext_s.c.o[0m
[9.811s] [ 94%] [32mBuilding C object CMakeFiles/dynamixel_workbench_msgs__rosidl_generator_py.dir/rosidl_generator_py/dynamixel_workbench_msgs/msg/_xh_s.c.o[0m
[9.811s] [ 94%] [32mBuilding C object CMakeFiles/dynamixel_workbench_msgs__rosidl_generator_py.dir/rosidl_generator_py/dynamixel_workbench_msgs/msg/_xl_s.c.o[0m
[9.812s] [ 94%] [32mBuilding C object CMakeFiles/dynamixel_workbench_msgs__rosidl_generator_py.dir/rosidl_generator_py/dynamixel_workbench_msgs/msg/_xl320_s.c.o[0m
[9.812s] [ 91%] [32mBuilding C object CMakeFiles/dynamixel_workbench_msgs__rosidl_generator_py.dir/rosidl_generator_py/dynamixel_workbench_msgs/msg/_xm_ext_s.c.o[0m
[9.813s] [ 95%] [32mBuilding C object CMakeFiles/dynamixel_workbench_msgs__rosidl_generator_py.dir/rosidl_generator_py/dynamixel_workbench_msgs/srv/_get_dynamixel_info_s.c.o[0m
[9.813s] [ 94%] [32mBuilding C object CMakeFiles/dynamixel_workbench_msgs__rosidl_generator_py.dir/rosidl_generator_py/dynamixel_workbench_msgs/msg/_dynamixel_state_s.c.o[0m
[9.813s] [ 95%] [32mBuilding C object CMakeFiles/dynamixel_workbench_msgs__rosidl_generator_py.dir/rosidl_generator_py/dynamixel_workbench_msgs/msg/_dynamixel_load_info_s.c.o[0m
[9.818s] [ 96%] [32mBuilding C object CMakeFiles/dynamixel_workbench_msgs__rosidl_generator_py.dir/rosidl_generator_py/dynamixel_workbench_msgs/msg/_dynamixel_info_s.c.o[0m
[9.818s] [ 97%] [32mBuilding C object CMakeFiles/dynamixel_workbench_msgs__rosidl_generator_py.dir/rosidl_generator_py/dynamixel_workbench_msgs/srv/_dynamixel_command_s.c.o[0m
[9.960s] [ 97%] [32m[1mLinking C shared library rosidl_generator_py/dynamixel_workbench_msgs/libdynamixel_workbench_msgs__rosidl_generator_py.so[0m
[9.995s] [ 97%] Built target dynamixel_workbench_msgs__rosidl_generator_py
[10.011s] [ 98%] [32mBuilding C object CMakeFiles/dynamixel_workbench_msgs__rosidl_typesupport_c__pyext.dir/rosidl_generator_py/dynamixel_workbench_msgs/_dynamixel_workbench_msgs_s.ep.rosidl_typesupport_c.c.o[0m
[10.012s] [100%] [32mBuilding C object CMakeFiles/dynamixel_workbench_msgs__rosidl_typesupport_introspection_c__pyext.dir/rosidl_generator_py/dynamixel_workbench_msgs/_dynamixel_workbench_msgs_s.ep.rosidl_typesupport_introspection_c.c.o[0m
[10.012s] [100%] [32mBuilding C object CMakeFiles/dynamixel_workbench_msgs__rosidl_typesupport_fastrtps_c__pyext.dir/rosidl_generator_py/dynamixel_workbench_msgs/_dynamixel_workbench_msgs_s.ep.rosidl_typesupport_fastrtps_c.c.o[0m
[10.107s] [100%] [32m[1mLinking C shared library rosidl_generator_py/dynamixel_workbench_msgs/dynamixel_workbench_msgs_s__rosidl_typesupport_fastrtps_c.cpython-310-x86_64-linux-gnu.so[0m
[10.107s] [100%] [32m[1mLinking C shared library rosidl_generator_py/dynamixel_workbench_msgs/dynamixel_workbench_msgs_s__rosidl_typesupport_c.cpython-310-x86_64-linux-gnu.so[0m
[10.107s] [100%] [32m[1mLinking C shared library rosidl_generator_py/dynamixel_workbench_msgs/dynamixel_workbench_msgs_s__rosidl_typesupport_introspection_c.cpython-310-x86_64-linux-gnu.so[0m
[10.136s] [100%] Built target dynamixel_workbench_msgs__rosidl_typesupport_c__pyext
[10.137s] [100%] Built target dynamixel_workbench_msgs__rosidl_typesupport_fastrtps_c__pyext
[10.138s] [100%] Built target dynamixel_workbench_msgs__rosidl_typesupport_introspection_c__pyext
