[1.166s] Invoking command in '/home/darkdemon/work/motor_control/src/realsense': PYTHONPATH=/home/darkdemon/work/motor_control/build/realsense/prefix_override:/usr/lib/python3/dist-packages/colcon_core/task/python/colcon_distutils_commands:/home/darkdemon/work/motor_control/install/realsense/lib/python3.10/site-packages:${PYTHONPATH} /usr/bin/python3 -W ignore:setup.py install is deprecated -W ignore:easy_install command is deprecated setup.py egg_info --egg-base ../../build/realsense build --build-base /home/darkdemon/work/motor_control/build/realsense/build install --record /home/darkdemon/work/motor_control/build/realsense/install.log --single-version-externally-managed install_data
[1.321s] running egg_info
[1.322s] writing ../../build/realsense/realsense.egg-info/PKG-INFO
[1.322s] writing dependency_links to ../../build/realsense/realsense.egg-info/dependency_links.txt
[1.322s] writing entry points to ../../build/realsense/realsense.egg-info/entry_points.txt
[1.322s] writing requirements to ../../build/realsense/realsense.egg-info/requires.txt
[1.322s] writing top-level names to ../../build/realsense/realsense.egg-info/top_level.txt
[1.324s] reading manifest file '../../build/realsense/realsense.egg-info/SOURCES.txt'
[1.325s] writing manifest file '../../build/realsense/realsense.egg-info/SOURCES.txt'
[1.325s] running build
[1.325s] running build_py
[1.325s] running install
[1.326s] running install_lib
[1.327s] running install_data
[1.327s] running install_egg_info
[1.330s] removing '/home/darkdemon/work/motor_control/install/realsense/lib/python3.10/site-packages/realsense-0.0.1-py3.10.egg-info' (and everything under it)
[1.330s] Copying ../../build/realsense/realsense.egg-info to /home/darkdemon/work/motor_control/install/realsense/lib/python3.10/site-packages/realsense-0.0.1-py3.10.egg-info
[1.330s] running install_scripts
[1.350s] Installing box_edge_detect script to /home/darkdemon/work/motor_control/install/realsense/lib/realsense
[1.350s] Installing color_detect script to /home/darkdemon/work/motor_control/install/realsense/lib/realsense
[1.350s] Installing color_range script to /home/darkdemon/work/motor_control/install/realsense/lib/realsense
[1.350s] Installing depth_calculate script to /home/darkdemon/work/motor_control/install/realsense/lib/realsense
[1.351s] Installing paddleorc script to /home/darkdemon/work/motor_control/install/realsense/lib/realsense
[1.351s] Installing realsense_read script to /home/darkdemon/work/motor_control/install/realsense/lib/realsense
[1.351s] Installing visiual script to /home/darkdemon/work/motor_control/install/realsense/lib/realsense
[1.351s] Installing yolo_number_detect script to /home/darkdemon/work/motor_control/install/realsense/lib/realsense
[1.351s] writing list of installed files to '/home/darkdemon/work/motor_control/build/realsense/install.log'
[1.373s] Invoked command in '/home/darkdemon/work/motor_control/src/realsense' returned '0': PYTHONPATH=/home/darkdemon/work/motor_control/build/realsense/prefix_override:/usr/lib/python3/dist-packages/colcon_core/task/python/colcon_distutils_commands:/home/darkdemon/work/motor_control/install/realsense/lib/python3.10/site-packages:${PYTHONPATH} /usr/bin/python3 -W ignore:setup.py install is deprecated -W ignore:easy_install command is deprecated setup.py egg_info --egg-base ../../build/realsense build --build-base /home/darkdemon/work/motor_control/build/realsense/build install --record /home/darkdemon/work/motor_control/build/realsense/install.log --single-version-externally-managed install_data
