[0.682s] Invoking command in '/home/darkdemon/work/motor_control/build/python_moveit_interface': /usr/bin/cmake --build /home/darkdemon/work/motor_control/build/python_moveit_interface -- -j20 -l20
[1.115s] [  7%] Built target python_moveit_interface__cpp
[1.115s] [ 12%] Built target python_moveit_interface__rosidl_generator_c
[1.116s] [ 12%] Built target ament_cmake_python_copy_python_moveit_interface
[1.116s] [ 34%] Built target python_moveit_interface__rosidl_typesupport_introspection_c
[1.116s] [ 34%] Built target python_moveit_interface__rosidl_typesupport_introspection_cpp
[1.116s] [ 45%] Built target python_moveit_interface__rosidl_typesupport_cpp
[1.116s] [ 60%] Built target python_moveit_interface__rosidl_typesupport_c
[1.117s] [ 67%] Built target python_moveit_interface__rosidl_typesupport_fastrtps_c
[1.117s] [ 78%] Built target python_moveit_interface__rosidl_typesupport_fastrtps_cpp
[1.117s] [ 78%] Built target python_moveit_interface
[1.117s] [ 80%] Built target python_moveit_interface__py
[1.117s] [ 89%] Built target python_moveit_interface__rosidl_generator_py
[1.117s] [ 92%] Built target python_moveit_interface__rosidl_typesupport_introspection_c__pyext
[1.117s] [ 96%] Built target python_moveit_interface__rosidl_typesupport_c__pyext
[1.117s] [100%] Built target python_moveit_interface__rosidl_typesupport_fastrtps_c__pyext
[1.117s] running egg_info
[1.117s] writing python_moveit_interface.egg-info/PKG-INFO
[1.117s] writing dependency_links to python_moveit_interface.egg-info/dependency_links.txt
[1.117s] writing top-level names to python_moveit_interface.egg-info/top_level.txt
[1.118s] reading manifest file 'python_moveit_interface.egg-info/SOURCES.txt'
[1.118s] writing manifest file 'python_moveit_interface.egg-info/SOURCES.txt'
[1.118s] [100%] Built target ament_cmake_python_build_python_moveit_interface_egg
[1.132s] Invoked command in '/home/darkdemon/work/motor_control/build/python_moveit_interface' returned '0': /usr/bin/cmake --build /home/darkdemon/work/motor_control/build/python_moveit_interface -- -j20 -l20
[1.134s] Invoking command in '/home/darkdemon/work/motor_control/build/python_moveit_interface': /usr/bin/cmake --install /home/darkdemon/work/motor_control/build/python_moveit_interface
[1.180s] -- Install configuration: ""
[1.180s] -- Up-to-date: /home/darkdemon/work/motor_control/install/python_moveit_interface/share/ament_index/resource_index/rosidl_interfaces/python_moveit_interface
[1.180s] -- Up-to-date: /home/darkdemon/work/motor_control/install/python_moveit_interface/include/python_moveit_interface/python_moveit_interface
[1.180s] -- Up-to-date: /home/darkdemon/work/motor_control/install/python_moveit_interface/include/python_moveit_interface/python_moveit_interface/msg
[1.180s] -- Up-to-date: /home/darkdemon/work/motor_control/install/python_moveit_interface/include/python_moveit_interface/python_moveit_interface/msg/rosidl_generator_c__visibility_control.h
[1.180s] -- Up-to-date: /home/darkdemon/work/motor_control/install/python_moveit_interface/include/python_moveit_interface/python_moveit_interface/srv
[1.180s] -- Up-to-date: /home/darkdemon/work/motor_control/install/python_moveit_interface/include/python_moveit_interface/python_moveit_interface/srv/detail
[1.180s] -- Up-to-date: /home/darkdemon/work/motor_control/install/python_moveit_interface/include/python_moveit_interface/python_moveit_interface/srv/detail/gripper_control__functions.h
[1.180s] -- Up-to-date: /home/darkdemon/work/motor_control/install/python_moveit_interface/include/python_moveit_interface/python_moveit_interface/srv/detail/detect_pose__functions.h
[1.180s] -- Up-to-date: /home/darkdemon/work/motor_control/install/python_moveit_interface/include/python_moveit_interface/python_moveit_interface/srv/detail/detect_pose__functions.c
[1.180s] -- Up-to-date: /home/darkdemon/work/motor_control/install/python_moveit_interface/include/python_moveit_interface/python_moveit_interface/srv/detail/arm_control__type_support.h
[1.180s] -- Up-to-date: /home/darkdemon/work/motor_control/install/python_moveit_interface/include/python_moveit_interface/python_moveit_interface/srv/detail/gripper_control__struct.h
[1.180s] -- Up-to-date: /home/darkdemon/work/motor_control/install/python_moveit_interface/include/python_moveit_interface/python_moveit_interface/srv/detail/gripper_control__functions.c
[1.180s] -- Up-to-date: /home/darkdemon/work/motor_control/install/python_moveit_interface/include/python_moveit_interface/python_moveit_interface/srv/detail/arm_control__struct.h
[1.180s] -- Up-to-date: /home/darkdemon/work/motor_control/install/python_moveit_interface/include/python_moveit_interface/python_moveit_interface/srv/detail/pose_request__struct.h
[1.180s] -- Up-to-date: /home/darkdemon/work/motor_control/install/python_moveit_interface/include/python_moveit_interface/python_moveit_interface/srv/detail/pose_request__functions.h
[1.181s] -- Up-to-date: /home/darkdemon/work/motor_control/install/python_moveit_interface/include/python_moveit_interface/python_moveit_interface/srv/detail/gripper_control__type_support.h
[1.181s] -- Up-to-date: /home/darkdemon/work/motor_control/install/python_moveit_interface/include/python_moveit_interface/python_moveit_interface/srv/detail/arm_control__functions.h
[1.181s] -- Up-to-date: /home/darkdemon/work/motor_control/install/python_moveit_interface/include/python_moveit_interface/python_moveit_interface/srv/detail/pose_request__functions.c
[1.181s] -- Up-to-date: /home/darkdemon/work/motor_control/install/python_moveit_interface/include/python_moveit_interface/python_moveit_interface/srv/detail/detect_pose__type_support.h
[1.181s] -- Up-to-date: /home/darkdemon/work/motor_control/install/python_moveit_interface/include/python_moveit_interface/python_moveit_interface/srv/detail/arm_control__functions.c
[1.182s] -- Up-to-date: /home/darkdemon/work/motor_control/install/python_moveit_interface/include/python_moveit_interface/python_moveit_interface/srv/detail/pose_request__type_support.h
[1.182s] -- Up-to-date: /home/darkdemon/work/motor_control/install/python_moveit_interface/include/python_moveit_interface/python_moveit_interface/srv/detail/detect_pose__struct.h
[1.182s] -- Up-to-date: /home/darkdemon/work/motor_control/install/python_moveit_interface/include/python_moveit_interface/python_moveit_interface/srv/arm_control.h
[1.182s] -- Up-to-date: /home/darkdemon/work/motor_control/install/python_moveit_interface/include/python_moveit_interface/python_moveit_interface/srv/gripper_control.h
[1.182s] -- Up-to-date: /home/darkdemon/work/motor_control/install/python_moveit_interface/include/python_moveit_interface/python_moveit_interface/srv/pose_request.h
[1.182s] -- Up-to-date: /home/darkdemon/work/motor_control/install/python_moveit_interface/include/python_moveit_interface/python_moveit_interface/srv/detect_pose.h
[1.182s] -- Up-to-date: /home/darkdemon/work/motor_control/install/python_moveit_interface/share/python_moveit_interface/environment/library_path.sh
[1.182s] -- Up-to-date: /home/darkdemon/work/motor_control/install/python_moveit_interface/share/python_moveit_interface/environment/library_path.dsv
[1.182s] -- Up-to-date: /home/darkdemon/work/motor_control/install/python_moveit_interface/lib/libpython_moveit_interface__rosidl_generator_c.so
[1.183s] -- Up-to-date: /home/darkdemon/work/motor_control/install/python_moveit_interface/include/python_moveit_interface/python_moveit_interface
[1.183s] -- Up-to-date: /home/darkdemon/work/motor_control/install/python_moveit_interface/include/python_moveit_interface/python_moveit_interface/msg
[1.183s] -- Up-to-date: /home/darkdemon/work/motor_control/install/python_moveit_interface/include/python_moveit_interface/python_moveit_interface/msg/rosidl_typesupport_fastrtps_c__visibility_control.h
[1.183s] -- Up-to-date: /home/darkdemon/work/motor_control/install/python_moveit_interface/include/python_moveit_interface/python_moveit_interface/srv
[1.183s] -- Up-to-date: /home/darkdemon/work/motor_control/install/python_moveit_interface/include/python_moveit_interface/python_moveit_interface/srv/detail
[1.183s] -- Up-to-date: /home/darkdemon/work/motor_control/install/python_moveit_interface/include/python_moveit_interface/python_moveit_interface/srv/detail/gripper_control__rosidl_typesupport_fastrtps_c.h
[1.184s] -- Up-to-date: /home/darkdemon/work/motor_control/install/python_moveit_interface/include/python_moveit_interface/python_moveit_interface/srv/detail/arm_control__rosidl_typesupport_fastrtps_c.h
[1.184s] -- Up-to-date: /home/darkdemon/work/motor_control/install/python_moveit_interface/include/python_moveit_interface/python_moveit_interface/srv/detail/pose_request__rosidl_typesupport_fastrtps_c.h
[1.184s] -- Up-to-date: /home/darkdemon/work/motor_control/install/python_moveit_interface/include/python_moveit_interface/python_moveit_interface/srv/detail/detect_pose__rosidl_typesupport_fastrtps_c.h
[1.184s] -- Up-to-date: /home/darkdemon/work/motor_control/install/python_moveit_interface/lib/libpython_moveit_interface__rosidl_typesupport_fastrtps_c.so
[1.184s] -- Up-to-date: /home/darkdemon/work/motor_control/install/python_moveit_interface/include/python_moveit_interface/python_moveit_interface
[1.184s] -- Up-to-date: /home/darkdemon/work/motor_control/install/python_moveit_interface/include/python_moveit_interface/python_moveit_interface/msg
[1.184s] -- Up-to-date: /home/darkdemon/work/motor_control/install/python_moveit_interface/include/python_moveit_interface/python_moveit_interface/msg/rosidl_typesupport_introspection_c__visibility_control.h
[1.184s] -- Up-to-date: /home/darkdemon/work/motor_control/install/python_moveit_interface/include/python_moveit_interface/python_moveit_interface/srv
[1.184s] -- Up-to-date: /home/darkdemon/work/motor_control/install/python_moveit_interface/include/python_moveit_interface/python_moveit_interface/srv/detail
[1.185s] -- Up-to-date: /home/darkdemon/work/motor_control/install/python_moveit_interface/include/python_moveit_interface/python_moveit_interface/srv/detail/gripper_control__type_support.c
[1.185s] -- Up-to-date: /home/darkdemon/work/motor_control/install/python_moveit_interface/include/python_moveit_interface/python_moveit_interface/srv/detail/arm_control__rosidl_typesupport_introspection_c.h
[1.185s] -- Up-to-date: /home/darkdemon/work/motor_control/install/python_moveit_interface/include/python_moveit_interface/python_moveit_interface/srv/detail/detect_pose__type_support.c
[1.185s] -- Up-to-date: /home/darkdemon/work/motor_control/install/python_moveit_interface/include/python_moveit_interface/python_moveit_interface/srv/detail/detect_pose__rosidl_typesupport_introspection_c.h
[1.185s] -- Up-to-date: /home/darkdemon/work/motor_control/install/python_moveit_interface/include/python_moveit_interface/python_moveit_interface/srv/detail/pose_request__type_support.c
[1.185s] -- Up-to-date: /home/darkdemon/work/motor_control/install/python_moveit_interface/include/python_moveit_interface/python_moveit_interface/srv/detail/gripper_control__rosidl_typesupport_introspection_c.h
[1.185s] -- Up-to-date: /home/darkdemon/work/motor_control/install/python_moveit_interface/include/python_moveit_interface/python_moveit_interface/srv/detail/pose_request__rosidl_typesupport_introspection_c.h
[1.185s] -- Up-to-date: /home/darkdemon/work/motor_control/install/python_moveit_interface/include/python_moveit_interface/python_moveit_interface/srv/detail/arm_control__type_support.c
[1.185s] -- Up-to-date: /home/darkdemon/work/motor_control/install/python_moveit_interface/lib/libpython_moveit_interface__rosidl_typesupport_introspection_c.so
[1.186s] -- Up-to-date: /home/darkdemon/work/motor_control/install/python_moveit_interface/lib/libpython_moveit_interface__rosidl_typesupport_c.so
[1.186s] -- Up-to-date: /home/darkdemon/work/motor_control/install/python_moveit_interface/include/python_moveit_interface/python_moveit_interface
[1.186s] -- Up-to-date: /home/darkdemon/work/motor_control/install/python_moveit_interface/include/python_moveit_interface/python_moveit_interface/msg
[1.186s] -- Up-to-date: /home/darkdemon/work/motor_control/install/python_moveit_interface/include/python_moveit_interface/python_moveit_interface/msg/rosidl_generator_cpp__visibility_control.hpp
[1.186s] -- Up-to-date: /home/darkdemon/work/motor_control/install/python_moveit_interface/include/python_moveit_interface/python_moveit_interface/srv
[1.186s] -- Up-to-date: /home/darkdemon/work/motor_control/install/python_moveit_interface/include/python_moveit_interface/python_moveit_interface/srv/detail
[1.186s] -- Up-to-date: /home/darkdemon/work/motor_control/install/python_moveit_interface/include/python_moveit_interface/python_moveit_interface/srv/detail/arm_control__type_support.hpp
[1.186s] -- Up-to-date: /home/darkdemon/work/motor_control/install/python_moveit_interface/include/python_moveit_interface/python_moveit_interface/srv/detail/arm_control__traits.hpp
[1.186s] -- Up-to-date: /home/darkdemon/work/motor_control/install/python_moveit_interface/include/python_moveit_interface/python_moveit_interface/srv/detail/detect_pose__type_support.hpp
[1.186s] -- Up-to-date: /home/darkdemon/work/motor_control/install/python_moveit_interface/include/python_moveit_interface/python_moveit_interface/srv/detail/gripper_control__type_support.hpp
[1.186s] -- Up-to-date: /home/darkdemon/work/motor_control/install/python_moveit_interface/include/python_moveit_interface/python_moveit_interface/srv/detail/detect_pose__builder.hpp
[1.186s] -- Up-to-date: /home/darkdemon/work/motor_control/install/python_moveit_interface/include/python_moveit_interface/python_moveit_interface/srv/detail/detect_pose__struct.hpp
[1.186s] -- Up-to-date: /home/darkdemon/work/motor_control/install/python_moveit_interface/include/python_moveit_interface/python_moveit_interface/srv/detail/gripper_control__struct.hpp
[1.186s] -- Up-to-date: /home/darkdemon/work/motor_control/install/python_moveit_interface/include/python_moveit_interface/python_moveit_interface/srv/detail/gripper_control__builder.hpp
[1.186s] -- Up-to-date: /home/darkdemon/work/motor_control/install/python_moveit_interface/include/python_moveit_interface/python_moveit_interface/srv/detail/arm_control__builder.hpp
[1.186s] -- Up-to-date: /home/darkdemon/work/motor_control/install/python_moveit_interface/include/python_moveit_interface/python_moveit_interface/srv/detail/pose_request__type_support.hpp
[1.186s] -- Up-to-date: /home/darkdemon/work/motor_control/install/python_moveit_interface/include/python_moveit_interface/python_moveit_interface/srv/detail/gripper_control__traits.hpp
[1.186s] -- Up-to-date: /home/darkdemon/work/motor_control/install/python_moveit_interface/include/python_moveit_interface/python_moveit_interface/srv/detail/arm_control__struct.hpp
[1.186s] -- Up-to-date: /home/darkdemon/work/motor_control/install/python_moveit_interface/include/python_moveit_interface/python_moveit_interface/srv/detail/pose_request__struct.hpp
[1.187s] -- Up-to-date: /home/darkdemon/work/motor_control/install/python_moveit_interface/include/python_moveit_interface/python_moveit_interface/srv/detail/detect_pose__traits.hpp
[1.187s] -- Up-to-date: /home/darkdemon/work/motor_control/install/python_moveit_interface/include/python_moveit_interface/python_moveit_interface/srv/detail/pose_request__traits.hpp
[1.187s] -- Up-to-date: /home/darkdemon/work/motor_control/install/python_moveit_interface/include/python_moveit_interface/python_moveit_interface/srv/detail/pose_request__builder.hpp
[1.187s] -- Up-to-date: /home/darkdemon/work/motor_control/install/python_moveit_interface/include/python_moveit_interface/python_moveit_interface/srv/arm_control.hpp
[1.187s] -- Up-to-date: /home/darkdemon/work/motor_control/install/python_moveit_interface/include/python_moveit_interface/python_moveit_interface/srv/gripper_control.hpp
[1.187s] -- Up-to-date: /home/darkdemon/work/motor_control/install/python_moveit_interface/include/python_moveit_interface/python_moveit_interface/srv/pose_request.hpp
[1.187s] -- Up-to-date: /home/darkdemon/work/motor_control/install/python_moveit_interface/include/python_moveit_interface/python_moveit_interface/srv/detect_pose.hpp
[1.187s] -- Up-to-date: /home/darkdemon/work/motor_control/install/python_moveit_interface/include/python_moveit_interface/python_moveit_interface
[1.187s] -- Up-to-date: /home/darkdemon/work/motor_control/install/python_moveit_interface/include/python_moveit_interface/python_moveit_interface/msg
[1.187s] -- Up-to-date: /home/darkdemon/work/motor_control/install/python_moveit_interface/include/python_moveit_interface/python_moveit_interface/msg/rosidl_typesupport_fastrtps_cpp__visibility_control.h
[1.187s] -- Up-to-date: /home/darkdemon/work/motor_control/install/python_moveit_interface/include/python_moveit_interface/python_moveit_interface/srv
[1.187s] -- Up-to-date: /home/darkdemon/work/motor_control/install/python_moveit_interface/include/python_moveit_interface/python_moveit_interface/srv/detail
[1.187s] -- Up-to-date: /home/darkdemon/work/motor_control/install/python_moveit_interface/include/python_moveit_interface/python_moveit_interface/srv/detail/arm_control__rosidl_typesupport_fastrtps_cpp.hpp
[1.188s] -- Up-to-date: /home/darkdemon/work/motor_control/install/python_moveit_interface/include/python_moveit_interface/python_moveit_interface/srv/detail/gripper_control__rosidl_typesupport_fastrtps_cpp.hpp
[1.188s] -- Up-to-date: /home/darkdemon/work/motor_control/install/python_moveit_interface/include/python_moveit_interface/python_moveit_interface/srv/detail/pose_request__rosidl_typesupport_fastrtps_cpp.hpp
[1.188s] -- Up-to-date: /home/darkdemon/work/motor_control/install/python_moveit_interface/include/python_moveit_interface/python_moveit_interface/srv/detail/detect_pose__rosidl_typesupport_fastrtps_cpp.hpp
[1.188s] -- Up-to-date: /home/darkdemon/work/motor_control/install/python_moveit_interface/include/python_moveit_interface/python_moveit_interface/srv/detail/dds_fastrtps
[1.189s] -- Up-to-date: /home/darkdemon/work/motor_control/install/python_moveit_interface/lib/libpython_moveit_interface__rosidl_typesupport_fastrtps_cpp.so
[1.189s] -- Up-to-date: /home/darkdemon/work/motor_control/install/python_moveit_interface/include/python_moveit_interface/python_moveit_interface
[1.189s] -- Up-to-date: /home/darkdemon/work/motor_control/install/python_moveit_interface/include/python_moveit_interface/python_moveit_interface/srv
[1.189s] -- Up-to-date: /home/darkdemon/work/motor_control/install/python_moveit_interface/include/python_moveit_interface/python_moveit_interface/srv/detail
[1.189s] -- Up-to-date: /home/darkdemon/work/motor_control/install/python_moveit_interface/include/python_moveit_interface/python_moveit_interface/srv/detail/gripper_control__type_support.cpp
[1.189s] -- Up-to-date: /home/darkdemon/work/motor_control/install/python_moveit_interface/include/python_moveit_interface/python_moveit_interface/srv/detail/arm_control__rosidl_typesupport_introspection_cpp.hpp
[1.190s] -- Up-to-date: /home/darkdemon/work/motor_control/install/python_moveit_interface/include/python_moveit_interface/python_moveit_interface/srv/detail/detect_pose__rosidl_typesupport_introspection_cpp.hpp
[1.190s] -- Up-to-date: /home/darkdemon/work/motor_control/install/python_moveit_interface/include/python_moveit_interface/python_moveit_interface/srv/detail/pose_request__rosidl_typesupport_introspection_cpp.hpp
[1.190s] -- Up-to-date: /home/darkdemon/work/motor_control/install/python_moveit_interface/include/python_moveit_interface/python_moveit_interface/srv/detail/gripper_control__rosidl_typesupport_introspection_cpp.hpp
[1.190s] -- Up-to-date: /home/darkdemon/work/motor_control/install/python_moveit_interface/include/python_moveit_interface/python_moveit_interface/srv/detail/detect_pose__type_support.cpp
[1.190s] -- Up-to-date: /home/darkdemon/work/motor_control/install/python_moveit_interface/include/python_moveit_interface/python_moveit_interface/srv/detail/pose_request__type_support.cpp
[1.190s] -- Up-to-date: /home/darkdemon/work/motor_control/install/python_moveit_interface/include/python_moveit_interface/python_moveit_interface/srv/detail/arm_control__type_support.cpp
[1.190s] -- Up-to-date: /home/darkdemon/work/motor_control/install/python_moveit_interface/lib/libpython_moveit_interface__rosidl_typesupport_introspection_cpp.so
[1.190s] -- Up-to-date: /home/darkdemon/work/motor_control/install/python_moveit_interface/lib/libpython_moveit_interface__rosidl_typesupport_cpp.so
[1.190s] -- Up-to-date: /home/darkdemon/work/motor_control/install/python_moveit_interface/share/python_moveit_interface/environment/pythonpath.sh
[1.190s] -- Up-to-date: /home/darkdemon/work/motor_control/install/python_moveit_interface/share/python_moveit_interface/environment/pythonpath.dsv
[1.190s] -- Up-to-date: /home/darkdemon/work/motor_control/install/python_moveit_interface/local/lib/python3.10/dist-packages/python_moveit_interface-0.0.0-py3.10.egg-info
[1.190s] -- Installing: /home/darkdemon/work/motor_control/install/python_moveit_interface/local/lib/python3.10/dist-packages/python_moveit_interface-0.0.0-py3.10.egg-info/top_level.txt
[1.191s] -- Installing: /home/darkdemon/work/motor_control/install/python_moveit_interface/local/lib/python3.10/dist-packages/python_moveit_interface-0.0.0-py3.10.egg-info/PKG-INFO
[1.191s] -- Installing: /home/darkdemon/work/motor_control/install/python_moveit_interface/local/lib/python3.10/dist-packages/python_moveit_interface-0.0.0-py3.10.egg-info/dependency_links.txt
[1.191s] -- Installing: /home/darkdemon/work/motor_control/install/python_moveit_interface/local/lib/python3.10/dist-packages/python_moveit_interface-0.0.0-py3.10.egg-info/SOURCES.txt
[1.192s] -- Up-to-date: /home/darkdemon/work/motor_control/install/python_moveit_interface/local/lib/python3.10/dist-packages/python_moveit_interface
[1.192s] -- Up-to-date: /home/darkdemon/work/motor_control/install/python_moveit_interface/local/lib/python3.10/dist-packages/python_moveit_interface/python_moveit_interface_s__rosidl_typesupport_fastrtps_c.cpython-310-x86_64-linux-gnu.so
[1.192s] -- Up-to-date: /home/darkdemon/work/motor_control/install/python_moveit_interface/local/lib/python3.10/dist-packages/python_moveit_interface/_python_moveit_interface_s.ep.rosidl_typesupport_c.c
[1.192s] -- Up-to-date: /home/darkdemon/work/motor_control/install/python_moveit_interface/local/lib/python3.10/dist-packages/python_moveit_interface/python_moveit_interface_s__rosidl_typesupport_c.cpython-310-x86_64-linux-gnu.so
[1.192s] -- Up-to-date: /home/darkdemon/work/motor_control/install/python_moveit_interface/local/lib/python3.10/dist-packages/python_moveit_interface/_python_moveit_interface_s.ep.rosidl_typesupport_fastrtps_c.c
[1.192s] -- Up-to-date: /home/darkdemon/work/motor_control/install/python_moveit_interface/local/lib/python3.10/dist-packages/python_moveit_interface/__init__.py
[1.192s] -- Up-to-date: /home/darkdemon/work/motor_control/install/python_moveit_interface/local/lib/python3.10/dist-packages/python_moveit_interface/srv
[1.192s] -- Up-to-date: /home/darkdemon/work/motor_control/install/python_moveit_interface/local/lib/python3.10/dist-packages/python_moveit_interface/srv/_arm_control_s.c
[1.192s] -- Up-to-date: /home/darkdemon/work/motor_control/install/python_moveit_interface/local/lib/python3.10/dist-packages/python_moveit_interface/srv/_detect_pose_s.c
[1.193s] -- Up-to-date: /home/darkdemon/work/motor_control/install/python_moveit_interface/local/lib/python3.10/dist-packages/python_moveit_interface/srv/_arm_control.py
[1.193s] -- Up-to-date: /home/darkdemon/work/motor_control/install/python_moveit_interface/local/lib/python3.10/dist-packages/python_moveit_interface/srv/__init__.py
[1.193s] -- Up-to-date: /home/darkdemon/work/motor_control/install/python_moveit_interface/local/lib/python3.10/dist-packages/python_moveit_interface/srv/_detect_pose.py
[1.193s] -- Up-to-date: /home/darkdemon/work/motor_control/install/python_moveit_interface/local/lib/python3.10/dist-packages/python_moveit_interface/srv/_gripper_control_s.c
[1.193s] -- Up-to-date: /home/darkdemon/work/motor_control/install/python_moveit_interface/local/lib/python3.10/dist-packages/python_moveit_interface/srv/_pose_request.py
[1.193s] -- Up-to-date: /home/darkdemon/work/motor_control/install/python_moveit_interface/local/lib/python3.10/dist-packages/python_moveit_interface/srv/_gripper_control.py
[1.194s] -- Up-to-date: /home/darkdemon/work/motor_control/install/python_moveit_interface/local/lib/python3.10/dist-packages/python_moveit_interface/srv/_pose_request_s.c
[1.194s] -- Up-to-date: /home/darkdemon/work/motor_control/install/python_moveit_interface/local/lib/python3.10/dist-packages/python_moveit_interface/python_moveit_interface_s__rosidl_typesupport_introspection_c.cpython-310-x86_64-linux-gnu.so
[1.194s] -- Up-to-date: /home/darkdemon/work/motor_control/install/python_moveit_interface/local/lib/python3.10/dist-packages/python_moveit_interface/_python_moveit_interface_s.ep.rosidl_typesupport_introspection_c.c
[1.194s] -- Up-to-date: /home/darkdemon/work/motor_control/install/python_moveit_interface/local/lib/python3.10/dist-packages/python_moveit_interface/libpython_moveit_interface__rosidl_generator_py.so
[1.202s] Listing '/home/darkdemon/work/motor_control/install/python_moveit_interface/local/lib/python3.10/dist-packages/python_moveit_interface'...
[1.202s] Listing '/home/darkdemon/work/motor_control/install/python_moveit_interface/local/lib/python3.10/dist-packages/python_moveit_interface/srv'...
[1.206s] -- Up-to-date: /home/darkdemon/work/motor_control/install/python_moveit_interface/local/lib/python3.10/dist-packages/python_moveit_interface/python_moveit_interface_s__rosidl_typesupport_fastrtps_c.cpython-310-x86_64-linux-gnu.so
[1.206s] -- Up-to-date: /home/darkdemon/work/motor_control/install/python_moveit_interface/local/lib/python3.10/dist-packages/python_moveit_interface/python_moveit_interface_s__rosidl_typesupport_introspection_c.cpython-310-x86_64-linux-gnu.so
[1.207s] -- Up-to-date: /home/darkdemon/work/motor_control/install/python_moveit_interface/local/lib/python3.10/dist-packages/python_moveit_interface/python_moveit_interface_s__rosidl_typesupport_c.cpython-310-x86_64-linux-gnu.so
[1.207s] -- Up-to-date: /home/darkdemon/work/motor_control/install/python_moveit_interface/lib/libpython_moveit_interface__rosidl_generator_py.so
[1.207s] -- Up-to-date: /home/darkdemon/work/motor_control/install/python_moveit_interface/share/python_moveit_interface/srv/PoseRequest.idl
[1.207s] -- Up-to-date: /home/darkdemon/work/motor_control/install/python_moveit_interface/share/python_moveit_interface/srv/GripperControl.idl
[1.207s] -- Up-to-date: /home/darkdemon/work/motor_control/install/python_moveit_interface/share/python_moveit_interface/srv/DetectPose.idl
[1.207s] -- Up-to-date: /home/darkdemon/work/motor_control/install/python_moveit_interface/share/python_moveit_interface/srv/ArmControl.idl
[1.207s] -- Up-to-date: /home/darkdemon/work/motor_control/install/python_moveit_interface/share/python_moveit_interface/srv/PoseRequest.srv
[1.208s] -- Up-to-date: /home/darkdemon/work/motor_control/install/python_moveit_interface/share/python_moveit_interface/srv/PoseRequest_Request.msg
[1.208s] -- Up-to-date: /home/darkdemon/work/motor_control/install/python_moveit_interface/share/python_moveit_interface/srv/PoseRequest_Response.msg
[1.208s] -- Up-to-date: /home/darkdemon/work/motor_control/install/python_moveit_interface/share/python_moveit_interface/srv/GripperControl.srv
[1.208s] -- Up-to-date: /home/darkdemon/work/motor_control/install/python_moveit_interface/share/python_moveit_interface/srv/GripperControl_Request.msg
[1.208s] -- Up-to-date: /home/darkdemon/work/motor_control/install/python_moveit_interface/share/python_moveit_interface/srv/GripperControl_Response.msg
[1.208s] -- Up-to-date: /home/darkdemon/work/motor_control/install/python_moveit_interface/share/python_moveit_interface/srv/DetectPose.srv
[1.208s] -- Up-to-date: /home/darkdemon/work/motor_control/install/python_moveit_interface/share/python_moveit_interface/srv/DetectPose_Request.msg
[1.208s] -- Up-to-date: /home/darkdemon/work/motor_control/install/python_moveit_interface/share/python_moveit_interface/srv/DetectPose_Response.msg
[1.208s] -- Up-to-date: /home/darkdemon/work/motor_control/install/python_moveit_interface/share/python_moveit_interface/srv/ArmControl.srv
[1.208s] -- Up-to-date: /home/darkdemon/work/motor_control/install/python_moveit_interface/share/python_moveit_interface/srv/ArmControl_Request.msg
[1.208s] -- Up-to-date: /home/darkdemon/work/motor_control/install/python_moveit_interface/share/python_moveit_interface/srv/ArmControl_Response.msg
[1.209s] -- Up-to-date: /home/darkdemon/work/motor_control/install/python_moveit_interface/share/ament_index/resource_index/package_run_dependencies/python_moveit_interface
[1.209s] -- Up-to-date: /home/darkdemon/work/motor_control/install/python_moveit_interface/share/ament_index/resource_index/parent_prefix_path/python_moveit_interface
[1.209s] -- Up-to-date: /home/darkdemon/work/motor_control/install/python_moveit_interface/share/python_moveit_interface/environment/ament_prefix_path.sh
[1.209s] -- Up-to-date: /home/darkdemon/work/motor_control/install/python_moveit_interface/share/python_moveit_interface/environment/ament_prefix_path.dsv
[1.209s] -- Up-to-date: /home/darkdemon/work/motor_control/install/python_moveit_interface/share/python_moveit_interface/environment/path.sh
[1.209s] -- Up-to-date: /home/darkdemon/work/motor_control/install/python_moveit_interface/share/python_moveit_interface/environment/path.dsv
[1.209s] -- Up-to-date: /home/darkdemon/work/motor_control/install/python_moveit_interface/share/python_moveit_interface/local_setup.bash
[1.209s] -- Up-to-date: /home/darkdemon/work/motor_control/install/python_moveit_interface/share/python_moveit_interface/local_setup.sh
[1.209s] -- Up-to-date: /home/darkdemon/work/motor_control/install/python_moveit_interface/share/python_moveit_interface/local_setup.zsh
[1.209s] -- Up-to-date: /home/darkdemon/work/motor_control/install/python_moveit_interface/share/python_moveit_interface/local_setup.dsv
[1.209s] -- Installing: /home/darkdemon/work/motor_control/install/python_moveit_interface/share/python_moveit_interface/package.dsv
[1.209s] -- Up-to-date: /home/darkdemon/work/motor_control/install/python_moveit_interface/share/ament_index/resource_index/packages/python_moveit_interface
[1.209s] -- Up-to-date: /home/darkdemon/work/motor_control/install/python_moveit_interface/share/python_moveit_interface/cmake/export_python_moveit_interface__rosidl_generator_cExport.cmake
[1.209s] -- Up-to-date: /home/darkdemon/work/motor_control/install/python_moveit_interface/share/python_moveit_interface/cmake/export_python_moveit_interface__rosidl_generator_cExport-noconfig.cmake
[1.209s] -- Up-to-date: /home/darkdemon/work/motor_control/install/python_moveit_interface/share/python_moveit_interface/cmake/export_python_moveit_interface__rosidl_typesupport_fastrtps_cExport.cmake
[1.209s] -- Up-to-date: /home/darkdemon/work/motor_control/install/python_moveit_interface/share/python_moveit_interface/cmake/export_python_moveit_interface__rosidl_typesupport_fastrtps_cExport-noconfig.cmake
[1.209s] -- Up-to-date: /home/darkdemon/work/motor_control/install/python_moveit_interface/share/python_moveit_interface/cmake/python_moveit_interface__rosidl_typesupport_introspection_cExport.cmake
[1.209s] -- Up-to-date: /home/darkdemon/work/motor_control/install/python_moveit_interface/share/python_moveit_interface/cmake/python_moveit_interface__rosidl_typesupport_introspection_cExport-noconfig.cmake
[1.209s] -- Up-to-date: /home/darkdemon/work/motor_control/install/python_moveit_interface/share/python_moveit_interface/cmake/python_moveit_interface__rosidl_typesupport_cExport.cmake
[1.209s] -- Up-to-date: /home/darkdemon/work/motor_control/install/python_moveit_interface/share/python_moveit_interface/cmake/python_moveit_interface__rosidl_typesupport_cExport-noconfig.cmake
[1.209s] -- Up-to-date: /home/darkdemon/work/motor_control/install/python_moveit_interface/share/python_moveit_interface/cmake/export_python_moveit_interface__rosidl_generator_cppExport.cmake
[1.209s] -- Up-to-date: /home/darkdemon/work/motor_control/install/python_moveit_interface/share/python_moveit_interface/cmake/export_python_moveit_interface__rosidl_typesupport_fastrtps_cppExport.cmake
[1.209s] -- Up-to-date: /home/darkdemon/work/motor_control/install/python_moveit_interface/share/python_moveit_interface/cmake/export_python_moveit_interface__rosidl_typesupport_fastrtps_cppExport-noconfig.cmake
[1.209s] -- Up-to-date: /home/darkdemon/work/motor_control/install/python_moveit_interface/share/python_moveit_interface/cmake/python_moveit_interface__rosidl_typesupport_introspection_cppExport.cmake
[1.210s] -- Up-to-date: /home/darkdemon/work/motor_control/install/python_moveit_interface/share/python_moveit_interface/cmake/python_moveit_interface__rosidl_typesupport_introspection_cppExport-noconfig.cmake
[1.210s] -- Up-to-date: /home/darkdemon/work/motor_control/install/python_moveit_interface/share/python_moveit_interface/cmake/python_moveit_interface__rosidl_typesupport_cppExport.cmake
[1.210s] -- Up-to-date: /home/darkdemon/work/motor_control/install/python_moveit_interface/share/python_moveit_interface/cmake/python_moveit_interface__rosidl_typesupport_cppExport-noconfig.cmake
[1.210s] -- Up-to-date: /home/darkdemon/work/motor_control/install/python_moveit_interface/share/python_moveit_interface/cmake/export_python_moveit_interface__rosidl_generator_pyExport.cmake
[1.210s] -- Up-to-date: /home/darkdemon/work/motor_control/install/python_moveit_interface/share/python_moveit_interface/cmake/export_python_moveit_interface__rosidl_generator_pyExport-noconfig.cmake
[1.210s] -- Up-to-date: /home/darkdemon/work/motor_control/install/python_moveit_interface/share/python_moveit_interface/cmake/rosidl_cmake-extras.cmake
[1.210s] -- Up-to-date: /home/darkdemon/work/motor_control/install/python_moveit_interface/share/python_moveit_interface/cmake/ament_cmake_export_dependencies-extras.cmake
[1.210s] -- Up-to-date: /home/darkdemon/work/motor_control/install/python_moveit_interface/share/python_moveit_interface/cmake/ament_cmake_export_include_directories-extras.cmake
[1.210s] -- Up-to-date: /home/darkdemon/work/motor_control/install/python_moveit_interface/share/python_moveit_interface/cmake/ament_cmake_export_libraries-extras.cmake
[1.210s] -- Up-to-date: /home/darkdemon/work/motor_control/install/python_moveit_interface/share/python_moveit_interface/cmake/ament_cmake_export_targets-extras.cmake
[1.210s] -- Up-to-date: /home/darkdemon/work/motor_control/install/python_moveit_interface/share/python_moveit_interface/cmake/rosidl_cmake_export_typesupport_targets-extras.cmake
[1.210s] -- Up-to-date: /home/darkdemon/work/motor_control/install/python_moveit_interface/share/python_moveit_interface/cmake/rosidl_cmake_export_typesupport_libraries-extras.cmake
[1.210s] -- Up-to-date: /home/darkdemon/work/motor_control/install/python_moveit_interface/share/python_moveit_interface/cmake/python_moveit_interfaceConfig.cmake
[1.210s] -- Up-to-date: /home/darkdemon/work/motor_control/install/python_moveit_interface/share/python_moveit_interface/cmake/python_moveit_interfaceConfig-version.cmake
[1.210s] -- Up-to-date: /home/darkdemon/work/motor_control/install/python_moveit_interface/share/python_moveit_interface/package.xml
[1.242s] Invoked command in '/home/darkdemon/work/motor_control/build/python_moveit_interface' returned '0': /usr/bin/cmake --install /home/darkdemon/work/motor_control/build/python_moveit_interface
