[0.886s] Invoking command in '/home/darkdemon/work/motor_control/build/small_arm_moveit_cpp': CMAKE_PREFIX_PATH=/home/darkdemon/work/motor_control/install/small_arm_moveit_cpp:/home/darkdemon/work/motor_control/install/small_arm_moveit_config:/home/darkdemon/work/motor_control/install/small_arm_description:/home/darkdemon/work/motor_control/install/visual:/home/darkdemon/work/motor_control/install/realsense:/home/darkdemon/work/motor_control/install/python_moveit2:/home/darkdemon/work/motor_control/install/map_tool:/home/darkdemon/work/motor_control/install/lidar_filter:/opt/ros/humble:/home/darkdemon/work/motor_control/install/python_moveit_interface:/home/darkdemon/work/motor_control/install/map_if:/home/darkdemon/work/motor_control/install/dynamixel_workbench:/home/darkdemon/work/motor_control/install/dynamixel_hardware:/home/darkdemon/work/motor_control/install/dynamixel_workbench_toolbox:/home/darkdemon/work/motor_control/install/dynamixel_workbench_msgs /usr/bin/cmake --build /home/darkdemon/work/motor_control/build/small_arm_moveit_cpp -- -j20 -l20
[0.928s] [35m[1mConsolidate compiler generated dependencies of target ee_pose_in_base[0m
[0.931s] [35m[1mConsolidate compiler generated dependencies of target auto_pose_goal[0m
[0.943s] [ 20%] Built target ee_pose_in_base
[0.945s] [ 40%] Built target manual_pose_topic
[0.945s] [ 60%] Built target named_goal
[0.952s] [ 70%] [32mBuilding CXX object CMakeFiles/gripper_open.dir/src/gripper_open.cpp.o[0m
[0.956s] [ 80%] [32mBuilding CXX object CMakeFiles/auto_pose_goal.dir/src/auto_pose_goal.cpp.o[0m
[4.911s] [01m[K/home/darkdemon/work/motor_control/src/tb4_arm_ros2/small_arm_moveit_cpp/src/gripper_open.cpp:[m[K In constructor ‘[01m[KGripperControlService::GripperControlService()[m[K’:
[4.911s] [01m[K/home/darkdemon/work/motor_control/src/tb4_arm_ros2/small_arm_moveit_cpp/src/gripper_open.cpp:14:5:[m[K [01;31m[Kerror: [m[K‘[01m[Kgripper_service_[m[K’ was not declared in this scope; did you mean ‘[01m[Kcreate_service[m[K’?
[4.911s]    14 |     [01;31m[Kgripper_service_[m[K = this->create_service<GripperControl>(
[4.911s]       |     [01;31m[K^~~~~~~~~~~~~~~~[m[K
[4.911s]       |     [32m[Kcreate_service[m[K
[4.936s] [01m[K/home/darkdemon/work/motor_control/src/tb4_arm_ros2/small_arm_moveit_cpp/src/gripper_open.cpp:18:5:[m[K [01;31m[Kerror: [m[K‘[01m[Ktimer_[m[K’ was not declared in this scope; did you mean ‘[01m[Ktimer_t[m[K’?
[4.936s]    18 |     [01;31m[Ktimer_[m[K = this->create_wall_timer(
[4.936s]       |     [01;31m[K^~~~~~[m[K
[4.936s]       |     [32m[Ktimer_t[m[K
[4.963s] [01m[K/home/darkdemon/work/motor_control/src/tb4_arm_ros2/small_arm_moveit_cpp/src/gripper_open.cpp:[m[K In member function ‘[01m[Kvoid GripperControlService::try_initialize_move_group()[m[K’:
[4.963s] [01m[K/home/darkdemon/work/motor_control/src/tb4_arm_ros2/small_arm_moveit_cpp/src/gripper_open.cpp:28:9:[m[K [01;31m[Kerror: [m[K‘[01m[Kmove_group_interface_[m[K’ was not declared in this scope
[4.963s]    28 |     if ([01;31m[Kmove_group_interface_[m[K) return;
[4.963s]       |         [01;31m[K^~~~~~~~~~~~~~~~~~~~~[m[K
[4.978s] [01m[K/home/darkdemon/work/motor_control/src/tb4_arm_ros2/small_arm_moveit_cpp/src/gripper_open.cpp:31:7:[m[K [01;31m[Kerror: [m[K‘[01m[Kmove_group_interface_[m[K’ was not declared in this scope
[4.978s]    31 |       [01;31m[Kmove_group_interface_[m[K = std::make_shared<moveit::planning_interface::MoveGroupInterface>(
[4.978s]       |       [01;31m[K^~~~~~~~~~~~~~~~~~~~~[m[K
[4.989s] [01m[K/home/darkdemon/work/motor_control/src/tb4_arm_ros2/small_arm_moveit_cpp/src/gripper_open.cpp:39:7:[m[K [01;31m[Kerror: [m[K‘[01m[Ktimer_[m[K’ was not declared in this scope; did you mean ‘[01m[Ktimer_t[m[K’?
[4.990s]    39 |       [01;31m[Ktimer_[m[K->cancel();
[4.990s]       |       [01;31m[K^~~~~~[m[K
[4.990s]       |       [32m[Ktimer_t[m[K
[5.007s] [01m[K/home/darkdemon/work/motor_control/src/tb4_arm_ros2/small_arm_moveit_cpp/src/gripper_open.cpp:[m[K In member function ‘[01m[Kvoid GripperControlService::handle_service(std::shared_ptr<python_moveit_interface::srv::GripperControl_Request_<std::allocator<void> > >, std::shared_ptr<python_moveit_interface::srv::GripperControl_Response_<std::allocator<void> > >)[m[K’:
[5.007s] [01m[K/home/darkdemon/work/motor_control/src/tb4_arm_ros2/small_arm_moveit_cpp/src/gripper_open.cpp:49:10:[m[K [01;31m[Kerror: [m[K‘[01m[Kmove_group_interface_[m[K’ was not declared in this scope
[5.007s]    49 |     if (![01;31m[Kmove_group_interface_[m[K) {
[5.007s]       |          [01;31m[K^~~~~~~~~~~~~~~~~~~~~[m[K
[5.025s] [01m[K/home/darkdemon/work/motor_control/src/tb4_arm_ros2/small_arm_moveit_cpp/src/gripper_open.cpp:59:19:[m[K [01;31m[Kerror: [m[K‘[01m[Kmove_group_interface_[m[K’ was not declared in this scope
[5.026s]    59 |     if (std::find([01;31m[Kmove_group_interface_[m[K->getNamedTargets().begin(),
[5.026s]       |                   [01;31m[K^~~~~~~~~~~~~~~~~~~~~[m[K
[5.041s] [01m[K/home/darkdemon/work/motor_control/src/tb4_arm_ros2/small_arm_moveit_cpp/src/gripper_open.cpp:68:5:[m[K [01;31m[Kerror: [m[K‘[01m[Kmove_group_interface_[m[K’ was not declared in this scope
[5.041s]    68 |     [01;31m[Kmove_group_interface_[m[K->setNamedTarget(target_name);
[5.041s]       |     [01;31m[K^~~~~~~~~~~~~~~~~~~~~[m[K
[5.124s] [01m[K/home/darkdemon/work/motor_control/src/tb4_arm_ros2/small_arm_moveit_cpp/src/auto_pose_goal.cpp:132:27:[m[K [01;31m[Kerror: [m[K‘[01m[KGripperControl[m[K’ was not declared in this scope
[5.124s]   132 |     const std::shared_ptr<[01;31m[KGripperControl[m[K::Request> request,
[5.124s]       |                           [01;31m[K^~~~~~~~~~~~~~[m[K
[5.124s] [01m[K/home/darkdemon/work/motor_control/src/tb4_arm_ros2/small_arm_moveit_cpp/src/auto_pose_goal.cpp:132:50:[m[K [01;31m[Kerror: [m[Ktemplate argument 1 is invalid
[5.124s]   132 |     const std::shared_ptr<GripperControl::Request[01;31m[K>[m[K request,
[5.124s]       |                                                  [01;31m[K^[m[K
[5.135s] [01m[K/home/darkdemon/work/motor_control/src/tb4_arm_ros2/small_arm_moveit_cpp/src/auto_pose_goal.cpp:132:27:[m[K [01;31m[Kerror: [m[K‘[01m[KGripperControl[m[K’ was not declared in this scope
[5.135s]   132 |     const std::shared_ptr<[01;31m[KGripperControl[m[K::Request> request,
[5.135s]       |                           [01;31m[K^~~~~~~~~~~~~~[m[K
[5.135s] [01m[K/home/darkdemon/work/motor_control/src/tb4_arm_ros2/small_arm_moveit_cpp/src/auto_pose_goal.cpp:132:50:[m[K [01;31m[Kerror: [m[Ktemplate argument 1 is invalid
[5.135s]   132 |     const std::shared_ptr<GripperControl::Request[01;31m[K>[m[K request,
[5.135s]       |                                                  [01;31m[K^[m[K
[5.145s] [01m[K/home/darkdemon/work/motor_control/src/tb4_arm_ros2/small_arm_moveit_cpp/src/auto_pose_goal.cpp:132:27:[m[K [01;31m[Kerror: [m[K‘[01m[KGripperControl[m[K’ was not declared in this scope
[5.145s]   132 |     const std::shared_ptr<[01;31m[KGripperControl[m[K::Request> request,
[5.145s]       |                           [01;31m[K^~~~~~~~~~~~~~[m[K
[5.145s] [01m[K/home/darkdemon/work/motor_control/src/tb4_arm_ros2/small_arm_moveit_cpp/src/auto_pose_goal.cpp:132:50:[m[K [01;31m[Kerror: [m[Ktemplate argument 1 is invalid
[5.145s]   132 |     const std::shared_ptr<GripperControl::Request[01;31m[K>[m[K request,
[5.145s]       |                                                  [01;31m[K^[m[K
[5.146s] [01m[K/home/darkdemon/work/motor_control/src/tb4_arm_ros2/small_arm_moveit_cpp/src/auto_pose_goal.cpp:132:11:[m[K [01;31m[Kerror: [m[Kinvalid template-id
[5.146s]   132 |     const [01;31m[Kstd[m[K::shared_ptr<GripperControl::Request> request,
[5.146s]       |           [01;31m[K^~~[m[K
[5.146s] [01m[K/home/darkdemon/work/motor_control/src/tb4_arm_ros2/small_arm_moveit_cpp/src/auto_pose_goal.cpp:132:27:[m[K [01;31m[Kerror: [m[K‘[01m[KGripperControl[m[K’ has not been declared
[5.146s]   132 |     const std::shared_ptr<[01;31m[KGripperControl[m[K::Request> request,
[5.146s]       |                           [01;31m[K^~~~~~~~~~~~~~[m[K
[5.146s] [01m[K/home/darkdemon/work/motor_control/src/tb4_arm_ros2/small_arm_moveit_cpp/src/auto_pose_goal.cpp:132:5:[m[K [01;31m[Kerror: [m[Kclass template placeholder ‘[01m[Kstd::shared_ptr[m[K’ not permitted in this context
[5.146s]   132 |     [01;31m[Kconst[m[K std::shared_ptr<GripperControl::Request> request,
[5.146s]       |     [01;31m[K^~~~~[m[K
[5.158s] [01m[K/home/darkdemon/work/motor_control/src/tb4_arm_ros2/small_arm_moveit_cpp/src/auto_pose_goal.cpp:133:21:[m[K [01;31m[Kerror: [m[K‘[01m[KGripperControl[m[K’ was not declared in this scope
[5.158s]   133 |     std::shared_ptr<[01;31m[KGripperControl[m[K::Response> response)
[5.158s]       |                     [01;31m[K^~~~~~~~~~~~~~[m[K
[5.158s] [01m[K/home/darkdemon/work/motor_control/src/tb4_arm_ros2/small_arm_moveit_cpp/src/auto_pose_goal.cpp:133:45:[m[K [01;31m[Kerror: [m[Ktemplate argument 1 is invalid
[5.158s]   133 |     std::shared_ptr<GripperControl::Response[01;31m[K>[m[K response)
[5.158s]       |                                             [01;31m[K^[m[K
[5.168s] [01m[K/home/darkdemon/work/motor_control/src/tb4_arm_ros2/small_arm_moveit_cpp/src/auto_pose_goal.cpp:133:21:[m[K [01;31m[Kerror: [m[K‘[01m[KGripperControl[m[K’ was not declared in this scope
[5.169s]   133 |     std::shared_ptr<[01;31m[KGripperControl[m[K::Response> response)
[5.169s]       |                     [01;31m[K^~~~~~~~~~~~~~[m[K
[5.169s] [01m[K/home/darkdemon/work/motor_control/src/tb4_arm_ros2/small_arm_moveit_cpp/src/auto_pose_goal.cpp:133:45:[m[K [01;31m[Kerror: [m[Ktemplate argument 1 is invalid
[5.169s]   133 |     std::shared_ptr<GripperControl::Response[01;31m[K>[m[K response)
[5.169s]       |                                             [01;31m[K^[m[K
[5.180s] [01m[K/home/darkdemon/work/motor_control/src/tb4_arm_ros2/small_arm_moveit_cpp/src/auto_pose_goal.cpp:133:21:[m[K [01;31m[Kerror: [m[K‘[01m[KGripperControl[m[K’ was not declared in this scope
[5.180s]   133 |     std::shared_ptr<[01;31m[KGripperControl[m[K::Response> response)
[5.180s]       |                     [01;31m[K^~~~~~~~~~~~~~[m[K
[5.180s] [01m[K/home/darkdemon/work/motor_control/src/tb4_arm_ros2/small_arm_moveit_cpp/src/auto_pose_goal.cpp:133:45:[m[K [01;31m[Kerror: [m[Ktemplate argument 1 is invalid
[5.180s]   133 |     std::shared_ptr<GripperControl::Response[01;31m[K>[m[K response)
[5.180s]       |                                             [01;31m[K^[m[K
[5.180s] [01m[K/home/darkdemon/work/motor_control/src/tb4_arm_ros2/small_arm_moveit_cpp/src/auto_pose_goal.cpp:133:5:[m[K [01;31m[Kerror: [m[Kinvalid template-id
[5.180s]   133 |     [01;31m[Kstd[m[K::shared_ptr<GripperControl::Response> response)
[5.180s]       |     [01;31m[K^~~[m[K
[5.180s] [01m[K/home/darkdemon/work/motor_control/src/tb4_arm_ros2/small_arm_moveit_cpp/src/auto_pose_goal.cpp:133:21:[m[K [01;31m[Kerror: [m[K‘[01m[KGripperControl[m[K’ has not been declared
[5.180s]   133 |     std::shared_ptr<[01;31m[KGripperControl[m[K::Response> response)
[5.180s]       |                     [01;31m[K^~~~~~~~~~~~~~[m[K
[5.180s] [01m[K/home/darkdemon/work/motor_control/src/tb4_arm_ros2/small_arm_moveit_cpp/src/auto_pose_goal.cpp:133:5:[m[K [01;31m[Kerror: [m[Kclass template placeholder ‘[01m[Kstd::shared_ptr[m[K’ not permitted in this context
[5.180s]   133 |     [01;31m[Kstd[m[K::shared_ptr<GripperControl::Response> response)
[5.180s]       |     [01;31m[K^~~[m[K
[5.225s] [01m[K/home/darkdemon/work/motor_control/src/tb4_arm_ros2/small_arm_moveit_cpp/src/auto_pose_goal.cpp:[m[K In member function ‘[01m[Kvoid AutoPoseService::handle_service(...)[m[K’:
[5.225s] [01m[K/home/darkdemon/work/motor_control/src/tb4_arm_ros2/small_arm_moveit_cpp/src/auto_pose_goal.cpp:135:10:[m[K [01;31m[Kerror: [m[K‘[01m[Kmove_group_interface_[m[K’ was not declared in this scope
[5.225s]   135 |     if (![01;31m[Kmove_group_interface_[m[K) {
[5.225s]       |          [01;31m[K^~~~~~~~~~~~~~~~~~~~~[m[K
[5.233s] [01m[K/home/darkdemon/work/motor_control/src/tb4_arm_ros2/small_arm_moveit_cpp/src/auto_pose_goal.cpp:137:7:[m[K [01;31m[Kerror: [m[K‘[01m[Kresponse[m[K’ was not declared in this scope
[5.233s]   137 |       [01;31m[Kresponse[m[K->success = false;
[5.233s]       |       [01;31m[K^~~~~~~~[m[K
[5.239s] [01m[K/home/darkdemon/work/motor_control/src/tb4_arm_ros2/small_arm_moveit_cpp/src/auto_pose_goal.cpp:142:31:[m[K [01;31m[Kerror: [m[K‘[01m[Krequest[m[K’ was not declared in this scope
[5.239s]   142 |     std::string target_name = [01;31m[Krequest[m[K->close ? "close" : "open";
[5.239s]       |                               [01;31m[K^~~~~~~[m[K
[5.255s] [01m[K/home/darkdemon/work/motor_control/src/tb4_arm_ros2/small_arm_moveit_cpp/src/auto_pose_goal.cpp:145:19:[m[K [01;31m[Kerror: [m[K‘[01m[Kmove_group_interface_[m[K’ was not declared in this scope
[5.255s]   145 |     if (std::find([01;31m[Kmove_group_interface_[m[K->getNamedTargets().begin(),
[5.256s]       |                   [01;31m[K^~~~~~~~~~~~~~~~~~~~~[m[K
[5.263s] [01m[K/home/darkdemon/work/motor_control/src/tb4_arm_ros2/small_arm_moveit_cpp/src/auto_pose_goal.cpp:149:7:[m[K [01;31m[Kerror: [m[K‘[01m[Kresponse[m[K’ was not declared in this scope
[5.263s]   149 |       [01;31m[Kresponse[m[K->success = false;
[5.263s]       |       [01;31m[K^~~~~~~~[m[K
[5.277s] [01m[K/home/darkdemon/work/motor_control/src/tb4_arm_ros2/small_arm_moveit_cpp/src/auto_pose_goal.cpp:154:5:[m[K [01;31m[Kerror: [m[K‘[01m[Kmove_group_interface_[m[K’ was not declared in this scope
[5.277s]   154 |     [01;31m[Kmove_group_interface_[m[K->setNamedTarget(target_name);
[5.277s]       |     [01;31m[K^~~~~~~~~~~~~~~~~~~~~[m[K
[5.286s] [01m[K/home/darkdemon/work/motor_control/src/tb4_arm_ros2/small_arm_moveit_cpp/src/auto_pose_goal.cpp:165:7:[m[K [01;31m[Kerror: [m[K‘[01m[Kresponse[m[K’ was not declared in this scope
[5.286s]   165 |       [01;31m[Kresponse[m[K->success = true;
[5.286s]       |       [01;31m[K^~~~~~~~[m[K
[5.294s] [01m[K/home/darkdemon/work/motor_control/src/tb4_arm_ros2/small_arm_moveit_cpp/src/auto_pose_goal.cpp:169:7:[m[K [01;31m[Kerror: [m[K‘[01m[Kresponse[m[K’ was not declared in this scope
[5.294s]   169 |       [01;31m[Kresponse[m[K->success = false;
[5.294s]       |       [01;31m[K^~~~~~~~[m[K
[6.029s] In file included from [01m[K/opt/ros/humble/include/rclcpp/rclcpp/client.hpp:39[m[K,
[6.029s]                  from [01m[K/opt/ros/humble/include/rclcpp/rclcpp/callback_group.hpp:24[m[K,
[6.029s]                  from [01m[K/opt/ros/humble/include/rclcpp/rclcpp/any_executable.hpp:20[m[K,
[6.029s]                  from [01m[K/opt/ros/humble/include/rclcpp/rclcpp/memory_strategy.hpp:25[m[K,
[6.029s]                  from [01m[K/opt/ros/humble/include/rclcpp/rclcpp/memory_strategies.hpp:18[m[K,
[6.029s]                  from [01m[K/opt/ros/humble/include/rclcpp/rclcpp/executor_options.hpp:20[m[K,
[6.029s]                  from [01m[K/opt/ros/humble/include/rclcpp/rclcpp/executor.hpp:37[m[K,
[6.029s]                  from [01m[K/opt/ros/humble/include/rclcpp/rclcpp/executors/multi_threaded_executor.hpp:25[m[K,
[6.029s]                  from [01m[K/opt/ros/humble/include/rclcpp/rclcpp/executors.hpp:21[m[K,
[6.029s]                  from [01m[K/opt/ros/humble/include/rclcpp/rclcpp/rclcpp.hpp:155[m[K,
[6.030s]                  from [01m[K/home/darkdemon/work/motor_control/src/tb4_arm_ros2/small_arm_moveit_cpp/src/auto_pose_goal.cpp:3[m[K:
[6.030s] /opt/ros/humble/include/rclcpp/rclcpp/function_traits.hpp: In instantiation of ‘[01m[Kstruct rclcpp::function_traits::function_traits<std::_Bind<void (AutoPoseService::*(AutoPoseService*, std::_Placeholder<1>, std::_Placeholder<2>))(...)> >[m[K’:
[6.030s] [01m[K/opt/ros/humble/include/rclcpp/rclcpp/function_traits.hpp:165:8:[m[K   required from ‘[01m[Kstruct rclcpp::function_traits::same_arguments<std::_Bind<void (AutoPoseService::*(AutoPoseService*, std::_Placeholder<1>, std::_Placeholder<2>))(...)>, std::function<void(std::shared_ptr<python_moveit_interface::srv::DetectPose_Request_<std::allocator<void> > >, std::shared_ptr<python_moveit_interface::srv::DetectPose_Response_<std::allocator<void> > >)> >[m[K’
[6.030s] [01m[K/opt/ros/humble/include/rclcpp/rclcpp/any_service_callback.hpp:76:10:[m[K   required from ‘[01m[Kvoid rclcpp::AnyServiceCallback<ServiceT>::set(CallbackT&&) [with CallbackT = std::_Bind<void (AutoPoseService::*(AutoPoseService*, std::_Placeholder<1>, std::_Placeholder<2>))(...)>; typename std::enable_if<(! rclcpp::detail::can_be_nullptr<CallbackT>::value), int>::type <anonymous> = 0; ServiceT = python_moveit_interface::srv::DetectPose][m[K’
[6.030s] [01m[K/opt/ros/humble/include/rclcpp/rclcpp/create_service.hpp:43:27:[m[K   required from ‘[01m[Ktypename rclcpp::Service<ServiceT>::SharedPtr rclcpp::create_service(std::shared_ptr<rclcpp::node_interfaces::NodeBaseInterface>, std::shared_ptr<rclcpp::node_interfaces::NodeServicesInterface>, const string&, CallbackT&&, const rmw_qos_profile_t&, rclcpp::CallbackGroup::SharedPtr) [with ServiceT = python_moveit_interface::srv::DetectPose; CallbackT = std::_Bind<void (AutoPoseService::*(AutoPoseService*, std::_Placeholder<1>, std::_Placeholder<2>))(...)>; typename rclcpp::Service<ServiceT>::SharedPtr = std::shared_ptr<rclcpp::Service<python_moveit_interface::srv::DetectPose> >; std::string = std::__cxx11::basic_string<char>; rmw_qos_profile_t = rmw_qos_profile_s; rclcpp::CallbackGroup::SharedPtr = std::shared_ptr<rclcpp::CallbackGroup>][m[K’
[6.030s] [01m[K/opt/ros/humble/include/rclcpp/rclcpp/node_impl.hpp:147:53:[m[K   required from ‘[01m[Ktypename rclcpp::Service<ServiceT>::SharedPtr rclcpp::Node::create_service(const string&, CallbackT&&, const rmw_qos_profile_t&, rclcpp::CallbackGroup::SharedPtr) [with ServiceT = python_moveit_interface::srv::DetectPose; CallbackT = std::_Bind<void (AutoPoseService::*(AutoPoseService*, std::_Placeholder<1>, std::_Placeholder<2>))(...)>; typename rclcpp::Service<ServiceT>::SharedPtr = std::shared_ptr<rclcpp::Service<python_moveit_interface::srv::DetectPose> >; std::string = std::__cxx11::basic_string<char>; rmw_qos_profile_t = rmw_qos_profile_s; rclcpp::CallbackGroup::SharedPtr = std::shared_ptr<rclcpp::CallbackGroup>][m[K’
[6.030s] [01m[K/home/darkdemon/work/motor_control/src/tb4_arm_ros2/small_arm_moveit_cpp/src/auto_pose_goal.cpp:27:48:[m[K   required from here
[6.030s] [01m[K/opt/ros/humble/include/rclcpp/rclcpp/function_traits.hpp:51:9:[m[K [01;31m[Kerror: [m[K‘[01m[Kdecltype[m[K’ cannot resolve address of overloaded function
[6.030s]    51 |   using [01;31m[Karguments[m[K = typename tuple_tail<
[6.030s]       |         [01;31m[K^~~~~~~~~[m[K
[6.030s] [01m[K/opt/ros/humble/include/rclcpp/rclcpp/function_traits.hpp:57:9:[m[K [01;31m[Kerror: [m[K‘[01m[Kdecltype[m[K’ cannot resolve address of overloaded function
[6.030s]    57 |   using [01;31m[Kargument_type[m[K = typename std::tuple_element<N, arguments>::type;
[6.030s]       |         [01;31m[K^~~~~~~~~~~~~[m[K
[6.030s] [01m[K/opt/ros/humble/include/rclcpp/rclcpp/function_traits.hpp:59:9:[m[K [01;31m[Kerror: [m[K‘[01m[Kdecltype[m[K’ cannot resolve address of overloaded function
[6.030s]    59 |   using [01;31m[Kreturn_type[m[K = typename function_traits<decltype( &FunctionT::operator())>::return_type;
[6.030s]       |         [01;31m[K^~~~~~~~~~~[m[K
[6.030s] In file included from [01m[K/opt/ros/humble/include/rclcpp/rclcpp/service.hpp:36[m[K,
[6.030s]                  from [01m[K/opt/ros/humble/include/rclcpp/rclcpp/callback_group.hpp:28[m[K,
[6.030s]                  from [01m[K/opt/ros/humble/include/rclcpp/rclcpp/any_executable.hpp:20[m[K,
[6.030s]                  from [01m[K/opt/ros/humble/include/rclcpp/rclcpp/memory_strategy.hpp:25[m[K,
[6.030s]                  from [01m[K/opt/ros/humble/include/rclcpp/rclcpp/memory_strategies.hpp:18[m[K,
[6.030s]                  from [01m[K/opt/ros/humble/include/rclcpp/rclcpp/executor_options.hpp:20[m[K,
[6.030s]                  from [01m[K/opt/ros/humble/include/rclcpp/rclcpp/executor.hpp:37[m[K,
[6.030s]                  from [01m[K/opt/ros/humble/include/rclcpp/rclcpp/executors/multi_threaded_executor.hpp:25[m[K,
[6.030s]                  from [01m[K/opt/ros/humble/include/rclcpp/rclcpp/executors.hpp:21[m[K,
[6.030s]                  from [01m[K/opt/ros/humble/include/rclcpp/rclcpp/rclcpp.hpp:155[m[K,
[6.030s]                  from [01m[K/home/darkdemon/work/motor_control/src/tb4_arm_ros2/small_arm_moveit_cpp/src/auto_pose_goal.cpp:3[m[K:
[6.030s] /opt/ros/humble/include/rclcpp/rclcpp/any_service_callback.hpp: In instantiation of ‘[01m[Kvoid rclcpp::AnyServiceCallback<ServiceT>::set(CallbackT&&) [with CallbackT = std::_Bind<void (AutoPoseService::*(AutoPoseService*, std::_Placeholder<1>, std::_Placeholder<2>))(...)>; typename std::enable_if<(! rclcpp::detail::can_be_nullptr<CallbackT>::value), int>::type <anonymous> = 0; ServiceT = python_moveit_interface::srv::DetectPose][m[K’:
[6.030s] [01m[K/opt/ros/humble/include/rclcpp/rclcpp/create_service.hpp:43:27:[m[K   required from ‘[01m[Ktypename rclcpp::Service<ServiceT>::SharedPtr rclcpp::create_service(std::shared_ptr<rclcpp::node_interfaces::NodeBaseInterface>, std::shared_ptr<rclcpp::node_interfaces::NodeServicesInterface>, const string&, CallbackT&&, const rmw_qos_profile_t&, rclcpp::CallbackGroup::SharedPtr) [with ServiceT = python_moveit_interface::srv::DetectPose; CallbackT = std::_Bind<void (AutoPoseService::*(AutoPoseService*, std::_Placeholder<1>, std::_Placeholder<2>))(...)>; typename rclcpp::Service<ServiceT>::SharedPtr = std::shared_ptr<rclcpp::Service<python_moveit_interface::srv::DetectPose> >; std::string = std::__cxx11::basic_string<char>; rmw_qos_profile_t = rmw_qos_profile_s; rclcpp::CallbackGroup::SharedPtr = std::shared_ptr<rclcpp::CallbackGroup>][m[K’
[6.030s] [01m[K/opt/ros/humble/include/rclcpp/rclcpp/node_impl.hpp:147:53:[m[K   required from ‘[01m[Ktypename rclcpp::Service<ServiceT>::SharedPtr rclcpp::Node::create_service(const string&, CallbackT&&, const rmw_qos_profile_t&, rclcpp::CallbackGroup::SharedPtr) [with ServiceT = python_moveit_interface::srv::DetectPose; CallbackT = std::_Bind<void (AutoPoseService::*(AutoPoseService*, std::_Placeholder<1>, std::_Placeholder<2>))(...)>; typename rclcpp::Service<ServiceT>::SharedPtr = std::shared_ptr<rclcpp::Service<python_moveit_interface::srv::DetectPose> >; std::string = std::__cxx11::basic_string<char>; rmw_qos_profile_t = rmw_qos_profile_s; rclcpp::CallbackGroup::SharedPtr = std::shared_ptr<rclcpp::CallbackGroup>][m[K’
[6.030s] [01m[K/home/darkdemon/work/motor_control/src/tb4_arm_ros2/small_arm_moveit_cpp/src/auto_pose_goal.cpp:27:48:[m[K   required from here
[6.030s] [01m[K/opt/ros/humble/include/rclcpp/rclcpp/any_service_callback.hpp:76:10:[m[K [01;31m[Kerror: [m[K‘[01m[Kvalue[m[K’ is not a member of ‘[01m[Krclcpp::function_traits::same_arguments<std::_Bind<void (AutoPoseService::*(AutoPoseService*, std::_Placeholder<1>, std::_Placeholder<2>))(...)>, std::function<void(std::shared_ptr<python_moveit_interface::srv::DetectPose_Request_<std::allocator<void> > >, std::shared_ptr<python_moveit_interface::srv::DetectPose_Response_<std::allocator<void> > >)> >[m[K’
[6.030s]    76 |       >::[01;31m[Kvalue[m[K)
[6.030s]       |          [01;31m[K^~~~~[m[K
[6.035s] [01m[K/opt/ros/humble/include/rclcpp/rclcpp/any_service_callback.hpp:83:10:[m[K [01;31m[Kerror: [m[K‘[01m[Kvalue[m[K’ is not a member of ‘[01m[Krclcpp::function_traits::same_arguments<std::_Bind<void (AutoPoseService::*(AutoPoseService*, std::_Placeholder<1>, std::_Placeholder<2>))(...)>, std::function<void(std::shared_ptr<rmw_request_id_s>, std::shared_ptr<python_moveit_interface::srv::DetectPose_Request_<std::allocator<void> > >, std::shared_ptr<python_moveit_interface::srv::DetectPose_Response_<std::allocator<void> > >)> >[m[K’
[6.036s]    83 |       >::[01;31m[Kvalue[m[K)
[6.036s]       |          [01;31m[K^~~~~[m[K
[6.037s] [01m[K/opt/ros/humble/include/rclcpp/rclcpp/any_service_callback.hpp:90:10:[m[K [01;31m[Kerror: [m[K‘[01m[Kvalue[m[K’ is not a member of ‘[01m[Krclcpp::function_traits::same_arguments<std::_Bind<void (AutoPoseService::*(AutoPoseService*, std::_Placeholder<1>, std::_Placeholder<2>))(...)>, std::function<void(std::shared_ptr<rmw_request_id_s>, std::shared_ptr<python_moveit_interface::srv::DetectPose_Request_<std::allocator<void> > >)> >[m[K’
[6.037s]    90 |       >::[01;31m[Kvalue[m[K)
[6.037s]       |          [01;31m[K^~~~~[m[K
[6.038s] [01m[K/opt/ros/humble/include/rclcpp/rclcpp/any_service_callback.hpp:97:10:[m[K [01;31m[Kerror: [m[K‘[01m[Kvalue[m[K’ is not a member of ‘[01m[Krclcpp::function_traits::same_arguments<std::_Bind<void (AutoPoseService::*(AutoPoseService*, std::_Placeholder<1>, std::_Placeholder<2>))(...)>, std::function<void(std::shared_ptr<rclcpp::Service<python_moveit_interface::srv::DetectPose> >, std::shared_ptr<rmw_request_id_s>, std::shared_ptr<python_moveit_interface::srv::DetectPose_Request_<std::allocator<void> > >)> >[m[K’
[6.038s]    97 |       >::[01;31m[Kvalue[m[K)
[6.038s]       |          [01;31m[K^~~~~[m[K
[6.040s] [01m[K/opt/ros/humble/include/rclcpp/rclcpp/any_service_callback.hpp:103:17:[m[K [01;31m[Kerror: [m[Kno match for ‘[01m[Koperator=[m[K’ (operand types are ‘[01m[Kstd::variant<std::monostate, std::function<void(std::shared_ptr<python_moveit_interface::srv::DetectPose_Request_<std::allocator<void> > >, std::shared_ptr<python_moveit_interface::srv::DetectPose_Response_<std::allocator<void> > >)>, std::function<void(std::shared_ptr<rmw_request_id_s>, std::shared_ptr<python_moveit_interface::srv::DetectPose_Request_<std::allocator<void> > >, std::shared_ptr<python_moveit_interface::srv::DetectPose_Response_<std::allocator<void> > >)>, std::function<void(std::shared_ptr<rmw_request_id_s>, std::shared_ptr<python_moveit_interface::srv::DetectPose_Request_<std::allocator<void> > >)>, std::function<void(std::shared_ptr<rclcpp::Service<python_moveit_interface::srv::DetectPose> >, std::shared_ptr<rmw_request_id_s>, std::shared_ptr<python_moveit_interface::srv::DetectPose_Request_<std::allocator<void> > >)> >[m[K’ and ‘[01m[Kstd::_Bind<void (AutoPoseService::*(AutoPoseService*, std::_Placeholder<1>, std::_Placeholder<2>))(...)>[m[K’)
[6.041s]   103 |       [01;31m[Kcallback_ = std::forward<CallbackT>(callback)[m[K;
[6.041s]       |       [01;31m[K~~~~~~~~~~^~~~~~~~~~~~~~~~~~~~~~~~~~~~~~~~~~~[m[K
[6.041s] In file included from [01m[K/opt/ros/humble/include/rclcpp/rclcpp/client.hpp:28[m[K,
[6.041s]                  from [01m[K/opt/ros/humble/include/rclcpp/rclcpp/callback_group.hpp:24[m[K,
[6.041s]                  from [01m[K/opt/ros/humble/include/rclcpp/rclcpp/any_executable.hpp:20[m[K,
[6.041s]                  from [01m[K/opt/ros/humble/include/rclcpp/rclcpp/memory_strategy.hpp:25[m[K,
[6.041s]                  from [01m[K/opt/ros/humble/include/rclcpp/rclcpp/memory_strategies.hpp:18[m[K,
[6.041s]                  from [01m[K/opt/ros/humble/include/rclcpp/rclcpp/executor_options.hpp:20[m[K,
[6.041s]                  from [01m[K/opt/ros/humble/include/rclcpp/rclcpp/executor.hpp:37[m[K,
[6.041s]                  from [01m[K/opt/ros/humble/include/rclcpp/rclcpp/executors/multi_threaded_executor.hpp:25[m[K,
[6.041s]                  from [01m[K/opt/ros/humble/include/rclcpp/rclcpp/executors.hpp:21[m[K,
[6.041s]                  from [01m[K/opt/ros/humble/include/rclcpp/rclcpp/rclcpp.hpp:155[m[K,
[6.041s]                  from [01m[K/home/darkdemon/work/motor_control/src/tb4_arm_ros2/small_arm_moveit_cpp/src/auto_pose_goal.cpp:3[m[K:
[6.041s] [01m[K/usr/include/c++/11/variant:1461:9:[m[K [01;36m[Knote: [m[Kcandidate: ‘[01m[Ktemplate<class _Tp> std::enable_if_t<((__exactly_once<std::variant<_Types>::__accepted_type<_Tp&&, typename std::enable_if<__not_self<_Tp&&>, void>::type> > && is_constructible_v<std::variant<_Types>::__accepted_type<_Tp&&, typename std::enable_if<__not_self<_Tp&&>, void>::type>, _Tp>) && is_assignable_v<std::variant<_Types>::__accepted_type<_Tp&&, typename std::enable_if<__not_self<_Tp&&>, void>::type>&, _Tp>), std::variant<_Types>&> std::variant<_Types>::operator=(_Tp&&) [with _Tp = _Tp; _Types = {std::monostate, std::function<void(std::shared_ptr<python_moveit_interface::srv::DetectPose_Request_<std::allocator<void> > >, std::shared_ptr<python_moveit_interface::srv::DetectPose_Response_<std::allocator<void> > >)>, std::function<void(std::shared_ptr<rmw_request_id_s>, std::shared_ptr<python_moveit_interface::srv::DetectPose_Request_<std::allocator<void> > >, std::shared_ptr<python_moveit_interface::srv::DetectPose_Response_<std::allocator<void> > >)>, std::function<void(std::shared_ptr<rmw_request_id_s>, std::shared_ptr<python_moveit_interface::srv::DetectPose_Request_<std::allocator<void> > >)>, std::function<void(std::shared_ptr<rclcpp::Service<python_moveit_interface::srv::DetectPose> >, std::shared_ptr<rmw_request_id_s>, std::shared_ptr<python_moveit_interface::srv::DetectPose_Request_<std::allocator<void> > >)>}][m[K’
[6.041s]  1461 |         [01;36m[Koperator[m[K=(_Tp&& __rhs)
[6.041s]       |         [01;36m[K^~~~~~~~[m[K
[6.041s] [01m[K/usr/include/c++/11/variant:1461:9:[m[K [01;36m[Knote: [m[K  template argument deduction/substitution failed:
[6.041s] /usr/include/c++/11/variant: In substitution of ‘[01m[Ktemplate<class ... _Types> template<class _Tp, class> using __accepted_type = std::variant<_Types>::__to_type<__accepted_index<_Tp> > [with _Tp = std::_Bind<void (AutoPoseService::*(AutoPoseService*, std::_Placeholder<1>, std::_Placeholder<2>))(...)>&&; <template-parameter-2-2> = void; _Types = {std::monostate, std::function<void(std::shared_ptr<python_moveit_interface::srv::DetectPose_Request_<std::allocator<void> > >, std::shared_ptr<python_moveit_interface::srv::DetectPose_Response_<std::allocator<void> > >)>, std::function<void(std::shared_ptr<rmw_request_id_s>, std::shared_ptr<python_moveit_interface::srv::DetectPose_Request_<std::allocator<void> > >, std::shared_ptr<python_moveit_interface::srv::DetectPose_Response_<std::allocator<void> > >)>, std::function<void(std::shared_ptr<rmw_request_id_s>, std::shared_ptr<python_moveit_interface::srv::DetectPose_Request_<std::allocator<void> > >)>, std::function<void(std::shared_ptr<rclcpp::Service<python_moveit_interface::srv::DetectPose> >, std::shared_ptr<rmw_request_id_s>, std::shared_ptr<python_moveit_interface::srv::DetectPose_Request_<std::allocator<void> > >)>}][m[K’:
[6.041s] [01m[K/usr/include/c++/11/variant:1457:14:[m[K   required by substitution of ‘[01m[Ktemplate<class _Tp> std::enable_if_t<((__exactly_once<std::variant<std::monostate, std::function<void(std::shared_ptr<python_moveit_interface::srv::DetectPose_Request_<std::allocator<void> > >, std::shared_ptr<python_moveit_interface::srv::DetectPose_Response_<std::allocator<void> > >)>, std::function<void(std::shared_ptr<rmw_request_id_s>, std::shared_ptr<python_moveit_interface::srv::DetectPose_Request_<std::allocator<void> > >, std::shared_ptr<python_moveit_interface::srv::DetectPose_Response_<std::allocator<void> > >)>, std::function<void(std::shared_ptr<rmw_request_id_s>, std::shared_ptr<python_moveit_interface::srv::DetectPose_Request_<std::allocator<void> > >)>, std::function<void(std::shared_ptr<rclcpp::Service<python_moveit_interface::srv::DetectPose> >, std::shared_ptr<rmw_request_id_s>, std::shared_ptr<python_moveit_interface::srv::DetectPose_Request_<std::allocator<void> > >)> >::__accepted_type<_Tp&&, typename std::enable_if<__not_self<_Tp&&>, void>::type> > && is_constructible_v<std::variant<std::monostate, std::function<void(std::shared_ptr<python_moveit_interface::srv::DetectPose_Request_<std::allocator<void> > >, std::shared_ptr<python_moveit_interface::srv::DetectPose_Response_<std::allocator<void> > >)>, std::function<void(std::shared_ptr<rmw_request_id_s>, std::shared_ptr<python_moveit_interface::srv::DetectPose_Request_<std::allocator<void> > >, std::shared_ptr<python_moveit_interface::srv::DetectPose_Response_<std::allocator<void> > >)>, std::function<void(std::shared_ptr<rmw_request_id_s>, std::shared_ptr<python_moveit_interface::srv::DetectPose_Request_<std::allocator<void> > >)>, std::function<void(std::shared_ptr<rclcpp::Service<python_moveit_interface::srv::DetectPose> >, std::shared_ptr<rmw_request_id_s>, std::shared_ptr<python_moveit_interface::srv::DetectPose_Request_<std::allocator<void> > >)> >::__accepted_type<_Tp&&, typename std::enable_if<__not_self<_Tp&&>, void>::type>, _Tp>) && is_assignable_v<std::variant<std::monostate, std::function<void(std::shared_ptr<python_moveit_interface::srv::DetectPose_Request_<std::allocator<void> > >, std::shared_ptr<python_moveit_interface::srv::DetectPose_Response_<std::allocator<void> > >)>, std::function<void(std::shared_ptr<rmw_request_id_s>, std::shared_ptr<python_moveit_interface::srv::DetectPose_Request_<std::allocator<void> > >, std::shared_ptr<python_moveit_interface::srv::DetectPose_Response_<std::allocator<void> > >)>, std::function<void(std::shared_ptr<rmw_request_id_s>, std::shared_ptr<python_moveit_interface::srv::DetectPose_Request_<std::allocator<void> > >)>, std::function<void(std::shared_ptr<rclcpp::Service<python_moveit_interface::srv::DetectPose> >, std::shared_ptr<rmw_request_id_s>, std::shared_ptr<python_moveit_interface::srv::DetectPose_Request_<std::allocator<void> > >)> >::__accepted_type<_Tp&&, typename std::enable_if<__not_self<_Tp&&>, void>::type>&, _Tp>), std::variant<std::monostate, std::function<void(std::shared_ptr<python_moveit_interface::srv::DetectPose_Request_<std::allocator<void> > >, std::shared_ptr<python_moveit_interface::srv::DetectPose_Response_<std::allocator<void> > >)>, std::function<void(std::shared_ptr<rmw_request_id_s>, std::shared_ptr<python_moveit_interface::srv::DetectPose_Request_<std::allocator<void> > >, std::shared_ptr<python_moveit_interface::srv::DetectPose_Response_<std::allocator<void> > >)>, std::function<void(std::shared_ptr<rmw_request_id_s>, std::shared_ptr<python_moveit_interface::srv::DetectPose_Request_<std::allocator<void> > >)>, std::function<void(std::shared_ptr<rclcpp::Service<python_moveit_interface::srv::DetectPose> >, std::shared_ptr<rmw_request_id_s>, std::shared_ptr<python_moveit_interface::srv::DetectPose_Request_<std::allocator<void> > >)> >&> std::variant<std::monostate, std::function<void(std::shared_ptr<python_moveit_interface::srv::DetectPose_Request_<std::allocator<void> > >, std::shared_ptr<python_moveit_interface::srv::DetectPose_Response_<std::allocator<void> > >)>, std::function<void(std::shared_ptr<rmw_request_id_s>, std::shared_ptr<python_moveit_interface::srv::DetectPose_Request_<std::allocator<void> > >, std::shared_ptr<python_moveit_interface::srv::DetectPose_Response_<std::allocator<void> > >)>, std::function<void(std::shared_ptr<rmw_request_id_s>, std::shared_ptr<python_moveit_interface::srv::DetectPose_Request_<std::allocator<void> > >)>, std::function<void(std::shared_ptr<rclcpp::Service<python_moveit_interface::srv::DetectPose> >, std::shared_ptr<rmw_request_id_s>, std::shared_ptr<python_moveit_interface::srv::DetectPose_Request_<std::allocator<void> > >)> >::operator=<_Tp>(_Tp&&) [with _Tp = std::_Bind<void (AutoPoseService::*(AutoPoseService*, std::_Placeholder<1>, std::_Placeholder<2>))(...)>][m[K’
[6.041s] [01m[K/opt/ros/humble/include/rclcpp/rclcpp/any_service_callback.hpp:103:17:[m[K   required from ‘[01m[Kvoid rclcpp::AnyServiceCallback<ServiceT>::set(CallbackT&&) [with CallbackT = std::_Bind<void (AutoPoseService::*(AutoPoseService*, std::_Placeholder<1>, std::_Placeholder<2>))(...)>; typename std::enable_if<(! rclcpp::detail::can_be_nullptr<CallbackT>::value), int>::type <anonymous> = 0; ServiceT = python_moveit_interface::srv::DetectPose][m[K’
[6.041s] [01m[K/opt/ros/humble/include/rclcpp/rclcpp/create_service.hpp:43:27:[m[K   required from ‘[01m[Ktypename rclcpp::Service<ServiceT>::SharedPtr rclcpp::create_service(std::shared_ptr<rclcpp::node_interfaces::NodeBaseInterface>, std::shared_ptr<rclcpp::node_interfaces::NodeServicesInterface>, const string&, CallbackT&&, const rmw_qos_profile_t&, rclcpp::CallbackGroup::SharedPtr) [with ServiceT = python_moveit_interface::srv::DetectPose; CallbackT = std::_Bind<void (AutoPoseService::*(AutoPoseService*, std::_Placeholder<1>, std::_Placeholder<2>))(...)>; typename rclcpp::Service<ServiceT>::SharedPtr = std::shared_ptr<rclcpp::Service<python_moveit_interface::srv::DetectPose> >; std::string = std::__cxx11::basic_string<char>; rmw_qos_profile_t = rmw_qos_profile_s; rclcpp::CallbackGroup::SharedPtr = std::shared_ptr<rclcpp::CallbackGroup>][m[K’
[6.041s] [01m[K/opt/ros/humble/include/rclcpp/rclcpp/node_impl.hpp:147:53:[m[K   required from ‘[01m[Ktypename rclcpp::Service<ServiceT>::SharedPtr rclcpp::Node::create_service(const string&, CallbackT&&, const rmw_qos_profile_t&, rclcpp::CallbackGroup::SharedPtr) [with ServiceT = python_moveit_interface::srv::DetectPose; CallbackT = std::_Bind<void (AutoPoseService::*(AutoPoseService*, std::_Placeholder<1>, std::_Placeholder<2>))(...)>; typename rclcpp::Service<ServiceT>::SharedPtr = std::shared_ptr<rclcpp::Service<python_moveit_interface::srv::DetectPose> >; std::string = std::__cxx11::basic_string<char>; rmw_qos_profile_t = rmw_qos_profile_s; rclcpp::CallbackGroup::SharedPtr = std::shared_ptr<rclcpp::CallbackGroup>][m[K’
[6.041s] [01m[K/home/darkdemon/work/motor_control/src/tb4_arm_ros2/small_arm_moveit_cpp/src/auto_pose_goal.cpp:27:48:[m[K   required from here
[6.041s] [01m[K/usr/include/c++/11/variant:1375:15:[m[K [01;31m[Kerror: [m[Kno type named ‘[01m[Ktype[m[K’ in ‘[01m[Kstruct std::enable_if<false, void>[m[K’
[6.041s]  1375 |         using [01;31m[K__accepted_type[m[K = __to_type<__accepted_index<_Tp>>;
[6.041s]       |               [01;31m[K^~~~~~~~~~~~~~~[m[K
[6.042s] /opt/ros/humble/include/rclcpp/rclcpp/any_service_callback.hpp: In instantiation of ‘[01m[Kvoid rclcpp::AnyServiceCallback<ServiceT>::set(CallbackT&&) [with CallbackT = std::_Bind<void (AutoPoseService::*(AutoPoseService*, std::_Placeholder<1>, std::_Placeholder<2>))(...)>; typename std::enable_if<(! rclcpp::detail::can_be_nullptr<CallbackT>::value), int>::type <anonymous> = 0; ServiceT = python_moveit_interface::srv::DetectPose][m[K’:
[6.042s] [01m[K/opt/ros/humble/include/rclcpp/rclcpp/create_service.hpp:43:27:[m[K   required from ‘[01m[Ktypename rclcpp::Service<ServiceT>::SharedPtr rclcpp::create_service(std::shared_ptr<rclcpp::node_interfaces::NodeBaseInterface>, std::shared_ptr<rclcpp::node_interfaces::NodeServicesInterface>, const string&, CallbackT&&, const rmw_qos_profile_t&, rclcpp::CallbackGroup::SharedPtr) [with ServiceT = python_moveit_interface::srv::DetectPose; CallbackT = std::_Bind<void (AutoPoseService::*(AutoPoseService*, std::_Placeholder<1>, std::_Placeholder<2>))(...)>; typename rclcpp::Service<ServiceT>::SharedPtr = std::shared_ptr<rclcpp::Service<python_moveit_interface::srv::DetectPose> >; std::string = std::__cxx11::basic_string<char>; rmw_qos_profile_t = rmw_qos_profile_s; rclcpp::CallbackGroup::SharedPtr = std::shared_ptr<rclcpp::CallbackGroup>][m[K’
[6.042s] [01m[K/opt/ros/humble/include/rclcpp/rclcpp/node_impl.hpp:147:53:[m[K   required from ‘[01m[Ktypename rclcpp::Service<ServiceT>::SharedPtr rclcpp::Node::create_service(const string&, CallbackT&&, const rmw_qos_profile_t&, rclcpp::CallbackGroup::SharedPtr) [with ServiceT = python_moveit_interface::srv::DetectPose; CallbackT = std::_Bind<void (AutoPoseService::*(AutoPoseService*, std::_Placeholder<1>, std::_Placeholder<2>))(...)>; typename rclcpp::Service<ServiceT>::SharedPtr = std::shared_ptr<rclcpp::Service<python_moveit_interface::srv::DetectPose> >; std::string = std::__cxx11::basic_string<char>; rmw_qos_profile_t = rmw_qos_profile_s; rclcpp::CallbackGroup::SharedPtr = std::shared_ptr<rclcpp::CallbackGroup>][m[K’
[6.042s] [01m[K/home/darkdemon/work/motor_control/src/tb4_arm_ros2/small_arm_moveit_cpp/src/auto_pose_goal.cpp:27:48:[m[K   required from here
[6.042s] [01m[K/usr/include/c++/11/variant:1398:16:[m[K [01;36m[Knote: [m[Kcandidate: ‘[01m[Kstd::variant<_Types>& std::variant<_Types>::operator=(const std::variant<_Types>&) [with _Types = {std::monostate, std::function<void(std::shared_ptr<python_moveit_interface::srv::DetectPose_Request_<std::allocator<void> > >, std::shared_ptr<python_moveit_interface::srv::DetectPose_Response_<std::allocator<void> > >)>, std::function<void(std::shared_ptr<rmw_request_id_s>, std::shared_ptr<python_moveit_interface::srv::DetectPose_Request_<std::allocator<void> > >, std::shared_ptr<python_moveit_interface::srv::DetectPose_Response_<std::allocator<void> > >)>, std::function<void(std::shared_ptr<rmw_request_id_s>, std::shared_ptr<python_moveit_interface::srv::DetectPose_Request_<std::allocator<void> > >)>, std::function<void(std::shared_ptr<rclcpp::Service<python_moveit_interface::srv::DetectPose> >, std::shared_ptr<rmw_request_id_s>, std::shared_ptr<python_moveit_interface::srv::DetectPose_Request_<std::allocator<void> > >)>}][m[K’
[6.042s]  1398 |       variant& [01;36m[Koperator[m[K=(const variant&) = default;
[6.042s]       |                [01;36m[K^~~~~~~~[m[K
[6.042s] [01m[K/usr/include/c++/11/variant:1398:26:[m[K [01;36m[Knote: [m[K  no known conversion for argument 1 from ‘[01m[Kstd::_Bind<void (AutoPoseService::*(AutoPoseService*, std::_Placeholder<1>, std::_Placeholder<2>))(...)>[m[K’ to ‘[01m[Kconst std::variant<std::monostate, std::function<void(std::shared_ptr<python_moveit_interface::srv::DetectPose_Request_<std::allocator<void> > >, std::shared_ptr<python_moveit_interface::srv::DetectPose_Response_<std::allocator<void> > >)>, std::function<void(std::shared_ptr<rmw_request_id_s>, std::shared_ptr<python_moveit_interface::srv::DetectPose_Request_<std::allocator<void> > >, std::shared_ptr<python_moveit_interface::srv::DetectPose_Response_<std::allocator<void> > >)>, std::function<void(std::shared_ptr<rmw_request_id_s>, std::shared_ptr<python_moveit_interface::srv::DetectPose_Request_<std::allocator<void> > >)>, std::function<void(std::shared_ptr<rclcpp::Service<python_moveit_interface::srv::DetectPose> >, std::shared_ptr<rmw_request_id_s>, std::shared_ptr<python_moveit_interface::srv::DetectPose_Request_<std::allocator<void> > >)> >&[m[K’
[6.042s]  1398 |       variant& operator=([01;36m[Kconst variant&[m[K) = default;
[6.042s]       |                          [01;36m[K^~~~~~~~~~~~~~[m[K
[6.042s] [01m[K/usr/include/c++/11/variant:1399:16:[m[K [01;36m[Knote: [m[Kcandidate: ‘[01m[Kstd::variant<_Types>& std::variant<_Types>::operator=(std::variant<_Types>&&) [with _Types = {std::monostate, std::function<void(std::shared_ptr<python_moveit_interface::srv::DetectPose_Request_<std::allocator<void> > >, std::shared_ptr<python_moveit_interface::srv::DetectPose_Response_<std::allocator<void> > >)>, std::function<void(std::shared_ptr<rmw_request_id_s>, std::shared_ptr<python_moveit_interface::srv::DetectPose_Request_<std::allocator<void> > >, std::shared_ptr<python_moveit_interface::srv::DetectPose_Response_<std::allocator<void> > >)>, std::function<void(std::shared_ptr<rmw_request_id_s>, std::shared_ptr<python_moveit_interface::srv::DetectPose_Request_<std::allocator<void> > >)>, std::function<void(std::shared_ptr<rclcpp::Service<python_moveit_interface::srv::DetectPose> >, std::shared_ptr<rmw_request_id_s>, std::shared_ptr<python_moveit_interface::srv::DetectPose_Request_<std::allocator<void> > >)>}][m[K’
[6.042s]  1399 |       variant& [01;36m[Koperator[m[K=(variant&&) = default;
[6.042s]       |                [01;36m[K^~~~~~~~[m[K
[6.042s] [01m[K/usr/include/c++/11/variant:1399:26:[m[K [01;36m[Knote: [m[K  no known conversion for argument 1 from ‘[01m[Kstd::_Bind<void (AutoPoseService::*(AutoPoseService*, std::_Placeholder<1>, std::_Placeholder<2>))(...)>[m[K’ to ‘[01m[Kstd::variant<std::monostate, std::function<void(std::shared_ptr<python_moveit_interface::srv::DetectPose_Request_<std::allocator<void> > >, std::shared_ptr<python_moveit_interface::srv::DetectPose_Response_<std::allocator<void> > >)>, std::function<void(std::shared_ptr<rmw_request_id_s>, std::shared_ptr<python_moveit_interface::srv::DetectPose_Request_<std::allocator<void> > >, std::shared_ptr<python_moveit_interface::srv::DetectPose_Response_<std::allocator<void> > >)>, std::function<void(std::shared_ptr<rmw_request_id_s>, std::shared_ptr<python_moveit_interface::srv::DetectPose_Request_<std::allocator<void> > >)>, std::function<void(std::shared_ptr<rclcpp::Service<python_moveit_interface::srv::DetectPose> >, std::shared_ptr<rmw_request_id_s>, std::shared_ptr<python_moveit_interface::srv::DetectPose_Request_<std::allocator<void> > >)> >&&[m[K’
[6.042s]  1399 |       variant& operator=([01;36m[Kvariant&&[m[K) = default;
[6.042s]       |                          [01;36m[K^~~~~~~~~[m[K
[7.271s] gmake[2]: *** [CMakeFiles/gripper_open.dir/build.make:76: CMakeFiles/gripper_open.dir/src/gripper_open.cpp.o] Error 1
[7.271s] gmake[1]: *** [CMakeFiles/Makefile2:223: CMakeFiles/gripper_open.dir/all] Error 2
[7.271s] gmake[1]: *** Waiting for unfinished jobs....
[8.872s] gmake[2]: *** [CMakeFiles/auto_pose_goal.dir/build.make:76: CMakeFiles/auto_pose_goal.dir/src/auto_pose_goal.cpp.o] Error 1
[8.872s] gmake[1]: *** [CMakeFiles/Makefile2:171: CMakeFiles/auto_pose_goal.dir/all] Error 2
[8.872s] gmake: *** [Makefile:146: all] Error 2
[8.875s] Invoked command in '/home/darkdemon/work/motor_control/build/small_arm_moveit_cpp' returned '2': CMAKE_PREFIX_PATH=/home/darkdemon/work/motor_control/install/small_arm_moveit_cpp:/home/darkdemon/work/motor_control/install/small_arm_moveit_config:/home/darkdemon/work/motor_control/install/small_arm_description:/home/darkdemon/work/motor_control/install/visual:/home/darkdemon/work/motor_control/install/realsense:/home/darkdemon/work/motor_control/install/python_moveit2:/home/darkdemon/work/motor_control/install/map_tool:/home/darkdemon/work/motor_control/install/lidar_filter:/opt/ros/humble:/home/darkdemon/work/motor_control/install/python_moveit_interface:/home/darkdemon/work/motor_control/install/map_if:/home/darkdemon/work/motor_control/install/dynamixel_workbench:/home/darkdemon/work/motor_control/install/dynamixel_hardware:/home/darkdemon/work/motor_control/install/dynamixel_workbench_toolbox:/home/darkdemon/work/motor_control/install/dynamixel_workbench_msgs /usr/bin/cmake --build /home/darkdemon/work/motor_control/build/small_arm_moveit_cpp -- -j20 -l20
