-- The C compiler identification is GNU 11.4.0
-- The CXX compiler identification is GNU 11.4.0
-- Detecting C compiler ABI info
-- Detecting C compiler ABI info - done
-- Check for working C compiler: /usr/bin/cc - skipped
-- Detecting C compile features
-- Detecting C compile features - done
-- Detecting CXX compiler ABI info
-- Detecting CXX compiler ABI info - done
-- Check for working CXX compiler: /usr/bin/c++ - skipped
-- Detecting CXX compile features
-- Detecting CXX compile features - done
-- Found ament_cmake: 1.3.11 (/opt/ros/humble/share/ament_cmake/cmake)
-- Found Python3: /usr/bin/python3 (found version "3.10.12") found components: Interpreter 
-- Found rosidl_default_generators: 1.2.0 (/opt/ros/humble/share/rosidl_default_generators/cmake)
-- Using all available rosidl_typesupport_c: rosidl_typesupport_fastrtps_c;rosidl_typesupport_introspection_c
-- Found rosidl_adapter: 3.1.6 (/opt/ros/humble/share/rosidl_adapter/cmake)
-- Using all available rosidl_typesupport_cpp: rosidl_typesupport_fastrtps_cpp;rosidl_typesupport_introspection_cpp
-- Found ament_cmake_ros: 0.10.0 (/opt/ros/humble/share/ament_cmake_ros/cmake)
-- Using all available rosidl_typesupport_c: rosidl_typesupport_fastrtps_c;rosidl_typesupport_introspection_c
-- Using all available rosidl_typesupport_cpp: rosidl_typesupport_fastrtps_cpp;rosidl_typesupport_introspection_cpp
-- Found PythonInterp: /usr/bin/python3 (found suitable version "3.10.12", minimum required is "3.6") 
-- Found python_cmake_module: 0.10.0 (/opt/ros/humble/share/python_cmake_module/cmake)
-- Found PythonLibs: /usr/lib/x86_64-linux-gnu/libpython3.10.so (found suitable version "3.10.12", minimum required is "3.5") 
-- Using PYTHON_EXECUTABLE: /usr/bin/python3
-- Using PYTHON_INCLUDE_DIRS: /usr/include/python3.10
-- Using PYTHON_LIBRARIES: /usr/lib/x86_64-linux-gnu/libpython3.10.so
-- Found PythonExtra: .so  
-- Using numpy include directory: /usr/local/lib/python3.10/dist-packages/numpy/core/include
-- Found ament_lint_auto: 0.12.12 (/opt/ros/humble/share/ament_lint_auto/cmake)
-- Added test 'lint_cmake' to check CMake code style
-- Added test 'xmllint' to check XML markup files
-- Configuring done
-- Generating done
-- Build files have been written to: /home/darkdemon/work/motor_control/build/map_if
[  3%] [34m[1mGenerating C code for ROS interfaces[0m
[  6%] [34m[1mGenerating C++ code for ROS interfaces[0m
[  6%] Built target ament_cmake_python_copy_map_if
running egg_info
creating map_if.egg-info
writing map_if.egg-info/PKG-INFO
writing dependency_links to map_if.egg-info/dependency_links.txt
writing top-level names to map_if.egg-info/top_level.txt
writing manifest file 'map_if.egg-info/SOURCES.txt'
reading manifest file 'map_if.egg-info/SOURCES.txt'
writing manifest file 'map_if.egg-info/SOURCES.txt'
[  9%] [32mBuilding C object CMakeFiles/map_if__rosidl_generator_c.dir/rosidl_generator_c/map_if/srv/detail/command__functions.c.o[0m
[  9%] Built target map_if__cpp
[ 12%] [34m[1mGenerating C++ type support for eProsima Fast-RTPS[0m
[ 16%] [34m[1mGenerating C++ introspection for ROS interfaces[0m
[ 19%] [34m[1mGenerating C++ type support dispatch for ROS interfaces[0m
[ 19%] Built target ament_cmake_python_build_map_if_egg
[ 22%] [32m[1mLinking C shared library libmap_if__rosidl_generator_c.so[0m
[ 22%] Built target map_if__rosidl_generator_c
[ 29%] [34m[1mGenerating C type support for eProsima Fast-RTPS[0m
[ 29%] [34m[1mGenerating C type support dispatch for ROS interfaces[0m
[ 32%] [34m[1mGenerating C introspection for ROS interfaces[0m
[ 35%] [32mBuilding CXX object CMakeFiles/map_if__rosidl_typesupport_cpp.dir/rosidl_typesupport_cpp/map_if/srv/command__type_support.cpp.o[0m
[ 38%] [32mBuilding CXX object CMakeFiles/map_if__rosidl_typesupport_introspection_cpp.dir/rosidl_typesupport_introspection_cpp/map_if/srv/detail/command__type_support.cpp.o[0m
[ 41%] [32mBuilding CXX object CMakeFiles/map_if__rosidl_typesupport_fastrtps_cpp.dir/rosidl_typesupport_fastrtps_cpp/map_if/srv/detail/dds_fastrtps/command__type_support.cpp.o[0m
[ 45%] [32mBuilding CXX object CMakeFiles/map_if__rosidl_typesupport_c.dir/rosidl_typesupport_c/map_if/srv/command__type_support.cpp.o[0m
[ 48%] [32mBuilding C object CMakeFiles/map_if__rosidl_typesupport_introspection_c.dir/rosidl_typesupport_introspection_c/map_if/srv/detail/command__type_support.c.o[0m
[ 51%] [32m[1mLinking CXX shared library libmap_if__rosidl_typesupport_c.so[0m
[ 54%] [32m[1mLinking C shared library libmap_if__rosidl_typesupport_introspection_c.so[0m
[ 58%] [32mBuilding CXX object CMakeFiles/map_if__rosidl_typesupport_fastrtps_c.dir/rosidl_typesupport_fastrtps_c/map_if/srv/detail/command__type_support_c.cpp.o[0m
[ 58%] Built target map_if__rosidl_typesupport_c
[ 58%] Built target map_if__rosidl_typesupport_introspection_c
[ 61%] [32m[1mLinking CXX shared library libmap_if__rosidl_typesupport_cpp.so[0m
[ 61%] Built target map_if__rosidl_typesupport_cpp
[ 64%] [32m[1mLinking CXX shared library libmap_if__rosidl_typesupport_fastrtps_cpp.so[0m
[ 67%] [32m[1mLinking CXX shared library libmap_if__rosidl_typesupport_fastrtps_c.so[0m
[ 70%] [32m[1mLinking CXX shared library libmap_if__rosidl_typesupport_introspection_cpp.so[0m
[ 70%] Built target map_if__rosidl_typesupport_fastrtps_cpp
[ 70%] Built target map_if__rosidl_typesupport_fastrtps_c
[ 70%] Built target map_if__rosidl_typesupport_introspection_cpp
[ 70%] Built target map_if
[ 74%] [34m[1mGenerating Python code for ROS interfaces[0m
[ 74%] Built target map_if__py
[ 77%] [32mBuilding C object CMakeFiles/map_if__rosidl_generator_py.dir/rosidl_generator_py/map_if/srv/_command_s.c.o[0m
[ 80%] [32m[1mLinking C shared library rosidl_generator_py/map_if/libmap_if__rosidl_generator_py.so[0m
[ 80%] Built target map_if__rosidl_generator_py
[ 83%] [32mBuilding C object CMakeFiles/map_if__rosidl_typesupport_c__pyext.dir/rosidl_generator_py/map_if/_map_if_s.ep.rosidl_typesupport_c.c.o[0m
[ 87%] [32mBuilding C object CMakeFiles/map_if__rosidl_typesupport_introspection_c__pyext.dir/rosidl_generator_py/map_if/_map_if_s.ep.rosidl_typesupport_introspection_c.c.o[0m
[ 90%] [32mBuilding C object CMakeFiles/map_if__rosidl_typesupport_fastrtps_c__pyext.dir/rosidl_generator_py/map_if/_map_if_s.ep.rosidl_typesupport_fastrtps_c.c.o[0m
[ 93%] [32m[1mLinking C shared library rosidl_generator_py/map_if/map_if_s__rosidl_typesupport_fastrtps_c.cpython-310-x86_64-linux-gnu.so[0m
[ 96%] [32m[1mLinking C shared library rosidl_generator_py/map_if/map_if_s__rosidl_typesupport_c.cpython-310-x86_64-linux-gnu.so[0m
[100%] [32m[1mLinking C shared library rosidl_generator_py/map_if/map_if_s__rosidl_typesupport_introspection_c.cpython-310-x86_64-linux-gnu.so[0m
[100%] Built target map_if__rosidl_typesupport_fastrtps_c__pyext
[100%] Built target map_if__rosidl_typesupport_c__pyext
[100%] Built target map_if__rosidl_typesupport_introspection_c__pyext
-- Install configuration: ""
-- Installing: /home/darkdemon/work/motor_control/install/map_if/share/ament_index/resource_index/rosidl_interfaces/map_if
-- Installing: /home/darkdemon/work/motor_control/install/map_if/include/map_if/map_if
-- Installing: /home/darkdemon/work/motor_control/install/map_if/include/map_if/map_if/msg
-- Installing: /home/darkdemon/work/motor_control/install/map_if/include/map_if/map_if/msg/rosidl_generator_c__visibility_control.h
-- Installing: /home/darkdemon/work/motor_control/install/map_if/include/map_if/map_if/srv
-- Installing: /home/darkdemon/work/motor_control/install/map_if/include/map_if/map_if/srv/detail
-- Installing: /home/darkdemon/work/motor_control/install/map_if/include/map_if/map_if/srv/detail/command__struct.h
-- Installing: /home/darkdemon/work/motor_control/install/map_if/include/map_if/map_if/srv/detail/command__functions.h
-- Installing: /home/darkdemon/work/motor_control/install/map_if/include/map_if/map_if/srv/detail/command__functions.c
-- Installing: /home/darkdemon/work/motor_control/install/map_if/include/map_if/map_if/srv/detail/command__type_support.h
-- Installing: /home/darkdemon/work/motor_control/install/map_if/include/map_if/map_if/srv/command.h
-- Installing: /home/darkdemon/work/motor_control/install/map_if/share/map_if/environment/library_path.sh
-- Installing: /home/darkdemon/work/motor_control/install/map_if/share/map_if/environment/library_path.dsv
-- Installing: /home/darkdemon/work/motor_control/install/map_if/lib/libmap_if__rosidl_generator_c.so
-- Set runtime path of "/home/darkdemon/work/motor_control/install/map_if/lib/libmap_if__rosidl_generator_c.so" to ""
-- Up-to-date: /home/darkdemon/work/motor_control/install/map_if/include/map_if/map_if
-- Up-to-date: /home/darkdemon/work/motor_control/install/map_if/include/map_if/map_if/msg
-- Installing: /home/darkdemon/work/motor_control/install/map_if/include/map_if/map_if/msg/rosidl_typesupport_fastrtps_c__visibility_control.h
-- Up-to-date: /home/darkdemon/work/motor_control/install/map_if/include/map_if/map_if/srv
-- Up-to-date: /home/darkdemon/work/motor_control/install/map_if/include/map_if/map_if/srv/detail
-- Installing: /home/darkdemon/work/motor_control/install/map_if/include/map_if/map_if/srv/detail/command__rosidl_typesupport_fastrtps_c.h
-- Installing: /home/darkdemon/work/motor_control/install/map_if/lib/libmap_if__rosidl_typesupport_fastrtps_c.so
-- Set runtime path of "/home/darkdemon/work/motor_control/install/map_if/lib/libmap_if__rosidl_typesupport_fastrtps_c.so" to ""
-- Up-to-date: /home/darkdemon/work/motor_control/install/map_if/include/map_if/map_if
-- Up-to-date: /home/darkdemon/work/motor_control/install/map_if/include/map_if/map_if/msg
-- Installing: /home/darkdemon/work/motor_control/install/map_if/include/map_if/map_if/msg/rosidl_typesupport_introspection_c__visibility_control.h
-- Up-to-date: /home/darkdemon/work/motor_control/install/map_if/include/map_if/map_if/srv
-- Up-to-date: /home/darkdemon/work/motor_control/install/map_if/include/map_if/map_if/srv/detail
-- Installing: /home/darkdemon/work/motor_control/install/map_if/include/map_if/map_if/srv/detail/command__rosidl_typesupport_introspection_c.h
-- Installing: /home/darkdemon/work/motor_control/install/map_if/include/map_if/map_if/srv/detail/command__type_support.c
-- Installing: /home/darkdemon/work/motor_control/install/map_if/lib/libmap_if__rosidl_typesupport_introspection_c.so
-- Set runtime path of "/home/darkdemon/work/motor_control/install/map_if/lib/libmap_if__rosidl_typesupport_introspection_c.so" to ""
-- Installing: /home/darkdemon/work/motor_control/install/map_if/lib/libmap_if__rosidl_typesupport_c.so
-- Set runtime path of "/home/darkdemon/work/motor_control/install/map_if/lib/libmap_if__rosidl_typesupport_c.so" to ""
-- Up-to-date: /home/darkdemon/work/motor_control/install/map_if/include/map_if/map_if
-- Up-to-date: /home/darkdemon/work/motor_control/install/map_if/include/map_if/map_if/msg
-- Installing: /home/darkdemon/work/motor_control/install/map_if/include/map_if/map_if/msg/rosidl_generator_cpp__visibility_control.hpp
-- Up-to-date: /home/darkdemon/work/motor_control/install/map_if/include/map_if/map_if/srv
-- Up-to-date: /home/darkdemon/work/motor_control/install/map_if/include/map_if/map_if/srv/detail
-- Installing: /home/darkdemon/work/motor_control/install/map_if/include/map_if/map_if/srv/detail/command__type_support.hpp
-- Installing: /home/darkdemon/work/motor_control/install/map_if/include/map_if/map_if/srv/detail/command__struct.hpp
-- Installing: /home/darkdemon/work/motor_control/install/map_if/include/map_if/map_if/srv/detail/command__traits.hpp
-- Installing: /home/darkdemon/work/motor_control/install/map_if/include/map_if/map_if/srv/detail/command__builder.hpp
-- Installing: /home/darkdemon/work/motor_control/install/map_if/include/map_if/map_if/srv/command.hpp
-- Up-to-date: /home/darkdemon/work/motor_control/install/map_if/include/map_if/map_if
-- Up-to-date: /home/darkdemon/work/motor_control/install/map_if/include/map_if/map_if/msg
-- Installing: /home/darkdemon/work/motor_control/install/map_if/include/map_if/map_if/msg/rosidl_typesupport_fastrtps_cpp__visibility_control.h
-- Up-to-date: /home/darkdemon/work/motor_control/install/map_if/include/map_if/map_if/srv
-- Up-to-date: /home/darkdemon/work/motor_control/install/map_if/include/map_if/map_if/srv/detail
-- Installing: /home/darkdemon/work/motor_control/install/map_if/include/map_if/map_if/srv/detail/command__rosidl_typesupport_fastrtps_cpp.hpp
-- Installing: /home/darkdemon/work/motor_control/install/map_if/include/map_if/map_if/srv/detail/dds_fastrtps
-- Installing: /home/darkdemon/work/motor_control/install/map_if/lib/libmap_if__rosidl_typesupport_fastrtps_cpp.so
-- Set runtime path of "/home/darkdemon/work/motor_control/install/map_if/lib/libmap_if__rosidl_typesupport_fastrtps_cpp.so" to ""
-- Up-to-date: /home/darkdemon/work/motor_control/install/map_if/include/map_if/map_if
-- Up-to-date: /home/darkdemon/work/motor_control/install/map_if/include/map_if/map_if/srv
-- Up-to-date: /home/darkdemon/work/motor_control/install/map_if/include/map_if/map_if/srv/detail
-- Installing: /home/darkdemon/work/motor_control/install/map_if/include/map_if/map_if/srv/detail/command__type_support.cpp
-- Installing: /home/darkdemon/work/motor_control/install/map_if/include/map_if/map_if/srv/detail/command__rosidl_typesupport_introspection_cpp.hpp
-- Installing: /home/darkdemon/work/motor_control/install/map_if/lib/libmap_if__rosidl_typesupport_introspection_cpp.so
-- Set runtime path of "/home/darkdemon/work/motor_control/install/map_if/lib/libmap_if__rosidl_typesupport_introspection_cpp.so" to ""
-- Installing: /home/darkdemon/work/motor_control/install/map_if/lib/libmap_if__rosidl_typesupport_cpp.so
-- Set runtime path of "/home/darkdemon/work/motor_control/install/map_if/lib/libmap_if__rosidl_typesupport_cpp.so" to ""
-- Installing: /home/darkdemon/work/motor_control/install/map_if/share/map_if/environment/pythonpath.sh
-- Installing: /home/darkdemon/work/motor_control/install/map_if/share/map_if/environment/pythonpath.dsv
-- Installing: /home/darkdemon/work/motor_control/install/map_if/local/lib/python3.10/dist-packages/map_if-0.0.0-py3.10.egg-info
-- Installing: /home/darkdemon/work/motor_control/install/map_if/local/lib/python3.10/dist-packages/map_if-0.0.0-py3.10.egg-info/top_level.txt
-- Installing: /home/darkdemon/work/motor_control/install/map_if/local/lib/python3.10/dist-packages/map_if-0.0.0-py3.10.egg-info/PKG-INFO
-- Installing: /home/darkdemon/work/motor_control/install/map_if/local/lib/python3.10/dist-packages/map_if-0.0.0-py3.10.egg-info/dependency_links.txt
-- Installing: /home/darkdemon/work/motor_control/install/map_if/local/lib/python3.10/dist-packages/map_if-0.0.0-py3.10.egg-info/SOURCES.txt
-- Installing: /home/darkdemon/work/motor_control/install/map_if/local/lib/python3.10/dist-packages/map_if
-- Installing: /home/darkdemon/work/motor_control/install/map_if/local/lib/python3.10/dist-packages/map_if/_map_if_s.ep.rosidl_typesupport_c.c
-- Installing: /home/darkdemon/work/motor_control/install/map_if/local/lib/python3.10/dist-packages/map_if/_map_if_s.ep.rosidl_typesupport_fastrtps_c.c
-- Installing: /home/darkdemon/work/motor_control/install/map_if/local/lib/python3.10/dist-packages/map_if/__init__.py
-- Installing: /home/darkdemon/work/motor_control/install/map_if/local/lib/python3.10/dist-packages/map_if/map_if_s__rosidl_typesupport_introspection_c.cpython-310-x86_64-linux-gnu.so
-- Installing: /home/darkdemon/work/motor_control/install/map_if/local/lib/python3.10/dist-packages/map_if/srv
-- Installing: /home/darkdemon/work/motor_control/install/map_if/local/lib/python3.10/dist-packages/map_if/srv/__init__.py
-- Installing: /home/darkdemon/work/motor_control/install/map_if/local/lib/python3.10/dist-packages/map_if/srv/_command.py
-- Installing: /home/darkdemon/work/motor_control/install/map_if/local/lib/python3.10/dist-packages/map_if/srv/_command_s.c
-- Installing: /home/darkdemon/work/motor_control/install/map_if/local/lib/python3.10/dist-packages/map_if/libmap_if__rosidl_generator_py.so
-- Installing: /home/darkdemon/work/motor_control/install/map_if/local/lib/python3.10/dist-packages/map_if/map_if_s__rosidl_typesupport_fastrtps_c.cpython-310-x86_64-linux-gnu.so
-- Installing: /home/darkdemon/work/motor_control/install/map_if/local/lib/python3.10/dist-packages/map_if/map_if_s__rosidl_typesupport_c.cpython-310-x86_64-linux-gnu.so
-- Installing: /home/darkdemon/work/motor_control/install/map_if/local/lib/python3.10/dist-packages/map_if/_map_if_s.ep.rosidl_typesupport_introspection_c.c
Listing '/home/darkdemon/work/motor_control/install/map_if/local/lib/python3.10/dist-packages/map_if'...
Compiling '/home/darkdemon/work/motor_control/install/map_if/local/lib/python3.10/dist-packages/map_if/__init__.py'...
Listing '/home/darkdemon/work/motor_control/install/map_if/local/lib/python3.10/dist-packages/map_if/srv'...
Compiling '/home/darkdemon/work/motor_control/install/map_if/local/lib/python3.10/dist-packages/map_if/srv/__init__.py'...
Compiling '/home/darkdemon/work/motor_control/install/map_if/local/lib/python3.10/dist-packages/map_if/srv/_command.py'...
-- Installing: /home/darkdemon/work/motor_control/install/map_if/local/lib/python3.10/dist-packages/map_if/map_if_s__rosidl_typesupport_fastrtps_c.cpython-310-x86_64-linux-gnu.so
-- Set runtime path of "/home/darkdemon/work/motor_control/install/map_if/local/lib/python3.10/dist-packages/map_if/map_if_s__rosidl_typesupport_fastrtps_c.cpython-310-x86_64-linux-gnu.so" to ""
-- Installing: /home/darkdemon/work/motor_control/install/map_if/local/lib/python3.10/dist-packages/map_if/map_if_s__rosidl_typesupport_introspection_c.cpython-310-x86_64-linux-gnu.so
-- Set runtime path of "/home/darkdemon/work/motor_control/install/map_if/local/lib/python3.10/dist-packages/map_if/map_if_s__rosidl_typesupport_introspection_c.cpython-310-x86_64-linux-gnu.so" to ""
-- Installing: /home/darkdemon/work/motor_control/install/map_if/local/lib/python3.10/dist-packages/map_if/map_if_s__rosidl_typesupport_c.cpython-310-x86_64-linux-gnu.so
-- Set runtime path of "/home/darkdemon/work/motor_control/install/map_if/local/lib/python3.10/dist-packages/map_if/map_if_s__rosidl_typesupport_c.cpython-310-x86_64-linux-gnu.so" to ""
-- Installing: /home/darkdemon/work/motor_control/install/map_if/lib/libmap_if__rosidl_generator_py.so
-- Set runtime path of "/home/darkdemon/work/motor_control/install/map_if/lib/libmap_if__rosidl_generator_py.so" to ""
-- Installing: /home/darkdemon/work/motor_control/install/map_if/share/map_if/srv/Command.idl
-- Installing: /home/darkdemon/work/motor_control/install/map_if/share/map_if/srv/Command.srv
-- Installing: /home/darkdemon/work/motor_control/install/map_if/share/map_if/srv/Command_Request.msg
-- Installing: /home/darkdemon/work/motor_control/install/map_if/share/map_if/srv/Command_Response.msg
-- Installing: /home/darkdemon/work/motor_control/install/map_if/share/ament_index/resource_index/package_run_dependencies/map_if
-- Installing: /home/darkdemon/work/motor_control/install/map_if/share/ament_index/resource_index/parent_prefix_path/map_if
-- Installing: /home/darkdemon/work/motor_control/install/map_if/share/map_if/environment/ament_prefix_path.sh
-- Installing: /home/darkdemon/work/motor_control/install/map_if/share/map_if/environment/ament_prefix_path.dsv
-- Installing: /home/darkdemon/work/motor_control/install/map_if/share/map_if/environment/path.sh
-- Installing: /home/darkdemon/work/motor_control/install/map_if/share/map_if/environment/path.dsv
-- Installing: /home/darkdemon/work/motor_control/install/map_if/share/map_if/local_setup.bash
-- Installing: /home/darkdemon/work/motor_control/install/map_if/share/map_if/local_setup.sh
-- Installing: /home/darkdemon/work/motor_control/install/map_if/share/map_if/local_setup.zsh
-- Installing: /home/darkdemon/work/motor_control/install/map_if/share/map_if/local_setup.dsv
-- Installing: /home/darkdemon/work/motor_control/install/map_if/share/map_if/package.dsv
-- Installing: /home/darkdemon/work/motor_control/install/map_if/share/ament_index/resource_index/packages/map_if
-- Installing: /home/darkdemon/work/motor_control/install/map_if/share/map_if/cmake/export_map_if__rosidl_generator_cExport.cmake
-- Installing: /home/darkdemon/work/motor_control/install/map_if/share/map_if/cmake/export_map_if__rosidl_generator_cExport-noconfig.cmake
-- Installing: /home/darkdemon/work/motor_control/install/map_if/share/map_if/cmake/export_map_if__rosidl_typesupport_fastrtps_cExport.cmake
-- Installing: /home/darkdemon/work/motor_control/install/map_if/share/map_if/cmake/export_map_if__rosidl_typesupport_fastrtps_cExport-noconfig.cmake
-- Installing: /home/darkdemon/work/motor_control/install/map_if/share/map_if/cmake/map_if__rosidl_typesupport_introspection_cExport.cmake
-- Installing: /home/darkdemon/work/motor_control/install/map_if/share/map_if/cmake/map_if__rosidl_typesupport_introspection_cExport-noconfig.cmake
-- Installing: /home/darkdemon/work/motor_control/install/map_if/share/map_if/cmake/map_if__rosidl_typesupport_cExport.cmake
-- Installing: /home/darkdemon/work/motor_control/install/map_if/share/map_if/cmake/map_if__rosidl_typesupport_cExport-noconfig.cmake
-- Installing: /home/darkdemon/work/motor_control/install/map_if/share/map_if/cmake/export_map_if__rosidl_generator_cppExport.cmake
-- Installing: /home/darkdemon/work/motor_control/install/map_if/share/map_if/cmake/export_map_if__rosidl_typesupport_fastrtps_cppExport.cmake
-- Installing: /home/darkdemon/work/motor_control/install/map_if/share/map_if/cmake/export_map_if__rosidl_typesupport_fastrtps_cppExport-noconfig.cmake
-- Installing: /home/darkdemon/work/motor_control/install/map_if/share/map_if/cmake/map_if__rosidl_typesupport_introspection_cppExport.cmake
-- Installing: /home/darkdemon/work/motor_control/install/map_if/share/map_if/cmake/map_if__rosidl_typesupport_introspection_cppExport-noconfig.cmake
-- Installing: /home/darkdemon/work/motor_control/install/map_if/share/map_if/cmake/map_if__rosidl_typesupport_cppExport.cmake
-- Installing: /home/darkdemon/work/motor_control/install/map_if/share/map_if/cmake/map_if__rosidl_typesupport_cppExport-noconfig.cmake
-- Installing: /home/darkdemon/work/motor_control/install/map_if/share/map_if/cmake/export_map_if__rosidl_generator_pyExport.cmake
-- Installing: /home/darkdemon/work/motor_control/install/map_if/share/map_if/cmake/export_map_if__rosidl_generator_pyExport-noconfig.cmake
-- Installing: /home/darkdemon/work/motor_control/install/map_if/share/map_if/cmake/rosidl_cmake-extras.cmake
-- Installing: /home/darkdemon/work/motor_control/install/map_if/share/map_if/cmake/ament_cmake_export_include_directories-extras.cmake
-- Installing: /home/darkdemon/work/motor_control/install/map_if/share/map_if/cmake/ament_cmake_export_libraries-extras.cmake
-- Installing: /home/darkdemon/work/motor_control/install/map_if/share/map_if/cmake/ament_cmake_export_targets-extras.cmake
-- Installing: /home/darkdemon/work/motor_control/install/map_if/share/map_if/cmake/rosidl_cmake_export_typesupport_targets-extras.cmake
-- Installing: /home/darkdemon/work/motor_control/install/map_if/share/map_if/cmake/ament_cmake_export_dependencies-extras.cmake
-- Installing: /home/darkdemon/work/motor_control/install/map_if/share/map_if/cmake/rosidl_cmake_export_typesupport_libraries-extras.cmake
-- Installing: /home/darkdemon/work/motor_control/install/map_if/share/map_if/cmake/map_ifConfig.cmake
-- Installing: /home/darkdemon/work/motor_control/install/map_if/share/map_if/cmake/map_ifConfig-version.cmake
-- Installing: /home/darkdemon/work/motor_control/install/map_if/share/map_if/package.xml
