[0.187s] Invoking command in '/home/darkdemon/work/motor_control/build/map_if': CMAKE_PREFIX_PATH=/opt/ros/humble:${CMAKE_PREFIX_PATH} /usr/bin/cmake /home/darkdemon/work/motor_control/src/RobotSot/src/map_if -DCMAKE_INSTALL_PREFIX=/home/darkdemon/work/motor_control/install/map_if
[0.748s] -- The C compiler identification is GNU 11.4.0
[0.748s] -- The CXX compiler identification is GNU 11.4.0
[0.748s] -- Detecting C compiler ABI info
[0.748s] -- Detecting C compiler ABI info - done
[0.748s] -- Check for working C compiler: /usr/bin/cc - skipped
[0.748s] -- Detecting C compile features
[0.748s] -- Detecting C compile features - done
[0.748s] -- Detecting CXX compiler ABI info
[0.748s] -- Detecting CXX compiler ABI info - done
[0.748s] -- Check for working CXX compiler: /usr/bin/c++ - skipped
[0.748s] -- Detecting CXX compile features
[0.748s] -- Detecting CXX compile features - done
[0.748s] -- Found ament_cmake: 1.3.11 (/opt/ros/humble/share/ament_cmake/cmake)
[0.748s] -- Found Python3: /usr/bin/python3 (found version "3.10.12") found components: Interpreter 
[0.748s] -- Found rosidl_default_generators: 1.2.0 (/opt/ros/humble/share/rosidl_default_generators/cmake)
[0.748s] -- Using all available rosidl_typesupport_c: rosidl_typesupport_fastrtps_c;rosidl_typesupport_introspection_c
[0.748s] -- Found rosidl_adapter: 3.1.6 (/opt/ros/humble/share/rosidl_adapter/cmake)
[0.748s] -- Using all available rosidl_typesupport_cpp: rosidl_typesupport_fastrtps_cpp;rosidl_typesupport_introspection_cpp
[0.913s] -- Found ament_cmake_ros: 0.10.0 (/opt/ros/humble/share/ament_cmake_ros/cmake)
[1.093s] -- Using all available rosidl_typesupport_c: rosidl_typesupport_fastrtps_c;rosidl_typesupport_introspection_c
[1.343s] -- Using all available rosidl_typesupport_cpp: rosidl_typesupport_fastrtps_cpp;rosidl_typesupport_introspection_cpp
[1.359s] -- Found PythonInterp: /usr/bin/python3 (found suitable version "3.10.12", minimum required is "3.6") 
[1.361s] -- Found python_cmake_module: 0.10.0 (/opt/ros/humble/share/python_cmake_module/cmake)
[1.389s] -- Found PythonLibs: /usr/lib/x86_64-linux-gnu/libpython3.10.so (found suitable version "3.10.12", minimum required is "3.5") 
[1.390s] -- Using PYTHON_EXECUTABLE: /usr/bin/python3
[1.390s] -- Using PYTHON_INCLUDE_DIRS: /usr/include/python3.10
[1.390s] -- Using PYTHON_LIBRARIES: /usr/lib/x86_64-linux-gnu/libpython3.10.so
[1.419s] -- Found PythonExtra: .so  
[1.599s] -- Using numpy include directory: /usr/local/lib/python3.10/dist-packages/numpy/core/include
[1.607s] -- Found ament_lint_auto: 0.12.12 (/opt/ros/humble/share/ament_lint_auto/cmake)
[1.643s] -- Added test 'lint_cmake' to check CMake code style
[1.645s] -- Added test 'xmllint' to check XML markup files
[1.648s] -- Configuring done
[1.714s] -- Generating done
[1.725s] -- Build files have been written to: /home/darkdemon/work/motor_control/build/map_if
[1.734s] Invoked command in '/home/darkdemon/work/motor_control/build/map_if' returned '0': CMAKE_PREFIX_PATH=/opt/ros/humble:${CMAKE_PREFIX_PATH} /usr/bin/cmake /home/darkdemon/work/motor_control/src/RobotSot/src/map_if -DCMAKE_INSTALL_PREFIX=/home/darkdemon/work/motor_control/install/map_if
[1.738s] Invoking command in '/home/darkdemon/work/motor_control/build/map_if': CMAKE_PREFIX_PATH=/opt/ros/humble:${CMAKE_PREFIX_PATH} /usr/bin/cmake --build /home/darkdemon/work/motor_control/build/map_if -- -j20 -l20
[1.783s] [  3%] [34m[1mGenerating C code for ROS interfaces[0m
[1.791s] [  6%] [34m[1mGenerating C++ code for ROS interfaces[0m
[1.804s] [  6%] Built target ament_cmake_python_copy_map_if
[1.995s] running egg_info
[1.996s] creating map_if.egg-info
[1.996s] writing map_if.egg-info/PKG-INFO
[1.996s] writing dependency_links to map_if.egg-info/dependency_links.txt
[1.996s] writing top-level names to map_if.egg-info/top_level.txt
[1.996s] writing manifest file 'map_if.egg-info/SOURCES.txt'
[1.999s] reading manifest file 'map_if.egg-info/SOURCES.txt'
[1.999s] writing manifest file 'map_if.egg-info/SOURCES.txt'
[2.004s] [  9%] [32mBuilding C object CMakeFiles/map_if__rosidl_generator_c.dir/rosidl_generator_c/map_if/srv/detail/command__functions.c.o[0m
[2.015s] [  9%] Built target map_if__cpp
[2.023s] [ 12%] [34m[1mGenerating C++ type support for eProsima Fast-RTPS[0m
[2.025s] [ 16%] [34m[1mGenerating C++ introspection for ROS interfaces[0m
[2.025s] [ 19%] [34m[1mGenerating C++ type support dispatch for ROS interfaces[0m
[2.030s] [ 19%] Built target ament_cmake_python_build_map_if_egg
[2.058s] [ 22%] [32m[1mLinking C shared library libmap_if__rosidl_generator_c.so[0m
[2.103s] [ 22%] Built target map_if__rosidl_generator_c
[2.114s] [ 29%] [34m[1mGenerating C type support for eProsima Fast-RTPS[0m
[2.114s] [ 29%] [34m[1mGenerating C type support dispatch for ROS interfaces[0m
[2.116s] [ 32%] [34m[1mGenerating C introspection for ROS interfaces[0m
[2.307s] [ 35%] [32mBuilding CXX object CMakeFiles/map_if__rosidl_typesupport_cpp.dir/rosidl_typesupport_cpp/map_if/srv/command__type_support.cpp.o[0m
[2.319s] [ 38%] [32mBuilding CXX object CMakeFiles/map_if__rosidl_typesupport_introspection_cpp.dir/rosidl_typesupport_introspection_cpp/map_if/srv/detail/command__type_support.cpp.o[0m
[2.338s] [ 41%] [32mBuilding CXX object CMakeFiles/map_if__rosidl_typesupport_fastrtps_cpp.dir/rosidl_typesupport_fastrtps_cpp/map_if/srv/detail/dds_fastrtps/command__type_support.cpp.o[0m
[2.346s] [ 45%] [32mBuilding CXX object CMakeFiles/map_if__rosidl_typesupport_c.dir/rosidl_typesupport_c/map_if/srv/command__type_support.cpp.o[0m
[2.371s] [ 48%] [32mBuilding C object CMakeFiles/map_if__rosidl_typesupport_introspection_c.dir/rosidl_typesupport_introspection_c/map_if/srv/detail/command__type_support.c.o[0m
[2.380s] [ 51%] [32m[1mLinking CXX shared library libmap_if__rosidl_typesupport_c.so[0m
[2.412s] [ 54%] [32m[1mLinking C shared library libmap_if__rosidl_typesupport_introspection_c.so[0m
[2.430s] [ 58%] [32mBuilding CXX object CMakeFiles/map_if__rosidl_typesupport_fastrtps_c.dir/rosidl_typesupport_fastrtps_c/map_if/srv/detail/command__type_support_c.cpp.o[0m
[2.430s] [ 58%] Built target map_if__rosidl_typesupport_c
[2.444s] [ 58%] Built target map_if__rosidl_typesupport_introspection_c
[2.566s] [ 61%] [32m[1mLinking CXX shared library libmap_if__rosidl_typesupport_cpp.so[0m
[2.597s] [ 61%] Built target map_if__rosidl_typesupport_cpp
[2.645s] [ 64%] [32m[1mLinking CXX shared library libmap_if__rosidl_typesupport_fastrtps_cpp.so[0m
[2.673s] [ 67%] [32m[1mLinking CXX shared library libmap_if__rosidl_typesupport_fastrtps_c.so[0m
[2.700s] [ 70%] [32m[1mLinking CXX shared library libmap_if__rosidl_typesupport_introspection_cpp.so[0m
[2.703s] [ 70%] Built target map_if__rosidl_typesupport_fastrtps_cpp
[2.733s] [ 70%] Built target map_if__rosidl_typesupport_fastrtps_c
[2.754s] [ 70%] Built target map_if__rosidl_typesupport_introspection_cpp
[2.770s] [ 70%] Built target map_if
[2.791s] [ 74%] [34m[1mGenerating Python code for ROS interfaces[0m
[3.144s] [ 74%] Built target map_if__py
[3.162s] [ 77%] [32mBuilding C object CMakeFiles/map_if__rosidl_generator_py.dir/rosidl_generator_py/map_if/srv/_command_s.c.o[0m
[3.261s] [ 80%] [32m[1mLinking C shared library rosidl_generator_py/map_if/libmap_if__rosidl_generator_py.so[0m
[3.304s] [ 80%] Built target map_if__rosidl_generator_py
[3.327s] [ 83%] [32mBuilding C object CMakeFiles/map_if__rosidl_typesupport_c__pyext.dir/rosidl_generator_py/map_if/_map_if_s.ep.rosidl_typesupport_c.c.o[0m
[3.327s] [ 87%] [32mBuilding C object CMakeFiles/map_if__rosidl_typesupport_introspection_c__pyext.dir/rosidl_generator_py/map_if/_map_if_s.ep.rosidl_typesupport_introspection_c.c.o[0m
[3.328s] [ 90%] [32mBuilding C object CMakeFiles/map_if__rosidl_typesupport_fastrtps_c__pyext.dir/rosidl_generator_py/map_if/_map_if_s.ep.rosidl_typesupport_fastrtps_c.c.o[0m
[3.420s] [ 93%] [32m[1mLinking C shared library rosidl_generator_py/map_if/map_if_s__rosidl_typesupport_fastrtps_c.cpython-310-x86_64-linux-gnu.so[0m
[3.438s] [ 96%] [32m[1mLinking C shared library rosidl_generator_py/map_if/map_if_s__rosidl_typesupport_c.cpython-310-x86_64-linux-gnu.so[0m
[3.442s] [100%] [32m[1mLinking C shared library rosidl_generator_py/map_if/map_if_s__rosidl_typesupport_introspection_c.cpython-310-x86_64-linux-gnu.so[0m
[3.457s] [100%] Built target map_if__rosidl_typesupport_fastrtps_c__pyext
[3.471s] [100%] Built target map_if__rosidl_typesupport_c__pyext
[3.480s] [100%] Built target map_if__rosidl_typesupport_introspection_c__pyext
[3.504s] Invoked command in '/home/darkdemon/work/motor_control/build/map_if' returned '0': CMAKE_PREFIX_PATH=/opt/ros/humble:${CMAKE_PREFIX_PATH} /usr/bin/cmake --build /home/darkdemon/work/motor_control/build/map_if -- -j20 -l20
[3.508s] Invoking command in '/home/darkdemon/work/motor_control/build/map_if': CMAKE_PREFIX_PATH=/opt/ros/humble:${CMAKE_PREFIX_PATH} /usr/bin/cmake --install /home/darkdemon/work/motor_control/build/map_if
[3.517s] -- Install configuration: ""
[3.518s] -- Installing: /home/darkdemon/work/motor_control/install/map_if/share/ament_index/resource_index/rosidl_interfaces/map_if
[3.518s] -- Installing: /home/darkdemon/work/motor_control/install/map_if/include/map_if/map_if
[3.518s] -- Installing: /home/darkdemon/work/motor_control/install/map_if/include/map_if/map_if/msg
[3.518s] -- Installing: /home/darkdemon/work/motor_control/install/map_if/include/map_if/map_if/msg/rosidl_generator_c__visibility_control.h
[3.518s] -- Installing: /home/darkdemon/work/motor_control/install/map_if/include/map_if/map_if/srv
[3.518s] -- Installing: /home/darkdemon/work/motor_control/install/map_if/include/map_if/map_if/srv/detail
[3.518s] -- Installing: /home/darkdemon/work/motor_control/install/map_if/include/map_if/map_if/srv/detail/command__struct.h
[3.518s] -- Installing: /home/darkdemon/work/motor_control/install/map_if/include/map_if/map_if/srv/detail/command__functions.h
[3.518s] -- Installing: /home/darkdemon/work/motor_control/install/map_if/include/map_if/map_if/srv/detail/command__functions.c
[3.519s] -- Installing: /home/darkdemon/work/motor_control/install/map_if/include/map_if/map_if/srv/detail/command__type_support.h
[3.521s] -- Installing: /home/darkdemon/work/motor_control/install/map_if/include/map_if/map_if/srv/command.h
[3.521s] -- Installing: /home/darkdemon/work/motor_control/install/map_if/share/map_if/environment/library_path.sh
[3.521s] -- Installing: /home/darkdemon/work/motor_control/install/map_if/share/map_if/environment/library_path.dsv
[3.522s] -- Installing: /home/darkdemon/work/motor_control/install/map_if/lib/libmap_if__rosidl_generator_c.so
[3.522s] -- Set runtime path of "/home/darkdemon/work/motor_control/install/map_if/lib/libmap_if__rosidl_generator_c.so" to ""
[3.522s] -- Up-to-date: /home/darkdemon/work/motor_control/install/map_if/include/map_if/map_if
[3.522s] -- Up-to-date: /home/darkdemon/work/motor_control/install/map_if/include/map_if/map_if/msg
[3.522s] -- Installing: /home/darkdemon/work/motor_control/install/map_if/include/map_if/map_if/msg/rosidl_typesupport_fastrtps_c__visibility_control.h
[3.522s] -- Up-to-date: /home/darkdemon/work/motor_control/install/map_if/include/map_if/map_if/srv
[3.522s] -- Up-to-date: /home/darkdemon/work/motor_control/install/map_if/include/map_if/map_if/srv/detail
[3.522s] -- Installing: /home/darkdemon/work/motor_control/install/map_if/include/map_if/map_if/srv/detail/command__rosidl_typesupport_fastrtps_c.h
[3.522s] -- Installing: /home/darkdemon/work/motor_control/install/map_if/lib/libmap_if__rosidl_typesupport_fastrtps_c.so
[3.522s] -- Set runtime path of "/home/darkdemon/work/motor_control/install/map_if/lib/libmap_if__rosidl_typesupport_fastrtps_c.so" to ""
[3.522s] -- Up-to-date: /home/darkdemon/work/motor_control/install/map_if/include/map_if/map_if
[3.522s] -- Up-to-date: /home/darkdemon/work/motor_control/install/map_if/include/map_if/map_if/msg
[3.522s] -- Installing: /home/darkdemon/work/motor_control/install/map_if/include/map_if/map_if/msg/rosidl_typesupport_introspection_c__visibility_control.h
[3.522s] -- Up-to-date: /home/darkdemon/work/motor_control/install/map_if/include/map_if/map_if/srv
[3.522s] -- Up-to-date: /home/darkdemon/work/motor_control/install/map_if/include/map_if/map_if/srv/detail
[3.522s] -- Installing: /home/darkdemon/work/motor_control/install/map_if/include/map_if/map_if/srv/detail/command__rosidl_typesupport_introspection_c.h
[3.522s] -- Installing: /home/darkdemon/work/motor_control/install/map_if/include/map_if/map_if/srv/detail/command__type_support.c
[3.522s] -- Installing: /home/darkdemon/work/motor_control/install/map_if/lib/libmap_if__rosidl_typesupport_introspection_c.so
[3.522s] -- Set runtime path of "/home/darkdemon/work/motor_control/install/map_if/lib/libmap_if__rosidl_typesupport_introspection_c.so" to ""
[3.523s] -- Installing: /home/darkdemon/work/motor_control/install/map_if/lib/libmap_if__rosidl_typesupport_c.so
[3.523s] -- Set runtime path of "/home/darkdemon/work/motor_control/install/map_if/lib/libmap_if__rosidl_typesupport_c.so" to ""
[3.523s] -- Up-to-date: /home/darkdemon/work/motor_control/install/map_if/include/map_if/map_if
[3.523s] -- Up-to-date: /home/darkdemon/work/motor_control/install/map_if/include/map_if/map_if/msg
[3.523s] -- Installing: /home/darkdemon/work/motor_control/install/map_if/include/map_if/map_if/msg/rosidl_generator_cpp__visibility_control.hpp
[3.523s] -- Up-to-date: /home/darkdemon/work/motor_control/install/map_if/include/map_if/map_if/srv
[3.523s] -- Up-to-date: /home/darkdemon/work/motor_control/install/map_if/include/map_if/map_if/srv/detail
[3.523s] -- Installing: /home/darkdemon/work/motor_control/install/map_if/include/map_if/map_if/srv/detail/command__type_support.hpp
[3.524s] -- Installing: /home/darkdemon/work/motor_control/install/map_if/include/map_if/map_if/srv/detail/command__struct.hpp
[3.524s] -- Installing: /home/darkdemon/work/motor_control/install/map_if/include/map_if/map_if/srv/detail/command__traits.hpp
[3.524s] -- Installing: /home/darkdemon/work/motor_control/install/map_if/include/map_if/map_if/srv/detail/command__builder.hpp
[3.524s] -- Installing: /home/darkdemon/work/motor_control/install/map_if/include/map_if/map_if/srv/command.hpp
[3.525s] -- Up-to-date: /home/darkdemon/work/motor_control/install/map_if/include/map_if/map_if
[3.525s] -- Up-to-date: /home/darkdemon/work/motor_control/install/map_if/include/map_if/map_if/msg
[3.525s] -- Installing: /home/darkdemon/work/motor_control/install/map_if/include/map_if/map_if/msg/rosidl_typesupport_fastrtps_cpp__visibility_control.h
[3.525s] -- Up-to-date: /home/darkdemon/work/motor_control/install/map_if/include/map_if/map_if/srv
[3.525s] -- Up-to-date: /home/darkdemon/work/motor_control/install/map_if/include/map_if/map_if/srv/detail
[3.525s] -- Installing: /home/darkdemon/work/motor_control/install/map_if/include/map_if/map_if/srv/detail/command__rosidl_typesupport_fastrtps_cpp.hpp
[3.526s] -- Installing: /home/darkdemon/work/motor_control/install/map_if/include/map_if/map_if/srv/detail/dds_fastrtps
[3.526s] -- Installing: /home/darkdemon/work/motor_control/install/map_if/lib/libmap_if__rosidl_typesupport_fastrtps_cpp.so
[3.526s] -- Set runtime path of "/home/darkdemon/work/motor_control/install/map_if/lib/libmap_if__rosidl_typesupport_fastrtps_cpp.so" to ""
[3.526s] -- Up-to-date: /home/darkdemon/work/motor_control/install/map_if/include/map_if/map_if
[3.526s] -- Up-to-date: /home/darkdemon/work/motor_control/install/map_if/include/map_if/map_if/srv
[3.526s] -- Up-to-date: /home/darkdemon/work/motor_control/install/map_if/include/map_if/map_if/srv/detail
[3.526s] -- Installing: /home/darkdemon/work/motor_control/install/map_if/include/map_if/map_if/srv/detail/command__type_support.cpp
[3.526s] -- Installing: /home/darkdemon/work/motor_control/install/map_if/include/map_if/map_if/srv/detail/command__rosidl_typesupport_introspection_cpp.hpp
[3.526s] -- Installing: /home/darkdemon/work/motor_control/install/map_if/lib/libmap_if__rosidl_typesupport_introspection_cpp.so
[3.526s] -- Set runtime path of "/home/darkdemon/work/motor_control/install/map_if/lib/libmap_if__rosidl_typesupport_introspection_cpp.so" to ""
[3.526s] -- Installing: /home/darkdemon/work/motor_control/install/map_if/lib/libmap_if__rosidl_typesupport_cpp.so
[3.526s] -- Set runtime path of "/home/darkdemon/work/motor_control/install/map_if/lib/libmap_if__rosidl_typesupport_cpp.so" to ""
[3.527s] -- Installing: /home/darkdemon/work/motor_control/install/map_if/share/map_if/environment/pythonpath.sh
[3.527s] -- Installing: /home/darkdemon/work/motor_control/install/map_if/share/map_if/environment/pythonpath.dsv
[3.527s] -- Installing: /home/darkdemon/work/motor_control/install/map_if/local/lib/python3.10/dist-packages/map_if-0.0.0-py3.10.egg-info
[3.527s] -- Installing: /home/darkdemon/work/motor_control/install/map_if/local/lib/python3.10/dist-packages/map_if-0.0.0-py3.10.egg-info/top_level.txt
[3.527s] -- Installing: /home/darkdemon/work/motor_control/install/map_if/local/lib/python3.10/dist-packages/map_if-0.0.0-py3.10.egg-info/PKG-INFO
[3.527s] -- Installing: /home/darkdemon/work/motor_control/install/map_if/local/lib/python3.10/dist-packages/map_if-0.0.0-py3.10.egg-info/dependency_links.txt
[3.527s] -- Installing: /home/darkdemon/work/motor_control/install/map_if/local/lib/python3.10/dist-packages/map_if-0.0.0-py3.10.egg-info/SOURCES.txt
[3.527s] -- Installing: /home/darkdemon/work/motor_control/install/map_if/local/lib/python3.10/dist-packages/map_if
[3.527s] -- Installing: /home/darkdemon/work/motor_control/install/map_if/local/lib/python3.10/dist-packages/map_if/_map_if_s.ep.rosidl_typesupport_c.c
[3.527s] -- Installing: /home/darkdemon/work/motor_control/install/map_if/local/lib/python3.10/dist-packages/map_if/_map_if_s.ep.rosidl_typesupport_fastrtps_c.c
[3.527s] -- Installing: /home/darkdemon/work/motor_control/install/map_if/local/lib/python3.10/dist-packages/map_if/__init__.py
[3.527s] -- Installing: /home/darkdemon/work/motor_control/install/map_if/local/lib/python3.10/dist-packages/map_if/map_if_s__rosidl_typesupport_introspection_c.cpython-310-x86_64-linux-gnu.so
[3.527s] -- Installing: /home/darkdemon/work/motor_control/install/map_if/local/lib/python3.10/dist-packages/map_if/srv
[3.528s] -- Installing: /home/darkdemon/work/motor_control/install/map_if/local/lib/python3.10/dist-packages/map_if/srv/__init__.py
[3.528s] -- Installing: /home/darkdemon/work/motor_control/install/map_if/local/lib/python3.10/dist-packages/map_if/srv/_command.py
[3.528s] -- Installing: /home/darkdemon/work/motor_control/install/map_if/local/lib/python3.10/dist-packages/map_if/srv/_command_s.c
[3.528s] -- Installing: /home/darkdemon/work/motor_control/install/map_if/local/lib/python3.10/dist-packages/map_if/libmap_if__rosidl_generator_py.so
[3.528s] -- Installing: /home/darkdemon/work/motor_control/install/map_if/local/lib/python3.10/dist-packages/map_if/map_if_s__rosidl_typesupport_fastrtps_c.cpython-310-x86_64-linux-gnu.so
[3.528s] -- Installing: /home/darkdemon/work/motor_control/install/map_if/local/lib/python3.10/dist-packages/map_if/map_if_s__rosidl_typesupport_c.cpython-310-x86_64-linux-gnu.so
[3.528s] -- Installing: /home/darkdemon/work/motor_control/install/map_if/local/lib/python3.10/dist-packages/map_if/_map_if_s.ep.rosidl_typesupport_introspection_c.c
[3.569s] Listing '/home/darkdemon/work/motor_control/install/map_if/local/lib/python3.10/dist-packages/map_if'...
[3.569s] Compiling '/home/darkdemon/work/motor_control/install/map_if/local/lib/python3.10/dist-packages/map_if/__init__.py'...
[3.569s] Listing '/home/darkdemon/work/motor_control/install/map_if/local/lib/python3.10/dist-packages/map_if/srv'...
[3.569s] Compiling '/home/darkdemon/work/motor_control/install/map_if/local/lib/python3.10/dist-packages/map_if/srv/__init__.py'...
[3.569s] Compiling '/home/darkdemon/work/motor_control/install/map_if/local/lib/python3.10/dist-packages/map_if/srv/_command.py'...
[3.576s] -- Installing: /home/darkdemon/work/motor_control/install/map_if/local/lib/python3.10/dist-packages/map_if/map_if_s__rosidl_typesupport_fastrtps_c.cpython-310-x86_64-linux-gnu.so
[3.576s] -- Set runtime path of "/home/darkdemon/work/motor_control/install/map_if/local/lib/python3.10/dist-packages/map_if/map_if_s__rosidl_typesupport_fastrtps_c.cpython-310-x86_64-linux-gnu.so" to ""
[3.576s] -- Installing: /home/darkdemon/work/motor_control/install/map_if/local/lib/python3.10/dist-packages/map_if/map_if_s__rosidl_typesupport_introspection_c.cpython-310-x86_64-linux-gnu.so
[3.577s] -- Set runtime path of "/home/darkdemon/work/motor_control/install/map_if/local/lib/python3.10/dist-packages/map_if/map_if_s__rosidl_typesupport_introspection_c.cpython-310-x86_64-linux-gnu.so" to ""
[3.577s] -- Installing: /home/darkdemon/work/motor_control/install/map_if/local/lib/python3.10/dist-packages/map_if/map_if_s__rosidl_typesupport_c.cpython-310-x86_64-linux-gnu.so
[3.577s] -- Set runtime path of "/home/darkdemon/work/motor_control/install/map_if/local/lib/python3.10/dist-packages/map_if/map_if_s__rosidl_typesupport_c.cpython-310-x86_64-linux-gnu.so" to ""
[3.577s] -- Installing: /home/darkdemon/work/motor_control/install/map_if/lib/libmap_if__rosidl_generator_py.so
[3.578s] -- Set runtime path of "/home/darkdemon/work/motor_control/install/map_if/lib/libmap_if__rosidl_generator_py.so" to ""
[3.578s] -- Installing: /home/darkdemon/work/motor_control/install/map_if/share/map_if/srv/Command.idl
[3.578s] -- Installing: /home/darkdemon/work/motor_control/install/map_if/share/map_if/srv/Command.srv
[3.578s] -- Installing: /home/darkdemon/work/motor_control/install/map_if/share/map_if/srv/Command_Request.msg
[3.578s] -- Installing: /home/darkdemon/work/motor_control/install/map_if/share/map_if/srv/Command_Response.msg
[3.581s] -- Installing: /home/darkdemon/work/motor_control/install/map_if/share/ament_index/resource_index/package_run_dependencies/map_if
[3.581s] -- Installing: /home/darkdemon/work/motor_control/install/map_if/share/ament_index/resource_index/parent_prefix_path/map_if
[3.581s] -- Installing: /home/darkdemon/work/motor_control/install/map_if/share/map_if/environment/ament_prefix_path.sh
[3.581s] -- Installing: /home/darkdemon/work/motor_control/install/map_if/share/map_if/environment/ament_prefix_path.dsv
[3.581s] -- Installing: /home/darkdemon/work/motor_control/install/map_if/share/map_if/environment/path.sh
[3.582s] -- Installing: /home/darkdemon/work/motor_control/install/map_if/share/map_if/environment/path.dsv
[3.582s] -- Installing: /home/darkdemon/work/motor_control/install/map_if/share/map_if/local_setup.bash
[3.582s] -- Installing: /home/darkdemon/work/motor_control/install/map_if/share/map_if/local_setup.sh
[3.582s] -- Installing: /home/darkdemon/work/motor_control/install/map_if/share/map_if/local_setup.zsh
[3.582s] -- Installing: /home/darkdemon/work/motor_control/install/map_if/share/map_if/local_setup.dsv
[3.582s] -- Installing: /home/darkdemon/work/motor_control/install/map_if/share/map_if/package.dsv
[3.582s] -- Installing: /home/darkdemon/work/motor_control/install/map_if/share/ament_index/resource_index/packages/map_if
[3.582s] -- Installing: /home/darkdemon/work/motor_control/install/map_if/share/map_if/cmake/export_map_if__rosidl_generator_cExport.cmake
[3.582s] -- Installing: /home/darkdemon/work/motor_control/install/map_if/share/map_if/cmake/export_map_if__rosidl_generator_cExport-noconfig.cmake
[3.582s] -- Installing: /home/darkdemon/work/motor_control/install/map_if/share/map_if/cmake/export_map_if__rosidl_typesupport_fastrtps_cExport.cmake
[3.583s] -- Installing: /home/darkdemon/work/motor_control/install/map_if/share/map_if/cmake/export_map_if__rosidl_typesupport_fastrtps_cExport-noconfig.cmake
[3.583s] -- Installing: /home/darkdemon/work/motor_control/install/map_if/share/map_if/cmake/map_if__rosidl_typesupport_introspection_cExport.cmake
[3.584s] -- Installing: /home/darkdemon/work/motor_control/install/map_if/share/map_if/cmake/map_if__rosidl_typesupport_introspection_cExport-noconfig.cmake
[3.584s] -- Installing: /home/darkdemon/work/motor_control/install/map_if/share/map_if/cmake/map_if__rosidl_typesupport_cExport.cmake
[3.584s] -- Installing: /home/darkdemon/work/motor_control/install/map_if/share/map_if/cmake/map_if__rosidl_typesupport_cExport-noconfig.cmake
[3.584s] -- Installing: /home/darkdemon/work/motor_control/install/map_if/share/map_if/cmake/export_map_if__rosidl_generator_cppExport.cmake
[3.585s] -- Installing: /home/darkdemon/work/motor_control/install/map_if/share/map_if/cmake/export_map_if__rosidl_typesupport_fastrtps_cppExport.cmake
[3.585s] -- Installing: /home/darkdemon/work/motor_control/install/map_if/share/map_if/cmake/export_map_if__rosidl_typesupport_fastrtps_cppExport-noconfig.cmake
[3.585s] -- Installing: /home/darkdemon/work/motor_control/install/map_if/share/map_if/cmake/map_if__rosidl_typesupport_introspection_cppExport.cmake
[3.588s] -- Installing: /home/darkdemon/work/motor_control/install/map_if/share/map_if/cmake/map_if__rosidl_typesupport_introspection_cppExport-noconfig.cmake
[3.589s] -- Installing: /home/darkdemon/work/motor_control/install/map_if/share/map_if/cmake/map_if__rosidl_typesupport_cppExport.cmake
[3.589s] -- Installing: /home/darkdemon/work/motor_control/install/map_if/share/map_if/cmake/map_if__rosidl_typesupport_cppExport-noconfig.cmake
[3.589s] -- Installing: /home/darkdemon/work/motor_control/install/map_if/share/map_if/cmake/export_map_if__rosidl_generator_pyExport.cmake
[3.589s] -- Installing: /home/darkdemon/work/motor_control/install/map_if/share/map_if/cmake/export_map_if__rosidl_generator_pyExport-noconfig.cmake
[3.589s] -- Installing: /home/darkdemon/work/motor_control/install/map_if/share/map_if/cmake/rosidl_cmake-extras.cmake
[3.589s] -- Installing: /home/darkdemon/work/motor_control/install/map_if/share/map_if/cmake/ament_cmake_export_include_directories-extras.cmake
[3.589s] -- Installing: /home/darkdemon/work/motor_control/install/map_if/share/map_if/cmake/ament_cmake_export_libraries-extras.cmake
[3.589s] -- Installing: /home/darkdemon/work/motor_control/install/map_if/share/map_if/cmake/ament_cmake_export_targets-extras.cmake
[3.589s] -- Installing: /home/darkdemon/work/motor_control/install/map_if/share/map_if/cmake/rosidl_cmake_export_typesupport_targets-extras.cmake
[3.590s] -- Installing: /home/darkdemon/work/motor_control/install/map_if/share/map_if/cmake/ament_cmake_export_dependencies-extras.cmake
[3.590s] -- Installing: /home/darkdemon/work/motor_control/install/map_if/share/map_if/cmake/rosidl_cmake_export_typesupport_libraries-extras.cmake
[3.590s] -- Installing: /home/darkdemon/work/motor_control/install/map_if/share/map_if/cmake/map_ifConfig.cmake
[3.590s] -- Installing: /home/darkdemon/work/motor_control/install/map_if/share/map_if/cmake/map_ifConfig-version.cmake
[3.590s] -- Installing: /home/darkdemon/work/motor_control/install/map_if/share/map_if/package.xml
[3.592s] Invoked command in '/home/darkdemon/work/motor_control/build/map_if' returned '0': CMAKE_PREFIX_PATH=/opt/ros/humble:${CMAKE_PREFIX_PATH} /usr/bin/cmake --install /home/darkdemon/work/motor_control/build/map_if
