[2.134s] Invoking command in '/home/darkdemon/work/motor_control/src/realsense': PYTHONPATH=/home/darkdemon/work/motor_control/build/realsense/prefix_override:/usr/lib/python3/dist-packages/colcon_core/task/python/colcon_distutils_commands:/home/darkdemon/work/motor_control/install/realsense/lib/python3.10/site-packages:${PYTHONPATH} /usr/bin/python3 -W ignore:setup.py install is deprecated -W ignore:easy_install command is deprecated setup.py egg_info --egg-base ../../build/realsense build --build-base /home/darkdemon/work/motor_control/build/realsense/build install --record /home/darkdemon/work/motor_control/build/realsense/install.log --single-version-externally-managed install_data
[2.375s] running egg_info
[2.376s] writing ../../build/realsense/realsense.egg-info/PKG-INFO
[2.377s] writing dependency_links to ../../build/realsense/realsense.egg-info/dependency_links.txt
[2.377s] writing entry points to ../../build/realsense/realsense.egg-info/entry_points.txt
[2.377s] writing requirements to ../../build/realsense/realsense.egg-info/requires.txt
[2.377s] writing top-level names to ../../build/realsense/realsense.egg-info/top_level.txt
[2.379s] reading manifest file '../../build/realsense/realsense.egg-info/SOURCES.txt'
[2.379s] writing manifest file '../../build/realsense/realsense.egg-info/SOURCES.txt'
[2.379s] running build
[2.379s] running build_py
[2.380s] running install
[2.380s] running install_lib
[2.382s] running install_data
[2.382s] running install_egg_info
[2.384s] removing '/home/darkdemon/work/motor_control/install/realsense/lib/python3.10/site-packages/realsense-0.0.1-py3.10.egg-info' (and everything under it)
[2.384s] Copying ../../build/realsense/realsense.egg-info to /home/darkdemon/work/motor_control/install/realsense/lib/python3.10/site-packages/realsense-0.0.1-py3.10.egg-info
[2.385s] running install_scripts
[2.413s] Installing box_edge_detect script to /home/darkdemon/work/motor_control/install/realsense/lib/realsense
[2.414s] Installing color_detect script to /home/darkdemon/work/motor_control/install/realsense/lib/realsense
[2.414s] Installing color_range script to /home/darkdemon/work/motor_control/install/realsense/lib/realsense
[2.414s] Installing depth_calculate script to /home/darkdemon/work/motor_control/install/realsense/lib/realsense
[2.414s] Installing paddleorc script to /home/darkdemon/work/motor_control/install/realsense/lib/realsense
[2.414s] Installing realsense_read script to /home/darkdemon/work/motor_control/install/realsense/lib/realsense
[2.415s] Installing visiual script to /home/darkdemon/work/motor_control/install/realsense/lib/realsense
[2.415s] Installing yolo_number_detect script to /home/darkdemon/work/motor_control/install/realsense/lib/realsense
[2.416s] writing list of installed files to '/home/darkdemon/work/motor_control/build/realsense/install.log'
[2.459s] Invoked command in '/home/darkdemon/work/motor_control/src/realsense' returned '0': PYTHONPATH=/home/darkdemon/work/motor_control/build/realsense/prefix_override:/usr/lib/python3/dist-packages/colcon_core/task/python/colcon_distutils_commands:/home/darkdemon/work/motor_control/install/realsense/lib/python3.10/site-packages:${PYTHONPATH} /usr/bin/python3 -W ignore:setup.py install is deprecated -W ignore:easy_install command is deprecated setup.py egg_info --egg-base ../../build/realsense build --build-base /home/darkdemon/work/motor_control/build/realsense/build install --record /home/darkdemon/work/motor_control/build/realsense/install.log --single-version-externally-managed install_data
