[0.018s] Invoking command in '/home/darkdemon/work/motor_control/build/dynamixel_workbench_toolbox': CMAKE_PREFIX_PATH=${CMAKE_PREFIX_PATH}:/opt/ros/humble /usr/bin/cmake /home/darkdemon/work/motor_control/src/dynamixel-workbench/dynamixel_workbench_toolbox -DCMAKE_INSTALL_PREFIX=/home/darkdemon/work/motor_control/install/dynamixel_workbench_toolbox
[0.316s] -- The C compiler identification is GNU 11.4.0
[0.317s] -- The CXX compiler identification is GNU 11.4.0
[0.317s] -- Detecting C compiler ABI info
[0.317s] -- Detecting C compiler ABI info - done
[0.317s] -- Check for working C compiler: /usr/bin/cc - skipped
[0.317s] -- Detecting C compile features
[0.317s] -- Detecting C compile features - done
[0.317s] -- Detecting CXX compiler ABI info
[0.317s] -- Detecting CXX compiler ABI info - done
[0.317s] -- Check for working CXX compiler: /usr/bin/c++ - skipped
[0.317s] -- Detecting CXX compile features
[0.317s] -- Detecting CXX compile features - done
[0.317s] -- Found ament_cmake: 1.3.11 (/opt/ros/humble/share/ament_cmake/cmake)
[0.337s] -- Found Python3: /usr/bin/python3 (found version "3.10.12") found components: Interpreter 
[0.410s] -- Found dynamixel_sdk: 3.8.2 (/opt/ros/humble/share/dynamixel_sdk/cmake)
[0.412s] -- Found rclcpp: 16.0.12 (/opt/ros/humble/share/rclcpp/cmake)
[0.447s] -- Found rosidl_generator_c: 3.1.6 (/opt/ros/humble/share/rosidl_generator_c/cmake)
[0.451s] -- Found rosidl_adapter: 3.1.6 (/opt/ros/humble/share/rosidl_adapter/cmake)
[0.459s] -- Found rosidl_generator_cpp: 3.1.6 (/opt/ros/humble/share/rosidl_generator_cpp/cmake)
[0.468s] -- Using all available rosidl_typesupport_c: rosidl_typesupport_fastrtps_c;rosidl_typesupport_introspection_c
[0.480s] -- Using all available rosidl_typesupport_cpp: rosidl_typesupport_fastrtps_cpp;rosidl_typesupport_introspection_cpp
[0.515s] -- Found rmw_implementation_cmake: 6.1.2 (/opt/ros/humble/share/rmw_implementation_cmake/cmake)
[0.517s] -- Found rmw_cyclonedds_cpp: 1.3.4 (/opt/ros/humble/share/rmw_cyclonedds_cpp/cmake)
[0.532s] -- Using RMW implementation 'rmw_cyclonedds_cpp' as default
[0.539s] -- Looking for pthread.h
[0.601s] -- Looking for pthread.h - found
[0.601s] -- Performing Test CMAKE_HAVE_LIBC_PTHREAD
[0.659s] -- Performing Test CMAKE_HAVE_LIBC_PTHREAD - Success
[0.659s] -- Found Threads: TRUE  
[0.749s] -- Configuring done
[0.758s] -- Generating done
[0.762s] -- Build files have been written to: /home/darkdemon/work/motor_control/build/dynamixel_workbench_toolbox
[0.771s] Invoked command in '/home/darkdemon/work/motor_control/build/dynamixel_workbench_toolbox' returned '0': CMAKE_PREFIX_PATH=${CMAKE_PREFIX_PATH}:/opt/ros/humble /usr/bin/cmake /home/darkdemon/work/motor_control/src/dynamixel-workbench/dynamixel_workbench_toolbox -DCMAKE_INSTALL_PREFIX=/home/darkdemon/work/motor_control/install/dynamixel_workbench_toolbox
[0.772s] Invoking command in '/home/darkdemon/work/motor_control/build/dynamixel_workbench_toolbox': CMAKE_PREFIX_PATH=${CMAKE_PREFIX_PATH}:/opt/ros/humble /usr/bin/cmake --build /home/darkdemon/work/motor_control/build/dynamixel_workbench_toolbox -- -j20 -l20
[0.811s] [ 40%] [32mBuilding CXX object CMakeFiles/dynamixel_workbench_toolbox.dir/src/dynamixel_workbench_toolbox/dynamixel_workbench.cpp.o[0m
[0.811s] [ 40%] [32mBuilding CXX object CMakeFiles/dynamixel_workbench_toolbox.dir/src/dynamixel_workbench_toolbox/dynamixel_item.cpp.o[0m
[0.811s] [ 60%] [32mBuilding CXX object CMakeFiles/dynamixel_workbench_toolbox.dir/src/dynamixel_workbench_toolbox/dynamixel_tool.cpp.o[0m
[0.812s] [ 80%] [32mBuilding CXX object CMakeFiles/dynamixel_workbench_toolbox.dir/src/dynamixel_workbench_toolbox/dynamixel_driver.cpp.o[0m
[1.058s] [100%] [32m[1mLinking CXX shared library libdynamixel_workbench_toolbox.so[0m
[1.123s] [100%] Built target dynamixel_workbench_toolbox
[1.133s] Invoked command in '/home/darkdemon/work/motor_control/build/dynamixel_workbench_toolbox' returned '0': CMAKE_PREFIX_PATH=${CMAKE_PREFIX_PATH}:/opt/ros/humble /usr/bin/cmake --build /home/darkdemon/work/motor_control/build/dynamixel_workbench_toolbox -- -j20 -l20
[1.142s] Invoking command in '/home/darkdemon/work/motor_control/build/dynamixel_workbench_toolbox': CMAKE_PREFIX_PATH=${CMAKE_PREFIX_PATH}:/opt/ros/humble /usr/bin/cmake --install /home/darkdemon/work/motor_control/build/dynamixel_workbench_toolbox
[1.147s] -- Install configuration: ""
[1.148s] -- Installing: /home/darkdemon/work/motor_control/install/dynamixel_workbench_toolbox/lib/libdynamixel_workbench_toolbox.so
[1.148s] -- Set runtime path of "/home/darkdemon/work/motor_control/install/dynamixel_workbench_toolbox/lib/libdynamixel_workbench_toolbox.so" to ""
[1.148s] -- Installing: /home/darkdemon/work/motor_control/install/dynamixel_workbench_toolbox/include/
[1.148s] -- Installing: /home/darkdemon/work/motor_control/install/dynamixel_workbench_toolbox/include//dynamixel_workbench_toolbox
[1.148s] -- Installing: /home/darkdemon/work/motor_control/install/dynamixel_workbench_toolbox/include//dynamixel_workbench_toolbox/dynamixel_item.h
[1.148s] -- Installing: /home/darkdemon/work/motor_control/install/dynamixel_workbench_toolbox/include//dynamixel_workbench_toolbox/dynamixel_workbench.h
[1.148s] -- Installing: /home/darkdemon/work/motor_control/install/dynamixel_workbench_toolbox/include//dynamixel_workbench_toolbox/dynamixel_driver.h
[1.148s] -- Installing: /home/darkdemon/work/motor_control/install/dynamixel_workbench_toolbox/include//dynamixel_workbench_toolbox/dynamixel_tool.h
[1.148s] -- Installing: /home/darkdemon/work/motor_control/install/dynamixel_workbench_toolbox/share/dynamixel_workbench_toolbox/environment/library_path.sh
[1.148s] -- Installing: /home/darkdemon/work/motor_control/install/dynamixel_workbench_toolbox/share/dynamixel_workbench_toolbox/environment/library_path.dsv
[1.148s] -- Installing: /home/darkdemon/work/motor_control/install/dynamixel_workbench_toolbox/share/ament_index/resource_index/package_run_dependencies/dynamixel_workbench_toolbox
[1.149s] -- Installing: /home/darkdemon/work/motor_control/install/dynamixel_workbench_toolbox/share/ament_index/resource_index/parent_prefix_path/dynamixel_workbench_toolbox
[1.149s] -- Installing: /home/darkdemon/work/motor_control/install/dynamixel_workbench_toolbox/share/dynamixel_workbench_toolbox/environment/ament_prefix_path.sh
[1.149s] -- Installing: /home/darkdemon/work/motor_control/install/dynamixel_workbench_toolbox/share/dynamixel_workbench_toolbox/environment/ament_prefix_path.dsv
[1.149s] -- Installing: /home/darkdemon/work/motor_control/install/dynamixel_workbench_toolbox/share/dynamixel_workbench_toolbox/environment/path.sh
[1.149s] -- Installing: /home/darkdemon/work/motor_control/install/dynamixel_workbench_toolbox/share/dynamixel_workbench_toolbox/environment/path.dsv
[1.149s] -- Installing: /home/darkdemon/work/motor_control/install/dynamixel_workbench_toolbox/share/dynamixel_workbench_toolbox/local_setup.bash
[1.149s] -- Installing: /home/darkdemon/work/motor_control/install/dynamixel_workbench_toolbox/share/dynamixel_workbench_toolbox/local_setup.sh
[1.149s] -- Installing: /home/darkdemon/work/motor_control/install/dynamixel_workbench_toolbox/share/dynamixel_workbench_toolbox/local_setup.zsh
[1.149s] -- Installing: /home/darkdemon/work/motor_control/install/dynamixel_workbench_toolbox/share/dynamixel_workbench_toolbox/local_setup.dsv
[1.149s] -- Installing: /home/darkdemon/work/motor_control/install/dynamixel_workbench_toolbox/share/dynamixel_workbench_toolbox/package.dsv
[1.149s] -- Installing: /home/darkdemon/work/motor_control/install/dynamixel_workbench_toolbox/share/ament_index/resource_index/packages/dynamixel_workbench_toolbox
[1.149s] -- Installing: /home/darkdemon/work/motor_control/install/dynamixel_workbench_toolbox/share/dynamixel_workbench_toolbox/cmake/ament_cmake_export_include_directories-extras.cmake
[1.149s] -- Installing: /home/darkdemon/work/motor_control/install/dynamixel_workbench_toolbox/share/dynamixel_workbench_toolbox/cmake/ament_cmake_export_dependencies-extras.cmake
[1.149s] -- Installing: /home/darkdemon/work/motor_control/install/dynamixel_workbench_toolbox/share/dynamixel_workbench_toolbox/cmake/ament_cmake_export_libraries-extras.cmake
[1.150s] -- Installing: /home/darkdemon/work/motor_control/install/dynamixel_workbench_toolbox/share/dynamixel_workbench_toolbox/cmake/dynamixel_workbench_toolboxConfig.cmake
[1.150s] -- Installing: /home/darkdemon/work/motor_control/install/dynamixel_workbench_toolbox/share/dynamixel_workbench_toolbox/cmake/dynamixel_workbench_toolboxConfig-version.cmake
[1.150s] -- Installing: /home/darkdemon/work/motor_control/install/dynamixel_workbench_toolbox/share/dynamixel_workbench_toolbox/package.xml
[1.151s] Invoked command in '/home/darkdemon/work/motor_control/build/dynamixel_workbench_toolbox' returned '0': CMAKE_PREFIX_PATH=${CMAKE_PREFIX_PATH}:/opt/ros/humble /usr/bin/cmake --install /home/darkdemon/work/motor_control/build/dynamixel_workbench_toolbox
