[0.016s] Invoking command in '/home/darkdemon/work/motor_control/build/dynamixel_hardware': CMAKE_PREFIX_PATH=/home/darkdemon/work/motor_control/install/dynamixel_workbench_toolbox:/home/darkdemon/work/motor_control/install/small_arm_moveit_cpp:/home/darkdemon/work/motor_control/install/small_arm_moveit_config:/home/darkdemon/work/motor_control/install/small_arm_description:/home/darkdemon/work/motor_control/install/dynamixel_workbench:/home/darkdemon/work/motor_control/install/dynamixel_hardware:/home/darkdemon/work/motor_control/install/dynamixel_workbench_msgs:/home/darkdemon/work/motor_control/install/python_moveit2:/opt/ros/humble LD_LIBRARY_PATH=/home/darkdemon/work/motor_control/install/dynamixel_workbench_toolbox/lib:/home/darkdemon/work/motor_control/install/dynamixel_hardware/lib:/home/darkdemon/work/motor_control/install/dynamixel_workbench_msgs/lib:/opt/ros/humble/opt/rviz_ogre_vendor/lib:/opt/ros/humble/lib/x86_64-linux-gnu:/opt/ros/humble/lib /usr/bin/cmake --build /home/darkdemon/work/motor_control/build/dynamixel_hardware -- -j20 -l20
[0.076s] [100%] Built target dynamixel_hardware
[0.101s] Invoked command in '/home/darkdemon/work/motor_control/build/dynamixel_hardware' returned '0': CMAKE_PREFIX_PATH=/home/darkdemon/work/motor_control/install/dynamixel_workbench_toolbox:/home/darkdemon/work/motor_control/install/small_arm_moveit_cpp:/home/darkdemon/work/motor_control/install/small_arm_moveit_config:/home/darkdemon/work/motor_control/install/small_arm_description:/home/darkdemon/work/motor_control/install/dynamixel_workbench:/home/darkdemon/work/motor_control/install/dynamixel_hardware:/home/darkdemon/work/motor_control/install/dynamixel_workbench_msgs:/home/darkdemon/work/motor_control/install/python_moveit2:/opt/ros/humble LD_LIBRARY_PATH=/home/darkdemon/work/motor_control/install/dynamixel_workbench_toolbox/lib:/home/darkdemon/work/motor_control/install/dynamixel_hardware/lib:/home/darkdemon/work/motor_control/install/dynamixel_workbench_msgs/lib:/opt/ros/humble/opt/rviz_ogre_vendor/lib:/opt/ros/humble/lib/x86_64-linux-gnu:/opt/ros/humble/lib /usr/bin/cmake --build /home/darkdemon/work/motor_control/build/dynamixel_hardware -- -j20 -l20
[0.102s] Invoking command in '/home/darkdemon/work/motor_control/build/dynamixel_hardware': CMAKE_PREFIX_PATH=/home/darkdemon/work/motor_control/install/dynamixel_workbench_toolbox:/home/darkdemon/work/motor_control/install/small_arm_moveit_cpp:/home/darkdemon/work/motor_control/install/small_arm_moveit_config:/home/darkdemon/work/motor_control/install/small_arm_description:/home/darkdemon/work/motor_control/install/dynamixel_workbench:/home/darkdemon/work/motor_control/install/dynamixel_hardware:/home/darkdemon/work/motor_control/install/dynamixel_workbench_msgs:/home/darkdemon/work/motor_control/install/python_moveit2:/opt/ros/humble LD_LIBRARY_PATH=/home/darkdemon/work/motor_control/install/dynamixel_workbench_toolbox/lib:/home/darkdemon/work/motor_control/install/dynamixel_hardware/lib:/home/darkdemon/work/motor_control/install/dynamixel_workbench_msgs/lib:/opt/ros/humble/opt/rviz_ogre_vendor/lib:/opt/ros/humble/lib/x86_64-linux-gnu:/opt/ros/humble/lib /usr/bin/cmake --install /home/darkdemon/work/motor_control/build/dynamixel_hardware
[0.112s] -- Install configuration: ""
[0.112s] -- Execute custom install script
[0.113s] -- Up-to-date symlink: /home/darkdemon/work/motor_control/install/dynamixel_hardware/share/dynamixel_hardware//dynamixel_hardware.xml
[0.113s] -- Up-to-date symlink: /home/darkdemon/work/motor_control/install/dynamixel_hardware/lib/libdynamixel_hardware.so
[0.114s] -- Up-to-date symlink: /home/darkdemon/work/motor_control/install/dynamixel_hardware/include/dynamixel_hardware/dynamixel_hardware.hpp
[0.114s] -- Up-to-date symlink: /home/darkdemon/work/motor_control/install/dynamixel_hardware/include/dynamixel_hardware/visiblity_control.h
[0.114s] -- Up-to-date symlink: /home/darkdemon/work/motor_control/install/dynamixel_hardware/share/dynamixel_hardware/environment/library_path.sh
[0.114s] -- Up-to-date symlink: /home/darkdemon/work/motor_control/install/dynamixel_hardware/share/dynamixel_hardware/environment/library_path.dsv
[0.115s] -- Up-to-date symlink: /home/darkdemon/work/motor_control/install/dynamixel_hardware/share/ament_index/resource_index/package_run_dependencies/dynamixel_hardware
[0.115s] -- Up-to-date symlink: /home/darkdemon/work/motor_control/install/dynamixel_hardware/share/ament_index/resource_index/parent_prefix_path/dynamixel_hardware
[0.115s] -- Up-to-date symlink: /home/darkdemon/work/motor_control/install/dynamixel_hardware/share/dynamixel_hardware/environment/ament_prefix_path.sh
[0.115s] -- Up-to-date symlink: /home/darkdemon/work/motor_control/install/dynamixel_hardware/share/dynamixel_hardware/environment/ament_prefix_path.dsv
[0.115s] -- Up-to-date symlink: /home/darkdemon/work/motor_control/install/dynamixel_hardware/share/dynamixel_hardware/environment/path.sh
[0.116s] -- Up-to-date symlink: /home/darkdemon/work/motor_control/install/dynamixel_hardware/share/dynamixel_hardware/environment/path.dsv
[0.116s] -- Up-to-date symlink: /home/darkdemon/work/motor_control/install/dynamixel_hardware/share/dynamixel_hardware/local_setup.bash
[0.116s] -- Up-to-date symlink: /home/darkdemon/work/motor_control/install/dynamixel_hardware/share/dynamixel_hardware/local_setup.sh
[0.116s] -- Up-to-date symlink: /home/darkdemon/work/motor_control/install/dynamixel_hardware/share/dynamixel_hardware/local_setup.zsh
[0.116s] -- Up-to-date symlink: /home/darkdemon/work/motor_control/install/dynamixel_hardware/share/dynamixel_hardware/local_setup.dsv
[0.117s] -- Symlinking: /home/darkdemon/work/motor_control/install/dynamixel_hardware/share/dynamixel_hardware/package.dsv
[0.127s] -- Up-to-date symlink: /home/darkdemon/work/motor_control/install/dynamixel_hardware/share/ament_index/resource_index/packages/dynamixel_hardware
[0.127s] -- Up-to-date symlink: /home/darkdemon/work/motor_control/install/dynamixel_hardware/share/ament_index/resource_index/hardware_interface__pluginlib__plugin/dynamixel_hardware
[0.127s] -- Up-to-date symlink: /home/darkdemon/work/motor_control/install/dynamixel_hardware/share/dynamixel_hardware/cmake/ament_cmake_export_include_directories-extras.cmake
[0.128s] -- Up-to-date symlink: /home/darkdemon/work/motor_control/install/dynamixel_hardware/share/dynamixel_hardware/cmake/ament_cmake_export_libraries-extras.cmake
[0.128s] -- Up-to-date symlink: /home/darkdemon/work/motor_control/install/dynamixel_hardware/share/dynamixel_hardware/cmake/ament_cmake_export_dependencies-extras.cmake
[0.128s] -- Up-to-date symlink: /home/darkdemon/work/motor_control/install/dynamixel_hardware/share/dynamixel_hardware/cmake/dynamixel_hardwareConfig.cmake
[0.128s] -- Up-to-date symlink: /home/darkdemon/work/motor_control/install/dynamixel_hardware/share/dynamixel_hardware/cmake/dynamixel_hardwareConfig-version.cmake
[0.128s] -- Up-to-date symlink: /home/darkdemon/work/motor_control/install/dynamixel_hardware/share/dynamixel_hardware/package.xml
[0.131s] Invoked command in '/home/darkdemon/work/motor_control/build/dynamixel_hardware' returned '0': CMAKE_PREFIX_PATH=/home/darkdemon/work/motor_control/install/dynamixel_workbench_toolbox:/home/darkdemon/work/motor_control/install/small_arm_moveit_cpp:/home/darkdemon/work/motor_control/install/small_arm_moveit_config:/home/darkdemon/work/motor_control/install/small_arm_description:/home/darkdemon/work/motor_control/install/dynamixel_workbench:/home/darkdemon/work/motor_control/install/dynamixel_hardware:/home/darkdemon/work/motor_control/install/dynamixel_workbench_msgs:/home/darkdemon/work/motor_control/install/python_moveit2:/opt/ros/humble LD_LIBRARY_PATH=/home/darkdemon/work/motor_control/install/dynamixel_workbench_toolbox/lib:/home/darkdemon/work/motor_control/install/dynamixel_hardware/lib:/home/darkdemon/work/motor_control/install/dynamixel_workbench_msgs/lib:/opt/ros/humble/opt/rviz_ogre_vendor/lib:/opt/ros/humble/lib/x86_64-linux-gnu:/opt/ros/humble/lib /usr/bin/cmake --install /home/darkdemon/work/motor_control/build/dynamixel_hardware
