Traceback (most recent call last):
  File "/home/darkdemon/work/motor_control/build/map_if/ament_cmake_python/map_if/setup.py", line 1, in <module>
    from setuptools import find_packages
  File "/usr/lib/python3/dist-packages/setuptools/__init__.py", line 16, in <module>
gmake[2]: *** [CMakeFiles/map_if__rosidl_typesupport_fastrtps_c__pyext.dir/build.make:121: CMakeFiles/map_if__rosidl_typesupport_fastrtps_c__pyext.dir/depend] Interrupt
gmake[2]: *** [CMakeFiles/map_if__rosidl_typesupport_introspection_c__pyext.dir/build.make:118: CMakeFiles/map_if__rosidl_typesupport_introspection_c__pyext.dir/depend] Interrupt
    import setuptools.version
  File "/usr/lib/python3/dist-packages/setuptools/version.py", line 1, in <module>
    import pkg_resources
  File "/usr/lib/python3/dist-packages/pkg_resources/__init__.py", line 78, in <module>
    __import__('pkg_resources.extern.packaging.requirements')
  File "/usr/lib/python3/dist-packages/pkg_resources/_vendor/packaging/requirements.py", line 56, in <module>
gmake[2]: *** [CMakeFiles/map_if__rosidl_typesupport_c__pyext.dir/build.make:116: CMakeFiles/map_if__rosidl_typesupport_c__pyext.dir/depend] Interrupt
gmake[1]: *** [CMakeFiles/Makefile2:504: CMakeFiles/map_if__rosidl_typesupport_fastrtps_c__pyext.dir/all] Interrupt
gmake[1]: *** [CMakeFiles/Makefile2:534: CMakeFiles/map_if__rosidl_typesupport_introspection_c__pyext.dir/all] Interrupt
gmake[1]: *** [CMakeFiles/Makefile2:563: CMakeFiles/map_if__rosidl_typesupport_c__pyext.dir/all] Interrupt
    VERSION_PEP440 = Regex(Specifier._regex_str, re.VERBOSE | re.IGNORECASE)
  File "/usr/lib/python3/dist-packages/pkg_resources/_vendor/pyparsing.py", line 2792, in __init__
    self.re = re.compile(self.pattern, self.flags)
  File "/usr/lib/python3.10/re.py", line 251, in compile
    return _compile(pattern, flags)
  File "/usr/lib/python3.10/re.py", line 303, in _compile
    p = sre_compile.compile(pattern, flags)
  File "/usr/lib/python3.10/sre_compile.py", line 788, in compile
    p = sre_parse.parse(p, flags)
  File "/usr/lib/python3.10/sre_parse.py", line 955, in parse
    p = _parse_sub(source, state, flags & SRE_FLAG_VERBOSE, 0)
  File "/usr/lib/python3.10/sre_parse.py", line 444, in _parse_sub
    itemsappend(_parse(source, state, verbose, nested + 1,
  File "/usr/lib/python3.10/sre_parse.py", line 841, in _parse
    p = _parse_sub(source, state, sub_verbose, nested + 1)
  File "/usr/lib/python3.10/sre_parse.py", line 444, in _parse_sub
    itemsappend(_parse(source, state, verbose, nested + 1,
  File "/usr/lib/python3.10/sre_parse.py", line 841, in _parse
    p = _parse_sub(source, state, sub_verbose, nested + 1)
  File "/usr/lib/python3.10/sre_parse.py", line 444, in _parse_sub
    itemsappend(_parse(source, state, verbose, nested + 1,
  File "/usr/lib/python3.10/sre_parse.py", line 841, in _parse
    p = _parse_sub(source, state, sub_verbose, nested + 1)
  File "/usr/lib/python3.10/sre_parse.py", line 444, in _parse_sub
    itemsappend(_parse(source, state, verbose, nested + 1,
  File "/usr/lib/python3.10/sre_parse.py", line 841, in _parse
    p = _parse_sub(source, state, sub_verbose, nested + 1)
  File "/usr/lib/python3.10/sre_parse.py", line 480, in _parse_sub
    set.append((op, av))
KeyboardInterrupt
gmake[2]: *** [CMakeFiles/ament_cmake_python_build_map_if_egg.dir/build.make:70: CMakeFiles/ament_cmake_python_build_map_if_egg] Interrupt
gmake[1]: *** [CMakeFiles/Makefile2:447: CMakeFiles/ament_cmake_python_build_map_if_egg.dir/all] Interrupt
gmake: *** [Makefile:146: all] Interrupt
[  3%] Built target map_if__cpp
[ 12%] Built target map_if__rosidl_generator_c
[ 12%] Built target ament_cmake_python_copy_map_if
[ 22%] Built target map_if__rosidl_typesupport_introspection_cpp
[ 32%] Built target map_if__rosidl_typesupport_cpp
[ 51%] Built target map_if__rosidl_typesupport_introspection_c
[ 51%] Built target map_if__rosidl_typesupport_c
[ 61%] Built target map_if__rosidl_typesupport_fastrtps_cpp
[ 70%] Built target map_if__rosidl_typesupport_fastrtps_c
[ 70%] Built target map_if
[ 74%] Built target map_if__py
[ 80%] Built target map_if__rosidl_generator_py
