In file included from [01m[K/opt/ros/humble/include/rclcpp/rclcpp/logging.hpp:24[m[K,
                 from [01m[K/opt/ros/humble/include/rclcpp/rclcpp/client.hpp:40[m[K,
                 from [01m[K/opt/ros/humble/include/rclcpp/rclcpp/callback_group.hpp:24[m[K,
                 from [01m[K/opt/ros/humble/include/rclcpp/rclcpp/any_executable.hpp:20[m[K,
                 from [01m[K/opt/ros/humble/include/rclcpp/rclcpp/memory_strategy.hpp:25[m[K,
                 from [01m[K/opt/ros/humble/include/rclcpp/rclcpp/memory_strategies.hpp:18[m[K,
                 from [01m[K/opt/ros/humble/include/rclcpp/rclcpp/executor_options.hpp:20[m[K,
                 from [01m[K/opt/ros/humble/include/rclcpp/rclcpp/executor.hpp:37[m[K,
                 from [01m[K/opt/ros/humble/include/rclcpp/rclcpp/executors/multi_threaded_executor.hpp:25[m[K,
                 from [01m[K/opt/ros/humble/include/rclcpp/rclcpp/executors.hpp:21[m[K,
                 from [01m[K/opt/ros/humble/include/rclcpp/rclcpp/rclcpp.hpp:155[m[K,
                 from [01m[K/home/darkdemon/work/motor_control/src/tb4_arm_ros2/small_arm_moveit_cpp/src/ee_pose_in_base.cpp:2[m[K:
[01m[K/home/darkdemon/work/motor_control/src/tb4_arm_ros2/small_arm_moveit_cpp/src/ee_pose_in_base.cpp:[m[K In member function ‘[01m[Kvoid CameraToBasePrinter::callback(geometry_msgs::msg::Pose_<std::allocator<void> >::SharedPtr)[m[K’:
[01m[K/home/darkdemon/work/motor_control/src/tb4_arm_ros2/small_arm_moveit_cpp/src/ee_pose_in_base.cpp:77:39:[m[K [01;35m[Kwarning: [m[Kformat ‘[01m[K%f[m[K’ expects argument of type ‘[01m[Kdouble[m[K’, but argument 5 has type ‘[01m[Kgeometry_msgs::msg::Pose_<std::allocator<void> >::_orientation_type[m[K’ {aka ‘[01m[Kgeometry_msgs::msg::Quaternion_<std::allocator<void> >[m[K’} [[01;35m[K]8;;https://gcc.gnu.org/onlinedocs/gcc/Warning-Options.html#index-Wformat=-Wformat=]8;;[m[K]
   77 |       RCLCPP_DEBUG(this->get_logger(),[01;35m[K"Orientation: orientation=%.3f "[m[K,  [32m[Ktarget_pose.orientation[m[K );
      |                                       [01;35m[K^~~~~~~~~~~~~~~~~~~~~~~~~~~~~~~~[m[K   [32m[K~~~~~~~~~~~~~~~~~~~~~~~[m[K
      |                                                                                      [32m[K|[m[K
      |                                                                                      [32m[Kgeometry_msgs::msg::Pose_<std::allocator<void> >::_orientation_type {aka geometry_msgs::msg::Quaternion_<std::allocator<void> >}[m[K
[01m[K/home/darkdemon/work/motor_control/src/tb4_arm_ros2/small_arm_moveit_cpp/src/ee_pose_in_base.cpp:77:68:[m[K [01;36m[Knote: [m[Kformat string is defined here
   77 |       RCLCPP_DEBUG(this->get_logger(),"Orientation: orientation=[01;36m[K%.3f[m[K ",  target_pose.orientation );
      |                                                                 [01;36m[K~~~^[m[K
      |                                                                    [01;36m[K|[m[K
      |                                                                    [01;36m[Kdouble[m[K
