[0.684s] Invoking command in '/home/darkdemon/work/motor_control/build/small_arm_moveit_cpp': CMAKE_PREFIX_PATH=/home/darkdemon/work/motor_control/install/small_arm_moveit_cpp:/home/darkdemon/work/motor_control/install/small_arm_moveit_config:/home/darkdemon/work/motor_control/install/small_arm_description:/home/darkdemon/work/motor_control/install/realsense:/home/darkdemon/work/motor_control/install/python_moveit2:/opt/ros/humble:/home/darkdemon/work/motor_control/install/python_moveit_interface:/home/darkdemon/work/motor_control/install/dynamixel_workbench:/home/darkdemon/work/motor_control/install/dynamixel_hardware:/home/darkdemon/work/motor_control/install/dynamixel_workbench_toolbox:/home/darkdemon/work/motor_control/install/dynamixel_workbench_msgs /usr/bin/cmake --build /home/darkdemon/work/motor_control/build/small_arm_moveit_cpp -- -j20 -l20
[0.781s] [35m[1mConsolidate compiler generated dependencies of target ee_pose_in_base[0m
[0.781s] [ 20%] Built target named_goal
[0.781s] [ 40%] Built target auto_pose_goal
[0.781s] [ 50%] [32mBuilding CXX object CMakeFiles/gripper_open.dir/src/gripper_open.cpp.o[0m
[0.781s] [ 70%] Built target manual_pose_topic
[0.782s] [ 90%] Built target ee_pose_in_base
[9.018s] [100%] [32m[1mLinking CXX executable gripper_open[0m
[9.423s] [100%] Built target gripper_open
[9.436s] Invoked command in '/home/darkdemon/work/motor_control/build/small_arm_moveit_cpp' returned '0': CMAKE_PREFIX_PATH=/home/darkdemon/work/motor_control/install/small_arm_moveit_cpp:/home/darkdemon/work/motor_control/install/small_arm_moveit_config:/home/darkdemon/work/motor_control/install/small_arm_description:/home/darkdemon/work/motor_control/install/realsense:/home/darkdemon/work/motor_control/install/python_moveit2:/opt/ros/humble:/home/darkdemon/work/motor_control/install/python_moveit_interface:/home/darkdemon/work/motor_control/install/dynamixel_workbench:/home/darkdemon/work/motor_control/install/dynamixel_hardware:/home/darkdemon/work/motor_control/install/dynamixel_workbench_toolbox:/home/darkdemon/work/motor_control/install/dynamixel_workbench_msgs /usr/bin/cmake --build /home/darkdemon/work/motor_control/build/small_arm_moveit_cpp -- -j20 -l20
[9.438s] Invoking command in '/home/darkdemon/work/motor_control/build/small_arm_moveit_cpp': CMAKE_PREFIX_PATH=/home/darkdemon/work/motor_control/install/small_arm_moveit_cpp:/home/darkdemon/work/motor_control/install/small_arm_moveit_config:/home/darkdemon/work/motor_control/install/small_arm_description:/home/darkdemon/work/motor_control/install/realsense:/home/darkdemon/work/motor_control/install/python_moveit2:/opt/ros/humble:/home/darkdemon/work/motor_control/install/python_moveit_interface:/home/darkdemon/work/motor_control/install/dynamixel_workbench:/home/darkdemon/work/motor_control/install/dynamixel_hardware:/home/darkdemon/work/motor_control/install/dynamixel_workbench_toolbox:/home/darkdemon/work/motor_control/install/dynamixel_workbench_msgs /usr/bin/cmake --install /home/darkdemon/work/motor_control/build/small_arm_moveit_cpp
[9.449s] -- Install configuration: ""
[9.449s] -- Up-to-date: /home/darkdemon/work/motor_control/install/small_arm_moveit_cpp/lib/small_arm_moveit_cpp/auto_pose_goal
[9.449s] -- Up-to-date: /home/darkdemon/work/motor_control/install/small_arm_moveit_cpp/lib/small_arm_moveit_cpp/named_goal
[9.450s] -- Installing: /home/darkdemon/work/motor_control/install/small_arm_moveit_cpp/lib/small_arm_moveit_cpp/gripper_open
[9.451s] -- Set runtime path of "/home/darkdemon/work/motor_control/install/small_arm_moveit_cpp/lib/small_arm_moveit_cpp/gripper_open" to ""
[9.451s] -- Up-to-date: /home/darkdemon/work/motor_control/install/small_arm_moveit_cpp/lib/small_arm_moveit_cpp/ee_pose_in_base
[9.451s] -- Up-to-date: /home/darkdemon/work/motor_control/install/small_arm_moveit_cpp/lib/small_arm_moveit_cpp/manual_pose_topic
[9.452s] -- Up-to-date: /home/darkdemon/work/motor_control/install/small_arm_moveit_cpp/share/small_arm_moveit_cpp/launch
[9.452s] -- Up-to-date: /home/darkdemon/work/motor_control/install/small_arm_moveit_cpp/share/small_arm_moveit_cpp/launch/motion_planning.launch.py
[9.452s] -- Up-to-date: /home/darkdemon/work/motor_control/install/small_arm_moveit_cpp/share/small_arm_moveit_cpp/config
[9.452s] -- Up-to-date: /home/darkdemon/work/motor_control/install/small_arm_moveit_cpp/share/small_arm_moveit_cpp/config/moveit_cpp.yaml
[9.452s] -- Up-to-date: /home/darkdemon/work/motor_control/install/small_arm_moveit_cpp/share/ament_index/resource_index/package_run_dependencies/small_arm_moveit_cpp
[9.452s] -- Up-to-date: /home/darkdemon/work/motor_control/install/small_arm_moveit_cpp/share/ament_index/resource_index/parent_prefix_path/small_arm_moveit_cpp
[9.452s] -- Up-to-date: /home/darkdemon/work/motor_control/install/small_arm_moveit_cpp/share/small_arm_moveit_cpp/environment/ament_prefix_path.sh
[9.452s] -- Up-to-date: /home/darkdemon/work/motor_control/install/small_arm_moveit_cpp/share/small_arm_moveit_cpp/environment/ament_prefix_path.dsv
[9.453s] -- Up-to-date: /home/darkdemon/work/motor_control/install/small_arm_moveit_cpp/share/small_arm_moveit_cpp/environment/path.sh
[9.453s] -- Up-to-date: /home/darkdemon/work/motor_control/install/small_arm_moveit_cpp/share/small_arm_moveit_cpp/environment/path.dsv
[9.453s] -- Up-to-date: /home/darkdemon/work/motor_control/install/small_arm_moveit_cpp/share/small_arm_moveit_cpp/local_setup.bash
[9.453s] -- Up-to-date: /home/darkdemon/work/motor_control/install/small_arm_moveit_cpp/share/small_arm_moveit_cpp/local_setup.sh
[9.453s] -- Up-to-date: /home/darkdemon/work/motor_control/install/small_arm_moveit_cpp/share/small_arm_moveit_cpp/local_setup.zsh
[9.453s] -- Up-to-date: /home/darkdemon/work/motor_control/install/small_arm_moveit_cpp/share/small_arm_moveit_cpp/local_setup.dsv
[9.453s] -- Installing: /home/darkdemon/work/motor_control/install/small_arm_moveit_cpp/share/small_arm_moveit_cpp/package.dsv
[9.453s] -- Up-to-date: /home/darkdemon/work/motor_control/install/small_arm_moveit_cpp/share/ament_index/resource_index/packages/small_arm_moveit_cpp
[9.453s] -- Up-to-date: /home/darkdemon/work/motor_control/install/small_arm_moveit_cpp/share/small_arm_moveit_cpp/cmake/small_arm_moveit_cppConfig.cmake
[9.453s] -- Up-to-date: /home/darkdemon/work/motor_control/install/small_arm_moveit_cpp/share/small_arm_moveit_cpp/cmake/small_arm_moveit_cppConfig-version.cmake
[9.453s] -- Up-to-date: /home/darkdemon/work/motor_control/install/small_arm_moveit_cpp/share/small_arm_moveit_cpp/package.xml
[9.455s] Invoked command in '/home/darkdemon/work/motor_control/build/small_arm_moveit_cpp' returned '0': CMAKE_PREFIX_PATH=/home/darkdemon/work/motor_control/install/small_arm_moveit_cpp:/home/darkdemon/work/motor_control/install/small_arm_moveit_config:/home/darkdemon/work/motor_control/install/small_arm_description:/home/darkdemon/work/motor_control/install/realsense:/home/darkdemon/work/motor_control/install/python_moveit2:/opt/ros/humble:/home/darkdemon/work/motor_control/install/python_moveit_interface:/home/darkdemon/work/motor_control/install/dynamixel_workbench:/home/darkdemon/work/motor_control/install/dynamixel_hardware:/home/darkdemon/work/motor_control/install/dynamixel_workbench_toolbox:/home/darkdemon/work/motor_control/install/dynamixel_workbench_msgs /usr/bin/cmake --install /home/darkdemon/work/motor_control/build/small_arm_moveit_cpp
