[0.179s] Invoking command in '/home/darkdemon/work/motor_control/build/map_if': CMAKE_PREFIX_PATH=/home/darkdemon/work/motor_control/install/small_arm_moveit_cpp:/home/darkdemon/work/motor_control/install/small_arm_moveit_config:/home/darkdemon/work/motor_control/install/small_arm_description:/home/darkdemon/work/motor_control/install/visual:/home/darkdemon/work/motor_control/install/realsense:/home/darkdemon/work/motor_control/install/python_moveit2:/home/darkdemon/work/motor_control/install/map_tool:/home/darkdemon/work/motor_control/install/lidar_filter:/opt/ros/humble:/home/darkdemon/work/motor_control/install/python_moveit_interface:/home/darkdemon/work/motor_control/install/map_if:/home/darkdemon/work/motor_control/install/dynamixel_workbench:/home/darkdemon/work/motor_control/install/dynamixel_hardware:/home/darkdemon/work/motor_control/install/dynamixel_workbench_toolbox:/home/darkdemon/work/motor_control/install/dynamixel_workbench_msgs /usr/bin/cmake --build /home/darkdemon/work/motor_control/build/map_if -- -j20 -l20
[0.628s] [  3%] Built target map_if__cpp
[0.629s] [ 12%] Built target map_if__rosidl_generator_c
[0.629s] [ 12%] Built target ament_cmake_python_copy_map_if
[0.629s] [ 22%] Built target map_if__rosidl_typesupport_c
[0.629s] [ 32%] Built target map_if__rosidl_typesupport_introspection_c
[0.629s] [ 41%] Built target map_if__rosidl_typesupport_cpp
[0.629s] [ 51%] Built target map_if__rosidl_typesupport_introspection_cpp
[0.629s] [ 61%] Built target map_if__rosidl_typesupport_fastrtps_cpp
[0.629s] [ 70%] Built target map_if__rosidl_typesupport_fastrtps_c
[0.629s] [ 70%] Built target map_if
[0.629s] [ 74%] Built target map_if__py
[0.629s] [ 80%] Built target map_if__rosidl_generator_py
[0.629s] [ 87%] Built target map_if__rosidl_typesupport_fastrtps_c__pyext
[0.629s] [ 93%] Built target map_if__rosidl_typesupport_c__pyext
[0.629s] [100%] Built target map_if__rosidl_typesupport_introspection_c__pyext
[0.629s] running egg_info
[0.629s] writing map_if.egg-info/PKG-INFO
[0.629s] writing dependency_links to map_if.egg-info/dependency_links.txt
[0.629s] writing top-level names to map_if.egg-info/top_level.txt
[0.629s] reading manifest file 'map_if.egg-info/SOURCES.txt'
[0.629s] writing manifest file 'map_if.egg-info/SOURCES.txt'
[0.629s] [100%] Built target ament_cmake_python_build_map_if_egg
[0.786s] Invoked command in '/home/darkdemon/work/motor_control/build/map_if' returned '0': CMAKE_PREFIX_PATH=/home/darkdemon/work/motor_control/install/small_arm_moveit_cpp:/home/darkdemon/work/motor_control/install/small_arm_moveit_config:/home/darkdemon/work/motor_control/install/small_arm_description:/home/darkdemon/work/motor_control/install/visual:/home/darkdemon/work/motor_control/install/realsense:/home/darkdemon/work/motor_control/install/python_moveit2:/home/darkdemon/work/motor_control/install/map_tool:/home/darkdemon/work/motor_control/install/lidar_filter:/opt/ros/humble:/home/darkdemon/work/motor_control/install/python_moveit_interface:/home/darkdemon/work/motor_control/install/map_if:/home/darkdemon/work/motor_control/install/dynamixel_workbench:/home/darkdemon/work/motor_control/install/dynamixel_hardware:/home/darkdemon/work/motor_control/install/dynamixel_workbench_toolbox:/home/darkdemon/work/motor_control/install/dynamixel_workbench_msgs /usr/bin/cmake --build /home/darkdemon/work/motor_control/build/map_if -- -j20 -l20
[0.787s] Invoking command in '/home/darkdemon/work/motor_control/build/map_if': CMAKE_PREFIX_PATH=/home/darkdemon/work/motor_control/install/small_arm_moveit_cpp:/home/darkdemon/work/motor_control/install/small_arm_moveit_config:/home/darkdemon/work/motor_control/install/small_arm_description:/home/darkdemon/work/motor_control/install/visual:/home/darkdemon/work/motor_control/install/realsense:/home/darkdemon/work/motor_control/install/python_moveit2:/home/darkdemon/work/motor_control/install/map_tool:/home/darkdemon/work/motor_control/install/lidar_filter:/opt/ros/humble:/home/darkdemon/work/motor_control/install/python_moveit_interface:/home/darkdemon/work/motor_control/install/map_if:/home/darkdemon/work/motor_control/install/dynamixel_workbench:/home/darkdemon/work/motor_control/install/dynamixel_hardware:/home/darkdemon/work/motor_control/install/dynamixel_workbench_toolbox:/home/darkdemon/work/motor_control/install/dynamixel_workbench_msgs /usr/bin/cmake --install /home/darkdemon/work/motor_control/build/map_if
[0.793s] -- Install configuration: ""
[0.798s] -- Up-to-date: /home/darkdemon/work/motor_control/install/map_if/share/ament_index/resource_index/rosidl_interfaces/map_if
[0.799s] -- Up-to-date: /home/darkdemon/work/motor_control/install/map_if/include/map_if/map_if
[0.799s] -- Up-to-date: /home/darkdemon/work/motor_control/install/map_if/include/map_if/map_if/msg
[0.799s] -- Up-to-date: /home/darkdemon/work/motor_control/install/map_if/include/map_if/map_if/msg/rosidl_generator_c__visibility_control.h
[0.799s] -- Up-to-date: /home/darkdemon/work/motor_control/install/map_if/include/map_if/map_if/srv
[0.799s] -- Up-to-date: /home/darkdemon/work/motor_control/install/map_if/include/map_if/map_if/srv/detail
[0.799s] -- Up-to-date: /home/darkdemon/work/motor_control/install/map_if/include/map_if/map_if/srv/detail/command__struct.h
[0.799s] -- Up-to-date: /home/darkdemon/work/motor_control/install/map_if/include/map_if/map_if/srv/detail/command__functions.h
[0.799s] -- Up-to-date: /home/darkdemon/work/motor_control/install/map_if/include/map_if/map_if/srv/detail/command__functions.c
[0.800s] -- Up-to-date: /home/darkdemon/work/motor_control/install/map_if/include/map_if/map_if/srv/detail/command__type_support.h
[0.800s] -- Up-to-date: /home/darkdemon/work/motor_control/install/map_if/include/map_if/map_if/srv/command.h
[0.800s] -- Up-to-date: /home/darkdemon/work/motor_control/install/map_if/share/map_if/environment/library_path.sh
[0.800s] -- Up-to-date: /home/darkdemon/work/motor_control/install/map_if/share/map_if/environment/library_path.dsv
[0.800s] -- Up-to-date: /home/darkdemon/work/motor_control/install/map_if/lib/libmap_if__rosidl_generator_c.so
[0.800s] -- Up-to-date: /home/darkdemon/work/motor_control/install/map_if/include/map_if/map_if
[0.800s] -- Up-to-date: /home/darkdemon/work/motor_control/install/map_if/include/map_if/map_if/msg
[0.800s] -- Up-to-date: /home/darkdemon/work/motor_control/install/map_if/include/map_if/map_if/msg/rosidl_typesupport_fastrtps_c__visibility_control.h
[0.800s] -- Up-to-date: /home/darkdemon/work/motor_control/install/map_if/include/map_if/map_if/srv
[0.800s] -- Up-to-date: /home/darkdemon/work/motor_control/install/map_if/include/map_if/map_if/srv/detail
[0.800s] -- Up-to-date: /home/darkdemon/work/motor_control/install/map_if/include/map_if/map_if/srv/detail/command__rosidl_typesupport_fastrtps_c.h
[0.801s] -- Up-to-date: /home/darkdemon/work/motor_control/install/map_if/lib/libmap_if__rosidl_typesupport_fastrtps_c.so
[0.801s] -- Up-to-date: /home/darkdemon/work/motor_control/install/map_if/include/map_if/map_if
[0.801s] -- Up-to-date: /home/darkdemon/work/motor_control/install/map_if/include/map_if/map_if/msg
[0.801s] -- Up-to-date: /home/darkdemon/work/motor_control/install/map_if/include/map_if/map_if/msg/rosidl_typesupport_introspection_c__visibility_control.h
[0.801s] -- Up-to-date: /home/darkdemon/work/motor_control/install/map_if/include/map_if/map_if/srv
[0.801s] -- Up-to-date: /home/darkdemon/work/motor_control/install/map_if/include/map_if/map_if/srv/detail
[0.801s] -- Up-to-date: /home/darkdemon/work/motor_control/install/map_if/include/map_if/map_if/srv/detail/command__rosidl_typesupport_introspection_c.h
[0.801s] -- Up-to-date: /home/darkdemon/work/motor_control/install/map_if/include/map_if/map_if/srv/detail/command__type_support.c
[0.801s] -- Up-to-date: /home/darkdemon/work/motor_control/install/map_if/lib/libmap_if__rosidl_typesupport_introspection_c.so
[0.801s] -- Up-to-date: /home/darkdemon/work/motor_control/install/map_if/lib/libmap_if__rosidl_typesupport_c.so
[0.801s] -- Up-to-date: /home/darkdemon/work/motor_control/install/map_if/include/map_if/map_if
[0.801s] -- Up-to-date: /home/darkdemon/work/motor_control/install/map_if/include/map_if/map_if/msg
[0.801s] -- Up-to-date: /home/darkdemon/work/motor_control/install/map_if/include/map_if/map_if/msg/rosidl_generator_cpp__visibility_control.hpp
[0.801s] -- Up-to-date: /home/darkdemon/work/motor_control/install/map_if/include/map_if/map_if/srv
[0.802s] -- Up-to-date: /home/darkdemon/work/motor_control/install/map_if/include/map_if/map_if/srv/detail
[0.802s] -- Up-to-date: /home/darkdemon/work/motor_control/install/map_if/include/map_if/map_if/srv/detail/command__type_support.hpp
[0.802s] -- Up-to-date: /home/darkdemon/work/motor_control/install/map_if/include/map_if/map_if/srv/detail/command__struct.hpp
[0.802s] -- Up-to-date: /home/darkdemon/work/motor_control/install/map_if/include/map_if/map_if/srv/detail/command__traits.hpp
[0.802s] -- Up-to-date: /home/darkdemon/work/motor_control/install/map_if/include/map_if/map_if/srv/detail/command__builder.hpp
[0.802s] -- Up-to-date: /home/darkdemon/work/motor_control/install/map_if/include/map_if/map_if/srv/command.hpp
[0.802s] -- Up-to-date: /home/darkdemon/work/motor_control/install/map_if/include/map_if/map_if
[0.802s] -- Up-to-date: /home/darkdemon/work/motor_control/install/map_if/include/map_if/map_if/msg
[0.802s] -- Up-to-date: /home/darkdemon/work/motor_control/install/map_if/include/map_if/map_if/msg/rosidl_typesupport_fastrtps_cpp__visibility_control.h
[0.802s] -- Up-to-date: /home/darkdemon/work/motor_control/install/map_if/include/map_if/map_if/srv
[0.802s] -- Up-to-date: /home/darkdemon/work/motor_control/install/map_if/include/map_if/map_if/srv/detail
[0.802s] -- Up-to-date: /home/darkdemon/work/motor_control/install/map_if/include/map_if/map_if/srv/detail/command__rosidl_typesupport_fastrtps_cpp.hpp
[0.802s] -- Up-to-date: /home/darkdemon/work/motor_control/install/map_if/include/map_if/map_if/srv/detail/dds_fastrtps
[0.802s] -- Up-to-date: /home/darkdemon/work/motor_control/install/map_if/lib/libmap_if__rosidl_typesupport_fastrtps_cpp.so
[0.802s] -- Up-to-date: /home/darkdemon/work/motor_control/install/map_if/include/map_if/map_if
[0.802s] -- Up-to-date: /home/darkdemon/work/motor_control/install/map_if/include/map_if/map_if/srv
[0.803s] -- Up-to-date: /home/darkdemon/work/motor_control/install/map_if/include/map_if/map_if/srv/detail
[0.803s] -- Up-to-date: /home/darkdemon/work/motor_control/install/map_if/include/map_if/map_if/srv/detail/command__type_support.cpp
[0.803s] -- Up-to-date: /home/darkdemon/work/motor_control/install/map_if/include/map_if/map_if/srv/detail/command__rosidl_typesupport_introspection_cpp.hpp
[0.803s] -- Up-to-date: /home/darkdemon/work/motor_control/install/map_if/lib/libmap_if__rosidl_typesupport_introspection_cpp.so
[0.803s] -- Up-to-date: /home/darkdemon/work/motor_control/install/map_if/lib/libmap_if__rosidl_typesupport_cpp.so
[0.803s] -- Up-to-date: /home/darkdemon/work/motor_control/install/map_if/share/map_if/environment/pythonpath.sh
[0.803s] -- Up-to-date: /home/darkdemon/work/motor_control/install/map_if/share/map_if/environment/pythonpath.dsv
[0.803s] -- Up-to-date: /home/darkdemon/work/motor_control/install/map_if/local/lib/python3.10/dist-packages/map_if-0.0.0-py3.10.egg-info
[0.803s] -- Installing: /home/darkdemon/work/motor_control/install/map_if/local/lib/python3.10/dist-packages/map_if-0.0.0-py3.10.egg-info/top_level.txt
[0.803s] -- Installing: /home/darkdemon/work/motor_control/install/map_if/local/lib/python3.10/dist-packages/map_if-0.0.0-py3.10.egg-info/PKG-INFO
[0.803s] -- Installing: /home/darkdemon/work/motor_control/install/map_if/local/lib/python3.10/dist-packages/map_if-0.0.0-py3.10.egg-info/dependency_links.txt
[0.803s] -- Installing: /home/darkdemon/work/motor_control/install/map_if/local/lib/python3.10/dist-packages/map_if-0.0.0-py3.10.egg-info/SOURCES.txt
[0.803s] -- Up-to-date: /home/darkdemon/work/motor_control/install/map_if/local/lib/python3.10/dist-packages/map_if
[0.803s] -- Up-to-date: /home/darkdemon/work/motor_control/install/map_if/local/lib/python3.10/dist-packages/map_if/_map_if_s.ep.rosidl_typesupport_c.c
[0.804s] -- Up-to-date: /home/darkdemon/work/motor_control/install/map_if/local/lib/python3.10/dist-packages/map_if/_map_if_s.ep.rosidl_typesupport_fastrtps_c.c
[0.804s] -- Up-to-date: /home/darkdemon/work/motor_control/install/map_if/local/lib/python3.10/dist-packages/map_if/__init__.py
[0.804s] -- Up-to-date: /home/darkdemon/work/motor_control/install/map_if/local/lib/python3.10/dist-packages/map_if/map_if_s__rosidl_typesupport_introspection_c.cpython-310-x86_64-linux-gnu.so
[0.804s] -- Up-to-date: /home/darkdemon/work/motor_control/install/map_if/local/lib/python3.10/dist-packages/map_if/srv
[0.804s] -- Up-to-date: /home/darkdemon/work/motor_control/install/map_if/local/lib/python3.10/dist-packages/map_if/srv/__init__.py
[0.804s] -- Up-to-date: /home/darkdemon/work/motor_control/install/map_if/local/lib/python3.10/dist-packages/map_if/srv/_command.py
[0.804s] -- Up-to-date: /home/darkdemon/work/motor_control/install/map_if/local/lib/python3.10/dist-packages/map_if/srv/_command_s.c
[0.804s] -- Up-to-date: /home/darkdemon/work/motor_control/install/map_if/local/lib/python3.10/dist-packages/map_if/libmap_if__rosidl_generator_py.so
[0.804s] -- Up-to-date: /home/darkdemon/work/motor_control/install/map_if/local/lib/python3.10/dist-packages/map_if/map_if_s__rosidl_typesupport_fastrtps_c.cpython-310-x86_64-linux-gnu.so
[0.804s] -- Up-to-date: /home/darkdemon/work/motor_control/install/map_if/local/lib/python3.10/dist-packages/map_if/map_if_s__rosidl_typesupport_c.cpython-310-x86_64-linux-gnu.so
[0.804s] -- Up-to-date: /home/darkdemon/work/motor_control/install/map_if/local/lib/python3.10/dist-packages/map_if/_map_if_s.ep.rosidl_typesupport_introspection_c.c
