[1.063s] Invoking command in '/home/darkdemon/work/motor_control/src/RobotSot/src/lidar_filter': PYTHONPATH=/home/darkdemon/work/motor_control/build/lidar_filter/prefix_override:/usr/lib/python3/dist-packages/colcon_core/task/python/colcon_distutils_commands:/home/darkdemon/work/motor_control/install/lidar_filter/lib/python3.10/site-packages:${PYTHONPATH} /usr/bin/python3 -W ignore:setup.py install is deprecated -W ignore:easy_install command is deprecated setup.py egg_info --egg-base ../../../../build/lidar_filter build --build-base /home/darkdemon/work/motor_control/build/lidar_filter/build install --record /home/darkdemon/work/motor_control/build/lidar_filter/install.log --single-version-externally-managed install_data
[1.206s] running egg_info
[1.207s] writing ../../../../build/lidar_filter/lidar_filter.egg-info/PKG-INFO
[1.207s] writing dependency_links to ../../../../build/lidar_filter/lidar_filter.egg-info/dependency_links.txt
[1.207s] writing entry points to ../../../../build/lidar_filter/lidar_filter.egg-info/entry_points.txt
[1.207s] writing requirements to ../../../../build/lidar_filter/lidar_filter.egg-info/requires.txt
[1.207s] writing top-level names to ../../../../build/lidar_filter/lidar_filter.egg-info/top_level.txt
[1.208s] reading manifest file '../../../../build/lidar_filter/lidar_filter.egg-info/SOURCES.txt'
[1.209s] writing manifest file '../../../../build/lidar_filter/lidar_filter.egg-info/SOURCES.txt'
[1.209s] running build
[1.209s] running build_py
[1.209s] running install
[1.209s] running install_lib
[1.210s] running install_data
[1.210s] running install_egg_info
[1.211s] removing '/home/darkdemon/work/motor_control/install/lidar_filter/lib/python3.10/site-packages/lidar_filter-0.0.0-py3.10.egg-info' (and everything under it)
[1.212s] Copying ../../../../build/lidar_filter/lidar_filter.egg-info to /home/darkdemon/work/motor_control/install/lidar_filter/lib/python3.10/site-packages/lidar_filter-0.0.0-py3.10.egg-info
[1.212s] running install_scripts
[1.225s] Installing filter script to /home/darkdemon/work/motor_control/install/lidar_filter/lib/lidar_filter
[1.226s] writing list of installed files to '/home/darkdemon/work/motor_control/build/lidar_filter/install.log'
[1.245s] Invoked command in '/home/darkdemon/work/motor_control/src/RobotSot/src/lidar_filter' returned '0': PYTHONPATH=/home/darkdemon/work/motor_control/build/lidar_filter/prefix_override:/usr/lib/python3/dist-packages/colcon_core/task/python/colcon_distutils_commands:/home/darkdemon/work/motor_control/install/lidar_filter/lib/python3.10/site-packages:${PYTHONPATH} /usr/bin/python3 -W ignore:setup.py install is deprecated -W ignore:easy_install command is deprecated setup.py egg_info --egg-base ../../../../build/lidar_filter build --build-base /home/darkdemon/work/motor_control/build/lidar_filter/build install --record /home/darkdemon/work/motor_control/build/lidar_filter/install.log --single-version-externally-managed install_data
