[0.156s] Invoking command in '/home/darkdemon/work/motor_control/build/python_moveit_interface': /usr/bin/cmake /home/darkdemon/work/motor_control/src/tb4_arm_ros2/python_moveit_interface -DCATKIN_INSTALL_INTO_PREFIX_ROOT=0 -DCMAKE_INSTALL_PREFIX=/home/darkdemon/work/motor_control/install/python_moveit_interface
[0.308s] -- The C compiler identification is GNU 11.4.0
[0.308s] -- The CXX compiler identification is GNU 11.4.0
[0.308s] -- Detecting C compiler ABI info
[0.308s] -- Detecting C compiler ABI info - done
[0.308s] -- Check for working C compiler: /usr/bin/cc - skipped
[0.308s] -- Detecting C compile features
[0.308s] -- Detecting C compile features - done
[0.308s] -- Detecting CXX compiler ABI info
[0.370s] -- Detecting CXX compiler ABI info - done
[0.378s] -- Check for working CXX compiler: /usr/bin/c++ - skipped
[0.378s] -- Detecting CXX compile features
[0.379s] -- Detecting CXX compile features - done
[0.381s] -- Found ament_cmake: 1.3.11 (/opt/ros/humble/share/ament_cmake/cmake)
[0.507s] -- Found Python3: /usr/bin/python3 (found version "3.10.12") found components: Interpreter 
[0.576s] -- Found rosidl_default_generators: 1.2.0 (/opt/ros/humble/share/rosidl_default_generators/cmake)
[0.578s] -- Using all available rosidl_typesupport_c: rosidl_typesupport_fastrtps_c;rosidl_typesupport_introspection_c
[0.584s] -- Found rosidl_adapter: 3.1.6 (/opt/ros/humble/share/rosidl_adapter/cmake)
[0.613s] -- Using all available rosidl_typesupport_cpp: rosidl_typesupport_fastrtps_cpp;rosidl_typesupport_introspection_cpp
[0.637s] -- Found geometry_msgs: 4.8.0 (/opt/ros/humble/share/geometry_msgs/cmake)
[0.900s] -- Found ament_cmake_ros: 0.10.0 (/opt/ros/humble/share/ament_cmake_ros/cmake)
[1.087s] -- Using all available rosidl_typesupport_c: rosidl_typesupport_fastrtps_c;rosidl_typesupport_introspection_c
[1.346s] -- Using all available rosidl_typesupport_cpp: rosidl_typesupport_fastrtps_cpp;rosidl_typesupport_introspection_cpp
[1.367s] -- Found PythonInterp: /usr/bin/python3 (found suitable version "3.10.12", minimum required is "3.6") 
[1.370s] -- Found python_cmake_module: 0.10.0 (/opt/ros/humble/share/python_cmake_module/cmake)
[1.386s] -- Found PythonLibs: /usr/lib/x86_64-linux-gnu/libpython3.10.so (found suitable version "3.10.12", minimum required is "3.5") 
[1.386s] -- Using PYTHON_EXECUTABLE: /usr/bin/python3
[1.386s] -- Using PYTHON_INCLUDE_DIRS: /usr/include/python3.10
[1.387s] -- Using PYTHON_LIBRARIES: /usr/lib/x86_64-linux-gnu/libpython3.10.so
[1.401s] -- Found PythonExtra: .so  
[1.605s] -- Using numpy include directory: /usr/local/lib/python3.10/dist-packages/numpy/core/include
[1.621s] -- Configuring done
[1.661s] -- Generating done
[1.663s] [33mCMake Warning:
[1.663s]   Manually-specified variables were not used by the project:
[1.663s] 
[1.663s]     CATKIN_INSTALL_INTO_PREFIX_ROOT
[1.663s] 
[1.663s] [0m
[1.673s] -- Build files have been written to: /home/darkdemon/work/motor_control/build/python_moveit_interface
[1.680s] Invoked command in '/home/darkdemon/work/motor_control/build/python_moveit_interface' returned '0': /usr/bin/cmake /home/darkdemon/work/motor_control/src/tb4_arm_ros2/python_moveit_interface -DCATKIN_INSTALL_INTO_PREFIX_ROOT=0 -DCMAKE_INSTALL_PREFIX=/home/darkdemon/work/motor_control/install/python_moveit_interface
[1.681s] Invoking command in '/home/darkdemon/work/motor_control/build/python_moveit_interface': /usr/bin/cmake --build /home/darkdemon/work/motor_control/build/python_moveit_interface -- -j20 -l20
[1.714s] [  1%] [34m[1mGenerating C code for ROS interfaces[0m
[1.723s] [  3%] [34m[1mGenerating C++ code for ROS interfaces[0m
[1.727s] [  3%] Built target ament_cmake_python_copy_python_moveit_interface
[1.978s] running egg_info
[1.979s] creating python_moveit_interface.egg-info
[1.979s] writing python_moveit_interface.egg-info/PKG-INFO
[1.979s] writing dependency_links to python_moveit_interface.egg-info/dependency_links.txt
[1.980s] writing top-level names to python_moveit_interface.egg-info/top_level.txt
[1.980s] writing manifest file 'python_moveit_interface.egg-info/SOURCES.txt'
[1.981s] reading manifest file 'python_moveit_interface.egg-info/SOURCES.txt'
[1.982s] writing manifest file 'python_moveit_interface.egg-info/SOURCES.txt'
[2.006s] [  3%] Built target ament_cmake_python_build_python_moveit_interface_egg
[2.133s] [  5%] [32mBuilding C object CMakeFiles/python_moveit_interface__rosidl_generator_c.dir/rosidl_generator_c/python_moveit_interface/srv/detail/gripper_control__functions.c.o[0m
[2.134s] [  7%] [32mBuilding C object CMakeFiles/python_moveit_interface__rosidl_generator_c.dir/rosidl_generator_c/python_moveit_interface/srv/detail/arm_control__functions.c.o[0m
[2.134s] [  9%] [32mBuilding C object CMakeFiles/python_moveit_interface__rosidl_generator_c.dir/rosidl_generator_c/python_moveit_interface/srv/detail/pose_request__functions.c.o[0m
[2.134s] [ 10%] [32mBuilding C object CMakeFiles/python_moveit_interface__rosidl_generator_c.dir/rosidl_generator_c/python_moveit_interface/srv/detail/detect_pose__functions.c.o[0m
[2.193s] [ 12%] [32m[1mLinking C shared library libpython_moveit_interface__rosidl_generator_c.so[0m
[2.226s] [ 12%] Built target python_moveit_interface__rosidl_generator_c
[2.235s] [ 14%] [34m[1mGenerating C type support for eProsima Fast-RTPS[0m
[2.237s] [ 18%] [34m[1mGenerating C type support dispatch for ROS interfaces[0m
[2.237s] [ 18%] [34m[1mGenerating C introspection for ROS interfaces[0m
[2.309s] [ 18%] Built target python_moveit_interface__cpp
[2.319s] [ 23%] [34m[1mGenerating C++ type support for eProsima Fast-RTPS[0m
[2.319s] [ 23%] [34m[1mGenerating C++ introspection for ROS interfaces[0m
[2.320s] [ 23%] [34m[1mGenerating C++ type support dispatch for ROS interfaces[0m
[2.547s] [ 25%] [32mBuilding CXX object CMakeFiles/python_moveit_interface__rosidl_typesupport_c.dir/rosidl_typesupport_c/python_moveit_interface/srv/pose_request__type_support.cpp.o[0m
[2.548s] [ 27%] [32mBuilding CXX object CMakeFiles/python_moveit_interface__rosidl_typesupport_c.dir/rosidl_typesupport_c/python_moveit_interface/srv/detect_pose__type_support.cpp.o[0m
[2.549s] [ 29%] [32mBuilding CXX object CMakeFiles/python_moveit_interface__rosidl_typesupport_c.dir/rosidl_typesupport_c/python_moveit_interface/srv/gripper_control__type_support.cpp.o[0m
[2.549s] [ 30%] [32mBuilding CXX object CMakeFiles/python_moveit_interface__rosidl_typesupport_c.dir/rosidl_typesupport_c/python_moveit_interface/srv/arm_control__type_support.cpp.o[0m
[2.577s] [ 32%] [32m[1mLinking CXX shared library libpython_moveit_interface__rosidl_typesupport_c.so[0m
[2.613s] [ 32%] Built target python_moveit_interface__rosidl_typesupport_c
[2.622s] [ 34%] [32mBuilding CXX object CMakeFiles/python_moveit_interface__rosidl_typesupport_fastrtps_c.dir/rosidl_typesupport_fastrtps_c/python_moveit_interface/srv/detail/gripper_control__type_support_c.cpp.o[0m
[2.623s] [ 36%] [32mBuilding CXX object CMakeFiles/python_moveit_interface__rosidl_typesupport_fastrtps_c.dir/rosidl_typesupport_fastrtps_c/python_moveit_interface/srv/detail/pose_request__type_support_c.cpp.o[0m
[2.624s] [ 38%] [32mBuilding CXX object CMakeFiles/python_moveit_interface__rosidl_typesupport_fastrtps_c.dir/rosidl_typesupport_fastrtps_c/python_moveit_interface/srv/detail/arm_control__type_support_c.cpp.o[0m
[2.625s] [ 40%] [32mBuilding CXX object CMakeFiles/python_moveit_interface__rosidl_typesupport_fastrtps_c.dir/rosidl_typesupport_fastrtps_c/python_moveit_interface/srv/detail/detect_pose__type_support_c.cpp.o[0m
[2.632s] [ 41%] [32mBuilding CXX object CMakeFiles/python_moveit_interface__rosidl_typesupport_cpp.dir/rosidl_typesupport_cpp/python_moveit_interface/srv/detect_pose__type_support.cpp.o[0m
[2.632s] [ 45%] [32mBuilding CXX object CMakeFiles/python_moveit_interface__rosidl_typesupport_cpp.dir/rosidl_typesupport_cpp/python_moveit_interface/srv/pose_request__type_support.cpp.o[0m
[2.632s] [ 47%] [32mBuilding CXX object CMakeFiles/python_moveit_interface__rosidl_typesupport_cpp.dir/rosidl_typesupport_cpp/python_moveit_interface/srv/gripper_control__type_support.cpp.o[0m
[2.632s] [ 47%] [32mBuilding CXX object CMakeFiles/python_moveit_interface__rosidl_typesupport_cpp.dir/rosidl_typesupport_cpp/python_moveit_interface/srv/arm_control__type_support.cpp.o[0m
[2.795s] [ 49%] [32mBuilding C object CMakeFiles/python_moveit_interface__rosidl_typesupport_introspection_c.dir/rosidl_typesupport_introspection_c/python_moveit_interface/srv/detail/gripper_control__type_support.c.o[0m
[2.796s] [ 50%] [32mBuilding C object CMakeFiles/python_moveit_interface__rosidl_typesupport_introspection_c.dir/rosidl_typesupport_introspection_c/python_moveit_interface/srv/detail/pose_request__type_support.c.o[0m
[2.796s] [ 52%] [32mBuilding C object CMakeFiles/python_moveit_interface__rosidl_typesupport_introspection_c.dir/rosidl_typesupport_introspection_c/python_moveit_interface/srv/detail/detect_pose__type_support.c.o[0m
[2.797s] [ 54%] [32mBuilding C object CMakeFiles/python_moveit_interface__rosidl_typesupport_introspection_c.dir/rosidl_typesupport_introspection_c/python_moveit_interface/srv/detail/arm_control__type_support.c.o[0m
[2.856s] [ 56%] [32m[1mLinking C shared library libpython_moveit_interface__rosidl_typesupport_introspection_c.so[0m
[2.868s] [ 58%] [32mBuilding CXX object CMakeFiles/python_moveit_interface__rosidl_typesupport_introspection_cpp.dir/rosidl_typesupport_introspection_cpp/python_moveit_interface/srv/detail/pose_request__type_support.cpp.o[0m
[2.873s] [ 61%] [32mBuilding CXX object CMakeFiles/python_moveit_interface__rosidl_typesupport_introspection_cpp.dir/rosidl_typesupport_introspection_cpp/python_moveit_interface/srv/detail/gripper_control__type_support.cpp.o[0m
[2.874s] [ 61%] [32mBuilding CXX object CMakeFiles/python_moveit_interface__rosidl_typesupport_introspection_cpp.dir/rosidl_typesupport_introspection_cpp/python_moveit_interface/srv/detail/arm_control__type_support.cpp.o[0m
[2.875s] [ 63%] [32mBuilding CXX object CMakeFiles/python_moveit_interface__rosidl_typesupport_introspection_cpp.dir/rosidl_typesupport_introspection_cpp/python_moveit_interface/srv/detail/detect_pose__type_support.cpp.o[0m
[2.920s] [ 63%] Built target python_moveit_interface__rosidl_typesupport_introspection_c
[2.958s] [ 65%] [32m[1mLinking CXX shared library libpython_moveit_interface__rosidl_typesupport_cpp.so[0m
[2.961s] [ 67%] [32mBuilding CXX object CMakeFiles/python_moveit_interface__rosidl_typesupport_fastrtps_cpp.dir/rosidl_typesupport_fastrtps_cpp/python_moveit_interface/srv/detail/dds_fastrtps/pose_request__type_support.cpp.o[0m
[2.963s] [ 69%] [32mBuilding CXX object CMakeFiles/python_moveit_interface__rosidl_typesupport_fastrtps_cpp.dir/rosidl_typesupport_fastrtps_cpp/python_moveit_interface/srv/detail/dds_fastrtps/gripper_control__type_support.cpp.o[0m
[2.971s] [ 70%] [32mBuilding CXX object CMakeFiles/python_moveit_interface__rosidl_typesupport_fastrtps_cpp.dir/rosidl_typesupport_fastrtps_cpp/python_moveit_interface/srv/detail/dds_fastrtps/detect_pose__type_support.cpp.o[0m
[2.971s] [ 72%] [32mBuilding CXX object CMakeFiles/python_moveit_interface__rosidl_typesupport_fastrtps_cpp.dir/rosidl_typesupport_fastrtps_cpp/python_moveit_interface/srv/detail/dds_fastrtps/arm_control__type_support.cpp.o[0m
[3.002s] [ 72%] Built target python_moveit_interface__rosidl_typesupport_cpp
[3.022s] [ 74%] [32m[1mLinking CXX shared library libpython_moveit_interface__rosidl_typesupport_fastrtps_c.so[0m
[3.161s] [ 74%] Built target python_moveit_interface__rosidl_typesupport_fastrtps_c
[3.327s] [ 76%] [32m[1mLinking CXX shared library libpython_moveit_interface__rosidl_typesupport_introspection_cpp.so[0m
[3.377s] [ 76%] Built target python_moveit_interface__rosidl_typesupport_introspection_cpp
[3.429s] [ 78%] [32m[1mLinking CXX shared library libpython_moveit_interface__rosidl_typesupport_fastrtps_cpp.so[0m
[3.486s] [ 78%] Built target python_moveit_interface__rosidl_typesupport_fastrtps_cpp
[3.504s] [ 78%] Built target python_moveit_interface
[3.522s] [ 80%] [34m[1mGenerating Python code for ROS interfaces[0m
[4.353s] [ 80%] Built target python_moveit_interface__py
[4.376s] [ 81%] [32mBuilding C object CMakeFiles/python_moveit_interface__rosidl_generator_py.dir/rosidl_generator_py/python_moveit_interface/srv/_pose_request_s.c.o[0m
[4.381s] [ 83%] [32mBuilding C object CMakeFiles/python_moveit_interface__rosidl_generator_py.dir/rosidl_generator_py/python_moveit_interface/srv/_gripper_control_s.c.o[0m
[4.385s] [ 85%] [32mBuilding C object CMakeFiles/python_moveit_interface__rosidl_generator_py.dir/rosidl_generator_py/python_moveit_interface/srv/_detect_pose_s.c.o[0m
[4.385s] [ 87%] [32mBuilding C object CMakeFiles/python_moveit_interface__rosidl_generator_py.dir/rosidl_generator_py/python_moveit_interface/srv/_arm_control_s.c.o[0m
[4.500s] [ 89%] [32m[1mLinking C shared library rosidl_generator_py/python_moveit_interface/libpython_moveit_interface__rosidl_generator_py.so[0m
[4.540s] [ 89%] Built target python_moveit_interface__rosidl_generator_py
[4.555s] [ 90%] [32mBuilding C object CMakeFiles/python_moveit_interface__rosidl_typesupport_fastrtps_c__pyext.dir/rosidl_generator_py/python_moveit_interface/_python_moveit_interface_s.ep.rosidl_typesupport_fastrtps_c.c.o[0m
[4.558s] [ 92%] [32mBuilding C object CMakeFiles/python_moveit_interface__rosidl_typesupport_c__pyext.dir/rosidl_generator_py/python_moveit_interface/_python_moveit_interface_s.ep.rosidl_typesupport_c.c.o[0m
[4.559s] [ 94%] [32mBuilding C object CMakeFiles/python_moveit_interface__rosidl_typesupport_introspection_c__pyext.dir/rosidl_generator_py/python_moveit_interface/_python_moveit_interface_s.ep.rosidl_typesupport_introspection_c.c.o[0m
[4.662s] [ 96%] [32m[1mLinking C shared library rosidl_generator_py/python_moveit_interface/python_moveit_interface_s__rosidl_typesupport_introspection_c.cpython-310-x86_64-linux-gnu.so[0m
[4.700s] [ 98%] [32m[1mLinking C shared library rosidl_generator_py/python_moveit_interface/python_moveit_interface_s__rosidl_typesupport_fastrtps_c.cpython-310-x86_64-linux-gnu.so[0m
[4.716s] [100%] [32m[1mLinking C shared library rosidl_generator_py/python_moveit_interface/python_moveit_interface_s__rosidl_typesupport_c.cpython-310-x86_64-linux-gnu.so[0m
[4.766s] [100%] Built target python_moveit_interface__rosidl_typesupport_introspection_c__pyext
[4.797s] [100%] Built target python_moveit_interface__rosidl_typesupport_fastrtps_c__pyext
[4.814s] [100%] Built target python_moveit_interface__rosidl_typesupport_c__pyext
[4.843s] Invoked command in '/home/darkdemon/work/motor_control/build/python_moveit_interface' returned '0': /usr/bin/cmake --build /home/darkdemon/work/motor_control/build/python_moveit_interface -- -j20 -l20
[4.849s] Invoking command in '/home/darkdemon/work/motor_control/build/python_moveit_interface': /usr/bin/cmake --install /home/darkdemon/work/motor_control/build/python_moveit_interface
[4.865s] -- Install configuration: ""
[4.866s] -- Installing: /home/darkdemon/work/motor_control/install/python_moveit_interface/share/ament_index/resource_index/rosidl_interfaces/python_moveit_interface
[4.878s] -- Installing: /home/darkdemon/work/motor_control/install/python_moveit_interface/include/python_moveit_interface/python_moveit_interface
[4.878s] -- Installing: /home/darkdemon/work/motor_control/install/python_moveit_interface/include/python_moveit_interface/python_moveit_interface/msg
[4.878s] -- Installing: /home/darkdemon/work/motor_control/install/python_moveit_interface/include/python_moveit_interface/python_moveit_interface/msg/rosidl_generator_c__visibility_control.h
[4.878s] -- Installing: /home/darkdemon/work/motor_control/install/python_moveit_interface/include/python_moveit_interface/python_moveit_interface/srv
[4.878s] -- Installing: /home/darkdemon/work/motor_control/install/python_moveit_interface/include/python_moveit_interface/python_moveit_interface/srv/detail
[4.879s] -- Installing: /home/darkdemon/work/motor_control/install/python_moveit_interface/include/python_moveit_interface/python_moveit_interface/srv/detail/gripper_control__functions.h
[4.879s] -- Installing: /home/darkdemon/work/motor_control/install/python_moveit_interface/include/python_moveit_interface/python_moveit_interface/srv/detail/detect_pose__functions.h
[4.879s] -- Installing: /home/darkdemon/work/motor_control/install/python_moveit_interface/include/python_moveit_interface/python_moveit_interface/srv/detail/detect_pose__functions.c
[4.879s] -- Installing: /home/darkdemon/work/motor_control/install/python_moveit_interface/include/python_moveit_interface/python_moveit_interface/srv/detail/arm_control__type_support.h
[4.879s] -- Installing: /home/darkdemon/work/motor_control/install/python_moveit_interface/include/python_moveit_interface/python_moveit_interface/srv/detail/gripper_control__struct.h
[4.879s] -- Installing: /home/darkdemon/work/motor_control/install/python_moveit_interface/include/python_moveit_interface/python_moveit_interface/srv/detail/gripper_control__functions.c
[4.879s] -- Installing: /home/darkdemon/work/motor_control/install/python_moveit_interface/include/python_moveit_interface/python_moveit_interface/srv/detail/arm_control__struct.h
[4.879s] -- Installing: /home/darkdemon/work/motor_control/install/python_moveit_interface/include/python_moveit_interface/python_moveit_interface/srv/detail/pose_request__struct.h
[4.879s] -- Installing: /home/darkdemon/work/motor_control/install/python_moveit_interface/include/python_moveit_interface/python_moveit_interface/srv/detail/pose_request__functions.h
[4.879s] -- Installing: /home/darkdemon/work/motor_control/install/python_moveit_interface/include/python_moveit_interface/python_moveit_interface/srv/detail/gripper_control__type_support.h
[4.879s] -- Installing: /home/darkdemon/work/motor_control/install/python_moveit_interface/include/python_moveit_interface/python_moveit_interface/srv/detail/arm_control__functions.h
[4.879s] -- Installing: /home/darkdemon/work/motor_control/install/python_moveit_interface/include/python_moveit_interface/python_moveit_interface/srv/detail/pose_request__functions.c
[4.879s] -- Installing: /home/darkdemon/work/motor_control/install/python_moveit_interface/include/python_moveit_interface/python_moveit_interface/srv/detail/detect_pose__type_support.h
[4.879s] -- Installing: /home/darkdemon/work/motor_control/install/python_moveit_interface/include/python_moveit_interface/python_moveit_interface/srv/detail/arm_control__functions.c
[4.879s] -- Installing: /home/darkdemon/work/motor_control/install/python_moveit_interface/include/python_moveit_interface/python_moveit_interface/srv/detail/pose_request__type_support.h
[4.879s] -- Installing: /home/darkdemon/work/motor_control/install/python_moveit_interface/include/python_moveit_interface/python_moveit_interface/srv/detail/detect_pose__struct.h
[4.879s] -- Installing: /home/darkdemon/work/motor_control/install/python_moveit_interface/include/python_moveit_interface/python_moveit_interface/srv/arm_control.h
[4.879s] -- Installing: /home/darkdemon/work/motor_control/install/python_moveit_interface/include/python_moveit_interface/python_moveit_interface/srv/gripper_control.h
[4.879s] -- Installing: /home/darkdemon/work/motor_control/install/python_moveit_interface/include/python_moveit_interface/python_moveit_interface/srv/pose_request.h
[4.879s] -- Installing: /home/darkdemon/work/motor_control/install/python_moveit_interface/include/python_moveit_interface/python_moveit_interface/srv/detect_pose.h
[4.880s] -- Installing: /home/darkdemon/work/motor_control/install/python_moveit_interface/share/python_moveit_interface/environment/library_path.sh
[4.888s] -- Installing: /home/darkdemon/work/motor_control/install/python_moveit_interface/share/python_moveit_interface/environment/library_path.dsv
[4.888s] -- Installing: /home/darkdemon/work/motor_control/install/python_moveit_interface/lib/libpython_moveit_interface__rosidl_generator_c.so
[4.888s] -- Set runtime path of "/home/darkdemon/work/motor_control/install/python_moveit_interface/lib/libpython_moveit_interface__rosidl_generator_c.so" to ""
[4.889s] -- Up-to-date: /home/darkdemon/work/motor_control/install/python_moveit_interface/include/python_moveit_interface/python_moveit_interface
[4.889s] -- Up-to-date: /home/darkdemon/work/motor_control/install/python_moveit_interface/include/python_moveit_interface/python_moveit_interface/msg
[4.890s] -- Installing: /home/darkdemon/work/motor_control/install/python_moveit_interface/include/python_moveit_interface/python_moveit_interface/msg/rosidl_typesupport_fastrtps_c__visibility_control.h
[4.891s] -- Up-to-date: /home/darkdemon/work/motor_control/install/python_moveit_interface/include/python_moveit_interface/python_moveit_interface/srv
[4.892s] -- Up-to-date: /home/darkdemon/work/motor_control/install/python_moveit_interface/include/python_moveit_interface/python_moveit_interface/srv/detail
[4.892s] -- Installing: /home/darkdemon/work/motor_control/install/python_moveit_interface/include/python_moveit_interface/python_moveit_interface/srv/detail/gripper_control__rosidl_typesupport_fastrtps_c.h
[4.893s] -- Installing: /home/darkdemon/work/motor_control/install/python_moveit_interface/include/python_moveit_interface/python_moveit_interface/srv/detail/arm_control__rosidl_typesupport_fastrtps_c.h
[4.893s] -- Installing: /home/darkdemon/work/motor_control/install/python_moveit_interface/include/python_moveit_interface/python_moveit_interface/srv/detail/pose_request__rosidl_typesupport_fastrtps_c.h
[4.893s] -- Installing: /home/darkdemon/work/motor_control/install/python_moveit_interface/include/python_moveit_interface/python_moveit_interface/srv/detail/detect_pose__rosidl_typesupport_fastrtps_c.h
[4.893s] -- Installing: /home/darkdemon/work/motor_control/install/python_moveit_interface/lib/libpython_moveit_interface__rosidl_typesupport_fastrtps_c.so
[4.895s] -- Set runtime path of "/home/darkdemon/work/motor_control/install/python_moveit_interface/lib/libpython_moveit_interface__rosidl_typesupport_fastrtps_c.so" to ""
[4.895s] -- Up-to-date: /home/darkdemon/work/motor_control/install/python_moveit_interface/include/python_moveit_interface/python_moveit_interface
[4.896s] -- Up-to-date: /home/darkdemon/work/motor_control/install/python_moveit_interface/include/python_moveit_interface/python_moveit_interface/msg
[4.897s] -- Installing: /home/darkdemon/work/motor_control/install/python_moveit_interface/include/python_moveit_interface/python_moveit_interface/msg/rosidl_typesupport_introspection_c__visibility_control.h
[4.898s] -- Up-to-date: /home/darkdemon/work/motor_control/install/python_moveit_interface/include/python_moveit_interface/python_moveit_interface/srv
[4.899s] -- Up-to-date: /home/darkdemon/work/motor_control/install/python_moveit_interface/include/python_moveit_interface/python_moveit_interface/srv/detail
[4.899s] -- Installing: /home/darkdemon/work/motor_control/install/python_moveit_interface/include/python_moveit_interface/python_moveit_interface/srv/detail/gripper_control__type_support.c
[4.899s] -- Installing: /home/darkdemon/work/motor_control/install/python_moveit_interface/include/python_moveit_interface/python_moveit_interface/srv/detail/arm_control__rosidl_typesupport_introspection_c.h
[4.899s] -- Installing: /home/darkdemon/work/motor_control/install/python_moveit_interface/include/python_moveit_interface/python_moveit_interface/srv/detail/detect_pose__type_support.c
[4.900s] -- Installing: /home/darkdemon/work/motor_control/install/python_moveit_interface/include/python_moveit_interface/python_moveit_interface/srv/detail/detect_pose__rosidl_typesupport_introspection_c.h
[4.900s] -- Installing: /home/darkdemon/work/motor_control/install/python_moveit_interface/include/python_moveit_interface/python_moveit_interface/srv/detail/pose_request__type_support.c
[4.900s] -- Installing: /home/darkdemon/work/motor_control/install/python_moveit_interface/include/python_moveit_interface/python_moveit_interface/srv/detail/gripper_control__rosidl_typesupport_introspection_c.h
[4.900s] -- Installing: /home/darkdemon/work/motor_control/install/python_moveit_interface/include/python_moveit_interface/python_moveit_interface/srv/detail/pose_request__rosidl_typesupport_introspection_c.h
[4.901s] -- Installing: /home/darkdemon/work/motor_control/install/python_moveit_interface/include/python_moveit_interface/python_moveit_interface/srv/detail/arm_control__type_support.c
[4.901s] -- Installing: /home/darkdemon/work/motor_control/install/python_moveit_interface/lib/libpython_moveit_interface__rosidl_typesupport_introspection_c.so
[4.903s] -- Set runtime path of "/home/darkdemon/work/motor_control/install/python_moveit_interface/lib/libpython_moveit_interface__rosidl_typesupport_introspection_c.so" to ""
[4.904s] -- Installing: /home/darkdemon/work/motor_control/install/python_moveit_interface/lib/libpython_moveit_interface__rosidl_typesupport_c.so
[4.906s] -- Set runtime path of "/home/darkdemon/work/motor_control/install/python_moveit_interface/lib/libpython_moveit_interface__rosidl_typesupport_c.so" to ""
[4.907s] -- Up-to-date: /home/darkdemon/work/motor_control/install/python_moveit_interface/include/python_moveit_interface/python_moveit_interface
[4.907s] -- Up-to-date: /home/darkdemon/work/motor_control/install/python_moveit_interface/include/python_moveit_interface/python_moveit_interface/msg
[4.907s] -- Installing: /home/darkdemon/work/motor_control/install/python_moveit_interface/include/python_moveit_interface/python_moveit_interface/msg/rosidl_generator_cpp__visibility_control.hpp
[4.909s] -- Up-to-date: /home/darkdemon/work/motor_control/install/python_moveit_interface/include/python_moveit_interface/python_moveit_interface/srv
[4.909s] -- Up-to-date: /home/darkdemon/work/motor_control/install/python_moveit_interface/include/python_moveit_interface/python_moveit_interface/srv/detail
[4.909s] -- Installing: /home/darkdemon/work/motor_control/install/python_moveit_interface/include/python_moveit_interface/python_moveit_interface/srv/detail/arm_control__type_support.hpp
[4.910s] -- Installing: /home/darkdemon/work/motor_control/install/python_moveit_interface/include/python_moveit_interface/python_moveit_interface/srv/detail/arm_control__traits.hpp
[4.910s] -- Installing: /home/darkdemon/work/motor_control/install/python_moveit_interface/include/python_moveit_interface/python_moveit_interface/srv/detail/detect_pose__type_support.hpp
[4.910s] -- Installing: /home/darkdemon/work/motor_control/install/python_moveit_interface/include/python_moveit_interface/python_moveit_interface/srv/detail/gripper_control__type_support.hpp
[4.910s] -- Installing: /home/darkdemon/work/motor_control/install/python_moveit_interface/include/python_moveit_interface/python_moveit_interface/srv/detail/detect_pose__builder.hpp
[4.911s] -- Installing: /home/darkdemon/work/motor_control/install/python_moveit_interface/include/python_moveit_interface/python_moveit_interface/srv/detail/detect_pose__struct.hpp
[4.911s] -- Installing: /home/darkdemon/work/motor_control/install/python_moveit_interface/include/python_moveit_interface/python_moveit_interface/srv/detail/gripper_control__struct.hpp
[4.911s] -- Installing: /home/darkdemon/work/motor_control/install/python_moveit_interface/include/python_moveit_interface/python_moveit_interface/srv/detail/gripper_control__builder.hpp
[4.912s] -- Installing: /home/darkdemon/work/motor_control/install/python_moveit_interface/include/python_moveit_interface/python_moveit_interface/srv/detail/arm_control__builder.hpp
[4.913s] -- Installing: /home/darkdemon/work/motor_control/install/python_moveit_interface/include/python_moveit_interface/python_moveit_interface/srv/detail/pose_request__type_support.hpp
[4.913s] -- Installing: /home/darkdemon/work/motor_control/install/python_moveit_interface/include/python_moveit_interface/python_moveit_interface/srv/detail/gripper_control__traits.hpp
[4.913s] -- Installing: /home/darkdemon/work/motor_control/install/python_moveit_interface/include/python_moveit_interface/python_moveit_interface/srv/detail/arm_control__struct.hpp
[4.913s] -- Installing: /home/darkdemon/work/motor_control/install/python_moveit_interface/include/python_moveit_interface/python_moveit_interface/srv/detail/pose_request__struct.hpp
[4.913s] -- Installing: /home/darkdemon/work/motor_control/install/python_moveit_interface/include/python_moveit_interface/python_moveit_interface/srv/detail/detect_pose__traits.hpp
[4.913s] -- Installing: /home/darkdemon/work/motor_control/install/python_moveit_interface/include/python_moveit_interface/python_moveit_interface/srv/detail/pose_request__traits.hpp
[4.914s] -- Installing: /home/darkdemon/work/motor_control/install/python_moveit_interface/include/python_moveit_interface/python_moveit_interface/srv/detail/pose_request__builder.hpp
[4.914s] -- Installing: /home/darkdemon/work/motor_control/install/python_moveit_interface/include/python_moveit_interface/python_moveit_interface/srv/arm_control.hpp
[4.916s] -- Installing: /home/darkdemon/work/motor_control/install/python_moveit_interface/include/python_moveit_interface/python_moveit_interface/srv/gripper_control.hpp
[4.918s] -- Installing: /home/darkdemon/work/motor_control/install/python_moveit_interface/include/python_moveit_interface/python_moveit_interface/srv/pose_request.hpp
[4.919s] -- Installing: /home/darkdemon/work/motor_control/install/python_moveit_interface/include/python_moveit_interface/python_moveit_interface/srv/detect_pose.hpp
[4.928s] -- Up-to-date: /home/darkdemon/work/motor_control/install/python_moveit_interface/include/python_moveit_interface/python_moveit_interface
[4.928s] -- Up-to-date: /home/darkdemon/work/motor_control/install/python_moveit_interface/include/python_moveit_interface/python_moveit_interface/msg
[4.928s] -- Installing: /home/darkdemon/work/motor_control/install/python_moveit_interface/include/python_moveit_interface/python_moveit_interface/msg/rosidl_typesupport_fastrtps_cpp__visibility_control.h
[4.928s] -- Up-to-date: /home/darkdemon/work/motor_control/install/python_moveit_interface/include/python_moveit_interface/python_moveit_interface/srv
[4.928s] -- Up-to-date: /home/darkdemon/work/motor_control/install/python_moveit_interface/include/python_moveit_interface/python_moveit_interface/srv/detail
[4.928s] -- Installing: /home/darkdemon/work/motor_control/install/python_moveit_interface/include/python_moveit_interface/python_moveit_interface/srv/detail/arm_control__rosidl_typesupport_fastrtps_cpp.hpp
[4.928s] -- Installing: /home/darkdemon/work/motor_control/install/python_moveit_interface/include/python_moveit_interface/python_moveit_interface/srv/detail/gripper_control__rosidl_typesupport_fastrtps_cpp.hpp
[4.928s] -- Installing: /home/darkdemon/work/motor_control/install/python_moveit_interface/include/python_moveit_interface/python_moveit_interface/srv/detail/pose_request__rosidl_typesupport_fastrtps_cpp.hpp
[4.928s] -- Installing: /home/darkdemon/work/motor_control/install/python_moveit_interface/include/python_moveit_interface/python_moveit_interface/srv/detail/detect_pose__rosidl_typesupport_fastrtps_cpp.hpp
[4.928s] -- Installing: /home/darkdemon/work/motor_control/install/python_moveit_interface/include/python_moveit_interface/python_moveit_interface/srv/detail/dds_fastrtps
[4.928s] -- Installing: /home/darkdemon/work/motor_control/install/python_moveit_interface/lib/libpython_moveit_interface__rosidl_typesupport_fastrtps_cpp.so
[4.928s] -- Set runtime path of "/home/darkdemon/work/motor_control/install/python_moveit_interface/lib/libpython_moveit_interface__rosidl_typesupport_fastrtps_cpp.so" to ""
[4.928s] -- Up-to-date: /home/darkdemon/work/motor_control/install/python_moveit_interface/include/python_moveit_interface/python_moveit_interface
[4.928s] -- Up-to-date: /home/darkdemon/work/motor_control/install/python_moveit_interface/include/python_moveit_interface/python_moveit_interface/srv
[4.928s] -- Up-to-date: /home/darkdemon/work/motor_control/install/python_moveit_interface/include/python_moveit_interface/python_moveit_interface/srv/detail
[4.928s] -- Installing: /home/darkdemon/work/motor_control/install/python_moveit_interface/include/python_moveit_interface/python_moveit_interface/srv/detail/gripper_control__type_support.cpp
[4.928s] -- Installing: /home/darkdemon/work/motor_control/install/python_moveit_interface/include/python_moveit_interface/python_moveit_interface/srv/detail/arm_control__rosidl_typesupport_introspection_cpp.hpp
[4.928s] -- Installing: /home/darkdemon/work/motor_control/install/python_moveit_interface/include/python_moveit_interface/python_moveit_interface/srv/detail/detect_pose__rosidl_typesupport_introspection_cpp.hpp
[4.928s] -- Installing: /home/darkdemon/work/motor_control/install/python_moveit_interface/include/python_moveit_interface/python_moveit_interface/srv/detail/pose_request__rosidl_typesupport_introspection_cpp.hpp
[4.928s] -- Installing: /home/darkdemon/work/motor_control/install/python_moveit_interface/include/python_moveit_interface/python_moveit_interface/srv/detail/gripper_control__rosidl_typesupport_introspection_cpp.hpp
[4.928s] -- Installing: /home/darkdemon/work/motor_control/install/python_moveit_interface/include/python_moveit_interface/python_moveit_interface/srv/detail/detect_pose__type_support.cpp
[4.928s] -- Installing: /home/darkdemon/work/motor_control/install/python_moveit_interface/include/python_moveit_interface/python_moveit_interface/srv/detail/pose_request__type_support.cpp
[4.929s] -- Installing: /home/darkdemon/work/motor_control/install/python_moveit_interface/include/python_moveit_interface/python_moveit_interface/srv/detail/arm_control__type_support.cpp
[4.929s] -- Installing: /home/darkdemon/work/motor_control/install/python_moveit_interface/lib/libpython_moveit_interface__rosidl_typesupport_introspection_cpp.so
[4.929s] -- Set runtime path of "/home/darkdemon/work/motor_control/install/python_moveit_interface/lib/libpython_moveit_interface__rosidl_typesupport_introspection_cpp.so" to ""
[4.929s] -- Installing: /home/darkdemon/work/motor_control/install/python_moveit_interface/lib/libpython_moveit_interface__rosidl_typesupport_cpp.so
[4.929s] -- Set runtime path of "/home/darkdemon/work/motor_control/install/python_moveit_interface/lib/libpython_moveit_interface__rosidl_typesupport_cpp.so" to ""
[4.929s] -- Installing: /home/darkdemon/work/motor_control/install/python_moveit_interface/share/python_moveit_interface/environment/pythonpath.sh
[4.929s] -- Installing: /home/darkdemon/work/motor_control/install/python_moveit_interface/share/python_moveit_interface/environment/pythonpath.dsv
[4.929s] -- Installing: /home/darkdemon/work/motor_control/install/python_moveit_interface/local/lib/python3.10/dist-packages/python_moveit_interface-0.0.0-py3.10.egg-info
[4.929s] -- Installing: /home/darkdemon/work/motor_control/install/python_moveit_interface/local/lib/python3.10/dist-packages/python_moveit_interface-0.0.0-py3.10.egg-info/top_level.txt
[4.929s] -- Installing: /home/darkdemon/work/motor_control/install/python_moveit_interface/local/lib/python3.10/dist-packages/python_moveit_interface-0.0.0-py3.10.egg-info/PKG-INFO
[4.929s] -- Installing: /home/darkdemon/work/motor_control/install/python_moveit_interface/local/lib/python3.10/dist-packages/python_moveit_interface-0.0.0-py3.10.egg-info/dependency_links.txt
[4.929s] -- Installing: /home/darkdemon/work/motor_control/install/python_moveit_interface/local/lib/python3.10/dist-packages/python_moveit_interface-0.0.0-py3.10.egg-info/SOURCES.txt
[4.936s] -- Installing: /home/darkdemon/work/motor_control/install/python_moveit_interface/local/lib/python3.10/dist-packages/python_moveit_interface
[4.936s] -- Installing: /home/darkdemon/work/motor_control/install/python_moveit_interface/local/lib/python3.10/dist-packages/python_moveit_interface/python_moveit_interface_s__rosidl_typesupport_fastrtps_c.cpython-310-x86_64-linux-gnu.so
[4.936s] -- Installing: /home/darkdemon/work/motor_control/install/python_moveit_interface/local/lib/python3.10/dist-packages/python_moveit_interface/_python_moveit_interface_s.ep.rosidl_typesupport_c.c
[4.936s] -- Installing: /home/darkdemon/work/motor_control/install/python_moveit_interface/local/lib/python3.10/dist-packages/python_moveit_interface/python_moveit_interface_s__rosidl_typesupport_c.cpython-310-x86_64-linux-gnu.so
[4.936s] -- Installing: /home/darkdemon/work/motor_control/install/python_moveit_interface/local/lib/python3.10/dist-packages/python_moveit_interface/_python_moveit_interface_s.ep.rosidl_typesupport_fastrtps_c.c
[4.936s] -- Installing: /home/darkdemon/work/motor_control/install/python_moveit_interface/local/lib/python3.10/dist-packages/python_moveit_interface/__init__.py
[4.936s] -- Installing: /home/darkdemon/work/motor_control/install/python_moveit_interface/local/lib/python3.10/dist-packages/python_moveit_interface/srv
[4.937s] -- Installing: /home/darkdemon/work/motor_control/install/python_moveit_interface/local/lib/python3.10/dist-packages/python_moveit_interface/srv/_arm_control_s.c
[4.937s] -- Installing: /home/darkdemon/work/motor_control/install/python_moveit_interface/local/lib/python3.10/dist-packages/python_moveit_interface/srv/_detect_pose_s.c
[4.937s] -- Installing: /home/darkdemon/work/motor_control/install/python_moveit_interface/local/lib/python3.10/dist-packages/python_moveit_interface/srv/_arm_control.py
[4.937s] -- Installing: /home/darkdemon/work/motor_control/install/python_moveit_interface/local/lib/python3.10/dist-packages/python_moveit_interface/srv/__init__.py
[4.937s] -- Installing: /home/darkdemon/work/motor_control/install/python_moveit_interface/local/lib/python3.10/dist-packages/python_moveit_interface/srv/_detect_pose.py
[4.937s] -- Installing: /home/darkdemon/work/motor_control/install/python_moveit_interface/local/lib/python3.10/dist-packages/python_moveit_interface/srv/_gripper_control_s.c
[4.937s] -- Installing: /home/darkdemon/work/motor_control/install/python_moveit_interface/local/lib/python3.10/dist-packages/python_moveit_interface/srv/_pose_request.py
[4.937s] -- Installing: /home/darkdemon/work/motor_control/install/python_moveit_interface/local/lib/python3.10/dist-packages/python_moveit_interface/srv/_gripper_control.py
[4.937s] -- Installing: /home/darkdemon/work/motor_control/install/python_moveit_interface/local/lib/python3.10/dist-packages/python_moveit_interface/srv/_pose_request_s.c
[4.937s] -- Installing: /home/darkdemon/work/motor_control/install/python_moveit_interface/local/lib/python3.10/dist-packages/python_moveit_interface/python_moveit_interface_s__rosidl_typesupport_introspection_c.cpython-310-x86_64-linux-gnu.so
[4.937s] -- Installing: /home/darkdemon/work/motor_control/install/python_moveit_interface/local/lib/python3.10/dist-packages/python_moveit_interface/_python_moveit_interface_s.ep.rosidl_typesupport_introspection_c.c
[4.937s] -- Installing: /home/darkdemon/work/motor_control/install/python_moveit_interface/local/lib/python3.10/dist-packages/python_moveit_interface/libpython_moveit_interface__rosidl_generator_py.so
[5.035s] Listing '/home/darkdemon/work/motor_control/install/python_moveit_interface/local/lib/python3.10/dist-packages/python_moveit_interface'...
[5.036s] Compiling '/home/darkdemon/work/motor_control/install/python_moveit_interface/local/lib/python3.10/dist-packages/python_moveit_interface/__init__.py'...
[5.036s] Listing '/home/darkdemon/work/motor_control/install/python_moveit_interface/local/lib/python3.10/dist-packages/python_moveit_interface/srv'...
[5.036s] Compiling '/home/darkdemon/work/motor_control/install/python_moveit_interface/local/lib/python3.10/dist-packages/python_moveit_interface/srv/__init__.py'...
[5.036s] Compiling '/home/darkdemon/work/motor_control/install/python_moveit_interface/local/lib/python3.10/dist-packages/python_moveit_interface/srv/_arm_control.py'...
[5.036s] Compiling '/home/darkdemon/work/motor_control/install/python_moveit_interface/local/lib/python3.10/dist-packages/python_moveit_interface/srv/_detect_pose.py'...
[5.036s] Compiling '/home/darkdemon/work/motor_control/install/python_moveit_interface/local/lib/python3.10/dist-packages/python_moveit_interface/srv/_gripper_control.py'...
[5.036s] Compiling '/home/darkdemon/work/motor_control/install/python_moveit_interface/local/lib/python3.10/dist-packages/python_moveit_interface/srv/_pose_request.py'...
[5.043s] -- Installing: /home/darkdemon/work/motor_control/install/python_moveit_interface/local/lib/python3.10/dist-packages/python_moveit_interface/python_moveit_interface_s__rosidl_typesupport_fastrtps_c.cpython-310-x86_64-linux-gnu.so
[5.043s] -- Set runtime path of "/home/darkdemon/work/motor_control/install/python_moveit_interface/local/lib/python3.10/dist-packages/python_moveit_interface/python_moveit_interface_s__rosidl_typesupport_fastrtps_c.cpython-310-x86_64-linux-gnu.so" to ""
[5.044s] -- Installing: /home/darkdemon/work/motor_control/install/python_moveit_interface/local/lib/python3.10/dist-packages/python_moveit_interface/python_moveit_interface_s__rosidl_typesupport_introspection_c.cpython-310-x86_64-linux-gnu.so
[5.046s] -- Set runtime path of "/home/darkdemon/work/motor_control/install/python_moveit_interface/local/lib/python3.10/dist-packages/python_moveit_interface/python_moveit_interface_s__rosidl_typesupport_introspection_c.cpython-310-x86_64-linux-gnu.so" to ""
[5.048s] -- Installing: /home/darkdemon/work/motor_control/install/python_moveit_interface/local/lib/python3.10/dist-packages/python_moveit_interface/python_moveit_interface_s__rosidl_typesupport_c.cpython-310-x86_64-linux-gnu.so
[5.048s] -- Set runtime path of "/home/darkdemon/work/motor_control/install/python_moveit_interface/local/lib/python3.10/dist-packages/python_moveit_interface/python_moveit_interface_s__rosidl_typesupport_c.cpython-310-x86_64-linux-gnu.so" to ""
[5.048s] -- Installing: /home/darkdemon/work/motor_control/install/python_moveit_interface/lib/libpython_moveit_interface__rosidl_generator_py.so
[5.050s] -- Set runtime path of "/home/darkdemon/work/motor_control/install/python_moveit_interface/lib/libpython_moveit_interface__rosidl_generator_py.so" to ""
[5.050s] -- Installing: /home/darkdemon/work/motor_control/install/python_moveit_interface/share/python_moveit_interface/srv/PoseRequest.idl
[5.050s] -- Installing: /home/darkdemon/work/motor_control/install/python_moveit_interface/share/python_moveit_interface/srv/GripperControl.idl
[5.050s] -- Installing: /home/darkdemon/work/motor_control/install/python_moveit_interface/share/python_moveit_interface/srv/DetectPose.idl
[5.050s] -- Installing: /home/darkdemon/work/motor_control/install/python_moveit_interface/share/python_moveit_interface/srv/ArmControl.idl
[5.050s] -- Installing: /home/darkdemon/work/motor_control/install/python_moveit_interface/share/python_moveit_interface/srv/PoseRequest.srv
[5.050s] -- Installing: /home/darkdemon/work/motor_control/install/python_moveit_interface/share/python_moveit_interface/srv/PoseRequest_Request.msg
[5.051s] -- Installing: /home/darkdemon/work/motor_control/install/python_moveit_interface/share/python_moveit_interface/srv/PoseRequest_Response.msg
[5.051s] -- Installing: /home/darkdemon/work/motor_control/install/python_moveit_interface/share/python_moveit_interface/srv/GripperControl.srv
[5.051s] -- Installing: /home/darkdemon/work/motor_control/install/python_moveit_interface/share/python_moveit_interface/srv/GripperControl_Request.msg
[5.052s] -- Installing: /home/darkdemon/work/motor_control/install/python_moveit_interface/share/python_moveit_interface/srv/GripperControl_Response.msg
[5.052s] -- Installing: /home/darkdemon/work/motor_control/install/python_moveit_interface/share/python_moveit_interface/srv/DetectPose.srv
[5.052s] -- Installing: /home/darkdemon/work/motor_control/install/python_moveit_interface/share/python_moveit_interface/srv/DetectPose_Request.msg
[5.053s] -- Installing: /home/darkdemon/work/motor_control/install/python_moveit_interface/share/python_moveit_interface/srv/DetectPose_Response.msg
[5.053s] -- Installing: /home/darkdemon/work/motor_control/install/python_moveit_interface/share/python_moveit_interface/srv/ArmControl.srv
[5.053s] -- Installing: /home/darkdemon/work/motor_control/install/python_moveit_interface/share/python_moveit_interface/srv/ArmControl_Request.msg
[5.054s] -- Installing: /home/darkdemon/work/motor_control/install/python_moveit_interface/share/python_moveit_interface/srv/ArmControl_Response.msg
[5.054s] -- Installing: /home/darkdemon/work/motor_control/install/python_moveit_interface/share/ament_index/resource_index/package_run_dependencies/python_moveit_interface
[5.054s] -- Installing: /home/darkdemon/work/motor_control/install/python_moveit_interface/share/ament_index/resource_index/parent_prefix_path/python_moveit_interface
[5.055s] -- Installing: /home/darkdemon/work/motor_control/install/python_moveit_interface/share/python_moveit_interface/environment/ament_prefix_path.sh
[5.055s] -- Installing: /home/darkdemon/work/motor_control/install/python_moveit_interface/share/python_moveit_interface/environment/ament_prefix_path.dsv
[5.055s] -- Installing: /home/darkdemon/work/motor_control/install/python_moveit_interface/share/python_moveit_interface/environment/path.sh
[5.056s] -- Installing: /home/darkdemon/work/motor_control/install/python_moveit_interface/share/python_moveit_interface/environment/path.dsv
[5.056s] -- Installing: /home/darkdemon/work/motor_control/install/python_moveit_interface/share/python_moveit_interface/local_setup.bash
[5.059s] -- Installing: /home/darkdemon/work/motor_control/install/python_moveit_interface/share/python_moveit_interface/local_setup.sh
[5.059s] -- Installing: /home/darkdemon/work/motor_control/install/python_moveit_interface/share/python_moveit_interface/local_setup.zsh
[5.060s] -- Installing: /home/darkdemon/work/motor_control/install/python_moveit_interface/share/python_moveit_interface/local_setup.dsv
[5.060s] -- Installing: /home/darkdemon/work/motor_control/install/python_moveit_interface/share/python_moveit_interface/package.dsv
[5.060s] -- Installing: /home/darkdemon/work/motor_control/install/python_moveit_interface/share/ament_index/resource_index/packages/python_moveit_interface
[5.061s] -- Installing: /home/darkdemon/work/motor_control/install/python_moveit_interface/share/python_moveit_interface/cmake/export_python_moveit_interface__rosidl_generator_cExport.cmake
[5.061s] -- Installing: /home/darkdemon/work/motor_control/install/python_moveit_interface/share/python_moveit_interface/cmake/export_python_moveit_interface__rosidl_generator_cExport-noconfig.cmake
[5.061s] -- Installing: /home/darkdemon/work/motor_control/install/python_moveit_interface/share/python_moveit_interface/cmake/export_python_moveit_interface__rosidl_typesupport_fastrtps_cExport.cmake
[5.062s] -- Installing: /home/darkdemon/work/motor_control/install/python_moveit_interface/share/python_moveit_interface/cmake/export_python_moveit_interface__rosidl_typesupport_fastrtps_cExport-noconfig.cmake
[5.062s] -- Installing: /home/darkdemon/work/motor_control/install/python_moveit_interface/share/python_moveit_interface/cmake/python_moveit_interface__rosidl_typesupport_introspection_cExport.cmake
[5.063s] -- Installing: /home/darkdemon/work/motor_control/install/python_moveit_interface/share/python_moveit_interface/cmake/python_moveit_interface__rosidl_typesupport_introspection_cExport-noconfig.cmake
[5.063s] -- Installing: /home/darkdemon/work/motor_control/install/python_moveit_interface/share/python_moveit_interface/cmake/python_moveit_interface__rosidl_typesupport_cExport.cmake
[5.063s] -- Installing: /home/darkdemon/work/motor_control/install/python_moveit_interface/share/python_moveit_interface/cmake/python_moveit_interface__rosidl_typesupport_cExport-noconfig.cmake
[5.064s] -- Installing: /home/darkdemon/work/motor_control/install/python_moveit_interface/share/python_moveit_interface/cmake/export_python_moveit_interface__rosidl_generator_cppExport.cmake
[5.065s] -- Installing: /home/darkdemon/work/motor_control/install/python_moveit_interface/share/python_moveit_interface/cmake/export_python_moveit_interface__rosidl_typesupport_fastrtps_cppExport.cmake
[5.065s] -- Installing: /home/darkdemon/work/motor_control/install/python_moveit_interface/share/python_moveit_interface/cmake/export_python_moveit_interface__rosidl_typesupport_fastrtps_cppExport-noconfig.cmake
[5.066s] -- Installing: /home/darkdemon/work/motor_control/install/python_moveit_interface/share/python_moveit_interface/cmake/python_moveit_interface__rosidl_typesupport_introspection_cppExport.cmake
[5.066s] -- Installing: /home/darkdemon/work/motor_control/install/python_moveit_interface/share/python_moveit_interface/cmake/python_moveit_interface__rosidl_typesupport_introspection_cppExport-noconfig.cmake
[5.066s] -- Installing: /home/darkdemon/work/motor_control/install/python_moveit_interface/share/python_moveit_interface/cmake/python_moveit_interface__rosidl_typesupport_cppExport.cmake
[5.067s] -- Installing: /home/darkdemon/work/motor_control/install/python_moveit_interface/share/python_moveit_interface/cmake/python_moveit_interface__rosidl_typesupport_cppExport-noconfig.cmake
[5.067s] -- Installing: /home/darkdemon/work/motor_control/install/python_moveit_interface/share/python_moveit_interface/cmake/export_python_moveit_interface__rosidl_generator_pyExport.cmake
[5.068s] -- Installing: /home/darkdemon/work/motor_control/install/python_moveit_interface/share/python_moveit_interface/cmake/export_python_moveit_interface__rosidl_generator_pyExport-noconfig.cmake
[5.068s] -- Installing: /home/darkdemon/work/motor_control/install/python_moveit_interface/share/python_moveit_interface/cmake/rosidl_cmake-extras.cmake
[5.069s] -- Installing: /home/darkdemon/work/motor_control/install/python_moveit_interface/share/python_moveit_interface/cmake/ament_cmake_export_dependencies-extras.cmake
[5.069s] -- Installing: /home/darkdemon/work/motor_control/install/python_moveit_interface/share/python_moveit_interface/cmake/ament_cmake_export_include_directories-extras.cmake
[5.069s] -- Installing: /home/darkdemon/work/motor_control/install/python_moveit_interface/share/python_moveit_interface/cmake/ament_cmake_export_libraries-extras.cmake
[5.069s] -- Installing: /home/darkdemon/work/motor_control/install/python_moveit_interface/share/python_moveit_interface/cmake/ament_cmake_export_targets-extras.cmake
[5.070s] -- Installing: /home/darkdemon/work/motor_control/install/python_moveit_interface/share/python_moveit_interface/cmake/rosidl_cmake_export_typesupport_targets-extras.cmake
[5.070s] -- Installing: /home/darkdemon/work/motor_control/install/python_moveit_interface/share/python_moveit_interface/cmake/rosidl_cmake_export_typesupport_libraries-extras.cmake
[5.071s] -- Installing: /home/darkdemon/work/motor_control/install/python_moveit_interface/share/python_moveit_interface/cmake/python_moveit_interfaceConfig.cmake
[5.071s] -- Installing: /home/darkdemon/work/motor_control/install/python_moveit_interface/share/python_moveit_interface/cmake/python_moveit_interfaceConfig-version.cmake
[5.072s] -- Installing: /home/darkdemon/work/motor_control/install/python_moveit_interface/share/python_moveit_interface/package.xml
[5.080s] Invoked command in '/home/darkdemon/work/motor_control/build/python_moveit_interface' returned '0': /usr/bin/cmake --install /home/darkdemon/work/motor_control/build/python_moveit_interface
