[1.709s] Invoking command in '/home/darkdemon/work/motor_control/src/realsense': PYTHONPATH=/home/darkdemon/work/motor_control/build/realsense/prefix_override:/usr/lib/python3/dist-packages/colcon_core/task/python/colcon_distutils_commands:/home/darkdemon/work/motor_control/install/realsense/lib/python3.10/site-packages:${PYTHONPATH} /usr/bin/python3 -W ignore:setup.py install is deprecated -W ignore:easy_install command is deprecated setup.py egg_info --egg-base ../../build/realsense build --build-base /home/darkdemon/work/motor_control/build/realsense/build install --record /home/darkdemon/work/motor_control/build/realsense/install.log --single-version-externally-managed install_data
[1.991s] running egg_info
[1.994s] writing ../../build/realsense/realsense.egg-info/PKG-INFO
[1.998s] writing dependency_links to ../../build/realsense/realsense.egg-info/dependency_links.txt
[1.998s] writing entry points to ../../build/realsense/realsense.egg-info/entry_points.txt
[1.999s] writing requirements to ../../build/realsense/realsense.egg-info/requires.txt
[1.999s] writing top-level names to ../../build/realsense/realsense.egg-info/top_level.txt
[2.000s] reading manifest file '../../build/realsense/realsense.egg-info/SOURCES.txt'
[2.000s] writing manifest file '../../build/realsense/realsense.egg-info/SOURCES.txt'
[2.000s] running build
[2.000s] running build_py
[2.000s] running install
[2.001s] running install_lib
[2.001s] running install_data
[2.001s] running install_egg_info
[2.004s] removing '/home/darkdemon/work/motor_control/install/realsense/lib/python3.10/site-packages/realsense-0.0.1-py3.10.egg-info' (and everything under it)
[2.004s] Copying ../../build/realsense/realsense.egg-info to /home/darkdemon/work/motor_control/install/realsense/lib/python3.10/site-packages/realsense-0.0.1-py3.10.egg-info
[2.006s] running install_scripts
[2.037s] Installing box_edge_detect script to /home/darkdemon/work/motor_control/install/realsense/lib/realsense
[2.037s] Installing color_detect script to /home/darkdemon/work/motor_control/install/realsense/lib/realsense
[2.037s] Installing color_range script to /home/darkdemon/work/motor_control/install/realsense/lib/realsense
[2.038s] Installing depth_calculate script to /home/darkdemon/work/motor_control/install/realsense/lib/realsense
[2.038s] Installing paddleorc script to /home/darkdemon/work/motor_control/install/realsense/lib/realsense
[2.038s] Installing realsense_read script to /home/darkdemon/work/motor_control/install/realsense/lib/realsense
[2.038s] Installing visiual script to /home/darkdemon/work/motor_control/install/realsense/lib/realsense
[2.038s] Installing yolo_number_detect script to /home/darkdemon/work/motor_control/install/realsense/lib/realsense
[2.038s] writing list of installed files to '/home/darkdemon/work/motor_control/build/realsense/install.log'
[2.098s] Invoked command in '/home/darkdemon/work/motor_control/src/realsense' returned '0': PYTHONPATH=/home/darkdemon/work/motor_control/build/realsense/prefix_override:/usr/lib/python3/dist-packages/colcon_core/task/python/colcon_distutils_commands:/home/darkdemon/work/motor_control/install/realsense/lib/python3.10/site-packages:${PYTHONPATH} /usr/bin/python3 -W ignore:setup.py install is deprecated -W ignore:easy_install command is deprecated setup.py egg_info --egg-base ../../build/realsense build --build-base /home/darkdemon/work/motor_control/build/realsense/build install --record /home/darkdemon/work/motor_control/build/realsense/install.log --single-version-externally-managed install_data
