[0.023s] Invoking command in '/home/darkdemon/work/motor_control/build/dynamixel_workbench_toolbox': CMAKE_PREFIX_PATH=/opt/ros/humble /usr/bin/cmake --build /home/darkdemon/work/motor_control/build/dynamixel_workbench_toolbox -- -j20 -l20
[0.383s] -- Found ament_cmake: 1.3.11 (/opt/ros/humble/share/ament_cmake/cmake)
[0.383s] -- Configuring incomplete, errors occurred!
[0.384s] See also "/home/darkdemon/work/motor_control/build/dynamixel_workbench_toolbox/CMakeFiles/CMakeOutput.log".
[0.385s] [31mCMake Error at CMakeLists.txt:25 (find_package):
[0.385s]   By not providing "Finddynamixel_sdk.cmake" in CMAKE_MODULE_PATH this
[0.385s]   project has asked CMake to find a package configuration file provided by
[0.385s]   "dynamixel_sdk", but CMake did not find one.
[0.385s] 
[0.385s]   Could not find a package configuration file provided by "dynamixel_sdk"
[0.385s]   with any of the following names:
[0.385s] 
[0.385s]     dynamixel_sdkConfig.cmake
[0.385s]     dynamixel_sdk-config.cmake
[0.385s] 
[0.385s]   Add the installation prefix of "dynamixel_sdk" to CMAKE_PREFIX_PATH or set
[0.385s]   "dynamixel_sdk_DIR" to a directory containing one of the above files.  If
[0.386s]   "dynamixel_sdk" provides a separate development package or SDK, be sure it
[0.386s]   has been installed.
[0.386s] 
[0.386s] [0m
[0.386s] gmake: *** [Makefile:348: cmake_check_build_system] Error 1
[0.410s] Invoked command in '/home/darkdemon/work/motor_control/build/dynamixel_workbench_toolbox' returned '2': CMAKE_PREFIX_PATH=/opt/ros/humble /usr/bin/cmake --build /home/darkdemon/work/motor_control/build/dynamixel_workbench_toolbox -- -j20 -l20
