Fatal Python error: init_import_site: Failed to import the site module
Python runtime state: initialized
Traceback (most recent call last):
  File "/usr/lib/python3.10/site.py", line 636, in <module>
    main()
  File "/usr/lib/python3.10/site.py", line 623, in main
    known_paths = addsitepackages(known_paths)
  File "/usr/lib/python3.10/site.py", line 406, in addsitepackages
    addsitedir(sitedir, known_paths)
  File "/usr/lib/python3.10/site.py", line 232, in addsitedir
    addpackage(sitedir, name, known_paths)
  File "/usr/lib/python3.10/site.py", line 192, in addpackage
    exec(line)
  File "<string>", line 1, in <module>
gmake[2]: *** [CMakeFiles/python_moveit_interface.dir/build.make:155: CMakeFiles/python_moveit_interface.dir/depend] Interrupt
  File "/usr/lib/python3.10/importlib/util.py", line 14, in <module>
gmake[1]: *** [CMakeFiles/Makefile2:186: CMakeFiles/python_moveit_interface.dir/all] Interrupt
    from contextlib import contextmanager
  File "/usr/lib/python3.10/contextlib.py", line 5, in <module>
    from collections import deque
  File "/usr/lib/python3.10/collections/__init__.py", line 1088, in <module>
    class UserDict(_collections_abc.MutableMapping):
  File "/usr/lib/python3.10/abc.py", line 106, in __new__
    cls = super().__new__(mcls, name, bases, namespace, **kwargs)
KeyboardInterrupt
gmake[2]: *** [CMakeFiles/ament_cmake_python_build_python_moveit_interface_egg.dir/build.make:70: CMakeFiles/ament_cmake_python_build_python_moveit_interface_egg] Interrupt
gmake[1]: *** [CMakeFiles/Makefile2:447: CMakeFiles/ament_cmake_python_build_python_moveit_interface_egg.dir/all] Interrupt
gmake: *** [Makefile:146: all] Interrupt
[  1%] Built target python_moveit_interface__cpp
[ 12%] Built target python_moveit_interface__rosidl_generator_c
[ 12%] Built target ament_cmake_python_copy_python_moveit_interface
[ 23%] Built target python_moveit_interface__rosidl_typesupport_c
[ 34%] Built target python_moveit_interface__rosidl_typesupport_introspection_cpp
[ 45%] Built target python_moveit_interface__rosidl_typesupport_cpp
[ 56%] Built target python_moveit_interface__rosidl_typesupport_introspection_c
[ 67%] Built target python_moveit_interface__rosidl_typesupport_fastrtps_cpp
[ 78%] Built target python_moveit_interface__rosidl_typesupport_fastrtps_c
