[1.954s] Invoking command in '/home/darkdemon/work/motor_control/src/realsense': PYTHONPATH=/home/darkdemon/work/motor_control/build/realsense/prefix_override:/usr/lib/python3/dist-packages/colcon_core/task/python/colcon_distutils_commands:/home/darkdemon/work/motor_control/install/realsense/lib/python3.10/site-packages:${PYTHONPATH} /usr/bin/python3 -W ignore:setup.py install is deprecated -W ignore:easy_install command is deprecated setup.py egg_info --egg-base ../../build/realsense build --build-base /home/darkdemon/work/motor_control/build/realsense/build install --record /home/darkdemon/work/motor_control/build/realsense/install.log --single-version-externally-managed install_data
[2.177s] running egg_info
[2.178s] writing ../../build/realsense/realsense.egg-info/PKG-INFO
[2.179s] writing dependency_links to ../../build/realsense/realsense.egg-info/dependency_links.txt
[2.180s] writing entry points to ../../build/realsense/realsense.egg-info/entry_points.txt
[2.181s] writing requirements to ../../build/realsense/realsense.egg-info/requires.txt
[2.181s] writing top-level names to ../../build/realsense/realsense.egg-info/top_level.txt
[2.184s] reading manifest file '../../build/realsense/realsense.egg-info/SOURCES.txt'
[2.186s] writing manifest file '../../build/realsense/realsense.egg-info/SOURCES.txt'
[2.187s] running build
[2.187s] running build_py
[2.188s] running install
[2.189s] running install_lib
[2.191s] running install_data
[2.191s] running install_egg_info
[2.194s] removing '/home/darkdemon/work/motor_control/install/realsense/lib/python3.10/site-packages/realsense-0.0.1-py3.10.egg-info' (and everything under it)
[2.196s] Copying ../../build/realsense/realsense.egg-info to /home/darkdemon/work/motor_control/install/realsense/lib/python3.10/site-packages/realsense-0.0.1-py3.10.egg-info
[2.197s] running install_scripts
[2.223s] Installing box_edge_detect script to /home/darkdemon/work/motor_control/install/realsense/lib/realsense
[2.223s] Installing color_detect script to /home/darkdemon/work/motor_control/install/realsense/lib/realsense
[2.223s] Installing color_range script to /home/darkdemon/work/motor_control/install/realsense/lib/realsense
[2.223s] Installing depth_calculate script to /home/darkdemon/work/motor_control/install/realsense/lib/realsense
[2.223s] Installing paddleorc script to /home/darkdemon/work/motor_control/install/realsense/lib/realsense
[2.223s] Installing realsense_read script to /home/darkdemon/work/motor_control/install/realsense/lib/realsense
[2.224s] Installing visiual script to /home/darkdemon/work/motor_control/install/realsense/lib/realsense
[2.224s] Installing yolo_number_detect script to /home/darkdemon/work/motor_control/install/realsense/lib/realsense
[2.224s] writing list of installed files to '/home/darkdemon/work/motor_control/build/realsense/install.log'
[2.249s] Invoked command in '/home/darkdemon/work/motor_control/src/realsense' returned '0': PYTHONPATH=/home/darkdemon/work/motor_control/build/realsense/prefix_override:/usr/lib/python3/dist-packages/colcon_core/task/python/colcon_distutils_commands:/home/darkdemon/work/motor_control/install/realsense/lib/python3.10/site-packages:${PYTHONPATH} /usr/bin/python3 -W ignore:setup.py install is deprecated -W ignore:easy_install command is deprecated setup.py egg_info --egg-base ../../build/realsense build --build-base /home/darkdemon/work/motor_control/build/realsense/build install --record /home/darkdemon/work/motor_control/build/realsense/install.log --single-version-externally-managed install_data
