[0.018s] Invoking command in '/home/darkdemon/work/motor_control/build/dynamixel_workbench_msgs': CMAKE_PREFIX_PATH=/home/darkdemon/work/motor_control/install/small_arm_moveit_cpp:/home/darkdemon/work/motor_control/install/small_arm_moveit_config:/home/darkdemon/work/motor_control/install/small_arm_description:/home/darkdemon/work/motor_control/install/realsense:/home/darkdemon/work/motor_control/install/python_moveit2:/opt/ros/humble:/home/darkdemon/work/motor_control/install/python_moveit_interface:/home/darkdemon/work/motor_control/install/dynamixel_workbench:/home/darkdemon/work/motor_control/install/dynamixel_hardware:/home/darkdemon/work/motor_control/install/dynamixel_workbench_toolbox:/home/darkdemon/work/motor_control/install/dynamixel_workbench_msgs /usr/bin/cmake --build /home/darkdemon/work/motor_control/build/dynamixel_workbench_msgs -- -j20 -l20
[0.314s] [  0%] Built target dynamixel_workbench_msgs__cpp
[0.314s] [  1%] Built target ament_cmake_python_copy_dynamixel_workbench_msgs
[0.314s] [ 12%] Built target dynamixel_workbench_msgs__rosidl_generator_c
[0.314s] [ 25%] Built target dynamixel_workbench_msgs__rosidl_typesupport_introspection_cpp
[0.314s] [ 37%] Built target dynamixel_workbench_msgs__rosidl_typesupport_cpp
[0.314s] [ 65%] Built target dynamixel_workbench_msgs__rosidl_typesupport_fastrtps_cpp
[0.315s] [ 70%] Built target dynamixel_workbench_msgs__rosidl_typesupport_introspection_c
[0.315s] [ 73%] Built target dynamixel_workbench_msgs__rosidl_typesupport_fastrtps_c
[0.315s] [ 85%] Built target dynamixel_workbench_msgs__rosidl_typesupport_c
[0.315s] [ 85%] Built target dynamixel_workbench_msgs
[0.315s] [ 86%] Built target dynamixel_workbench_msgs__py
[0.315s] [ 97%] Built target dynamixel_workbench_msgs__rosidl_generator_py
[0.315s] [ 98%] Built target dynamixel_workbench_msgs__rosidl_typesupport_introspection_c__pyext
[0.315s] [ 99%] Built target dynamixel_workbench_msgs__rosidl_typesupport_fastrtps_c__pyext
[0.315s] [100%] Built target dynamixel_workbench_msgs__rosidl_typesupport_c__pyext
[0.315s] running egg_info
[0.315s] writing dynamixel_workbench_msgs.egg-info/PKG-INFO
[0.315s] writing dependency_links to dynamixel_workbench_msgs.egg-info/dependency_links.txt
[0.315s] writing top-level names to dynamixel_workbench_msgs.egg-info/top_level.txt
[0.315s] reading manifest file 'dynamixel_workbench_msgs.egg-info/SOURCES.txt'
[0.315s] writing manifest file 'dynamixel_workbench_msgs.egg-info/SOURCES.txt'
[0.315s] [100%] Built target ament_cmake_python_build_dynamixel_workbench_msgs_egg
