[0.516s] Invoking command in '/home/darkdemon/work/motor_control/build/python_moveit_interface': /usr/bin/cmake --build /home/darkdemon/work/motor_control/build/python_moveit_interface -- -j20 -l20
[0.629s] Traceback (most recent call last):
[0.629s]   File "/home/darkdemon/work/motor_control/build/python_moveit_interface/ament_cmake_python/python_moveit_interface/setup.py", line 1, in <module>
[0.629s]     from setuptools import find_packages
[0.629s]   File "/usr/lib/python3/dist-packages/setuptools/__init__.py", line 16, in <module>
[0.629s]     import setuptools.version
[0.629s]   File "/usr/lib/python3/dist-packages/setuptools/version.py", line 1, in <module>
[0.629s] gmake[1]: *** [CMakeFiles/Makefile2:591: python_moveit_interface__py/CMakeFiles/python_moveit_interface__py.dir/all] Interrupt
[0.629s]     import pkg_resources
[0.629s]   File "/usr/lib/python3/dist-packages/pkg_resources/__init__.py", line 33, in <module>
[0.629s]     import email.parser
[0.629s]   File "/usr/lib/python3.10/email/parser.py", line 12, in <module>
[0.629s]     from email.feedparser import FeedParser, BytesFeedParser
[0.629s]   File "/usr/lib/python3.10/email/feedparser.py", line 27, in <module>
[0.629s]     from email._policybase import compat32
[0.629s]   File "/usr/lib/python3.10/email/_policybase.py", line 9, in <module>
[0.629s]     from email.utils import _has_surrogates
[0.629s]   File "/usr/lib/python3.10/email/utils.py", line 28, in <module>
[0.629s]     import random
[0.629s]   File "/usr/lib/python3.10/random.py", line 56, in <module>
[0.629s]     from bisect import bisect as _bisect
[0.629s]   File "<frozen importlib._bootstrap>", line 1027, in _find_and_load
[0.629s]   File "<frozen importlib._bootstrap>", line 1002, in _find_and_load_unlocked
[0.629s]   File "<frozen importlib._bootstrap>", line 945, in _find_spec
[0.629s]   File "<frozen importlib._bootstrap_external>", line 1439, in find_spec
[0.629s]   File "<frozen importlib._bootstrap_external>", line 1411, in _get_spec
[0.629s]   File "<frozen importlib._bootstrap_external>", line 1572, in find_spec
[0.629s]   File "<frozen importlib._bootstrap_external>", line 128, in _path_join
[0.629s] KeyboardInterrupt
[0.629s] [  1%] Built target python_moveit_interface__cpp
[0.629s] [ 12%] Built target python_moveit_interface__rosidl_generator_c
[0.629s] [ 12%] Built target ament_cmake_python_copy_python_moveit_interface
[0.629s] [ 23%] Built target python_moveit_interface__rosidl_typesupport_introspection_cpp
[0.629s] [ 34%] Built target python_moveit_interface__rosidl_typesupport_cpp
[0.629s] [ 45%] Built target python_moveit_interface__rosidl_typesupport_fastrtps_cpp
[0.630s] [ 56%] Built target python_moveit_interface__rosidl_typesupport_c
[0.630s] [ 67%] Built target python_moveit_interface__rosidl_typesupport_introspection_c
[0.630s] [ 78%] Built target python_moveit_interface__rosidl_typesupport_fastrtps_c
[0.630s] [ 78%] Built target python_moveit_interface
[0.630s] [ 80%] Built target python_moveit_interface__py
[0.630s] gmake[2]: *** [CMakeFiles/ament_cmake_python_build_python_moveit_interface_egg.dir/build.make:70: CMakeFiles/ament_cmake_python_build_python_moveit_interface_egg] Interrupt
[0.630s] gmake[1]: *** [CMakeFiles/Makefile2:447: CMakeFiles/ament_cmake_python_build_python_moveit_interface_egg.dir/all] Interrupt
[0.630s] gmake: *** [Makefile:146: all] Interrupt
