[0.824s] Invoking command in '/home/darkdemon/work/motor_control/src/realsense': PYTHONPATH=/home/darkdemon/work/motor_control/build/realsense/prefix_override:/usr/lib/python3/dist-packages/colcon_core/task/python/colcon_distutils_commands:/home/darkdemon/work/motor_control/install/realsense/lib/python3.10/site-packages:${PYTHONPATH} /usr/bin/python3 -W ignore:setup.py install is deprecated -W ignore:easy_install command is deprecated setup.py egg_info --egg-base ../../build/realsense build --build-base /home/darkdemon/work/motor_control/build/realsense/build install --record /home/darkdemon/work/motor_control/build/realsense/install.log --single-version-externally-managed install_data
[0.963s] running egg_info
[0.963s] writing ../../build/realsense/realsense.egg-info/PKG-INFO
[0.963s] writing dependency_links to ../../build/realsense/realsense.egg-info/dependency_links.txt
[0.964s] writing entry points to ../../build/realsense/realsense.egg-info/entry_points.txt
[0.964s] writing requirements to ../../build/realsense/realsense.egg-info/requires.txt
[0.964s] writing top-level names to ../../build/realsense/realsense.egg-info/top_level.txt
[0.965s] reading manifest file '../../build/realsense/realsense.egg-info/SOURCES.txt'
[0.966s] writing manifest file '../../build/realsense/realsense.egg-info/SOURCES.txt'
[0.966s] running build
[0.966s] running build_py
[0.966s] copying realsense/interface.py -> /home/darkdemon/work/motor_control/build/realsense/build/lib/realsense
[0.967s] running install
[0.967s] running install_lib
[0.968s] copying /home/darkdemon/work/motor_control/build/realsense/build/lib/realsense/interface.py -> /home/darkdemon/work/motor_control/install/realsense/lib/python3.10/site-packages/realsense
[0.969s] byte-compiling /home/darkdemon/work/motor_control/install/realsense/lib/python3.10/site-packages/realsense/interface.py to interface.cpython-310.pyc
[0.971s] running install_data
[0.971s] copying launch/visual_launch.py -> /home/darkdemon/work/motor_control/install/realsense/share/realsense/launch
[0.971s] running install_egg_info
[0.972s] removing '/home/darkdemon/work/motor_control/install/realsense/lib/python3.10/site-packages/realsense-0.0.1-py3.10.egg-info' (and everything under it)
[0.973s] Copying ../../build/realsense/realsense.egg-info to /home/darkdemon/work/motor_control/install/realsense/lib/python3.10/site-packages/realsense-0.0.1-py3.10.egg-info
[0.973s] running install_scripts
[0.987s] Installing box_edge_detect script to /home/darkdemon/work/motor_control/install/realsense/lib/realsense
[0.987s] Installing color_detect script to /home/darkdemon/work/motor_control/install/realsense/lib/realsense
[0.987s] Installing color_range script to /home/darkdemon/work/motor_control/install/realsense/lib/realsense
[0.987s] Installing depth_calculate script to /home/darkdemon/work/motor_control/install/realsense/lib/realsense
[0.987s] Installing paddleorc script to /home/darkdemon/work/motor_control/install/realsense/lib/realsense
[0.987s] Installing realsense_read script to /home/darkdemon/work/motor_control/install/realsense/lib/realsense
[0.987s] Installing visiual script to /home/darkdemon/work/motor_control/install/realsense/lib/realsense
[0.987s] Installing yolo_number_detect script to /home/darkdemon/work/motor_control/install/realsense/lib/realsense
[0.988s] writing list of installed files to '/home/darkdemon/work/motor_control/build/realsense/install.log'
[1.005s] Invoked command in '/home/darkdemon/work/motor_control/src/realsense' returned '0': PYTHONPATH=/home/darkdemon/work/motor_control/build/realsense/prefix_override:/usr/lib/python3/dist-packages/colcon_core/task/python/colcon_distutils_commands:/home/darkdemon/work/motor_control/install/realsense/lib/python3.10/site-packages:${PYTHONPATH} /usr/bin/python3 -W ignore:setup.py install is deprecated -W ignore:easy_install command is deprecated setup.py egg_info --egg-base ../../build/realsense build --build-base /home/darkdemon/work/motor_control/build/realsense/build install --record /home/darkdemon/work/motor_control/build/realsense/install.log --single-version-externally-managed install_data
