[1.143s] Invoking command in '/home/darkdemon/work/motor_control/src/realsense': PYTHONPATH=/home/darkdemon/work/motor_control/build/realsense/prefix_override:/usr/lib/python3/dist-packages/colcon_core/task/python/colcon_distutils_commands:/home/darkdemon/work/motor_control/install/realsense/lib/python3.10/site-packages:${PYTHONPATH} /usr/bin/python3 -W ignore:setup.py install is deprecated -W ignore:easy_install command is deprecated setup.py egg_info --egg-base ../../build/realsense build --build-base /home/darkdemon/work/motor_control/build/realsense/build install --record /home/darkdemon/work/motor_control/build/realsense/install.log --single-version-externally-managed install_data
[1.288s] running egg_info
[1.289s] writing ../../build/realsense/realsense.egg-info/PKG-INFO
[1.289s] writing dependency_links to ../../build/realsense/realsense.egg-info/dependency_links.txt
[1.289s] writing entry points to ../../build/realsense/realsense.egg-info/entry_points.txt
[1.289s] writing requirements to ../../build/realsense/realsense.egg-info/requires.txt
[1.289s] writing top-level names to ../../build/realsense/realsense.egg-info/top_level.txt
[1.291s] reading manifest file '../../build/realsense/realsense.egg-info/SOURCES.txt'
[1.291s] writing manifest file '../../build/realsense/realsense.egg-info/SOURCES.txt'
[1.291s] running build
[1.291s] running build_py
[1.291s] copying realsense/depth_calculate.py -> /home/darkdemon/work/motor_control/build/realsense/build/lib/realsense
[1.291s] copying realsense/color_detect.py -> /home/darkdemon/work/motor_control/build/realsense/build/lib/realsense
[1.292s] copying realsense/realsense_read.py -> /home/darkdemon/work/motor_control/build/realsense/build/lib/realsense
[1.292s] copying realsense/paddleorc.py -> /home/darkdemon/work/motor_control/build/realsense/build/lib/realsense
[1.292s] running install
[1.292s] running install_lib
[1.293s] copying /home/darkdemon/work/motor_control/build/realsense/build/lib/realsense/depth_calculate.py -> /home/darkdemon/work/motor_control/install/realsense/lib/python3.10/site-packages/realsense
[1.293s] copying /home/darkdemon/work/motor_control/build/realsense/build/lib/realsense/color_detect.py -> /home/darkdemon/work/motor_control/install/realsense/lib/python3.10/site-packages/realsense
[1.293s] copying /home/darkdemon/work/motor_control/build/realsense/build/lib/realsense/realsense_read.py -> /home/darkdemon/work/motor_control/install/realsense/lib/python3.10/site-packages/realsense
[1.293s] copying /home/darkdemon/work/motor_control/build/realsense/build/lib/realsense/paddleorc.py -> /home/darkdemon/work/motor_control/install/realsense/lib/python3.10/site-packages/realsense
[1.293s] byte-compiling /home/darkdemon/work/motor_control/install/realsense/lib/python3.10/site-packages/realsense/depth_calculate.py to depth_calculate.cpython-310.pyc
[1.294s] byte-compiling /home/darkdemon/work/motor_control/install/realsense/lib/python3.10/site-packages/realsense/color_detect.py to color_detect.cpython-310.pyc
[1.295s] byte-compiling /home/darkdemon/work/motor_control/install/realsense/lib/python3.10/site-packages/realsense/realsense_read.py to realsense_read.cpython-310.pyc
[1.296s] byte-compiling /home/darkdemon/work/motor_control/install/realsense/lib/python3.10/site-packages/realsense/paddleorc.py to paddleorc.cpython-310.pyc
[1.296s] running install_data
[1.296s] copying launch/visual_launch.py -> /home/darkdemon/work/motor_control/install/realsense/share/realsense/launch
[1.296s] running install_egg_info
[1.298s] removing '/home/darkdemon/work/motor_control/install/realsense/lib/python3.10/site-packages/realsense-0.0.1-py3.10.egg-info' (and everything under it)
[1.298s] Copying ../../build/realsense/realsense.egg-info to /home/darkdemon/work/motor_control/install/realsense/lib/python3.10/site-packages/realsense-0.0.1-py3.10.egg-info
[1.298s] running install_scripts
[1.314s] Installing box_edge_detect script to /home/darkdemon/work/motor_control/install/realsense/lib/realsense
[1.314s] Installing color_detect script to /home/darkdemon/work/motor_control/install/realsense/lib/realsense
[1.314s] Installing color_range script to /home/darkdemon/work/motor_control/install/realsense/lib/realsense
[1.314s] Installing depth_calculate script to /home/darkdemon/work/motor_control/install/realsense/lib/realsense
[1.314s] Installing paddleorc script to /home/darkdemon/work/motor_control/install/realsense/lib/realsense
[1.314s] Installing realsense_read script to /home/darkdemon/work/motor_control/install/realsense/lib/realsense
[1.314s] Installing visiual script to /home/darkdemon/work/motor_control/install/realsense/lib/realsense
[1.314s] Installing yolo_number_detect script to /home/darkdemon/work/motor_control/install/realsense/lib/realsense
[1.314s] writing list of installed files to '/home/darkdemon/work/motor_control/build/realsense/install.log'
[1.332s] Invoked command in '/home/darkdemon/work/motor_control/src/realsense' returned '0': PYTHONPATH=/home/darkdemon/work/motor_control/build/realsense/prefix_override:/usr/lib/python3/dist-packages/colcon_core/task/python/colcon_distutils_commands:/home/darkdemon/work/motor_control/install/realsense/lib/python3.10/site-packages:${PYTHONPATH} /usr/bin/python3 -W ignore:setup.py install is deprecated -W ignore:easy_install command is deprecated setup.py egg_info --egg-base ../../build/realsense build --build-base /home/darkdemon/work/motor_control/build/realsense/build install --record /home/darkdemon/work/motor_control/build/realsense/install.log --single-version-externally-managed install_data
