[  0%] Built target dynamixel_workbench_msgs__cpp
[  0%] Built target ament_cmake_python_copy_dynamixel_workbench_msgs
[ 12%] Built target dynamixel_workbench_msgs__rosidl_generator_c
[ 32%] Built target dynamixel_workbench_msgs__rosidl_typesupport_fastrtps_cpp
[ 36%] Built target dynamixel_workbench_msgs__rosidl_typesupport_cpp
[ 48%] Built target dynamixel_workbench_msgs__rosidl_typesupport_c
[ 60%] Built target dynamixel_workbench_msgs__rosidl_typesupport_introspection_c
[ 73%] Built target dynamixel_workbench_msgs__rosidl_typesupport_introspection_cpp
[ 85%] Built target dynamixel_workbench_msgs__rosidl_typesupport_fastrtps_c
[ 85%] Built target dynamixel_workbench_msgs
[ 86%] Built target dynamixel_workbench_msgs__py
[ 97%] Built target dynamixel_workbench_msgs__rosidl_generator_py
[100%] Built target dynamixel_workbench_msgs__rosidl_typesupport_c__pyext
[100%] Built target dynamixel_workbench_msgs__rosidl_typesupport_fastrtps_c__pyext
[100%] Built target dynamixel_workbench_msgs__rosidl_typesupport_introspection_c__pyext
running egg_info
writing dynamixel_workbench_msgs.egg-info/PKG-INFO
writing dependency_links to dynamixel_workbench_msgs.egg-info/dependency_links.txt
writing top-level names to dynamixel_workbench_msgs.egg-info/top_level.txt
reading manifest file 'dynamixel_workbench_msgs.egg-info/SOURCES.txt'
writing manifest file 'dynamixel_workbench_msgs.egg-info/SOURCES.txt'
[100%] Built target ament_cmake_python_build_dynamixel_workbench_msgs_egg
