[0.184s] DEBUG:colcon:Command line arguments: ['/usr/bin/colcon', 'build']
[0.184s] DEBUG:colcon:Parsed command line arguments: Namespace(log_base=None, log_level=None, verb_name='build', build_base='build', install_base='install', merge_install=False, symlink_install=False, test_result_base=None, continue_on_error=False, executor='parallel', parallel_workers=20, event_handlers=None, ignore_user_meta=False, metas=['./colcon.meta'], base_paths=['.'], packages_ignore=None, packages_ignore_regex=None, paths=None, packages_up_to=None, packages_up_to_regex=None, packages_above=None, packages_above_and_dependencies=None, packages_above_depth=None, packages_select_by_dep=None, packages_skip_by_dep=None, packages_skip_up_to=None, packages_select_build_failed=False, packages_skip_build_finished=False, packages_select_test_failures=False, packages_skip_test_passed=False, packages_select=None, packages_skip=None, packages_select_regex=None, packages_skip_regex=None, packages_start=None, packages_end=None, cmake_args=None, cmake_target=None, cmake_target_skip_unavailable=False, cmake_clean_cache=False, cmake_clean_first=False, cmake_force_configure=False, ament_cmake_args=None, catkin_cmake_args=None, catkin_skip_building_tests=False, verb_parser=<colcon_defaults.argument_parser.defaults.DefaultArgumentsDecorator object at 0x7f5b3ad4f340>, verb_extension=<colcon_core.verb.build.BuildVerb object at 0x7f5b3ad4ee00>, main=<bound method BuildVerb.main of <colcon_core.verb.build.BuildVerb object at 0x7f5b3ad4ee00>>)
[0.346s] Level 1:colcon.colcon_core.package_discovery:discover_packages(colcon_meta) check parameters
[0.346s] Level 1:colcon.colcon_core.package_discovery:discover_packages(recursive) check parameters
[0.346s] Level 1:colcon.colcon_core.package_discovery:discover_packages(ignore) check parameters
[0.346s] Level 1:colcon.colcon_core.package_discovery:discover_packages(path) check parameters
[0.346s] Level 1:colcon.colcon_core.package_discovery:discover_packages(colcon_meta) discover
[0.346s] Level 1:colcon.colcon_core.package_discovery:discover_packages(recursive) discover
[0.346s] INFO:colcon.colcon_core.package_discovery:Crawling recursively for packages in '/home/darkdemon/work'
[0.346s] Level 1:colcon.colcon_core.package_identification:_identify(.) by extensions ['ignore', 'ignore_ament_install']
[0.346s] Level 1:colcon.colcon_core.package_identification:_identify(.) by extension 'ignore'
[0.346s] Level 1:colcon.colcon_core.package_identification:_identify(.) by extension 'ignore_ament_install'
[0.346s] Level 1:colcon.colcon_core.package_identification:_identify(.) by extensions ['colcon_pkg']
[0.346s] Level 1:colcon.colcon_core.package_identification:_identify(.) by extension 'colcon_pkg'
[0.346s] Level 1:colcon.colcon_core.package_identification:_identify(.) by extensions ['colcon_meta']
[0.346s] Level 1:colcon.colcon_core.package_identification:_identify(.) by extension 'colcon_meta'
[0.346s] Level 1:colcon.colcon_core.package_identification:_identify(.) by extensions ['ros']
[0.346s] Level 1:colcon.colcon_core.package_identification:_identify(.) by extension 'ros'
[0.353s] Level 1:colcon.colcon_core.package_identification:_identify(.) by extensions ['cmake', 'python']
[0.353s] Level 1:colcon.colcon_core.package_identification:_identify(.) by extension 'cmake'
[0.353s] Level 1:colcon.colcon_core.package_identification:_identify(.) by extension 'python'
[0.353s] Level 1:colcon.colcon_core.package_identification:_identify(.) by extensions ['python_setup_py']
[0.353s] Level 1:colcon.colcon_core.package_identification:_identify(.) by extension 'python_setup_py'
[0.353s] Level 1:colcon.colcon_core.package_identification:_identify(build) by extensions ['ignore', 'ignore_ament_install']
[0.353s] Level 1:colcon.colcon_core.package_identification:_identify(build) by extension 'ignore'
[0.353s] Level 1:colcon.colcon_core.package_identification:_identify(build) ignored
[0.353s] Level 1:colcon.colcon_core.package_identification:_identify(install) by extensions ['ignore', 'ignore_ament_install']
[0.353s] Level 1:colcon.colcon_core.package_identification:_identify(install) by extension 'ignore'
[0.353s] Level 1:colcon.colcon_core.package_identification:_identify(install) ignored
[0.353s] Level 1:colcon.colcon_core.package_identification:_identify(log) by extensions ['ignore', 'ignore_ament_install']
[0.353s] Level 1:colcon.colcon_core.package_identification:_identify(log) by extension 'ignore'
[0.353s] Level 1:colcon.colcon_core.package_identification:_identify(log) ignored
[0.353s] Level 1:colcon.colcon_core.package_identification:_identify(motor_control) by extensions ['ignore', 'ignore_ament_install']
[0.353s] Level 1:colcon.colcon_core.package_identification:_identify(motor_control) by extension 'ignore'
[0.353s] Level 1:colcon.colcon_core.package_identification:_identify(motor_control) by extension 'ignore_ament_install'
[0.353s] Level 1:colcon.colcon_core.package_identification:_identify(motor_control) by extensions ['colcon_pkg']
[0.353s] Level 1:colcon.colcon_core.package_identification:_identify(motor_control) by extension 'colcon_pkg'
[0.353s] Level 1:colcon.colcon_core.package_identification:_identify(motor_control) by extensions ['colcon_meta']
[0.353s] Level 1:colcon.colcon_core.package_identification:_identify(motor_control) by extension 'colcon_meta'
[0.353s] Level 1:colcon.colcon_core.package_identification:_identify(motor_control) by extensions ['ros']
[0.353s] Level 1:colcon.colcon_core.package_identification:_identify(motor_control) by extension 'ros'
[0.353s] Level 1:colcon.colcon_core.package_identification:_identify(motor_control) by extensions ['cmake', 'python']
[0.353s] Level 1:colcon.colcon_core.package_identification:_identify(motor_control) by extension 'cmake'
[0.353s] Level 1:colcon.colcon_core.package_identification:_identify(motor_control) by extension 'python'
[0.353s] Level 1:colcon.colcon_core.package_identification:_identify(motor_control) by extensions ['python_setup_py']
[0.353s] Level 1:colcon.colcon_core.package_identification:_identify(motor_control) by extension 'python_setup_py'
[0.353s] Level 1:colcon.colcon_core.package_identification:_identify(motor_control/build) by extensions ['ignore', 'ignore_ament_install']
[0.353s] Level 1:colcon.colcon_core.package_identification:_identify(motor_control/build) by extension 'ignore'
[0.353s] Level 1:colcon.colcon_core.package_identification:_identify(motor_control/build) ignored
[0.353s] Level 1:colcon.colcon_core.package_identification:_identify(motor_control/install) by extensions ['ignore', 'ignore_ament_install']
[0.354s] Level 1:colcon.colcon_core.package_identification:_identify(motor_control/install) by extension 'ignore'
[0.354s] Level 1:colcon.colcon_core.package_identification:_identify(motor_control/install) ignored
[0.354s] Level 1:colcon.colcon_core.package_identification:_identify(motor_control/log) by extensions ['ignore', 'ignore_ament_install']
[0.354s] Level 1:colcon.colcon_core.package_identification:_identify(motor_control/log) by extension 'ignore'
[0.354s] Level 1:colcon.colcon_core.package_identification:_identify(motor_control/log) ignored
[0.354s] Level 1:colcon.colcon_core.package_identification:_identify(motor_control/src) by extensions ['ignore', 'ignore_ament_install']
[0.354s] Level 1:colcon.colcon_core.package_identification:_identify(motor_control/src) by extension 'ignore'
[0.354s] Level 1:colcon.colcon_core.package_identification:_identify(motor_control/src) by extension 'ignore_ament_install'
[0.354s] Level 1:colcon.colcon_core.package_identification:_identify(motor_control/src) by extensions ['colcon_pkg']
[0.354s] Level 1:colcon.colcon_core.package_identification:_identify(motor_control/src) by extension 'colcon_pkg'
[0.354s] Level 1:colcon.colcon_core.package_identification:_identify(motor_control/src) by extensions ['colcon_meta']
[0.354s] Level 1:colcon.colcon_core.package_identification:_identify(motor_control/src) by extension 'colcon_meta'
[0.354s] Level 1:colcon.colcon_core.package_identification:_identify(motor_control/src) by extensions ['ros']
[0.354s] Level 1:colcon.colcon_core.package_identification:_identify(motor_control/src) by extension 'ros'
[0.354s] Level 1:colcon.colcon_core.package_identification:_identify(motor_control/src) by extensions ['cmake', 'python']
[0.354s] Level 1:colcon.colcon_core.package_identification:_identify(motor_control/src) by extension 'cmake'
[0.354s] Level 1:colcon.colcon_core.package_identification:_identify(motor_control/src) by extension 'python'
[0.354s] Level 1:colcon.colcon_core.package_identification:_identify(motor_control/src) by extensions ['python_setup_py']
[0.354s] Level 1:colcon.colcon_core.package_identification:_identify(motor_control/src) by extension 'python_setup_py'
[0.354s] Level 1:colcon.colcon_core.package_identification:_identify(motor_control/src/dynamixel-workbench) by extensions ['ignore', 'ignore_ament_install']
[0.354s] Level 1:colcon.colcon_core.package_identification:_identify(motor_control/src/dynamixel-workbench) by extension 'ignore'
[0.354s] Level 1:colcon.colcon_core.package_identification:_identify(motor_control/src/dynamixel-workbench) by extension 'ignore_ament_install'
[0.354s] Level 1:colcon.colcon_core.package_identification:_identify(motor_control/src/dynamixel-workbench) by extensions ['colcon_pkg']
[0.354s] Level 1:colcon.colcon_core.package_identification:_identify(motor_control/src/dynamixel-workbench) by extension 'colcon_pkg'
[0.354s] Level 1:colcon.colcon_core.package_identification:_identify(motor_control/src/dynamixel-workbench) by extensions ['colcon_meta']
[0.354s] Level 1:colcon.colcon_core.package_identification:_identify(motor_control/src/dynamixel-workbench) by extension 'colcon_meta'
[0.354s] Level 1:colcon.colcon_core.package_identification:_identify(motor_control/src/dynamixel-workbench) by extensions ['ros']
[0.354s] Level 1:colcon.colcon_core.package_identification:_identify(motor_control/src/dynamixel-workbench) by extension 'ros'
[0.354s] Level 1:colcon.colcon_core.package_identification:_identify(motor_control/src/dynamixel-workbench) by extensions ['cmake', 'python']
[0.354s] Level 1:colcon.colcon_core.package_identification:_identify(motor_control/src/dynamixel-workbench) by extension 'cmake'
[0.354s] Level 1:colcon.colcon_core.package_identification:_identify(motor_control/src/dynamixel-workbench) by extension 'python'
[0.354s] Level 1:colcon.colcon_core.package_identification:_identify(motor_control/src/dynamixel-workbench) by extensions ['python_setup_py']
[0.354s] Level 1:colcon.colcon_core.package_identification:_identify(motor_control/src/dynamixel-workbench) by extension 'python_setup_py'
[0.354s] Level 1:colcon.colcon_core.package_identification:_identify(motor_control/src/dynamixel-workbench/dynamixel_workbench) by extensions ['ignore', 'ignore_ament_install']
[0.354s] Level 1:colcon.colcon_core.package_identification:_identify(motor_control/src/dynamixel-workbench/dynamixel_workbench) by extension 'ignore'
[0.354s] Level 1:colcon.colcon_core.package_identification:_identify(motor_control/src/dynamixel-workbench/dynamixel_workbench) by extension 'ignore_ament_install'
[0.354s] Level 1:colcon.colcon_core.package_identification:_identify(motor_control/src/dynamixel-workbench/dynamixel_workbench) by extensions ['colcon_pkg']
[0.354s] Level 1:colcon.colcon_core.package_identification:_identify(motor_control/src/dynamixel-workbench/dynamixel_workbench) by extension 'colcon_pkg'
[0.354s] Level 1:colcon.colcon_core.package_identification:_identify(motor_control/src/dynamixel-workbench/dynamixel_workbench) by extensions ['colcon_meta']
[0.354s] Level 1:colcon.colcon_core.package_identification:_identify(motor_control/src/dynamixel-workbench/dynamixel_workbench) by extension 'colcon_meta'
[0.354s] Level 1:colcon.colcon_core.package_identification:_identify(motor_control/src/dynamixel-workbench/dynamixel_workbench) by extensions ['ros']
[0.354s] Level 1:colcon.colcon_core.package_identification:_identify(motor_control/src/dynamixel-workbench/dynamixel_workbench) by extension 'ros'
[0.358s] DEBUG:colcon.colcon_core.package_identification:Package 'motor_control/src/dynamixel-workbench/dynamixel_workbench' with type 'ros.ament_cmake' and name 'dynamixel_workbench'
[0.358s] Level 1:colcon.colcon_core.package_identification:_identify(motor_control/src/dynamixel-workbench/dynamixel_workbench_toolbox) by extensions ['ignore', 'ignore_ament_install']
[0.358s] Level 1:colcon.colcon_core.package_identification:_identify(motor_control/src/dynamixel-workbench/dynamixel_workbench_toolbox) by extension 'ignore'
[0.358s] Level 1:colcon.colcon_core.package_identification:_identify(motor_control/src/dynamixel-workbench/dynamixel_workbench_toolbox) by extension 'ignore_ament_install'
[0.358s] Level 1:colcon.colcon_core.package_identification:_identify(motor_control/src/dynamixel-workbench/dynamixel_workbench_toolbox) by extensions ['colcon_pkg']
[0.358s] Level 1:colcon.colcon_core.package_identification:_identify(motor_control/src/dynamixel-workbench/dynamixel_workbench_toolbox) by extension 'colcon_pkg'
[0.358s] Level 1:colcon.colcon_core.package_identification:_identify(motor_control/src/dynamixel-workbench/dynamixel_workbench_toolbox) by extensions ['colcon_meta']
[0.358s] Level 1:colcon.colcon_core.package_identification:_identify(motor_control/src/dynamixel-workbench/dynamixel_workbench_toolbox) by extension 'colcon_meta'
[0.358s] Level 1:colcon.colcon_core.package_identification:_identify(motor_control/src/dynamixel-workbench/dynamixel_workbench_toolbox) by extensions ['ros']
[0.358s] Level 1:colcon.colcon_core.package_identification:_identify(motor_control/src/dynamixel-workbench/dynamixel_workbench_toolbox) by extension 'ros'
[0.359s] DEBUG:colcon.colcon_core.package_identification:Package 'motor_control/src/dynamixel-workbench/dynamixel_workbench_toolbox' with type 'ros.ament_cmake' and name 'dynamixel_workbench_toolbox'
[0.359s] Level 1:colcon.colcon_core.package_identification:_identify(motor_control/src/dynamixel-workbench-msgs) by extensions ['ignore', 'ignore_ament_install']
[0.359s] Level 1:colcon.colcon_core.package_identification:_identify(motor_control/src/dynamixel-workbench-msgs) by extension 'ignore'
[0.359s] Level 1:colcon.colcon_core.package_identification:_identify(motor_control/src/dynamixel-workbench-msgs) by extension 'ignore_ament_install'
[0.359s] Level 1:colcon.colcon_core.package_identification:_identify(motor_control/src/dynamixel-workbench-msgs) by extensions ['colcon_pkg']
[0.359s] Level 1:colcon.colcon_core.package_identification:_identify(motor_control/src/dynamixel-workbench-msgs) by extension 'colcon_pkg'
[0.359s] Level 1:colcon.colcon_core.package_identification:_identify(motor_control/src/dynamixel-workbench-msgs) by extensions ['colcon_meta']
[0.359s] Level 1:colcon.colcon_core.package_identification:_identify(motor_control/src/dynamixel-workbench-msgs) by extension 'colcon_meta'
[0.359s] Level 1:colcon.colcon_core.package_identification:_identify(motor_control/src/dynamixel-workbench-msgs) by extensions ['ros']
[0.359s] Level 1:colcon.colcon_core.package_identification:_identify(motor_control/src/dynamixel-workbench-msgs) by extension 'ros'
[0.359s] Level 1:colcon.colcon_core.package_identification:_identify(motor_control/src/dynamixel-workbench-msgs) by extensions ['cmake', 'python']
[0.359s] Level 1:colcon.colcon_core.package_identification:_identify(motor_control/src/dynamixel-workbench-msgs) by extension 'cmake'
[0.359s] Level 1:colcon.colcon_core.package_identification:_identify(motor_control/src/dynamixel-workbench-msgs) by extension 'python'
[0.359s] Level 1:colcon.colcon_core.package_identification:_identify(motor_control/src/dynamixel-workbench-msgs) by extensions ['python_setup_py']
[0.359s] Level 1:colcon.colcon_core.package_identification:_identify(motor_control/src/dynamixel-workbench-msgs) by extension 'python_setup_py'
[0.359s] Level 1:colcon.colcon_core.package_identification:_identify(motor_control/src/dynamixel-workbench-msgs/dynamixel_workbench_msgs) by extensions ['ignore', 'ignore_ament_install']
[0.359s] Level 1:colcon.colcon_core.package_identification:_identify(motor_control/src/dynamixel-workbench-msgs/dynamixel_workbench_msgs) by extension 'ignore'
[0.359s] Level 1:colcon.colcon_core.package_identification:_identify(motor_control/src/dynamixel-workbench-msgs/dynamixel_workbench_msgs) by extension 'ignore_ament_install'
[0.359s] Level 1:colcon.colcon_core.package_identification:_identify(motor_control/src/dynamixel-workbench-msgs/dynamixel_workbench_msgs) by extensions ['colcon_pkg']
[0.359s] Level 1:colcon.colcon_core.package_identification:_identify(motor_control/src/dynamixel-workbench-msgs/dynamixel_workbench_msgs) by extension 'colcon_pkg'
[0.359s] Level 1:colcon.colcon_core.package_identification:_identify(motor_control/src/dynamixel-workbench-msgs/dynamixel_workbench_msgs) by extensions ['colcon_meta']
[0.359s] Level 1:colcon.colcon_core.package_identification:_identify(motor_control/src/dynamixel-workbench-msgs/dynamixel_workbench_msgs) by extension 'colcon_meta'
[0.359s] Level 1:colcon.colcon_core.package_identification:_identify(motor_control/src/dynamixel-workbench-msgs/dynamixel_workbench_msgs) by extensions ['ros']
[0.359s] Level 1:colcon.colcon_core.package_identification:_identify(motor_control/src/dynamixel-workbench-msgs/dynamixel_workbench_msgs) by extension 'ros'
[0.360s] DEBUG:colcon.colcon_core.package_identification:Package 'motor_control/src/dynamixel-workbench-msgs/dynamixel_workbench_msgs' with type 'ros.ament_cmake' and name 'dynamixel_workbench_msgs'
[0.360s] Level 1:colcon.colcon_core.package_identification:_identify(motor_control/src/realsense) by extensions ['ignore', 'ignore_ament_install']
[0.360s] Level 1:colcon.colcon_core.package_identification:_identify(motor_control/src/realsense) by extension 'ignore'
[0.360s] Level 1:colcon.colcon_core.package_identification:_identify(motor_control/src/realsense) by extension 'ignore_ament_install'
[0.360s] Level 1:colcon.colcon_core.package_identification:_identify(motor_control/src/realsense) by extensions ['colcon_pkg']
[0.360s] Level 1:colcon.colcon_core.package_identification:_identify(motor_control/src/realsense) by extension 'colcon_pkg'
[0.360s] Level 1:colcon.colcon_core.package_identification:_identify(motor_control/src/realsense) by extensions ['colcon_meta']
[0.360s] Level 1:colcon.colcon_core.package_identification:_identify(motor_control/src/realsense) by extension 'colcon_meta'
[0.360s] Level 1:colcon.colcon_core.package_identification:_identify(motor_control/src/realsense) by extensions ['ros']
[0.360s] Level 1:colcon.colcon_core.package_identification:_identify(motor_control/src/realsense) by extension 'ros'
[0.360s] DEBUG:colcon.colcon_core.package_identification:Package 'motor_control/src/realsense' with type 'ros.ament_python' and name 'realsense'
[0.360s] Level 1:colcon.colcon_core.package_identification:_identify(motor_control/src/tb4_arm_ros2) by extensions ['ignore', 'ignore_ament_install']
[0.360s] Level 1:colcon.colcon_core.package_identification:_identify(motor_control/src/tb4_arm_ros2) by extension 'ignore'
[0.360s] Level 1:colcon.colcon_core.package_identification:_identify(motor_control/src/tb4_arm_ros2) by extension 'ignore_ament_install'
[0.361s] Level 1:colcon.colcon_core.package_identification:_identify(motor_control/src/tb4_arm_ros2) by extensions ['colcon_pkg']
[0.361s] Level 1:colcon.colcon_core.package_identification:_identify(motor_control/src/tb4_arm_ros2) by extension 'colcon_pkg'
[0.361s] Level 1:colcon.colcon_core.package_identification:_identify(motor_control/src/tb4_arm_ros2) by extensions ['colcon_meta']
[0.361s] Level 1:colcon.colcon_core.package_identification:_identify(motor_control/src/tb4_arm_ros2) by extension 'colcon_meta'
[0.361s] Level 1:colcon.colcon_core.package_identification:_identify(motor_control/src/tb4_arm_ros2) by extensions ['ros']
[0.361s] Level 1:colcon.colcon_core.package_identification:_identify(motor_control/src/tb4_arm_ros2) by extension 'ros'
[0.361s] Level 1:colcon.colcon_core.package_identification:_identify(motor_control/src/tb4_arm_ros2) by extensions ['cmake', 'python']
[0.361s] Level 1:colcon.colcon_core.package_identification:_identify(motor_control/src/tb4_arm_ros2) by extension 'cmake'
[0.361s] Level 1:colcon.colcon_core.package_identification:_identify(motor_control/src/tb4_arm_ros2) by extension 'python'
[0.361s] Level 1:colcon.colcon_core.package_identification:_identify(motor_control/src/tb4_arm_ros2) by extensions ['python_setup_py']
[0.361s] Level 1:colcon.colcon_core.package_identification:_identify(motor_control/src/tb4_arm_ros2) by extension 'python_setup_py'
[0.361s] Level 1:colcon.colcon_core.package_identification:_identify(motor_control/src/tb4_arm_ros2/dynamixel_hardware) by extensions ['ignore', 'ignore_ament_install']
[0.361s] Level 1:colcon.colcon_core.package_identification:_identify(motor_control/src/tb4_arm_ros2/dynamixel_hardware) by extension 'ignore'
[0.361s] Level 1:colcon.colcon_core.package_identification:_identify(motor_control/src/tb4_arm_ros2/dynamixel_hardware) by extension 'ignore_ament_install'
[0.361s] Level 1:colcon.colcon_core.package_identification:_identify(motor_control/src/tb4_arm_ros2/dynamixel_hardware) by extensions ['colcon_pkg']
[0.361s] Level 1:colcon.colcon_core.package_identification:_identify(motor_control/src/tb4_arm_ros2/dynamixel_hardware) by extension 'colcon_pkg'
[0.361s] Level 1:colcon.colcon_core.package_identification:_identify(motor_control/src/tb4_arm_ros2/dynamixel_hardware) by extensions ['colcon_meta']
[0.361s] Level 1:colcon.colcon_core.package_identification:_identify(motor_control/src/tb4_arm_ros2/dynamixel_hardware) by extension 'colcon_meta'
[0.361s] Level 1:colcon.colcon_core.package_identification:_identify(motor_control/src/tb4_arm_ros2/dynamixel_hardware) by extensions ['ros']
[0.361s] Level 1:colcon.colcon_core.package_identification:_identify(motor_control/src/tb4_arm_ros2/dynamixel_hardware) by extension 'ros'
[0.362s] DEBUG:colcon.colcon_core.package_identification:Package 'motor_control/src/tb4_arm_ros2/dynamixel_hardware' with type 'ros.ament_cmake' and name 'dynamixel_hardware'
[0.362s] Level 1:colcon.colcon_core.package_identification:_identify(motor_control/src/tb4_arm_ros2/python_moveit2) by extensions ['ignore', 'ignore_ament_install']
[0.362s] Level 1:colcon.colcon_core.package_identification:_identify(motor_control/src/tb4_arm_ros2/python_moveit2) by extension 'ignore'
[0.362s] Level 1:colcon.colcon_core.package_identification:_identify(motor_control/src/tb4_arm_ros2/python_moveit2) by extension 'ignore_ament_install'
[0.362s] Level 1:colcon.colcon_core.package_identification:_identify(motor_control/src/tb4_arm_ros2/python_moveit2) by extensions ['colcon_pkg']
[0.362s] Level 1:colcon.colcon_core.package_identification:_identify(motor_control/src/tb4_arm_ros2/python_moveit2) by extension 'colcon_pkg'
[0.362s] Level 1:colcon.colcon_core.package_identification:_identify(motor_control/src/tb4_arm_ros2/python_moveit2) by extensions ['colcon_meta']
[0.362s] Level 1:colcon.colcon_core.package_identification:_identify(motor_control/src/tb4_arm_ros2/python_moveit2) by extension 'colcon_meta'
[0.362s] Level 1:colcon.colcon_core.package_identification:_identify(motor_control/src/tb4_arm_ros2/python_moveit2) by extensions ['ros']
[0.362s] Level 1:colcon.colcon_core.package_identification:_identify(motor_control/src/tb4_arm_ros2/python_moveit2) by extension 'ros'
[0.362s] DEBUG:colcon.colcon_core.package_identification:Package 'motor_control/src/tb4_arm_ros2/python_moveit2' with type 'ros.ament_python' and name 'python_moveit2'
[0.362s] Level 1:colcon.colcon_core.package_identification:_identify(motor_control/src/tb4_arm_ros2/python_moveit_interface) by extensions ['ignore', 'ignore_ament_install']
[0.362s] Level 1:colcon.colcon_core.package_identification:_identify(motor_control/src/tb4_arm_ros2/python_moveit_interface) by extension 'ignore'
[0.362s] Level 1:colcon.colcon_core.package_identification:_identify(motor_control/src/tb4_arm_ros2/python_moveit_interface) by extension 'ignore_ament_install'
[0.362s] Level 1:colcon.colcon_core.package_identification:_identify(motor_control/src/tb4_arm_ros2/python_moveit_interface) by extensions ['colcon_pkg']
[0.362s] Level 1:colcon.colcon_core.package_identification:_identify(motor_control/src/tb4_arm_ros2/python_moveit_interface) by extension 'colcon_pkg'
[0.362s] Level 1:colcon.colcon_core.package_identification:_identify(motor_control/src/tb4_arm_ros2/python_moveit_interface) by extensions ['colcon_meta']
[0.362s] Level 1:colcon.colcon_core.package_identification:_identify(motor_control/src/tb4_arm_ros2/python_moveit_interface) by extension 'colcon_meta'
[0.362s] Level 1:colcon.colcon_core.package_identification:_identify(motor_control/src/tb4_arm_ros2/python_moveit_interface) by extensions ['ros']
[0.362s] Level 1:colcon.colcon_core.package_identification:_identify(motor_control/src/tb4_arm_ros2/python_moveit_interface) by extension 'ros'
[0.363s] DEBUG:colcon.colcon_core.package_identification:Package 'motor_control/src/tb4_arm_ros2/python_moveit_interface' with type 'ros.ament_cmake' and name 'python_moveit_interface'
[0.363s] Level 1:colcon.colcon_core.package_identification:_identify(motor_control/src/tb4_arm_ros2/small_arm_description) by extensions ['ignore', 'ignore_ament_install']
[0.363s] Level 1:colcon.colcon_core.package_identification:_identify(motor_control/src/tb4_arm_ros2/small_arm_description) by extension 'ignore'
[0.363s] Level 1:colcon.colcon_core.package_identification:_identify(motor_control/src/tb4_arm_ros2/small_arm_description) by extension 'ignore_ament_install'
[0.363s] Level 1:colcon.colcon_core.package_identification:_identify(motor_control/src/tb4_arm_ros2/small_arm_description) by extensions ['colcon_pkg']
[0.363s] Level 1:colcon.colcon_core.package_identification:_identify(motor_control/src/tb4_arm_ros2/small_arm_description) by extension 'colcon_pkg'
[0.363s] Level 1:colcon.colcon_core.package_identification:_identify(motor_control/src/tb4_arm_ros2/small_arm_description) by extensions ['colcon_meta']
[0.363s] Level 1:colcon.colcon_core.package_identification:_identify(motor_control/src/tb4_arm_ros2/small_arm_description) by extension 'colcon_meta'
[0.363s] Level 1:colcon.colcon_core.package_identification:_identify(motor_control/src/tb4_arm_ros2/small_arm_description) by extensions ['ros']
[0.363s] Level 1:colcon.colcon_core.package_identification:_identify(motor_control/src/tb4_arm_ros2/small_arm_description) by extension 'ros'
[0.364s] DEBUG:colcon.colcon_core.package_identification:Package 'motor_control/src/tb4_arm_ros2/small_arm_description' with type 'ros.ament_cmake' and name 'small_arm_description'
[0.364s] Level 1:colcon.colcon_core.package_identification:_identify(motor_control/src/tb4_arm_ros2/small_arm_moveit_config) by extensions ['ignore', 'ignore_ament_install']
[0.364s] Level 1:colcon.colcon_core.package_identification:_identify(motor_control/src/tb4_arm_ros2/small_arm_moveit_config) by extension 'ignore'
[0.364s] Level 1:colcon.colcon_core.package_identification:_identify(motor_control/src/tb4_arm_ros2/small_arm_moveit_config) by extension 'ignore_ament_install'
[0.364s] Level 1:colcon.colcon_core.package_identification:_identify(motor_control/src/tb4_arm_ros2/small_arm_moveit_config) by extensions ['colcon_pkg']
[0.364s] Level 1:colcon.colcon_core.package_identification:_identify(motor_control/src/tb4_arm_ros2/small_arm_moveit_config) by extension 'colcon_pkg'
[0.364s] Level 1:colcon.colcon_core.package_identification:_identify(motor_control/src/tb4_arm_ros2/small_arm_moveit_config) by extensions ['colcon_meta']
[0.364s] Level 1:colcon.colcon_core.package_identification:_identify(motor_control/src/tb4_arm_ros2/small_arm_moveit_config) by extension 'colcon_meta'
[0.364s] Level 1:colcon.colcon_core.package_identification:_identify(motor_control/src/tb4_arm_ros2/small_arm_moveit_config) by extensions ['ros']
[0.364s] Level 1:colcon.colcon_core.package_identification:_identify(motor_control/src/tb4_arm_ros2/small_arm_moveit_config) by extension 'ros'
[0.365s] DEBUG:colcon.colcon_core.package_identification:Package 'motor_control/src/tb4_arm_ros2/small_arm_moveit_config' with type 'ros.ament_cmake' and name 'small_arm_moveit_config'
[0.365s] Level 1:colcon.colcon_core.package_identification:_identify(motor_control/src/tb4_arm_ros2/small_arm_moveit_cpp) by extensions ['ignore', 'ignore_ament_install']
[0.365s] Level 1:colcon.colcon_core.package_identification:_identify(motor_control/src/tb4_arm_ros2/small_arm_moveit_cpp) by extension 'ignore'
[0.365s] Level 1:colcon.colcon_core.package_identification:_identify(motor_control/src/tb4_arm_ros2/small_arm_moveit_cpp) by extension 'ignore_ament_install'
[0.365s] Level 1:colcon.colcon_core.package_identification:_identify(motor_control/src/tb4_arm_ros2/small_arm_moveit_cpp) by extensions ['colcon_pkg']
[0.365s] Level 1:colcon.colcon_core.package_identification:_identify(motor_control/src/tb4_arm_ros2/small_arm_moveit_cpp) by extension 'colcon_pkg'
[0.365s] Level 1:colcon.colcon_core.package_identification:_identify(motor_control/src/tb4_arm_ros2/small_arm_moveit_cpp) by extensions ['colcon_meta']
[0.365s] Level 1:colcon.colcon_core.package_identification:_identify(motor_control/src/tb4_arm_ros2/small_arm_moveit_cpp) by extension 'colcon_meta'
[0.365s] Level 1:colcon.colcon_core.package_identification:_identify(motor_control/src/tb4_arm_ros2/small_arm_moveit_cpp) by extensions ['ros']
[0.365s] Level 1:colcon.colcon_core.package_identification:_identify(motor_control/src/tb4_arm_ros2/small_arm_moveit_cpp) by extension 'ros'
[0.366s] DEBUG:colcon.colcon_core.package_identification:Package 'motor_control/src/tb4_arm_ros2/small_arm_moveit_cpp' with type 'ros.ament_cmake' and name 'small_arm_moveit_cpp'
[0.366s] Level 1:colcon.colcon_core.package_identification:_identify(small_arm_moveit_origin_cpp) by extensions ['ignore', 'ignore_ament_install']
[0.366s] Level 1:colcon.colcon_core.package_identification:_identify(small_arm_moveit_origin_cpp) by extension 'ignore'
[0.366s] Level 1:colcon.colcon_core.package_identification:_identify(small_arm_moveit_origin_cpp) by extension 'ignore_ament_install'
[0.366s] Level 1:colcon.colcon_core.package_identification:_identify(small_arm_moveit_origin_cpp) by extensions ['colcon_pkg']
[0.366s] Level 1:colcon.colcon_core.package_identification:_identify(small_arm_moveit_origin_cpp) by extension 'colcon_pkg'
[0.366s] Level 1:colcon.colcon_core.package_identification:_identify(small_arm_moveit_origin_cpp) by extensions ['colcon_meta']
[0.366s] Level 1:colcon.colcon_core.package_identification:_identify(small_arm_moveit_origin_cpp) by extension 'colcon_meta'
[0.366s] Level 1:colcon.colcon_core.package_identification:_identify(small_arm_moveit_origin_cpp) by extensions ['ros']
[0.366s] Level 1:colcon.colcon_core.package_identification:_identify(small_arm_moveit_origin_cpp) by extension 'ros'
[0.366s] DEBUG:colcon.colcon_core.package_identification:Package 'small_arm_moveit_origin_cpp' with type 'ros.ament_cmake' and name 'small_arm_moveit_cpp'
[0.366s] Level 1:colcon.colcon_core.package_identification:_identify(ubuntu22.04_ros2) by extensions ['ignore', 'ignore_ament_install']
[0.366s] Level 1:colcon.colcon_core.package_identification:_identify(ubuntu22.04_ros2) by extension 'ignore'
[0.367s] Level 1:colcon.colcon_core.package_identification:_identify(ubuntu22.04_ros2) by extension 'ignore_ament_install'
[0.367s] Level 1:colcon.colcon_core.package_identification:_identify(ubuntu22.04_ros2) by extensions ['colcon_pkg']
[0.367s] Level 1:colcon.colcon_core.package_identification:_identify(ubuntu22.04_ros2) by extension 'colcon_pkg'
[0.367s] Level 1:colcon.colcon_core.package_identification:_identify(ubuntu22.04_ros2) by extensions ['colcon_meta']
[0.367s] Level 1:colcon.colcon_core.package_identification:_identify(ubuntu22.04_ros2) by extension 'colcon_meta'
[0.367s] Level 1:colcon.colcon_core.package_identification:_identify(ubuntu22.04_ros2) by extensions ['ros']
[0.367s] Level 1:colcon.colcon_core.package_identification:_identify(ubuntu22.04_ros2) by extension 'ros'
[0.367s] Level 1:colcon.colcon_core.package_identification:_identify(ubuntu22.04_ros2) by extensions ['cmake', 'python']
[0.367s] Level 1:colcon.colcon_core.package_identification:_identify(ubuntu22.04_ros2) by extension 'cmake'
[0.367s] Level 1:colcon.colcon_core.package_identification:_identify(ubuntu22.04_ros2) by extension 'python'
[0.367s] Level 1:colcon.colcon_core.package_identification:_identify(ubuntu22.04_ros2) by extensions ['python_setup_py']
[0.367s] Level 1:colcon.colcon_core.package_identification:_identify(ubuntu22.04_ros2) by extension 'python_setup_py'
[0.367s] Level 1:colcon.colcon_core.package_identification:_identify(ubuntu22.04_ros2/compose) by extensions ['ignore', 'ignore_ament_install']
[0.367s] Level 1:colcon.colcon_core.package_identification:_identify(ubuntu22.04_ros2/compose) by extension 'ignore'
[0.367s] Level 1:colcon.colcon_core.package_identification:_identify(ubuntu22.04_ros2/compose) by extension 'ignore_ament_install'
[0.367s] Level 1:colcon.colcon_core.package_identification:_identify(ubuntu22.04_ros2/compose) by extensions ['colcon_pkg']
[0.367s] Level 1:colcon.colcon_core.package_identification:_identify(ubuntu22.04_ros2/compose) by extension 'colcon_pkg'
[0.367s] Level 1:colcon.colcon_core.package_identification:_identify(ubuntu22.04_ros2/compose) by extensions ['colcon_meta']
[0.367s] Level 1:colcon.colcon_core.package_identification:_identify(ubuntu22.04_ros2/compose) by extension 'colcon_meta'
[0.367s] Level 1:colcon.colcon_core.package_identification:_identify(ubuntu22.04_ros2/compose) by extensions ['ros']
[0.367s] Level 1:colcon.colcon_core.package_identification:_identify(ubuntu22.04_ros2/compose) by extension 'ros'
[0.367s] Level 1:colcon.colcon_core.package_identification:_identify(ubuntu22.04_ros2/compose) by extensions ['cmake', 'python']
[0.367s] Level 1:colcon.colcon_core.package_identification:_identify(ubuntu22.04_ros2/compose) by extension 'cmake'
[0.367s] Level 1:colcon.colcon_core.package_identification:_identify(ubuntu22.04_ros2/compose) by extension 'python'
[0.367s] Level 1:colcon.colcon_core.package_identification:_identify(ubuntu22.04_ros2/compose) by extensions ['python_setup_py']
[0.367s] Level 1:colcon.colcon_core.package_identification:_identify(ubuntu22.04_ros2/compose) by extension 'python_setup_py'
[0.367s] Level 1:colcon.colcon_core.package_identification:_identify(ubuntu22.04_ros2/compose/config) by extensions ['ignore', 'ignore_ament_install']
[0.367s] Level 1:colcon.colcon_core.package_identification:_identify(ubuntu22.04_ros2/compose/config) by extension 'ignore'
[0.367s] Level 1:colcon.colcon_core.package_identification:_identify(ubuntu22.04_ros2/compose/config) by extension 'ignore_ament_install'
[0.367s] Level 1:colcon.colcon_core.package_identification:_identify(ubuntu22.04_ros2/compose/config) by extensions ['colcon_pkg']
[0.367s] Level 1:colcon.colcon_core.package_identification:_identify(ubuntu22.04_ros2/compose/config) by extension 'colcon_pkg'
[0.367s] Level 1:colcon.colcon_core.package_identification:_identify(ubuntu22.04_ros2/compose/config) by extensions ['colcon_meta']
[0.367s] Level 1:colcon.colcon_core.package_identification:_identify(ubuntu22.04_ros2/compose/config) by extension 'colcon_meta'
[0.367s] Level 1:colcon.colcon_core.package_identification:_identify(ubuntu22.04_ros2/compose/config) by extensions ['ros']
[0.367s] Level 1:colcon.colcon_core.package_identification:_identify(ubuntu22.04_ros2/compose/config) by extension 'ros'
[0.367s] Level 1:colcon.colcon_core.package_identification:_identify(ubuntu22.04_ros2/compose/config) by extensions ['cmake', 'python']
[0.367s] Level 1:colcon.colcon_core.package_identification:_identify(ubuntu22.04_ros2/compose/config) by extension 'cmake'
[0.367s] Level 1:colcon.colcon_core.package_identification:_identify(ubuntu22.04_ros2/compose/config) by extension 'python'
[0.367s] Level 1:colcon.colcon_core.package_identification:_identify(ubuntu22.04_ros2/compose/config) by extensions ['python_setup_py']
[0.367s] Level 1:colcon.colcon_core.package_identification:_identify(ubuntu22.04_ros2/compose/config) by extension 'python_setup_py'
[0.367s] Level 1:colcon.colcon_core.package_identification:_identify(ubuntu22.04_ros2/compose/config/pip) by extensions ['ignore', 'ignore_ament_install']
[0.367s] Level 1:colcon.colcon_core.package_identification:_identify(ubuntu22.04_ros2/compose/config/pip) by extension 'ignore'
[0.367s] Level 1:colcon.colcon_core.package_identification:_identify(ubuntu22.04_ros2/compose/config/pip) by extension 'ignore_ament_install'
[0.367s] Level 1:colcon.colcon_core.package_identification:_identify(ubuntu22.04_ros2/compose/config/pip) by extensions ['colcon_pkg']
[0.367s] Level 1:colcon.colcon_core.package_identification:_identify(ubuntu22.04_ros2/compose/config/pip) by extension 'colcon_pkg'
[0.367s] Level 1:colcon.colcon_core.package_identification:_identify(ubuntu22.04_ros2/compose/config/pip) by extensions ['colcon_meta']
[0.367s] Level 1:colcon.colcon_core.package_identification:_identify(ubuntu22.04_ros2/compose/config/pip) by extension 'colcon_meta'
[0.367s] Level 1:colcon.colcon_core.package_identification:_identify(ubuntu22.04_ros2/compose/config/pip) by extensions ['ros']
[0.367s] Level 1:colcon.colcon_core.package_identification:_identify(ubuntu22.04_ros2/compose/config/pip) by extension 'ros'
[0.368s] Level 1:colcon.colcon_core.package_identification:_identify(ubuntu22.04_ros2/compose/config/pip) by extensions ['cmake', 'python']
[0.368s] Level 1:colcon.colcon_core.package_identification:_identify(ubuntu22.04_ros2/compose/config/pip) by extension 'cmake'
[0.368s] Level 1:colcon.colcon_core.package_identification:_identify(ubuntu22.04_ros2/compose/config/pip) by extension 'python'
[0.368s] Level 1:colcon.colcon_core.package_identification:_identify(ubuntu22.04_ros2/compose/config/pip) by extensions ['python_setup_py']
[0.368s] Level 1:colcon.colcon_core.package_identification:_identify(ubuntu22.04_ros2/compose/config/pip) by extension 'python_setup_py'
[0.368s] Level 1:colcon.colcon_core.package_identification:_identify(ubuntu22.04_ros2/compose/config/shell) by extensions ['ignore', 'ignore_ament_install']
[0.368s] Level 1:colcon.colcon_core.package_identification:_identify(ubuntu22.04_ros2/compose/config/shell) by extension 'ignore'
[0.368s] Level 1:colcon.colcon_core.package_identification:_identify(ubuntu22.04_ros2/compose/config/shell) by extension 'ignore_ament_install'
[0.368s] Level 1:colcon.colcon_core.package_identification:_identify(ubuntu22.04_ros2/compose/config/shell) by extensions ['colcon_pkg']
[0.368s] Level 1:colcon.colcon_core.package_identification:_identify(ubuntu22.04_ros2/compose/config/shell) by extension 'colcon_pkg'
[0.368s] Level 1:colcon.colcon_core.package_identification:_identify(ubuntu22.04_ros2/compose/config/shell) by extensions ['colcon_meta']
[0.368s] Level 1:colcon.colcon_core.package_identification:_identify(ubuntu22.04_ros2/compose/config/shell) by extension 'colcon_meta'
[0.368s] Level 1:colcon.colcon_core.package_identification:_identify(ubuntu22.04_ros2/compose/config/shell) by extensions ['ros']
[0.368s] Level 1:colcon.colcon_core.package_identification:_identify(ubuntu22.04_ros2/compose/config/shell) by extension 'ros'
[0.368s] Level 1:colcon.colcon_core.package_identification:_identify(ubuntu22.04_ros2/compose/config/shell) by extensions ['cmake', 'python']
[0.368s] Level 1:colcon.colcon_core.package_identification:_identify(ubuntu22.04_ros2/compose/config/shell) by extension 'cmake'
[0.368s] Level 1:colcon.colcon_core.package_identification:_identify(ubuntu22.04_ros2/compose/config/shell) by extension 'python'
[0.368s] Level 1:colcon.colcon_core.package_identification:_identify(ubuntu22.04_ros2/compose/config/shell) by extensions ['python_setup_py']
[0.368s] Level 1:colcon.colcon_core.package_identification:_identify(ubuntu22.04_ros2/compose/config/shell) by extension 'python_setup_py'
[0.368s] Level 1:colcon.colcon_core.package_identification:_identify(ubuntu22.04_ros2/compose/config/shell/terminator) by extensions ['ignore', 'ignore_ament_install']
[0.368s] Level 1:colcon.colcon_core.package_identification:_identify(ubuntu22.04_ros2/compose/config/shell/terminator) by extension 'ignore'
[0.368s] Level 1:colcon.colcon_core.package_identification:_identify(ubuntu22.04_ros2/compose/config/shell/terminator) by extension 'ignore_ament_install'
[0.368s] Level 1:colcon.colcon_core.package_identification:_identify(ubuntu22.04_ros2/compose/config/shell/terminator) by extensions ['colcon_pkg']
[0.368s] Level 1:colcon.colcon_core.package_identification:_identify(ubuntu22.04_ros2/compose/config/shell/terminator) by extension 'colcon_pkg'
[0.368s] Level 1:colcon.colcon_core.package_identification:_identify(ubuntu22.04_ros2/compose/config/shell/terminator) by extensions ['colcon_meta']
[0.368s] Level 1:colcon.colcon_core.package_identification:_identify(ubuntu22.04_ros2/compose/config/shell/terminator) by extension 'colcon_meta'
[0.368s] Level 1:colcon.colcon_core.package_identification:_identify(ubuntu22.04_ros2/compose/config/shell/terminator) by extensions ['ros']
[0.368s] Level 1:colcon.colcon_core.package_identification:_identify(ubuntu22.04_ros2/compose/config/shell/terminator) by extension 'ros'
[0.368s] Level 1:colcon.colcon_core.package_identification:_identify(ubuntu22.04_ros2/compose/config/shell/terminator) by extensions ['cmake', 'python']
[0.368s] Level 1:colcon.colcon_core.package_identification:_identify(ubuntu22.04_ros2/compose/config/shell/terminator) by extension 'cmake'
[0.368s] Level 1:colcon.colcon_core.package_identification:_identify(ubuntu22.04_ros2/compose/config/shell/terminator) by extension 'python'
[0.368s] Level 1:colcon.colcon_core.package_identification:_identify(ubuntu22.04_ros2/compose/config/shell/terminator) by extensions ['python_setup_py']
[0.368s] Level 1:colcon.colcon_core.package_identification:_identify(ubuntu22.04_ros2/compose/config/shell/terminator) by extension 'python_setup_py'
[0.368s] Level 1:colcon.colcon_core.package_identification:_identify(ubuntu22.04_ros2/compose/config/shell/tmux) by extensions ['ignore', 'ignore_ament_install']
[0.368s] Level 1:colcon.colcon_core.package_identification:_identify(ubuntu22.04_ros2/compose/config/shell/tmux) by extension 'ignore'
[0.368s] Level 1:colcon.colcon_core.package_identification:_identify(ubuntu22.04_ros2/compose/config/shell/tmux) by extension 'ignore_ament_install'
[0.368s] Level 1:colcon.colcon_core.package_identification:_identify(ubuntu22.04_ros2/compose/config/shell/tmux) by extensions ['colcon_pkg']
[0.368s] Level 1:colcon.colcon_core.package_identification:_identify(ubuntu22.04_ros2/compose/config/shell/tmux) by extension 'colcon_pkg'
[0.368s] Level 1:colcon.colcon_core.package_identification:_identify(ubuntu22.04_ros2/compose/config/shell/tmux) by extensions ['colcon_meta']
[0.368s] Level 1:colcon.colcon_core.package_identification:_identify(ubuntu22.04_ros2/compose/config/shell/tmux) by extension 'colcon_meta'
[0.368s] Level 1:colcon.colcon_core.package_identification:_identify(ubuntu22.04_ros2/compose/config/shell/tmux) by extensions ['ros']
[0.368s] Level 1:colcon.colcon_core.package_identification:_identify(ubuntu22.04_ros2/compose/config/shell/tmux) by extension 'ros'
[0.368s] Level 1:colcon.colcon_core.package_identification:_identify(ubuntu22.04_ros2/compose/config/shell/tmux) by extensions ['cmake', 'python']
[0.368s] Level 1:colcon.colcon_core.package_identification:_identify(ubuntu22.04_ros2/compose/config/shell/tmux) by extension 'cmake'
[0.368s] Level 1:colcon.colcon_core.package_identification:_identify(ubuntu22.04_ros2/compose/config/shell/tmux) by extension 'python'
[0.368s] Level 1:colcon.colcon_core.package_identification:_identify(ubuntu22.04_ros2/compose/config/shell/tmux) by extensions ['python_setup_py']
[0.368s] Level 1:colcon.colcon_core.package_identification:_identify(ubuntu22.04_ros2/compose/config/shell/tmux) by extension 'python_setup_py'
[0.368s] Level 1:colcon.colcon_core.package_identification:_identify(ubuntu22.04_ros2/config) by extensions ['ignore', 'ignore_ament_install']
[0.368s] Level 1:colcon.colcon_core.package_identification:_identify(ubuntu22.04_ros2/config) by extension 'ignore'
[0.368s] Level 1:colcon.colcon_core.package_identification:_identify(ubuntu22.04_ros2/config) by extension 'ignore_ament_install'
[0.369s] Level 1:colcon.colcon_core.package_identification:_identify(ubuntu22.04_ros2/config) by extensions ['colcon_pkg']
[0.369s] Level 1:colcon.colcon_core.package_identification:_identify(ubuntu22.04_ros2/config) by extension 'colcon_pkg'
[0.369s] Level 1:colcon.colcon_core.package_identification:_identify(ubuntu22.04_ros2/config) by extensions ['colcon_meta']
[0.369s] Level 1:colcon.colcon_core.package_identification:_identify(ubuntu22.04_ros2/config) by extension 'colcon_meta'
[0.369s] Level 1:colcon.colcon_core.package_identification:_identify(ubuntu22.04_ros2/config) by extensions ['ros']
[0.369s] Level 1:colcon.colcon_core.package_identification:_identify(ubuntu22.04_ros2/config) by extension 'ros'
[0.369s] Level 1:colcon.colcon_core.package_identification:_identify(ubuntu22.04_ros2/config) by extensions ['cmake', 'python']
[0.369s] Level 1:colcon.colcon_core.package_identification:_identify(ubuntu22.04_ros2/config) by extension 'cmake'
[0.369s] Level 1:colcon.colcon_core.package_identification:_identify(ubuntu22.04_ros2/config) by extension 'python'
[0.369s] Level 1:colcon.colcon_core.package_identification:_identify(ubuntu22.04_ros2/config) by extensions ['python_setup_py']
[0.369s] Level 1:colcon.colcon_core.package_identification:_identify(ubuntu22.04_ros2/config) by extension 'python_setup_py'
[0.369s] Level 1:colcon.colcon_core.package_identification:_identify(ubuntu22.04_ros2/config/pip) by extensions ['ignore', 'ignore_ament_install']
[0.369s] Level 1:colcon.colcon_core.package_identification:_identify(ubuntu22.04_ros2/config/pip) by extension 'ignore'
[0.369s] Level 1:colcon.colcon_core.package_identification:_identify(ubuntu22.04_ros2/config/pip) by extension 'ignore_ament_install'
[0.369s] Level 1:colcon.colcon_core.package_identification:_identify(ubuntu22.04_ros2/config/pip) by extensions ['colcon_pkg']
[0.369s] Level 1:colcon.colcon_core.package_identification:_identify(ubuntu22.04_ros2/config/pip) by extension 'colcon_pkg'
[0.369s] Level 1:colcon.colcon_core.package_identification:_identify(ubuntu22.04_ros2/config/pip) by extensions ['colcon_meta']
[0.369s] Level 1:colcon.colcon_core.package_identification:_identify(ubuntu22.04_ros2/config/pip) by extension 'colcon_meta'
[0.369s] Level 1:colcon.colcon_core.package_identification:_identify(ubuntu22.04_ros2/config/pip) by extensions ['ros']
[0.369s] Level 1:colcon.colcon_core.package_identification:_identify(ubuntu22.04_ros2/config/pip) by extension 'ros'
[0.369s] Level 1:colcon.colcon_core.package_identification:_identify(ubuntu22.04_ros2/config/pip) by extensions ['cmake', 'python']
[0.369s] Level 1:colcon.colcon_core.package_identification:_identify(ubuntu22.04_ros2/config/pip) by extension 'cmake'
[0.369s] Level 1:colcon.colcon_core.package_identification:_identify(ubuntu22.04_ros2/config/pip) by extension 'python'
[0.369s] Level 1:colcon.colcon_core.package_identification:_identify(ubuntu22.04_ros2/config/pip) by extensions ['python_setup_py']
[0.369s] Level 1:colcon.colcon_core.package_identification:_identify(ubuntu22.04_ros2/config/pip) by extension 'python_setup_py'
[0.369s] Level 1:colcon.colcon_core.package_identification:_identify(ubuntu22.04_ros2/config/shell) by extensions ['ignore', 'ignore_ament_install']
[0.369s] Level 1:colcon.colcon_core.package_identification:_identify(ubuntu22.04_ros2/config/shell) by extension 'ignore'
[0.369s] Level 1:colcon.colcon_core.package_identification:_identify(ubuntu22.04_ros2/config/shell) by extension 'ignore_ament_install'
[0.369s] Level 1:colcon.colcon_core.package_identification:_identify(ubuntu22.04_ros2/config/shell) by extensions ['colcon_pkg']
[0.369s] Level 1:colcon.colcon_core.package_identification:_identify(ubuntu22.04_ros2/config/shell) by extension 'colcon_pkg'
[0.369s] Level 1:colcon.colcon_core.package_identification:_identify(ubuntu22.04_ros2/config/shell) by extensions ['colcon_meta']
[0.369s] Level 1:colcon.colcon_core.package_identification:_identify(ubuntu22.04_ros2/config/shell) by extension 'colcon_meta'
[0.369s] Level 1:colcon.colcon_core.package_identification:_identify(ubuntu22.04_ros2/config/shell) by extensions ['ros']
[0.369s] Level 1:colcon.colcon_core.package_identification:_identify(ubuntu22.04_ros2/config/shell) by extension 'ros'
[0.369s] Level 1:colcon.colcon_core.package_identification:_identify(ubuntu22.04_ros2/config/shell) by extensions ['cmake', 'python']
[0.369s] Level 1:colcon.colcon_core.package_identification:_identify(ubuntu22.04_ros2/config/shell) by extension 'cmake'
[0.369s] Level 1:colcon.colcon_core.package_identification:_identify(ubuntu22.04_ros2/config/shell) by extension 'python'
[0.369s] Level 1:colcon.colcon_core.package_identification:_identify(ubuntu22.04_ros2/config/shell) by extensions ['python_setup_py']
[0.369s] Level 1:colcon.colcon_core.package_identification:_identify(ubuntu22.04_ros2/config/shell) by extension 'python_setup_py'
[0.369s] Level 1:colcon.colcon_core.package_identification:_identify(ubuntu22.04_ros2/config/shell/terminator) by extensions ['ignore', 'ignore_ament_install']
[0.369s] Level 1:colcon.colcon_core.package_identification:_identify(ubuntu22.04_ros2/config/shell/terminator) by extension 'ignore'
[0.369s] Level 1:colcon.colcon_core.package_identification:_identify(ubuntu22.04_ros2/config/shell/terminator) by extension 'ignore_ament_install'
[0.369s] Level 1:colcon.colcon_core.package_identification:_identify(ubuntu22.04_ros2/config/shell/terminator) by extensions ['colcon_pkg']
[0.369s] Level 1:colcon.colcon_core.package_identification:_identify(ubuntu22.04_ros2/config/shell/terminator) by extension 'colcon_pkg'
[0.369s] Level 1:colcon.colcon_core.package_identification:_identify(ubuntu22.04_ros2/config/shell/terminator) by extensions ['colcon_meta']
[0.369s] Level 1:colcon.colcon_core.package_identification:_identify(ubuntu22.04_ros2/config/shell/terminator) by extension 'colcon_meta'
[0.369s] Level 1:colcon.colcon_core.package_identification:_identify(ubuntu22.04_ros2/config/shell/terminator) by extensions ['ros']
[0.369s] Level 1:colcon.colcon_core.package_identification:_identify(ubuntu22.04_ros2/config/shell/terminator) by extension 'ros'
[0.369s] Level 1:colcon.colcon_core.package_identification:_identify(ubuntu22.04_ros2/config/shell/terminator) by extensions ['cmake', 'python']
[0.369s] Level 1:colcon.colcon_core.package_identification:_identify(ubuntu22.04_ros2/config/shell/terminator) by extension 'cmake'
[0.369s] Level 1:colcon.colcon_core.package_identification:_identify(ubuntu22.04_ros2/config/shell/terminator) by extension 'python'
[0.369s] Level 1:colcon.colcon_core.package_identification:_identify(ubuntu22.04_ros2/config/shell/terminator) by extensions ['python_setup_py']
[0.369s] Level 1:colcon.colcon_core.package_identification:_identify(ubuntu22.04_ros2/config/shell/terminator) by extension 'python_setup_py'
[0.370s] Level 1:colcon.colcon_core.package_identification:_identify(ubuntu22.04_ros2/config/shell/tmux) by extensions ['ignore', 'ignore_ament_install']
[0.370s] Level 1:colcon.colcon_core.package_identification:_identify(ubuntu22.04_ros2/config/shell/tmux) by extension 'ignore'
[0.370s] Level 1:colcon.colcon_core.package_identification:_identify(ubuntu22.04_ros2/config/shell/tmux) by extension 'ignore_ament_install'
[0.370s] Level 1:colcon.colcon_core.package_identification:_identify(ubuntu22.04_ros2/config/shell/tmux) by extensions ['colcon_pkg']
[0.370s] Level 1:colcon.colcon_core.package_identification:_identify(ubuntu22.04_ros2/config/shell/tmux) by extension 'colcon_pkg'
[0.370s] Level 1:colcon.colcon_core.package_identification:_identify(ubuntu22.04_ros2/config/shell/tmux) by extensions ['colcon_meta']
[0.370s] Level 1:colcon.colcon_core.package_identification:_identify(ubuntu22.04_ros2/config/shell/tmux) by extension 'colcon_meta'
[0.370s] Level 1:colcon.colcon_core.package_identification:_identify(ubuntu22.04_ros2/config/shell/tmux) by extensions ['ros']
[0.370s] Level 1:colcon.colcon_core.package_identification:_identify(ubuntu22.04_ros2/config/shell/tmux) by extension 'ros'
[0.370s] Level 1:colcon.colcon_core.package_identification:_identify(ubuntu22.04_ros2/config/shell/tmux) by extensions ['cmake', 'python']
[0.370s] Level 1:colcon.colcon_core.package_identification:_identify(ubuntu22.04_ros2/config/shell/tmux) by extension 'cmake'
[0.370s] Level 1:colcon.colcon_core.package_identification:_identify(ubuntu22.04_ros2/config/shell/tmux) by extension 'python'
[0.370s] Level 1:colcon.colcon_core.package_identification:_identify(ubuntu22.04_ros2/config/shell/tmux) by extensions ['python_setup_py']
[0.370s] Level 1:colcon.colcon_core.package_identification:_identify(ubuntu22.04_ros2/config/shell/tmux) by extension 'python_setup_py'
[0.370s] Level 1:colcon.colcon_core.package_discovery:discover_packages(recursive) using defaults
[0.370s] Level 1:colcon.colcon_core.package_discovery:discover_packages(ignore) discover
[0.370s] Level 1:colcon.colcon_core.package_discovery:discover_packages(ignore) using defaults
[0.370s] Level 1:colcon.colcon_core.package_discovery:discover_packages(path) discover
[0.370s] Level 1:colcon.colcon_core.package_discovery:discover_packages(path) using defaults
[0.401s] ERROR:colcon:colcon build: Duplicate package names not supported:
- small_arm_moveit_cpp:
  - motor_control/src/tb4_arm_ros2/small_arm_moveit_cpp
  - small_arm_moveit_origin_cpp
