[1.152s] Invoking command in '/home/darkdemon/work/motor_control/src/tb4_arm_ros2/python_moveit2': PYTHONPATH=/home/darkdemon/work/motor_control/build/python_moveit2/prefix_override:/usr/lib/python3/dist-packages/colcon_core/task/python/colcon_distutils_commands:/home/darkdemon/work/motor_control/install/python_moveit2/lib/python3.10/site-packages:${PYTHONPATH} /usr/bin/python3 -W ignore:setup.py install is deprecated -W ignore:easy_install command is deprecated setup.py egg_info --egg-base ../../../build/python_moveit2 build --build-base /home/darkdemon/work/motor_control/build/python_moveit2/build install --record /home/darkdemon/work/motor_control/build/python_moveit2/install.log --single-version-externally-managed install_data
[1.294s] running egg_info
[1.294s] writing ../../../build/python_moveit2/python_moveit2.egg-info/PKG-INFO
[1.295s] writing dependency_links to ../../../build/python_moveit2/python_moveit2.egg-info/dependency_links.txt
[1.295s] writing entry points to ../../../build/python_moveit2/python_moveit2.egg-info/entry_points.txt
[1.295s] writing requirements to ../../../build/python_moveit2/python_moveit2.egg-info/requires.txt
[1.295s] writing top-level names to ../../../build/python_moveit2/python_moveit2.egg-info/top_level.txt
[1.296s] reading manifest file '../../../build/python_moveit2/python_moveit2.egg-info/SOURCES.txt'
[1.296s] writing manifest file '../../../build/python_moveit2/python_moveit2.egg-info/SOURCES.txt'
[1.296s] running build
[1.296s] running build_py
[1.296s] copying python_moveit2/arm_test.py -> /home/darkdemon/work/motor_control/build/python_moveit2/build/lib/python_moveit2
[1.297s] running install
[1.297s] running install_lib
[1.297s] copying /home/darkdemon/work/motor_control/build/python_moveit2/build/lib/python_moveit2/arm_test.py -> /home/darkdemon/work/motor_control/install/python_moveit2/lib/python3.10/site-packages/python_moveit2
[1.298s] byte-compiling /home/darkdemon/work/motor_control/install/python_moveit2/lib/python3.10/site-packages/python_moveit2/arm_test.py to arm_test.cpython-310.pyc
[1.299s] running install_data
[1.299s] running install_egg_info
[1.301s] removing '/home/darkdemon/work/motor_control/install/python_moveit2/lib/python3.10/site-packages/python_moveit2-0.0.0-py3.10.egg-info' (and everything under it)
[1.301s] Copying ../../../build/python_moveit2/python_moveit2.egg-info to /home/darkdemon/work/motor_control/install/python_moveit2/lib/python3.10/site-packages/python_moveit2-0.0.0-py3.10.egg-info
[1.301s] running install_scripts
[1.316s] Installing arm_test script to /home/darkdemon/work/motor_control/install/python_moveit2/lib/python_moveit2
[1.316s] Installing main_control script to /home/darkdemon/work/motor_control/install/python_moveit2/lib/python_moveit2
[1.316s] writing list of installed files to '/home/darkdemon/work/motor_control/build/python_moveit2/install.log'
[1.332s] Invoked command in '/home/darkdemon/work/motor_control/src/tb4_arm_ros2/python_moveit2' returned '0': PYTHONPATH=/home/darkdemon/work/motor_control/build/python_moveit2/prefix_override:/usr/lib/python3/dist-packages/colcon_core/task/python/colcon_distutils_commands:/home/darkdemon/work/motor_control/install/python_moveit2/lib/python3.10/site-packages:${PYTHONPATH} /usr/bin/python3 -W ignore:setup.py install is deprecated -W ignore:easy_install command is deprecated setup.py egg_info --egg-base ../../../build/python_moveit2 build --build-base /home/darkdemon/work/motor_control/build/python_moveit2/build install --record /home/darkdemon/work/motor_control/build/python_moveit2/install.log --single-version-externally-managed install_data
