[35m[1mConsolidate compiler generated dependencies of target auto_pose_goal[0m
[35m[1mConsolidate compiler generated dependencies of target gripper_open[0m
[ 16%] Built target ee_pose_in_base
[ 25%] [32mBuilding CXX object CMakeFiles/named_goal.dir/src/named_goal.cpp.o[0m
[ 41%] Built target cartesian_path
[ 58%] Built target manual_pose_topic
[ 66%] [32mBuilding CXX object CMakeFiles/auto_pose_goal.dir/src/auto_pose_goal.cpp.o[0m
[ 75%] [32mBuilding CXX object CMakeFiles/gripper_open.dir/src/gripper_open.cpp.o[0m
[01m[K/home/darkdemon/work/motor_control/src/tb4_arm_ros2/small_arm_moveit_cpp/src/gripper_open.cpp:[m[K In function ‘[01m[Kint main(int, char**)[m[K’:
[01m[K/home/darkdemon/work/motor_control/src/tb4_arm_ros2/small_arm_moveit_cpp/src/gripper_open.cpp:153:22:[m[K [01;31m[Kerror: [m[K‘[01m[KMultiThreadedExector[m[K’ is not a member of ‘[01m[Krclcpp::executors[m[K’; did you mean ‘[01m[KMultiThreadedExecutor[m[K’?
  153 |   rclcpp::executors::[01;31m[KMultiThreadedExector[m[K executor;
      |                      [01;31m[K^~~~~~~~~~~~~~~~~~~~[m[K
      |                      [32m[KMultiThreadedExecutor[m[K
[01m[K/home/darkdemon/work/motor_control/src/tb4_arm_ros2/small_arm_moveit_cpp/src/gripper_open.cpp:154:3:[m[K [01;31m[Kerror: [m[K‘[01m[Kexec[m[K’ was not declared in this scope; did you mean ‘[01m[Kexecv[m[K’?
  154 |   [01;31m[Kexec[m[K.add_node(node);
      |   [01;31m[K^~~~[m[K
      |   [32m[Kexecv[m[K
[01m[K/home/darkdemon/work/motor_control/src/tb4_arm_ros2/small_arm_moveit_cpp/src/auto_pose_goal.cpp:[m[K In function ‘[01m[Kint main(int, char**)[m[K’:
[01m[K/home/darkdemon/work/motor_control/src/tb4_arm_ros2/small_arm_moveit_cpp/src/auto_pose_goal.cpp:192:3:[m[K [01;31m[Kerror: [m[K‘[01m[Kexec[m[K’ was not declared in this scope; did you mean ‘[01m[Kexecv[m[K’?
  192 |   [01;31m[Kexec[m[K.add_node(node);
      |   [01;31m[K^~~~[m[K
      |   [32m[Kexecv[m[K
[01m[K/home/darkdemon/work/motor_control/src/tb4_arm_ros2/small_arm_moveit_cpp/src/named_goal.cpp:[m[K In function ‘[01m[Kint main(int, char**)[m[K’:
[01m[K/home/darkdemon/work/motor_control/src/tb4_arm_ros2/small_arm_moveit_cpp/src/named_goal.cpp:95:3:[m[K [01;31m[Kerror: [m[K‘[01m[Kexec[m[K’ was not declared in this scope; did you mean ‘[01m[Kexecv[m[K’?
   95 |   [01;31m[Kexec[m[K.add_node(node);
      |   [01;31m[K^~~~[m[K
      |   [32m[Kexecv[m[K
gmake[2]: *** [CMakeFiles/gripper_open.dir/build.make:76: CMakeFiles/gripper_open.dir/src/gripper_open.cpp.o] Error 1
gmake[1]: *** [CMakeFiles/Makefile2:251: CMakeFiles/gripper_open.dir/all] Error 2
gmake[1]: *** Waiting for unfinished jobs....
gmake[2]: *** [CMakeFiles/named_goal.dir/build.make:76: CMakeFiles/named_goal.dir/src/named_goal.cpp.o] Error 1
gmake[1]: *** [CMakeFiles/Makefile2:225: CMakeFiles/named_goal.dir/all] Error 2
gmake[2]: *** [CMakeFiles/auto_pose_goal.dir/build.make:76: CMakeFiles/auto_pose_goal.dir/src/auto_pose_goal.cpp.o] Error 1
gmake[1]: *** [CMakeFiles/Makefile2:199: CMakeFiles/auto_pose_goal.dir/all] Error 2
gmake: *** [Makefile:146: all] Error 2
