running egg_info
writing ../../../../build/map_tool/map_tool.egg-info/PKG-INFO
writing dependency_links to ../../../../build/map_tool/map_tool.egg-info/dependency_links.txt
writing entry points to ../../../../build/map_tool/map_tool.egg-info/entry_points.txt
writing requirements to ../../../../build/map_tool/map_tool.egg-info/requires.txt
writing top-level names to ../../../../build/map_tool/map_tool.egg-info/top_level.txt
reading manifest file '../../../../build/map_tool/map_tool.egg-info/SOURCES.txt'
writing manifest file '../../../../build/map_tool/map_tool.egg-info/SOURCES.txt'
running build
running build_py
running install
running install_lib
running install_data
running install_egg_info
removing '/home/darkdemon/work/motor_control/install/map_tool/lib/python3.10/site-packages/map_tool-0.0.0-py3.10.egg-info' (and everything under it)
Copying ../../../../build/map_tool/map_tool.egg-info to /home/darkdemon/work/motor_control/install/map_tool/lib/python3.10/site-packages/map_tool-0.0.0-py3.10.egg-info
running install_scripts
Installing cmd_sender script to /home/darkdemon/work/motor_control/install/map_tool/lib/map_tool
Installing measure script to /home/darkdemon/work/motor_control/install/map_tool/lib/map_tool
Installing platform script to /home/darkdemon/work/motor_control/install/map_tool/lib/map_tool
writing list of installed files to '/home/darkdemon/work/motor_control/build/map_tool/install.log'
