[35m[1mConsolidate compiler generated dependencies of target auto_pose_goal[0m
[35m[1mConsolidate compiler generated dependencies of target gripper_open[0m
[ 20%] Built target ee_pose_in_base
[ 40%] Built target manual_pose_topic
[ 70%] [32mBuilding CXX object CMakeFiles/auto_pose_goal.dir/src/auto_pose_goal.cpp.o[0m
[ 70%] Built target named_goal
[ 80%] [32mBuilding CXX object CMakeFiles/gripper_open.dir/src/gripper_open.cpp.o[0m
[01m[K/home/darkdemon/work/motor_control/src/tb4_arm_ros2/small_arm_moveit_cpp/src/gripper_open.cpp:[m[K In member function ‘[01m[Kvoid GripperControlService::handle_service(std::shared_ptr<python_moveit_interface::srv::GripperControl_Request_<std::allocator<void> > >, std::shared_ptr<python_moveit_interface::srv::GripperControl_Response_<std::allocator<void> > >)[m[K’:
[01m[K/home/darkdemon/work/motor_control/src/tb4_arm_ros2/small_arm_moveit_cpp/src/gripper_open.cpp:73:37:[m[K [01;31m[Kerror: [m[Kno matching function for call to ‘[01m[Kmoveit::planning_interface::MoveGroupInterface::execute(moveit::planning_interface::MoveGroupInterface::Plan&, bool)[m[K’
   73 |       [01;31m[Kmove_group_interface_->execute(plan, true)[m[K;  // 等待執行結束
      |       [01;31m[K~~~~~~~~~~~~~~~~~~~~~~~~~~~~~~^~~~~~~~~~~~[m[K
In file included from [01m[K/home/darkdemon/work/motor_control/src/tb4_arm_ros2/small_arm_moveit_cpp/src/gripper_open.cpp:3[m[K:
[01m[K/opt/ros/humble/include/moveit/move_group_interface/move_group_interface.h:729:33:[m[K [01;36m[Knote: [m[Kcandidate: ‘[01m[Kmoveit::core::MoveItErrorCode moveit::planning_interface::MoveGroupInterface::execute(const moveit::planning_interface::MoveGroupInterface::Plan&)[m[K’
  729 |   moveit::core::MoveItErrorCode [01;36m[Kexecute[m[K(const Plan& plan);
      |                                 [01;36m[K^~~~~~~[m[K
[01m[K/opt/ros/humble/include/moveit/move_group_interface/move_group_interface.h:729:33:[m[K [01;36m[Knote: [m[K  candidate expects 1 argument, 2 provided
[01m[K/opt/ros/humble/include/moveit/move_group_interface/move_group_interface.h:732:33:[m[K [01;36m[Knote: [m[Kcandidate: ‘[01m[Kmoveit::core::MoveItErrorCode moveit::planning_interface::MoveGroupInterface::execute(const RobotTrajectory&)[m[K’
  732 |   moveit::core::MoveItErrorCode [01;36m[Kexecute[m[K(const moveit_msgs::msg::RobotTrajectory& trajectory);
      |                                 [01;36m[K^~~~~~~[m[K
[01m[K/opt/ros/humble/include/moveit/move_group_interface/move_group_interface.h:732:33:[m[K [01;36m[Knote: [m[K  candidate expects 1 argument, 2 provided
gmake[2]: *** [CMakeFiles/gripper_open.dir/build.make:76: CMakeFiles/gripper_open.dir/src/gripper_open.cpp.o] Error 1
gmake[1]: *** [CMakeFiles/Makefile2:223: CMakeFiles/gripper_open.dir/all] Error 2
gmake[1]: *** Waiting for unfinished jobs....
[ 90%] [32m[1mLinking CXX executable auto_pose_goal[0m
[ 90%] Built target auto_pose_goal
gmake: *** [Makefile:146: all] Error 2
