[1.409s] Invoking command in '/home/darkdemon/work/motor_control/src/RobotSot/src/map_tool': PYTHONPATH=/home/darkdemon/work/motor_control/build/map_tool/prefix_override:/usr/lib/python3/dist-packages/colcon_core/task/python/colcon_distutils_commands:/home/darkdemon/work/motor_control/install/map_tool/lib/python3.10/site-packages:${PYTHONPATH} /usr/bin/python3 -W ignore:setup.py install is deprecated -W ignore:easy_install command is deprecated setup.py egg_info --egg-base ../../../../build/map_tool build --build-base /home/darkdemon/work/motor_control/build/map_tool/build install --record /home/darkdemon/work/motor_control/build/map_tool/install.log --single-version-externally-managed install_data
[1.702s] running egg_info
[1.704s] creating ../../../../build/map_tool/map_tool.egg-info
[1.704s] writing ../../../../build/map_tool/map_tool.egg-info/PKG-INFO
[1.704s] writing dependency_links to ../../../../build/map_tool/map_tool.egg-info/dependency_links.txt
[1.704s] writing entry points to ../../../../build/map_tool/map_tool.egg-info/entry_points.txt
[1.705s] writing requirements to ../../../../build/map_tool/map_tool.egg-info/requires.txt
[1.705s] writing top-level names to ../../../../build/map_tool/map_tool.egg-info/top_level.txt
[1.705s] writing manifest file '../../../../build/map_tool/map_tool.egg-info/SOURCES.txt'
[1.706s] reading manifest file '../../../../build/map_tool/map_tool.egg-info/SOURCES.txt'
[1.722s] writing manifest file '../../../../build/map_tool/map_tool.egg-info/SOURCES.txt'
[1.722s] running build
[1.722s] running build_py
[1.722s] creating /home/darkdemon/work/motor_control/build/map_tool/build
[1.722s] creating /home/darkdemon/work/motor_control/build/map_tool/build/lib
[1.723s] creating /home/darkdemon/work/motor_control/build/map_tool/build/lib/map_tool
[1.723s] copying map_tool/measure.py -> /home/darkdemon/work/motor_control/build/map_tool/build/lib/map_tool
[1.723s] copying map_tool/__init__.py -> /home/darkdemon/work/motor_control/build/map_tool/build/lib/map_tool
[1.723s] copying map_tool/inital_pose.py -> /home/darkdemon/work/motor_control/build/map_tool/build/lib/map_tool
[1.723s] copying map_tool/command_sender.py -> /home/darkdemon/work/motor_control/build/map_tool/build/lib/map_tool
[1.723s] copying map_tool/platform.py -> /home/darkdemon/work/motor_control/build/map_tool/build/lib/map_tool
[1.723s] running install
[1.727s] running install_lib
[1.735s] creating /home/darkdemon/work/motor_control/install/map_tool/lib/python3.10/site-packages/map_tool
[1.735s] copying /home/darkdemon/work/motor_control/build/map_tool/build/lib/map_tool/measure.py -> /home/darkdemon/work/motor_control/install/map_tool/lib/python3.10/site-packages/map_tool
[1.736s] copying /home/darkdemon/work/motor_control/build/map_tool/build/lib/map_tool/__init__.py -> /home/darkdemon/work/motor_control/install/map_tool/lib/python3.10/site-packages/map_tool
[1.736s] copying /home/darkdemon/work/motor_control/build/map_tool/build/lib/map_tool/inital_pose.py -> /home/darkdemon/work/motor_control/install/map_tool/lib/python3.10/site-packages/map_tool
[1.736s] copying /home/darkdemon/work/motor_control/build/map_tool/build/lib/map_tool/command_sender.py -> /home/darkdemon/work/motor_control/install/map_tool/lib/python3.10/site-packages/map_tool
[1.736s] copying /home/darkdemon/work/motor_control/build/map_tool/build/lib/map_tool/platform.py -> /home/darkdemon/work/motor_control/install/map_tool/lib/python3.10/site-packages/map_tool
[1.736s] byte-compiling /home/darkdemon/work/motor_control/install/map_tool/lib/python3.10/site-packages/map_tool/measure.py to measure.cpython-310.pyc
[1.736s] byte-compiling /home/darkdemon/work/motor_control/install/map_tool/lib/python3.10/site-packages/map_tool/__init__.py to __init__.cpython-310.pyc
[1.736s] byte-compiling /home/darkdemon/work/motor_control/install/map_tool/lib/python3.10/site-packages/map_tool/inital_pose.py to inital_pose.cpython-310.pyc
[1.736s] byte-compiling /home/darkdemon/work/motor_control/install/map_tool/lib/python3.10/site-packages/map_tool/command_sender.py to command_sender.cpython-310.pyc
[1.736s] byte-compiling /home/darkdemon/work/motor_control/install/map_tool/lib/python3.10/site-packages/map_tool/platform.py to platform.cpython-310.pyc
[1.736s] running install_data
[1.736s] creating /home/darkdemon/work/motor_control/install/map_tool/share/ament_index
[1.736s] creating /home/darkdemon/work/motor_control/install/map_tool/share/ament_index/resource_index
[1.736s] creating /home/darkdemon/work/motor_control/install/map_tool/share/ament_index/resource_index/packages
[1.736s] copying resource/map_tool -> /home/darkdemon/work/motor_control/install/map_tool/share/ament_index/resource_index/packages
[1.736s] copying package.xml -> /home/darkdemon/work/motor_control/install/map_tool/share/map_tool
[1.736s] creating /home/darkdemon/work/motor_control/install/map_tool/share/map_tool/launch
[1.737s] copying launch/localization_launch.py -> /home/darkdemon/work/motor_control/install/map_tool/share/map_tool/launch
[1.737s] copying launch/nav_launch.py -> /home/darkdemon/work/motor_control/install/map_tool/share/map_tool/launch
[1.737s] running install_egg_info
[1.739s] Copying ../../../../build/map_tool/map_tool.egg-info to /home/darkdemon/work/motor_control/install/map_tool/lib/python3.10/site-packages/map_tool-0.0.0-py3.10.egg-info
[1.739s] running install_scripts
[1.766s] Installing cmd_sender script to /home/darkdemon/work/motor_control/install/map_tool/lib/map_tool
[1.766s] Installing measure script to /home/darkdemon/work/motor_control/install/map_tool/lib/map_tool
[1.766s] Installing platform script to /home/darkdemon/work/motor_control/install/map_tool/lib/map_tool
[1.766s] writing list of installed files to '/home/darkdemon/work/motor_control/build/map_tool/install.log'
[1.806s] Invoked command in '/home/darkdemon/work/motor_control/src/RobotSot/src/map_tool' returned '0': PYTHONPATH=/home/darkdemon/work/motor_control/build/map_tool/prefix_override:/usr/lib/python3/dist-packages/colcon_core/task/python/colcon_distutils_commands:/home/darkdemon/work/motor_control/install/map_tool/lib/python3.10/site-packages:${PYTHONPATH} /usr/bin/python3 -W ignore:setup.py install is deprecated -W ignore:easy_install command is deprecated setup.py egg_info --egg-base ../../../../build/map_tool build --build-base /home/darkdemon/work/motor_control/build/map_tool/build install --record /home/darkdemon/work/motor_control/build/map_tool/install.log --single-version-externally-managed install_data
