[0.020s] Invoking command in '/home/darkdemon/work/motor_control/build/dynamixel_workbench_toolbox': CMAKE_PREFIX_PATH=/opt/ros/humble /usr/bin/cmake /home/darkdemon/work/motor_control/src/dynamixel-workbench/dynamixel_workbench_toolbox -DCMAKE_INSTALL_PREFIX=/home/darkdemon/work/motor_control/install/dynamixel_workbench_toolbox
[0.180s] -- Found ament_cmake: 1.3.11 (/opt/ros/humble/share/ament_cmake/cmake)
[0.180s] -- Override CMake install command with custom implementation using symlinks instead of copying resources
[0.186s] [31mCMake Error at CMakeLists.txt:25 (find_package):
[0.186s]   By not providing "Finddynamixel_sdk.cmake" in CMAKE_MODULE_PATH this
[0.186s]   project has asked CMake to find a package configuration file provided by
[0.186s]   "dynamixel_sdk", but CMake did not find one.
[0.186s] 
[0.187s]   Could not find a package configuration file provided by "dynamixel_sdk"
[0.187s]   with any of the following names:
[0.187s] 
[0.187s]     dynamixel_sdkConfig.cmake
[0.187s]     dynamixel_sdk-config.cmake
[0.187s] 
[0.187s]   Add the installation prefix of "dynamixel_sdk" to CMAKE_PREFIX_PATH or set
[0.187s]   "dynamixel_sdk_DIR" to a directory containing one of the above files.  If
[0.187s]   "dynamixel_sdk" provides a separate development package or SDK, be sure it
[0.187s]   has been installed.
[0.187s] 
[0.187s] [0m
[0.187s] -- Configuring incomplete, errors occurred!
[0.187s] See also "/home/darkdemon/work/motor_control/build/dynamixel_workbench_toolbox/CMakeFiles/CMakeOutput.log".
[0.194s] Invoked command in '/home/darkdemon/work/motor_control/build/dynamixel_workbench_toolbox' returned '1': CMAKE_PREFIX_PATH=/opt/ros/humble /usr/bin/cmake /home/darkdemon/work/motor_control/src/dynamixel-workbench/dynamixel_workbench_toolbox -DCMAKE_INSTALL_PREFIX=/home/darkdemon/work/motor_control/install/dynamixel_workbench_toolbox
