[0.258s] Invoking command in '/home/darkdemon/work/motor_control/build/small_arm_moveit_cpp': CMAKE_PREFIX_PATH=${CMAKE_PREFIX_PATH}:/home/darkdemon/work/motor_control/install/python_moveit2:/opt/ros/humble /usr/bin/cmake --build /home/darkdemon/work/motor_control/build/small_arm_moveit_cpp -- -j20 -l20
[0.287s] -- Found ament_cmake: 1.3.11 (/opt/ros/humble/share/ament_cmake/cmake)
[0.423s] -- Override CMake install command with custom implementation using symlinks instead of copying resources
[0.430s] -- Found moveit_ros_planning_interface: 2.5.8 (/opt/ros/humble/share/moveit_ros_planning_interface/cmake)
[0.442s] -- Found Boost: /usr/lib/x86_64-linux-gnu/cmake/Boost-1.74.0/BoostConfig.cmake (found version "1.74.0") found components: date_time filesystem program_options system thread 
[0.468s] -- Found rosidl_generator_c: 3.1.6 (/opt/ros/humble/share/rosidl_generator_c/cmake)
[0.471s] -- Found rosidl_adapter: 3.1.6 (/opt/ros/humble/share/rosidl_adapter/cmake)
[0.476s] -- Found rosidl_generator_cpp: 3.1.6 (/opt/ros/humble/share/rosidl_generator_cpp/cmake)
[0.491s] -- Using all available rosidl_typesupport_c: rosidl_typesupport_fastrtps_c;rosidl_typesupport_introspection_c
[0.503s] -- Using all available rosidl_typesupport_cpp: rosidl_typesupport_fastrtps_cpp;rosidl_typesupport_introspection_cpp
[0.674s] -- Found Boost: /usr/lib/x86_64-linux-gnu/cmake/Boost-1.74.0/BoostConfig.cmake (found version "1.74.0") found components: chrono date_time filesystem iostreams program_options regex serialization system thread 
[0.695s] -- Found parameter_traits: 0.4.0 (/opt/ros/humble/share/parameter_traits/cmake)
[0.720s] -- Found rmw_implementation_cmake: 6.1.2 (/opt/ros/humble/share/rmw_implementation_cmake/cmake)
[0.721s] -- Found rmw_cyclonedds_cpp: 1.3.4 (/opt/ros/humble/share/rmw_cyclonedds_cpp/cmake)
[0.736s] -- Using RMW implementation 'rmw_cyclonedds_cpp' as default
[0.776s] -- Found rclcpp_lifecycle: 16.0.11 (/opt/ros/humble/share/rclcpp_lifecycle/cmake)
[0.794s] -- Found Boost: /usr/lib/x86_64-linux-gnu/cmake/Boost-1.74.0/BoostConfig.cmake (found version "1.74.0") found components: filesystem 
[0.825s] -- library: /usr/lib/x86_64-linux-gnu/libcurl.so
[0.848s] -- Ensuring Eigen3 include directory is part of orocos-kdl CMake target
[0.937s] -- Found Boost: /usr/lib/x86_64-linux-gnu/cmake/Boost-1.74.0/BoostConfig.cmake (found version "1.74.0") found components: system filesystem date_time program_options thread chrono 
[0.964s] -- Found Boost: /usr/lib/x86_64-linux-gnu/cmake/Boost-1.74.0/BoostConfig.cmake (found version "1.74.0") found components: thread system filesystem regex date_time program_options 
[0.990s] -- Found Boost: /usr/lib/x86_64-linux-gnu/cmake/Boost-1.74.0/BoostConfig.cmake (found version "1.74.0") found components: system filesystem date_time program_options thread 
[1.022s] -- Found ament_lint_auto: 0.12.11 (/opt/ros/humble/share/ament_lint_auto/cmake)
[1.081s] -- Added test 'cppcheck' to perform static code analysis on C / C++ code
[1.081s] -- Configured cppcheck include dirs: 
[1.081s] -- Configured cppcheck exclude dirs and/or files: 
[1.081s] -- Added test 'flake8' to check Python code syntax and style conventions
[1.081s] -- Added test 'lint_cmake' to check CMake code style
[1.081s] -- Added test 'pep257' to check Python code against some of the docstring style conventions in PEP 257
[1.082s] -- Added test 'uncrustify' to check C / C++ code style
[1.082s] -- Configured uncrustify additional arguments: 
[1.082s] -- Added test 'xmllint' to check XML markup files
[1.083s] -- Configuring done
[1.087s] [31mCMake Error at CMakeLists.txt:14 (add_executable):
[1.087s]   Cannot find source file:
[1.087s] 
[1.087s]     src/pose_goal.cpp
[1.087s] 
[1.088s]   Tried extensions .c .C .c++ .cc .cpp .cxx .cu .mpp .m .M .mm .ixx .cppm .h
[1.088s]   .hh .h++ .hm .hpp .hxx .in .txx .f .F .for .f77 .f90 .f95 .f03 .hip .ispc
[1.088s] 
[1.088s] [0m
[1.091s] [31mCMake Error at CMakeLists.txt:26 (add_executable):
[1.091s]   Cannot find source file:
[1.091s] 
[1.091s]     src/cartesian_path.cpp
[1.091s] 
[1.091s]   Tried extensions .c .C .c++ .cc .cpp .cxx .cu .mpp .m .M .mm .ixx .cppm .h
[1.091s]   .hh .h++ .hm .hpp .hxx .in .txx .f .F .for .f77 .f90 .f95 .f03 .hip .ispc
[1.091s] 
[1.091s] [0m
[1.091s] [31mCMake Error at CMakeLists.txt:50 (add_executable):
[1.091s]   Cannot find source file:
[1.091s] 
[1.091s]     src/pliz_move.cpp
[1.092s] 
[1.092s]   Tried extensions .c .C .c++ .cc .cpp .cxx .cu .mpp .m .M .mm .ixx .cppm .h
[1.092s]   .hh .h++ .hm .hpp .hxx .in .txx .f .F .for .f77 .f90 .f95 .f03 .hip .ispc
[1.092s] 
[1.092s] [0m
[1.092s] [31mCMake Error at CMakeLists.txt:56 (add_executable):
[1.092s]   Cannot find source file:
[1.092s] 
[1.092s]     src/tool_coordinate_move.cpp
[1.092s] 
[1.092s]   Tried extensions .c .C .c++ .cc .cpp .cxx .cu .mpp .m .M .mm .ixx .cppm .h
[1.092s]   .hh .h++ .hm .hpp .hxx .in .txx .f .F .for .f77 .f90 .f95 .f03 .hip .ispc
[1.092s] 
[1.092s] [0m
[1.095s] [31mCMake Error at CMakeLists.txt:14 (add_executable):
[1.095s]   No SOURCES given to target: pose_goal
[1.095s] 
[1.095s] [0m
[1.095s] [31mCMake Error at CMakeLists.txt:26 (add_executable):
[1.095s]   No SOURCES given to target: cartesian_path
[1.095s] 
[1.095s] [0m
[1.095s] [31mCMake Error at CMakeLists.txt:50 (add_executable):
[1.095s]   No SOURCES given to target: pliz_move
[1.095s] 
[1.096s] [0m
[1.096s] [31mCMake Error at CMakeLists.txt:56 (add_executable):
[1.096s]   No SOURCES given to target: tool_move
[1.096s] 
[1.096s] [0m
[1.096s] [0mCMake Generate step failed.  Build files cannot be regenerated correctly.[0m
[1.106s] gmake: *** [Makefile:267: cmake_check_build_system] Error 1
[1.107s] Invoked command in '/home/darkdemon/work/motor_control/build/small_arm_moveit_cpp' returned '2': CMAKE_PREFIX_PATH=${CMAKE_PREFIX_PATH}:/home/darkdemon/work/motor_control/install/python_moveit2:/opt/ros/humble /usr/bin/cmake --build /home/darkdemon/work/motor_control/build/small_arm_moveit_cpp -- -j20 -l20
