[0.034s] Invoking command in '/home/darkdemon/work/motor_control/build/dynamixel_workbench_toolbox': CMAKE_PREFIX_PATH=${CMAKE_PREFIX_PATH}:/home/darkdemon/work/motor_control/install/realsense:/home/darkdemon/work/motor_control/install/python_moveit2:/opt/ros/humble /usr/bin/cmake --build /home/darkdemon/work/motor_control/build/dynamixel_workbench_toolbox -- -j20 -l20
[0.362s] [100%] Built target dynamixel_workbench_toolbox
[0.376s] Invoked command in '/home/darkdemon/work/motor_control/build/dynamixel_workbench_toolbox' returned '0': CMAKE_PREFIX_PATH=${CMAKE_PREFIX_PATH}:/home/darkdemon/work/motor_control/install/realsense:/home/darkdemon/work/motor_control/install/python_moveit2:/opt/ros/humble /usr/bin/cmake --build /home/darkdemon/work/motor_control/build/dynamixel_workbench_toolbox -- -j20 -l20
[0.377s] Invoking command in '/home/darkdemon/work/motor_control/build/dynamixel_workbench_toolbox': CMAKE_PREFIX_PATH=${CMAKE_PREFIX_PATH}:/home/darkdemon/work/motor_control/install/realsense:/home/darkdemon/work/motor_control/install/python_moveit2:/opt/ros/humble /usr/bin/cmake --install /home/darkdemon/work/motor_control/build/dynamixel_workbench_toolbox
[0.385s] -- Install configuration: ""
[0.387s] -- Up-to-date: /home/darkdemon/work/motor_control/install/dynamixel_workbench_toolbox/lib/libdynamixel_workbench_toolbox.so
[0.387s] -- Up-to-date: /home/darkdemon/work/motor_control/install/dynamixel_workbench_toolbox/include/
[0.387s] -- Up-to-date: /home/darkdemon/work/motor_control/install/dynamixel_workbench_toolbox/include//dynamixel_workbench_toolbox
[0.387s] -- Up-to-date: /home/darkdemon/work/motor_control/install/dynamixel_workbench_toolbox/include//dynamixel_workbench_toolbox/dynamixel_item.h
[0.387s] -- Up-to-date: /home/darkdemon/work/motor_control/install/dynamixel_workbench_toolbox/include//dynamixel_workbench_toolbox/dynamixel_workbench.h
[0.387s] -- Up-to-date: /home/darkdemon/work/motor_control/install/dynamixel_workbench_toolbox/include//dynamixel_workbench_toolbox/dynamixel_driver.h
[0.387s] -- Up-to-date: /home/darkdemon/work/motor_control/install/dynamixel_workbench_toolbox/include//dynamixel_workbench_toolbox/dynamixel_tool.h
[0.387s] -- Up-to-date: /home/darkdemon/work/motor_control/install/dynamixel_workbench_toolbox/share/dynamixel_workbench_toolbox/environment/library_path.sh
[0.387s] -- Up-to-date: /home/darkdemon/work/motor_control/install/dynamixel_workbench_toolbox/share/dynamixel_workbench_toolbox/environment/library_path.dsv
[0.387s] -- Up-to-date: /home/darkdemon/work/motor_control/install/dynamixel_workbench_toolbox/share/ament_index/resource_index/package_run_dependencies/dynamixel_workbench_toolbox
[0.387s] -- Up-to-date: /home/darkdemon/work/motor_control/install/dynamixel_workbench_toolbox/share/ament_index/resource_index/parent_prefix_path/dynamixel_workbench_toolbox
[0.387s] -- Up-to-date: /home/darkdemon/work/motor_control/install/dynamixel_workbench_toolbox/share/dynamixel_workbench_toolbox/environment/ament_prefix_path.sh
[0.387s] -- Up-to-date: /home/darkdemon/work/motor_control/install/dynamixel_workbench_toolbox/share/dynamixel_workbench_toolbox/environment/ament_prefix_path.dsv
[0.387s] -- Up-to-date: /home/darkdemon/work/motor_control/install/dynamixel_workbench_toolbox/share/dynamixel_workbench_toolbox/environment/path.sh
[0.387s] -- Up-to-date: /home/darkdemon/work/motor_control/install/dynamixel_workbench_toolbox/share/dynamixel_workbench_toolbox/environment/path.dsv
[0.388s] -- Up-to-date: /home/darkdemon/work/motor_control/install/dynamixel_workbench_toolbox/share/dynamixel_workbench_toolbox/local_setup.bash
[0.388s] -- Up-to-date: /home/darkdemon/work/motor_control/install/dynamixel_workbench_toolbox/share/dynamixel_workbench_toolbox/local_setup.sh
[0.388s] -- Up-to-date: /home/darkdemon/work/motor_control/install/dynamixel_workbench_toolbox/share/dynamixel_workbench_toolbox/local_setup.zsh
[0.388s] -- Up-to-date: /home/darkdemon/work/motor_control/install/dynamixel_workbench_toolbox/share/dynamixel_workbench_toolbox/local_setup.dsv
[0.388s] -- Installing: /home/darkdemon/work/motor_control/install/dynamixel_workbench_toolbox/share/dynamixel_workbench_toolbox/package.dsv
[0.388s] -- Up-to-date: /home/darkdemon/work/motor_control/install/dynamixel_workbench_toolbox/share/ament_index/resource_index/packages/dynamixel_workbench_toolbox
[0.389s] -- Up-to-date: /home/darkdemon/work/motor_control/install/dynamixel_workbench_toolbox/share/dynamixel_workbench_toolbox/cmake/ament_cmake_export_include_directories-extras.cmake
[0.389s] -- Up-to-date: /home/darkdemon/work/motor_control/install/dynamixel_workbench_toolbox/share/dynamixel_workbench_toolbox/cmake/ament_cmake_export_dependencies-extras.cmake
[0.389s] -- Up-to-date: /home/darkdemon/work/motor_control/install/dynamixel_workbench_toolbox/share/dynamixel_workbench_toolbox/cmake/ament_cmake_export_libraries-extras.cmake
[0.389s] -- Up-to-date: /home/darkdemon/work/motor_control/install/dynamixel_workbench_toolbox/share/dynamixel_workbench_toolbox/cmake/dynamixel_workbench_toolboxConfig.cmake
[0.389s] -- Up-to-date: /home/darkdemon/work/motor_control/install/dynamixel_workbench_toolbox/share/dynamixel_workbench_toolbox/cmake/dynamixel_workbench_toolboxConfig-version.cmake
[0.389s] -- Up-to-date: /home/darkdemon/work/motor_control/install/dynamixel_workbench_toolbox/share/dynamixel_workbench_toolbox/package.xml
[0.414s] Invoked command in '/home/darkdemon/work/motor_control/build/dynamixel_workbench_toolbox' returned '0': CMAKE_PREFIX_PATH=${CMAKE_PREFIX_PATH}:/home/darkdemon/work/motor_control/install/realsense:/home/darkdemon/work/motor_control/install/python_moveit2:/opt/ros/humble /usr/bin/cmake --install /home/darkdemon/work/motor_control/build/dynamixel_workbench_toolbox
