[0.257s] Invoking command in '/home/darkdemon/work/motor_control/build/small_arm_moveit_cpp': CMAKE_PREFIX_PATH=${CMAKE_PREFIX_PATH}:/home/darkdemon/work/hand_eye_cali_ws/install/flexbe_onboard:/home/darkdemon/work/hand_eye_cali_ws/install/flexbe_states:/home/darkdemon/work/hand_eye_cali_ws/install/flexbe_mirror:/home/darkdemon/work/hand_eye_cali_ws/install/flexbe_input:/home/darkdemon/work/hand_eye_cali_ws/install/flexbe_core:/home/darkdemon/work/motor_control/install/python_moveit2:/opt/ros/humble /usr/bin/cmake --build /home/darkdemon/work/motor_control/build/small_arm_moveit_cpp -- -j20 -l20
[0.325s] [35m[1mConsolidate compiler generated dependencies of target pose_goal[0m
[0.325s] [35m[1mConsolidate compiler generated dependencies of target eye_hand_pose[0m
[0.347s] [ 10%] Built target gripper_joint_value
[0.348s] [ 20%] Built target named_goal
[0.349s] [ 30%] Built target pliz_move
[0.349s] [ 40%] Built target tool_move
[0.351s] [ 50%] Built target ee_pose_in_base
[0.352s] [ 60%] Built target gripper_open
[0.354s] [ 70%] Built target joint_goal
[0.355s] [ 75%] [32mBuilding CXX object CMakeFiles/eye_hand_pose.dir/src/eye_hand_pose.cpp.o[0m
[0.355s] [ 85%] Built target cartesian_path
[0.358s] [ 90%] [32mBuilding CXX object CMakeFiles/pose_goal.dir/src/pose_goal.cpp.o[0m
[4.400s] [01m[K/home/darkdemon/work/motor_control/src/tb4_arm_ros2/small_arm_moveit_cpp/src/eye_hand_pose.cpp:[m[K In function ‘[01m[Kint main(int, char**)[m[K’:
[4.400s] [01m[K/home/darkdemon/work/motor_control/src/tb4_arm_ros2/small_arm_moveit_cpp/src/eye_hand_pose.cpp:107:3:[m[K [01;31m[Kerror: [m[K‘[01m[Krclcp[m[K’ was not declared in this scope; did you mean ‘[01m[Krclcpp[m[K’?
[4.400s]   107 |   [01;31m[Krclcp[m[K p::init(argc, argv);  // 初始化 ROS2 節點
[4.400s]       |   [01;31m[K^~~~~[m[K
[4.400s]       |   [32m[Krclcpp[m[K
[4.401s] [01m[K/home/darkdemon/work/motor_control/src/tb4_arm_ros2/small_arm_moveit_cpp/src/eye_hand_pose.cpp:106:14:[m[K [01;35m[Kwarning: [m[Kunused parameter ‘[01m[Kargc[m[K’ [[01;35m[K]8;;https://gcc.gnu.org/onlinedocs/gcc/Warning-Options.html#index-Wunused-parameter-Wunused-parameter]8;;[m[K]
[4.401s]   106 | int main([01;35m[Kint argc[m[K, char * argv[]) {
[4.401s]       |          [01;35m[K~~~~^~~~[m[K
[4.401s] [01m[K/home/darkdemon/work/motor_control/src/tb4_arm_ros2/small_arm_moveit_cpp/src/eye_hand_pose.cpp:106:27:[m[K [01;35m[Kwarning: [m[Kunused parameter ‘[01m[Kargv[m[K’ [[01;35m[K]8;;https://gcc.gnu.org/onlinedocs/gcc/Warning-Options.html#index-Wunused-parameter-Wunused-parameter]8;;[m[K]
[4.401s]   106 | int main(int argc, [01;35m[Kchar * argv[][m[K) {
[4.401s]       |                    [01;35m[K~~~~~~~^~~~~~[m[K
[6.634s] gmake[2]: *** [CMakeFiles/eye_hand_pose.dir/build.make:76: CMakeFiles/eye_hand_pose.dir/src/eye_hand_pose.cpp.o] Error 1
[6.634s] gmake[1]: *** [CMakeFiles/Makefile2:389: CMakeFiles/eye_hand_pose.dir/all] Error 2
[6.634s] gmake[1]: *** Waiting for unfinished jobs....
[7.321s] [ 95%] [32m[1mLinking CXX executable pose_goal[0m
[7.977s] [ 95%] Built target pose_goal
[7.978s] gmake: *** [Makefile:146: all] Error 2
[7.979s] Invoked command in '/home/darkdemon/work/motor_control/build/small_arm_moveit_cpp' returned '2': CMAKE_PREFIX_PATH=${CMAKE_PREFIX_PATH}:/home/darkdemon/work/hand_eye_cali_ws/install/flexbe_onboard:/home/darkdemon/work/hand_eye_cali_ws/install/flexbe_states:/home/darkdemon/work/hand_eye_cali_ws/install/flexbe_mirror:/home/darkdemon/work/hand_eye_cali_ws/install/flexbe_input:/home/darkdemon/work/hand_eye_cali_ws/install/flexbe_core:/home/darkdemon/work/motor_control/install/python_moveit2:/opt/ros/humble /usr/bin/cmake --build /home/darkdemon/work/motor_control/build/small_arm_moveit_cpp -- -j20 -l20
