[0.758s] Invoking command in '/home/darkdemon/work/motor_control/build/small_arm_moveit_cpp': CMAKE_PREFIX_PATH=/home/darkdemon/work/motor_control/install/small_arm_moveit_cpp:/home/darkdemon/work/motor_control/install/small_arm_moveit_config:/home/darkdemon/work/motor_control/install/small_arm_description:/home/darkdemon/work/motor_control/install/visual:/home/darkdemon/work/motor_control/install/realsense:/home/darkdemon/work/motor_control/install/python_moveit2:/home/darkdemon/work/motor_control/install/map_tool:/home/darkdemon/work/motor_control/install/lidar_filter:/opt/ros/humble:/home/darkdemon/work/motor_control/install/python_moveit_interface:/home/darkdemon/work/motor_control/install/map_if:/home/darkdemon/work/motor_control/install/dynamixel_workbench:/home/darkdemon/work/motor_control/install/dynamixel_hardware:/home/darkdemon/work/motor_control/install/dynamixel_workbench_toolbox:/home/darkdemon/work/motor_control/install/dynamixel_workbench_msgs /usr/bin/cmake --build /home/darkdemon/work/motor_control/build/small_arm_moveit_cpp -- -j20 -l20
[0.799s] [35m[1mConsolidate compiler generated dependencies of target gripper_open[0m
[0.811s] [ 16%] Built target ee_pose_in_base
[0.811s] [ 25%] [32mBuilding CXX object CMakeFiles/named_goal.dir/src/named_goal.cpp.o[0m
[0.811s] [ 33%] [32mBuilding CXX object CMakeFiles/auto_pose_goal.dir/src/auto_pose_goal.cpp.o[0m
[0.814s] [ 50%] Built target cartesian_path
[0.817s] [ 66%] Built target manual_pose_topic
[0.825s] [ 75%] [32mBuilding CXX object CMakeFiles/gripper_open.dir/src/gripper_open.cpp.o[0m
[1.431s] [01m[K/home/darkdemon/work/motor_control/src/tb4_arm_ros2/small_arm_moveit_cpp/src/named_goal.cpp:5:10:[m[K [01;31m[Kfatal error: [m[Krclcpp/executor/multi_threaded_executor.hpp: No such file or directory
[1.431s]     5 | #include [01;31m[K<rclcpp/executor/multi_threaded_executor.hpp>[m[K
[1.431s]       |          [01;31m[K^~~~~~~~~~~~~~~~~~~~~~~~~~~~~~~~~~~~~~~~~~~~~[m[K
[1.431s] compilation terminated.
[1.435s] gmake[2]: *** [CMakeFiles/named_goal.dir/build.make:76: CMakeFiles/named_goal.dir/src/named_goal.cpp.o] Error 1
[1.435s] gmake[1]: *** [CMakeFiles/Makefile2:225: CMakeFiles/named_goal.dir/all] Error 2
[1.435s] gmake[1]: *** Waiting for unfinished jobs....
[4.561s] [01m[K/home/darkdemon/work/motor_control/src/tb4_arm_ros2/small_arm_moveit_cpp/src/auto_pose_goal.cpp:[m[K In function ‘[01m[Kint main(int, char**)[m[K’:
[4.561s] [01m[K/home/darkdemon/work/motor_control/src/tb4_arm_ros2/small_arm_moveit_cpp/src/auto_pose_goal.cpp:192:3:[m[K [01;31m[Kerror: [m[K‘[01m[Kexec[m[K’ was not declared in this scope; did you mean ‘[01m[Kexecv[m[K’?
[4.561s]   192 |   [01;31m[Kexec[m[K.add_node(node);
[4.561s]       |   [01;31m[K^~~~[m[K
[4.561s]       |   [32m[Kexecv[m[K
[4.755s] [01m[K/home/darkdemon/work/motor_control/src/tb4_arm_ros2/small_arm_moveit_cpp/src/gripper_open.cpp:[m[K In function ‘[01m[Kint main(int, char**)[m[K’:
[4.755s] [01m[K/home/darkdemon/work/motor_control/src/tb4_arm_ros2/small_arm_moveit_cpp/src/gripper_open.cpp:153:22:[m[K [01;31m[Kerror: [m[K‘[01m[KMultiThreadedExector[m[K’ is not a member of ‘[01m[Krclcpp::executors[m[K’; did you mean ‘[01m[KMultiThreadedExecutor[m[K’?
[4.755s]   153 |   rclcpp::executors::[01;31m[KMultiThreadedExector[m[K executor;
[4.755s]       |                      [01;31m[K^~~~~~~~~~~~~~~~~~~~[m[K
[4.755s]       |                      [32m[KMultiThreadedExecutor[m[K
[4.758s] [01m[K/home/darkdemon/work/motor_control/src/tb4_arm_ros2/small_arm_moveit_cpp/src/gripper_open.cpp:154:3:[m[K [01;31m[Kerror: [m[K‘[01m[Kexec[m[K’ was not declared in this scope; did you mean ‘[01m[Kexecv[m[K’?
[4.758s]   154 |   [01;31m[Kexec[m[K.add_node(node);
[4.758s]       |   [01;31m[K^~~~[m[K
[4.758s]       |   [32m[Kexecv[m[K
[7.033s] gmake[2]: *** [CMakeFiles/gripper_open.dir/build.make:76: CMakeFiles/gripper_open.dir/src/gripper_open.cpp.o] Error 1
[7.033s] gmake[1]: *** [CMakeFiles/Makefile2:251: CMakeFiles/gripper_open.dir/all] Error 2
[7.665s] gmake[2]: *** [CMakeFiles/auto_pose_goal.dir/build.make:76: CMakeFiles/auto_pose_goal.dir/src/auto_pose_goal.cpp.o] Error 1
[7.665s] gmake[1]: *** [CMakeFiles/Makefile2:199: CMakeFiles/auto_pose_goal.dir/all] Error 2
[7.665s] gmake: *** [Makefile:146: all] Error 2
[7.667s] Invoked command in '/home/darkdemon/work/motor_control/build/small_arm_moveit_cpp' returned '2': CMAKE_PREFIX_PATH=/home/darkdemon/work/motor_control/install/small_arm_moveit_cpp:/home/darkdemon/work/motor_control/install/small_arm_moveit_config:/home/darkdemon/work/motor_control/install/small_arm_description:/home/darkdemon/work/motor_control/install/visual:/home/darkdemon/work/motor_control/install/realsense:/home/darkdemon/work/motor_control/install/python_moveit2:/home/darkdemon/work/motor_control/install/map_tool:/home/darkdemon/work/motor_control/install/lidar_filter:/opt/ros/humble:/home/darkdemon/work/motor_control/install/python_moveit_interface:/home/darkdemon/work/motor_control/install/map_if:/home/darkdemon/work/motor_control/install/dynamixel_workbench:/home/darkdemon/work/motor_control/install/dynamixel_hardware:/home/darkdemon/work/motor_control/install/dynamixel_workbench_toolbox:/home/darkdemon/work/motor_control/install/dynamixel_workbench_msgs /usr/bin/cmake --build /home/darkdemon/work/motor_control/build/small_arm_moveit_cpp -- -j20 -l20
