[0.717s] Invoking command in '/home/darkdemon/work/motor_control/build/small_arm_moveit_cpp': CMAKE_PREFIX_PATH=/home/darkdemon/work/motor_control/install/small_arm_moveit_cpp:/home/darkdemon/work/motor_control/install/small_arm_moveit_config:/home/darkdemon/work/motor_control/install/small_arm_description:/home/darkdemon/work/motor_control/install/visual:/home/darkdemon/work/motor_control/install/realsense:/home/darkdemon/work/motor_control/install/python_moveit2:/home/darkdemon/work/motor_control/install/map_tool:/home/darkdemon/work/motor_control/install/lidar_filter:/opt/ros/humble:/home/darkdemon/work/motor_control/install/python_moveit_interface:/home/darkdemon/work/motor_control/install/map_if:/home/darkdemon/work/motor_control/install/dynamixel_workbench:/home/darkdemon/work/motor_control/install/dynamixel_hardware:/home/darkdemon/work/motor_control/install/dynamixel_workbench_toolbox:/home/darkdemon/work/motor_control/install/dynamixel_workbench_msgs /usr/bin/cmake --build /home/darkdemon/work/motor_control/build/small_arm_moveit_cpp -- -j20 -l20
[0.755s] [35m[1mConsolidate compiler generated dependencies of target named_goal[0m
[0.756s] [35m[1mConsolidate compiler generated dependencies of target gripper_open[0m
[0.759s] [35m[1mConsolidate compiler generated dependencies of target auto_pose_goal[0m
[0.767s] [ 16%] Built target ee_pose_in_base
[0.770s] [ 33%] Built target cartesian_path
[0.771s] [ 41%] [32mBuilding CXX object CMakeFiles/named_goal.dir/src/named_goal.cpp.o[0m
[0.775s] [ 58%] Built target manual_pose_topic
[0.775s] [ 66%] [32mBuilding CXX object CMakeFiles/auto_pose_goal.dir/src/auto_pose_goal.cpp.o[0m
[0.777s] [ 83%] Built target gripper_open
[4.150s] [01m[K/home/darkdemon/work/motor_control/src/tb4_arm_ros2/small_arm_moveit_cpp/src/auto_pose_goal.cpp:[m[K In function ‘[01m[Kint main(int, char**)[m[K’:
[4.150s] [01m[K/home/darkdemon/work/motor_control/src/tb4_arm_ros2/small_arm_moveit_cpp/src/auto_pose_goal.cpp:192:3:[m[K [01;31m[Kerror: [m[K‘[01m[Kexecutor[m[K’ was not declared in this scope; did you mean ‘[01m[Kexector[m[K’?
[4.150s]   192 |   [01;31m[Kexecutor[m[K.add_node(node);
[4.150s]       |   [01;31m[K^~~~~~~~[m[K
[4.150s]       |   [32m[Kexector[m[K
[6.542s] [ 91%] [32m[1mLinking CXX executable named_goal[0m
[6.801s] [ 91%] Built target named_goal
[7.248s] gmake[2]: *** [CMakeFiles/auto_pose_goal.dir/build.make:76: CMakeFiles/auto_pose_goal.dir/src/auto_pose_goal.cpp.o] Error 1
[7.248s] gmake[1]: *** [CMakeFiles/Makefile2:199: CMakeFiles/auto_pose_goal.dir/all] Error 2
[7.248s] gmake: *** [Makefile:146: all] Error 2
[7.250s] Invoked command in '/home/darkdemon/work/motor_control/build/small_arm_moveit_cpp' returned '2': CMAKE_PREFIX_PATH=/home/darkdemon/work/motor_control/install/small_arm_moveit_cpp:/home/darkdemon/work/motor_control/install/small_arm_moveit_config:/home/darkdemon/work/motor_control/install/small_arm_description:/home/darkdemon/work/motor_control/install/visual:/home/darkdemon/work/motor_control/install/realsense:/home/darkdemon/work/motor_control/install/python_moveit2:/home/darkdemon/work/motor_control/install/map_tool:/home/darkdemon/work/motor_control/install/lidar_filter:/opt/ros/humble:/home/darkdemon/work/motor_control/install/python_moveit_interface:/home/darkdemon/work/motor_control/install/map_if:/home/darkdemon/work/motor_control/install/dynamixel_workbench:/home/darkdemon/work/motor_control/install/dynamixel_hardware:/home/darkdemon/work/motor_control/install/dynamixel_workbench_toolbox:/home/darkdemon/work/motor_control/install/dynamixel_workbench_msgs /usr/bin/cmake --build /home/darkdemon/work/motor_control/build/small_arm_moveit_cpp -- -j20 -l20
