/home/darkdemon/work/motor_control/install/visual/lib/python3.10/site-packages/visual/slave.py
/home/darkdemon/work/motor_control/install/visual/lib/python3.10/site-packages/visual/__init__.py
/home/darkdemon/work/motor_control/install/visual/lib/python3.10/site-packages/visual/visual_ros.py
/home/darkdemon/work/motor_control/install/visual/lib/python3.10/site-packages/visual/visual.py
/home/darkdemon/work/motor_control/install/visual/lib/python3.10/site-packages/visual/__pycache__/slave.cpython-310.pyc
/home/darkdemon/work/motor_control/install/visual/lib/python3.10/site-packages/visual/__pycache__/__init__.cpython-310.pyc
/home/darkdemon/work/motor_control/install/visual/lib/python3.10/site-packages/visual/__pycache__/visual_ros.cpython-310.pyc
/home/darkdemon/work/motor_control/install/visual/lib/python3.10/site-packages/visual/__pycache__/visual.cpython-310.pyc
/home/darkdemon/work/motor_control/install/visual/share/ament_index/resource_index/packages/visual
/home/darkdemon/work/motor_control/install/visual/share/visual/package.xml
/home/darkdemon/work/motor_control/install/visual/lib/visual/visual_ros.py
/home/darkdemon/work/motor_control/install/visual/lib/visual/robot.png
/home/darkdemon/work/motor_control/install/visual/lib/python3.10/site-packages/visual-0.0.0-py3.10.egg-info/requires.txt
/home/darkdemon/work/motor_control/install/visual/lib/python3.10/site-packages/visual-0.0.0-py3.10.egg-info/top_level.txt
/home/darkdemon/work/motor_control/install/visual/lib/python3.10/site-packages/visual-0.0.0-py3.10.egg-info/entry_points.txt
/home/darkdemon/work/motor_control/install/visual/lib/python3.10/site-packages/visual-0.0.0-py3.10.egg-info/zip-safe
/home/darkdemon/work/motor_control/install/visual/lib/python3.10/site-packages/visual-0.0.0-py3.10.egg-info/PKG-INFO
/home/darkdemon/work/motor_control/install/visual/lib/python3.10/site-packages/visual-0.0.0-py3.10.egg-info/dependency_links.txt
/home/darkdemon/work/motor_control/install/visual/lib/python3.10/site-packages/visual-0.0.0-py3.10.egg-info/SOURCES.txt
/home/darkdemon/work/motor_control/install/visual/lib/visual/main
/home/darkdemon/work/motor_control/install/visual/lib/visual/slave
