[0.470s] Invoking command in '/home/darkdemon/work/motor_control/build/python_moveit_interface': /usr/bin/cmake --build /home/darkdemon/work/motor_control/build/python_moveit_interface -- -j20 -l20
[0.620s] [  1%] Built target python_moveit_interface__cpp
[0.620s] [ 12%] Built target python_moveit_interface__rosidl_generator_c
[0.620s] [ 12%] Built target ament_cmake_python_copy_python_moveit_interface
[0.621s] [ 23%] Built target python_moveit_interface__rosidl_typesupport_cpp
[0.621s] [ 34%] Built target python_moveit_interface__rosidl_typesupport_introspection_c
[0.621s] [ 45%] Built target python_moveit_interface__rosidl_typesupport_fastrtps_cpp
[0.621s] [ 56%] Built target python_moveit_interface__rosidl_typesupport_c
[0.621s] [ 67%] Built target python_moveit_interface__rosidl_typesupport_fastrtps_c
[0.621s] [ 78%] Built target python_moveit_interface__rosidl_typesupport_introspection_cpp
[0.621s] [ 78%] Built target python_moveit_interface
[0.621s] [ 80%] Built target python_moveit_interface__py
[0.621s] [ 89%] Built target python_moveit_interface__rosidl_generator_py
[0.621s] [ 92%] Built target python_moveit_interface__rosidl_typesupport_introspection_c__pyext
[0.621s] [100%] Built target python_moveit_interface__rosidl_typesupport_c__pyext
[0.621s] [100%] Built target python_moveit_interface__rosidl_typesupport_fastrtps_c__pyext
[0.657s] running egg_info
[0.657s] writing python_moveit_interface.egg-info/PKG-INFO
[0.657s] writing dependency_links to python_moveit_interface.egg-info/dependency_links.txt
[0.658s] writing top-level names to python_moveit_interface.egg-info/top_level.txt
[0.659s] reading manifest file 'python_moveit_interface.egg-info/SOURCES.txt'
[0.659s] writing manifest file 'python_moveit_interface.egg-info/SOURCES.txt'
[0.677s] [100%] Built target ament_cmake_python_build_python_moveit_interface_egg
[0.811s] Invoked command in '/home/darkdemon/work/motor_control/build/python_moveit_interface' returned '0': /usr/bin/cmake --build /home/darkdemon/work/motor_control/build/python_moveit_interface -- -j20 -l20
[0.812s] Invoking command in '/home/darkdemon/work/motor_control/build/python_moveit_interface': /usr/bin/cmake --install /home/darkdemon/work/motor_control/build/python_moveit_interface
