[  3%] Built target map_if__cpp
[ 12%] Built target map_if__rosidl_generator_c
[ 12%] Built target ament_cmake_python_copy_map_if
[ 35%] Built target map_if__rosidl_typesupport_c
[ 38%] Built target map_if__rosidl_typesupport_introspection_cpp
[ 41%] Built target map_if__rosidl_typesupport_fastrtps_cpp
[ 51%] Built target map_if__rosidl_typesupport_cpp
[ 61%] Built target map_if__rosidl_typesupport_introspection_c
[ 70%] Built target map_if__rosidl_typesupport_fastrtps_c
[ 70%] Built target map_if
[ 74%] Built target map_if__py
[ 80%] Built target map_if__rosidl_generator_py
[ 93%] Built target map_if__rosidl_typesupport_introspection_c__pyext
[ 93%] Built target map_if__rosidl_typesupport_fastrtps_c__pyext
[100%] Built target map_if__rosidl_typesupport_c__pyext
running egg_info
writing map_if.egg-info/PKG-INFO
writing dependency_links to map_if.egg-info/dependency_links.txt
writing top-level names to map_if.egg-info/top_level.txt
reading manifest file 'map_if.egg-info/SOURCES.txt'
writing manifest file 'map_if.egg-info/SOURCES.txt'
[100%] Built target ament_cmake_python_build_map_if_egg
-- Install configuration: ""
-- Up-to-date: /home/darkdemon/work/motor_control/install/map_if/share/ament_index/resource_index/rosidl_interfaces/map_if
-- Up-to-date: /home/darkdemon/work/motor_control/install/map_if/include/map_if/map_if
-- Up-to-date: /home/darkdemon/work/motor_control/install/map_if/include/map_if/map_if/msg
-- Up-to-date: /home/darkdemon/work/motor_control/install/map_if/include/map_if/map_if/msg/rosidl_generator_c__visibility_control.h
-- Up-to-date: /home/darkdemon/work/motor_control/install/map_if/include/map_if/map_if/srv
-- Up-to-date: /home/darkdemon/work/motor_control/install/map_if/include/map_if/map_if/srv/detail
-- Up-to-date: /home/darkdemon/work/motor_control/install/map_if/include/map_if/map_if/srv/detail/command__struct.h
-- Up-to-date: /home/darkdemon/work/motor_control/install/map_if/include/map_if/map_if/srv/detail/command__functions.h
-- Up-to-date: /home/darkdemon/work/motor_control/install/map_if/include/map_if/map_if/srv/detail/command__functions.c
-- Up-to-date: /home/darkdemon/work/motor_control/install/map_if/include/map_if/map_if/srv/detail/command__type_support.h
-- Up-to-date: /home/darkdemon/work/motor_control/install/map_if/include/map_if/map_if/srv/command.h
-- Up-to-date: /home/darkdemon/work/motor_control/install/map_if/share/map_if/environment/library_path.sh
-- Up-to-date: /home/darkdemon/work/motor_control/install/map_if/share/map_if/environment/library_path.dsv
-- Up-to-date: /home/darkdemon/work/motor_control/install/map_if/lib/libmap_if__rosidl_generator_c.so
-- Up-to-date: /home/darkdemon/work/motor_control/install/map_if/include/map_if/map_if
-- Up-to-date: /home/darkdemon/work/motor_control/install/map_if/include/map_if/map_if/msg
-- Up-to-date: /home/darkdemon/work/motor_control/install/map_if/include/map_if/map_if/msg/rosidl_typesupport_fastrtps_c__visibility_control.h
-- Up-to-date: /home/darkdemon/work/motor_control/install/map_if/include/map_if/map_if/srv
-- Up-to-date: /home/darkdemon/work/motor_control/install/map_if/include/map_if/map_if/srv/detail
-- Up-to-date: /home/darkdemon/work/motor_control/install/map_if/include/map_if/map_if/srv/detail/command__rosidl_typesupport_fastrtps_c.h
-- Up-to-date: /home/darkdemon/work/motor_control/install/map_if/lib/libmap_if__rosidl_typesupport_fastrtps_c.so
-- Up-to-date: /home/darkdemon/work/motor_control/install/map_if/include/map_if/map_if
-- Up-to-date: /home/darkdemon/work/motor_control/install/map_if/include/map_if/map_if/msg
-- Up-to-date: /home/darkdemon/work/motor_control/install/map_if/include/map_if/map_if/msg/rosidl_typesupport_introspection_c__visibility_control.h
-- Up-to-date: /home/darkdemon/work/motor_control/install/map_if/include/map_if/map_if/srv
-- Up-to-date: /home/darkdemon/work/motor_control/install/map_if/include/map_if/map_if/srv/detail
-- Up-to-date: /home/darkdemon/work/motor_control/install/map_if/include/map_if/map_if/srv/detail/command__rosidl_typesupport_introspection_c.h
-- Up-to-date: /home/darkdemon/work/motor_control/install/map_if/include/map_if/map_if/srv/detail/command__type_support.c
-- Up-to-date: /home/darkdemon/work/motor_control/install/map_if/lib/libmap_if__rosidl_typesupport_introspection_c.so
-- Up-to-date: /home/darkdemon/work/motor_control/install/map_if/lib/libmap_if__rosidl_typesupport_c.so
-- Up-to-date: /home/darkdemon/work/motor_control/install/map_if/include/map_if/map_if
-- Up-to-date: /home/darkdemon/work/motor_control/install/map_if/include/map_if/map_if/msg
-- Up-to-date: /home/darkdemon/work/motor_control/install/map_if/include/map_if/map_if/msg/rosidl_generator_cpp__visibility_control.hpp
-- Up-to-date: /home/darkdemon/work/motor_control/install/map_if/include/map_if/map_if/srv
-- Up-to-date: /home/darkdemon/work/motor_control/install/map_if/include/map_if/map_if/srv/detail
-- Up-to-date: /home/darkdemon/work/motor_control/install/map_if/include/map_if/map_if/srv/detail/command__type_support.hpp
-- Up-to-date: /home/darkdemon/work/motor_control/install/map_if/include/map_if/map_if/srv/detail/command__struct.hpp
-- Up-to-date: /home/darkdemon/work/motor_control/install/map_if/include/map_if/map_if/srv/detail/command__traits.hpp
-- Up-to-date: /home/darkdemon/work/motor_control/install/map_if/include/map_if/map_if/srv/detail/command__builder.hpp
-- Up-to-date: /home/darkdemon/work/motor_control/install/map_if/include/map_if/map_if/srv/command.hpp
-- Up-to-date: /home/darkdemon/work/motor_control/install/map_if/include/map_if/map_if
-- Up-to-date: /home/darkdemon/work/motor_control/install/map_if/include/map_if/map_if/msg
-- Up-to-date: /home/darkdemon/work/motor_control/install/map_if/include/map_if/map_if/msg/rosidl_typesupport_fastrtps_cpp__visibility_control.h
-- Up-to-date: /home/darkdemon/work/motor_control/install/map_if/include/map_if/map_if/srv
-- Up-to-date: /home/darkdemon/work/motor_control/install/map_if/include/map_if/map_if/srv/detail
-- Up-to-date: /home/darkdemon/work/motor_control/install/map_if/include/map_if/map_if/srv/detail/command__rosidl_typesupport_fastrtps_cpp.hpp
-- Up-to-date: /home/darkdemon/work/motor_control/install/map_if/include/map_if/map_if/srv/detail/dds_fastrtps
-- Up-to-date: /home/darkdemon/work/motor_control/install/map_if/lib/libmap_if__rosidl_typesupport_fastrtps_cpp.so
-- Up-to-date: /home/darkdemon/work/motor_control/install/map_if/include/map_if/map_if
-- Up-to-date: /home/darkdemon/work/motor_control/install/map_if/include/map_if/map_if/srv
-- Up-to-date: /home/darkdemon/work/motor_control/install/map_if/include/map_if/map_if/srv/detail
-- Up-to-date: /home/darkdemon/work/motor_control/install/map_if/include/map_if/map_if/srv/detail/command__type_support.cpp
-- Up-to-date: /home/darkdemon/work/motor_control/install/map_if/include/map_if/map_if/srv/detail/command__rosidl_typesupport_introspection_cpp.hpp
-- Up-to-date: /home/darkdemon/work/motor_control/install/map_if/lib/libmap_if__rosidl_typesupport_introspection_cpp.so
-- Up-to-date: /home/darkdemon/work/motor_control/install/map_if/lib/libmap_if__rosidl_typesupport_cpp.so
-- Up-to-date: /home/darkdemon/work/motor_control/install/map_if/share/map_if/environment/pythonpath.sh
-- Up-to-date: /home/darkdemon/work/motor_control/install/map_if/share/map_if/environment/pythonpath.dsv
-- Up-to-date: /home/darkdemon/work/motor_control/install/map_if/local/lib/python3.10/dist-packages/map_if-0.0.0-py3.10.egg-info
-- Installing: /home/darkdemon/work/motor_control/install/map_if/local/lib/python3.10/dist-packages/map_if-0.0.0-py3.10.egg-info/top_level.txt
-- Installing: /home/darkdemon/work/motor_control/install/map_if/local/lib/python3.10/dist-packages/map_if-0.0.0-py3.10.egg-info/PKG-INFO
-- Installing: /home/darkdemon/work/motor_control/install/map_if/local/lib/python3.10/dist-packages/map_if-0.0.0-py3.10.egg-info/dependency_links.txt
-- Installing: /home/darkdemon/work/motor_control/install/map_if/local/lib/python3.10/dist-packages/map_if-0.0.0-py3.10.egg-info/SOURCES.txt
-- Up-to-date: /home/darkdemon/work/motor_control/install/map_if/local/lib/python3.10/dist-packages/map_if
-- Up-to-date: /home/darkdemon/work/motor_control/install/map_if/local/lib/python3.10/dist-packages/map_if/_map_if_s.ep.rosidl_typesupport_c.c
-- Up-to-date: /home/darkdemon/work/motor_control/install/map_if/local/lib/python3.10/dist-packages/map_if/_map_if_s.ep.rosidl_typesupport_fastrtps_c.c
-- Up-to-date: /home/darkdemon/work/motor_control/install/map_if/local/lib/python3.10/dist-packages/map_if/__init__.py
-- Up-to-date: /home/darkdemon/work/motor_control/install/map_if/local/lib/python3.10/dist-packages/map_if/map_if_s__rosidl_typesupport_introspection_c.cpython-310-x86_64-linux-gnu.so
-- Up-to-date: /home/darkdemon/work/motor_control/install/map_if/local/lib/python3.10/dist-packages/map_if/srv
-- Up-to-date: /home/darkdemon/work/motor_control/install/map_if/local/lib/python3.10/dist-packages/map_if/srv/__init__.py
-- Up-to-date: /home/darkdemon/work/motor_control/install/map_if/local/lib/python3.10/dist-packages/map_if/srv/_command.py
-- Up-to-date: /home/darkdemon/work/motor_control/install/map_if/local/lib/python3.10/dist-packages/map_if/srv/_command_s.c
-- Up-to-date: /home/darkdemon/work/motor_control/install/map_if/local/lib/python3.10/dist-packages/map_if/libmap_if__rosidl_generator_py.so
-- Up-to-date: /home/darkdemon/work/motor_control/install/map_if/local/lib/python3.10/dist-packages/map_if/map_if_s__rosidl_typesupport_fastrtps_c.cpython-310-x86_64-linux-gnu.so
-- Up-to-date: /home/darkdemon/work/motor_control/install/map_if/local/lib/python3.10/dist-packages/map_if/map_if_s__rosidl_typesupport_c.cpython-310-x86_64-linux-gnu.so
-- Up-to-date: /home/darkdemon/work/motor_control/install/map_if/local/lib/python3.10/dist-packages/map_if/_map_if_s.ep.rosidl_typesupport_introspection_c.c
Listing '/home/darkdemon/work/motor_control/install/map_if/local/lib/python3.10/dist-packages/map_if'...
Listing '/home/darkdemon/work/motor_control/install/map_if/local/lib/python3.10/dist-packages/map_if/srv'...
-- Up-to-date: /home/darkdemon/work/motor_control/install/map_if/local/lib/python3.10/dist-packages/map_if/map_if_s__rosidl_typesupport_fastrtps_c.cpython-310-x86_64-linux-gnu.so
-- Up-to-date: /home/darkdemon/work/motor_control/install/map_if/local/lib/python3.10/dist-packages/map_if/map_if_s__rosidl_typesupport_introspection_c.cpython-310-x86_64-linux-gnu.so
-- Up-to-date: /home/darkdemon/work/motor_control/install/map_if/local/lib/python3.10/dist-packages/map_if/map_if_s__rosidl_typesupport_c.cpython-310-x86_64-linux-gnu.so
-- Up-to-date: /home/darkdemon/work/motor_control/install/map_if/lib/libmap_if__rosidl_generator_py.so
-- Up-to-date: /home/darkdemon/work/motor_control/install/map_if/share/map_if/srv/Command.idl
-- Up-to-date: /home/darkdemon/work/motor_control/install/map_if/share/map_if/srv/Command.srv
-- Up-to-date: /home/darkdemon/work/motor_control/install/map_if/share/map_if/srv/Command_Request.msg
-- Up-to-date: /home/darkdemon/work/motor_control/install/map_if/share/map_if/srv/Command_Response.msg
-- Up-to-date: /home/darkdemon/work/motor_control/install/map_if/share/ament_index/resource_index/package_run_dependencies/map_if
-- Up-to-date: /home/darkdemon/work/motor_control/install/map_if/share/ament_index/resource_index/parent_prefix_path/map_if
-- Up-to-date: /home/darkdemon/work/motor_control/install/map_if/share/map_if/environment/ament_prefix_path.sh
-- Up-to-date: /home/darkdemon/work/motor_control/install/map_if/share/map_if/environment/ament_prefix_path.dsv
-- Up-to-date: /home/darkdemon/work/motor_control/install/map_if/share/map_if/environment/path.sh
-- Up-to-date: /home/darkdemon/work/motor_control/install/map_if/share/map_if/environment/path.dsv
-- Up-to-date: /home/darkdemon/work/motor_control/install/map_if/share/map_if/local_setup.bash
-- Up-to-date: /home/darkdemon/work/motor_control/install/map_if/share/map_if/local_setup.sh
-- Up-to-date: /home/darkdemon/work/motor_control/install/map_if/share/map_if/local_setup.zsh
-- Up-to-date: /home/darkdemon/work/motor_control/install/map_if/share/map_if/local_setup.dsv
-- Installing: /home/darkdemon/work/motor_control/install/map_if/share/map_if/package.dsv
-- Up-to-date: /home/darkdemon/work/motor_control/install/map_if/share/ament_index/resource_index/packages/map_if
-- Up-to-date: /home/darkdemon/work/motor_control/install/map_if/share/map_if/cmake/export_map_if__rosidl_generator_cExport.cmake
-- Up-to-date: /home/darkdemon/work/motor_control/install/map_if/share/map_if/cmake/export_map_if__rosidl_generator_cExport-noconfig.cmake
-- Up-to-date: /home/darkdemon/work/motor_control/install/map_if/share/map_if/cmake/export_map_if__rosidl_typesupport_fastrtps_cExport.cmake
-- Up-to-date: /home/darkdemon/work/motor_control/install/map_if/share/map_if/cmake/export_map_if__rosidl_typesupport_fastrtps_cExport-noconfig.cmake
-- Up-to-date: /home/darkdemon/work/motor_control/install/map_if/share/map_if/cmake/map_if__rosidl_typesupport_introspection_cExport.cmake
-- Up-to-date: /home/darkdemon/work/motor_control/install/map_if/share/map_if/cmake/map_if__rosidl_typesupport_introspection_cExport-noconfig.cmake
-- Up-to-date: /home/darkdemon/work/motor_control/install/map_if/share/map_if/cmake/map_if__rosidl_typesupport_cExport.cmake
-- Up-to-date: /home/darkdemon/work/motor_control/install/map_if/share/map_if/cmake/map_if__rosidl_typesupport_cExport-noconfig.cmake
-- Up-to-date: /home/darkdemon/work/motor_control/install/map_if/share/map_if/cmake/export_map_if__rosidl_generator_cppExport.cmake
-- Up-to-date: /home/darkdemon/work/motor_control/install/map_if/share/map_if/cmake/export_map_if__rosidl_typesupport_fastrtps_cppExport.cmake
-- Up-to-date: /home/darkdemon/work/motor_control/install/map_if/share/map_if/cmake/export_map_if__rosidl_typesupport_fastrtps_cppExport-noconfig.cmake
-- Up-to-date: /home/darkdemon/work/motor_control/install/map_if/share/map_if/cmake/map_if__rosidl_typesupport_introspection_cppExport.cmake
-- Up-to-date: /home/darkdemon/work/motor_control/install/map_if/share/map_if/cmake/map_if__rosidl_typesupport_introspection_cppExport-noconfig.cmake
-- Up-to-date: /home/darkdemon/work/motor_control/install/map_if/share/map_if/cmake/map_if__rosidl_typesupport_cppExport.cmake
-- Up-to-date: /home/darkdemon/work/motor_control/install/map_if/share/map_if/cmake/map_if__rosidl_typesupport_cppExport-noconfig.cmake
-- Up-to-date: /home/darkdemon/work/motor_control/install/map_if/share/map_if/cmake/export_map_if__rosidl_generator_pyExport.cmake
-- Up-to-date: /home/darkdemon/work/motor_control/install/map_if/share/map_if/cmake/export_map_if__rosidl_generator_pyExport-noconfig.cmake
-- Up-to-date: /home/darkdemon/work/motor_control/install/map_if/share/map_if/cmake/rosidl_cmake-extras.cmake
-- Up-to-date: /home/darkdemon/work/motor_control/install/map_if/share/map_if/cmake/ament_cmake_export_include_directories-extras.cmake
-- Up-to-date: /home/darkdemon/work/motor_control/install/map_if/share/map_if/cmake/ament_cmake_export_libraries-extras.cmake
-- Up-to-date: /home/darkdemon/work/motor_control/install/map_if/share/map_if/cmake/ament_cmake_export_targets-extras.cmake
-- Up-to-date: /home/darkdemon/work/motor_control/install/map_if/share/map_if/cmake/rosidl_cmake_export_typesupport_targets-extras.cmake
-- Up-to-date: /home/darkdemon/work/motor_control/install/map_if/share/map_if/cmake/ament_cmake_export_dependencies-extras.cmake
-- Up-to-date: /home/darkdemon/work/motor_control/install/map_if/share/map_if/cmake/rosidl_cmake_export_typesupport_libraries-extras.cmake
-- Up-to-date: /home/darkdemon/work/motor_control/install/map_if/share/map_if/cmake/map_ifConfig.cmake
-- Up-to-date: /home/darkdemon/work/motor_control/install/map_if/share/map_if/cmake/map_ifConfig-version.cmake
-- Up-to-date: /home/darkdemon/work/motor_control/install/map_if/share/map_if/package.xml
