running egg_info
writing ../../build/realsense/realsense.egg-info/PKG-INFO
writing dependency_links to ../../build/realsense/realsense.egg-info/dependency_links.txt
writing entry points to ../../build/realsense/realsense.egg-info/entry_points.txt
writing requirements to ../../build/realsense/realsense.egg-info/requires.txt
writing top-level names to ../../build/realsense/realsense.egg-info/top_level.txt
reading manifest file '../../build/realsense/realsense.egg-info/SOURCES.txt'
writing manifest file '../../build/realsense/realsense.egg-info/SOURCES.txt'
running build
running build_py
running install
running install_lib
running install_data
creating /home/darkdemon/work/motor_control/install/realsense/share/realsense/launch
copying launch/visual_launch.py -> /home/darkdemon/work/motor_control/install/realsense/share/realsense/launch
running install_egg_info
removing '/home/darkdemon/work/motor_control/install/realsense/lib/python3.10/site-packages/realsense-0.0.1-py3.10.egg-info' (and everything under it)
Copying ../../build/realsense/realsense.egg-info to /home/darkdemon/work/motor_control/install/realsense/lib/python3.10/site-packages/realsense-0.0.1-py3.10.egg-info
running install_scripts
Installing box_edge_detect script to /home/darkdemon/work/motor_control/install/realsense/lib/realsense
Installing color_detect script to /home/darkdemon/work/motor_control/install/realsense/lib/realsense
Installing color_range script to /home/darkdemon/work/motor_control/install/realsense/lib/realsense
Installing depth_calculate script to /home/darkdemon/work/motor_control/install/realsense/lib/realsense
Installing paddleorc script to /home/darkdemon/work/motor_control/install/realsense/lib/realsense
Installing realsense_read script to /home/darkdemon/work/motor_control/install/realsense/lib/realsense
Installing visual script to /home/darkdemon/work/motor_control/install/realsense/lib/realsense
Installing yolo_number_detect script to /home/darkdemon/work/motor_control/install/realsense/lib/realsense
writing list of installed files to '/home/darkdemon/work/motor_control/build/realsense/install.log'
