-- The C compiler identification is GNU 11.4.0
-- The CXX compiler identification is GNU 11.4.0
-- Detecting C compiler ABI info
-- Detecting C compiler ABI info - done
-- Check for working C compiler: /usr/bin/cc - skipped
-- Detecting C compile features
-- Detecting C compile features - done
-- Detecting CXX compiler ABI info
-- Detecting CXX compiler ABI info - done
-- Check for working CXX compiler: /usr/bin/c++ - skipped
-- Detecting CXX compile features
-- Detecting CXX compile features - done
-- Found ament_cmake: 1.3.11 (/opt/ros/humble/share/ament_cmake/cmake)
-- Found Python3: /usr/bin/python3 (found version "3.10.12") found components: Interpreter 
-- Override CMake install command with custom implementation using symlinks instead of copying resources
-- Configuring done
-- Generating done
[33mCMake Warning:
  Manually-specified variables were not used by the project:

    CMAKE_EXPORT_COMPILE_COMMANDS

[0m
-- Build files have been written to: /home/darkdemon/work/motor_control/build/dynamixel_workbench
-- Install configuration: ""
-- Execute custom install script
-- Symlinking: /home/darkdemon/work/motor_control/install/dynamixel_workbench/share/ament_index/resource_index/package_run_dependencies/dynamixel_workbench
-- Symlinking: /home/darkdemon/work/motor_control/install/dynamixel_workbench/share/ament_index/resource_index/parent_prefix_path/dynamixel_workbench
-- Symlinking: /home/darkdemon/work/motor_control/install/dynamixel_workbench/share/dynamixel_workbench/environment/ament_prefix_path.sh
-- Symlinking: /home/darkdemon/work/motor_control/install/dynamixel_workbench/share/dynamixel_workbench/environment/ament_prefix_path.dsv
-- Symlinking: /home/darkdemon/work/motor_control/install/dynamixel_workbench/share/dynamixel_workbench/environment/path.sh
-- Symlinking: /home/darkdemon/work/motor_control/install/dynamixel_workbench/share/dynamixel_workbench/environment/path.dsv
-- Symlinking: /home/darkdemon/work/motor_control/install/dynamixel_workbench/share/dynamixel_workbench/local_setup.bash
-- Symlinking: /home/darkdemon/work/motor_control/install/dynamixel_workbench/share/dynamixel_workbench/local_setup.sh
-- Symlinking: /home/darkdemon/work/motor_control/install/dynamixel_workbench/share/dynamixel_workbench/local_setup.zsh
-- Symlinking: /home/darkdemon/work/motor_control/install/dynamixel_workbench/share/dynamixel_workbench/local_setup.dsv
-- Symlinking: /home/darkdemon/work/motor_control/install/dynamixel_workbench/share/dynamixel_workbench/package.dsv
-- Symlinking: /home/darkdemon/work/motor_control/install/dynamixel_workbench/share/ament_index/resource_index/packages/dynamixel_workbench
-- Symlinking: /home/darkdemon/work/motor_control/install/dynamixel_workbench/share/dynamixel_workbench/cmake/dynamixel_workbenchConfig.cmake
-- Symlinking: /home/darkdemon/work/motor_control/install/dynamixel_workbench/share/dynamixel_workbench/cmake/dynamixel_workbenchConfig-version.cmake
-- Symlinking: /home/darkdemon/work/motor_control/install/dynamixel_workbench/share/dynamixel_workbench/package.xml
