[35m[1mConsolidate compiler generated dependencies of target dynamixel_workbench_toolbox[0m
[100%] Built target dynamixel_workbench_toolbox
-- Install configuration: ""
-- Execute custom install script
-- Symlinking: /home/darkdemon/work/motor_control/install/dynamixel_workbench_toolbox/lib/libdynamixel_workbench_toolbox.so
-- Symlinking: /home/darkdemon/work/motor_control/install/dynamixel_workbench_toolbox/include//dynamixel_workbench_toolbox/dynamixel_driver.h
-- Symlinking: /home/darkdemon/work/motor_control/install/dynamixel_workbench_toolbox/include//dynamixel_workbench_toolbox/dynamixel_item.h
-- Symlinking: /home/darkdemon/work/motor_control/install/dynamixel_workbench_toolbox/include//dynamixel_workbench_toolbox/dynamixel_tool.h
-- Symlinking: /home/darkdemon/work/motor_control/install/dynamixel_workbench_toolbox/include//dynamixel_workbench_toolbox/dynamixel_workbench.h
-- Symlinking: /home/darkdemon/work/motor_control/install/dynamixel_workbench_toolbox/share/dynamixel_workbench_toolbox/environment/library_path.sh
-- Symlinking: /home/darkdemon/work/motor_control/install/dynamixel_workbench_toolbox/share/dynamixel_workbench_toolbox/environment/library_path.dsv
-- Symlinking: /home/darkdemon/work/motor_control/install/dynamixel_workbench_toolbox/share/ament_index/resource_index/package_run_dependencies/dynamixel_workbench_toolbox
-- Symlinking: /home/darkdemon/work/motor_control/install/dynamixel_workbench_toolbox/share/ament_index/resource_index/parent_prefix_path/dynamixel_workbench_toolbox
-- Symlinking: /home/darkdemon/work/motor_control/install/dynamixel_workbench_toolbox/share/dynamixel_workbench_toolbox/environment/ament_prefix_path.sh
-- Symlinking: /home/darkdemon/work/motor_control/install/dynamixel_workbench_toolbox/share/dynamixel_workbench_toolbox/environment/ament_prefix_path.dsv
-- Symlinking: /home/darkdemon/work/motor_control/install/dynamixel_workbench_toolbox/share/dynamixel_workbench_toolbox/environment/path.sh
-- Symlinking: /home/darkdemon/work/motor_control/install/dynamixel_workbench_toolbox/share/dynamixel_workbench_toolbox/environment/path.dsv
-- Symlinking: /home/darkdemon/work/motor_control/install/dynamixel_workbench_toolbox/share/dynamixel_workbench_toolbox/local_setup.bash
-- Symlinking: /home/darkdemon/work/motor_control/install/dynamixel_workbench_toolbox/share/dynamixel_workbench_toolbox/local_setup.sh
-- Symlinking: /home/darkdemon/work/motor_control/install/dynamixel_workbench_toolbox/share/dynamixel_workbench_toolbox/local_setup.zsh
-- Symlinking: /home/darkdemon/work/motor_control/install/dynamixel_workbench_toolbox/share/dynamixel_workbench_toolbox/local_setup.dsv
-- Symlinking: /home/darkdemon/work/motor_control/install/dynamixel_workbench_toolbox/share/dynamixel_workbench_toolbox/package.dsv
-- Symlinking: /home/darkdemon/work/motor_control/install/dynamixel_workbench_toolbox/share/ament_index/resource_index/packages/dynamixel_workbench_toolbox
-- Symlinking: /home/darkdemon/work/motor_control/install/dynamixel_workbench_toolbox/share/dynamixel_workbench_toolbox/cmake/ament_cmake_export_include_directories-extras.cmake
-- Symlinking: /home/darkdemon/work/motor_control/install/dynamixel_workbench_toolbox/share/dynamixel_workbench_toolbox/cmake/ament_cmake_export_dependencies-extras.cmake
-- Symlinking: /home/darkdemon/work/motor_control/install/dynamixel_workbench_toolbox/share/dynamixel_workbench_toolbox/cmake/ament_cmake_export_libraries-extras.cmake
-- Symlinking: /home/darkdemon/work/motor_control/install/dynamixel_workbench_toolbox/share/dynamixel_workbench_toolbox/cmake/dynamixel_workbench_toolboxConfig.cmake
-- Symlinking: /home/darkdemon/work/motor_control/install/dynamixel_workbench_toolbox/share/dynamixel_workbench_toolbox/cmake/dynamixel_workbench_toolboxConfig-version.cmake
-- Symlinking: /home/darkdemon/work/motor_control/install/dynamixel_workbench_toolbox/share/dynamixel_workbench_toolbox/package.xml
