[0.182s] Invoking command in '/home/darkdemon/work/motor_control/build/python_moveit_interface': CMAKE_PREFIX_PATH=/opt/ros/humble /usr/bin/cmake --build /home/darkdemon/work/motor_control/build/python_moveit_interface -- -j20 -l20
[0.358s] Invoked command in '/home/darkdemon/work/motor_control/build/python_moveit_interface' returned '0': CMAKE_PREFIX_PATH=/opt/ros/humble /usr/bin/cmake --build /home/darkdemon/work/motor_control/build/python_moveit_interface -- -j20 -l20
[0.359s] Invoking command in '/home/darkdemon/work/motor_control/build/python_moveit_interface': CMAKE_PREFIX_PATH=/opt/ros/humble /usr/bin/cmake --install /home/darkdemon/work/motor_control/build/python_moveit_interface
[0.362s] -- Install configuration: ""
[0.363s] -- Up-to-date: /home/darkdemon/work/motor_control/install/python_moveit_interface/share/ament_index/resource_index/package_run_dependencies/python_moveit_interface
[0.365s] -- Up-to-date: /home/darkdemon/work/motor_control/install/python_moveit_interface/share/ament_index/resource_index/parent_prefix_path/python_moveit_interface
[0.365s] -- Up-to-date: /home/darkdemon/work/motor_control/install/python_moveit_interface/share/python_moveit_interface/environment/ament_prefix_path.sh
[0.365s] -- Up-to-date: /home/darkdemon/work/motor_control/install/python_moveit_interface/share/python_moveit_interface/environment/ament_prefix_path.dsv
[0.365s] -- Up-to-date: /home/darkdemon/work/motor_control/install/python_moveit_interface/share/python_moveit_interface/environment/path.sh
[0.365s] -- Up-to-date: /home/darkdemon/work/motor_control/install/python_moveit_interface/share/python_moveit_interface/environment/path.dsv
[0.365s] -- Up-to-date: /home/darkdemon/work/motor_control/install/python_moveit_interface/share/python_moveit_interface/local_setup.bash
[0.365s] -- Up-to-date: /home/darkdemon/work/motor_control/install/python_moveit_interface/share/python_moveit_interface/local_setup.sh
[0.365s] -- Up-to-date: /home/darkdemon/work/motor_control/install/python_moveit_interface/share/python_moveit_interface/local_setup.zsh
[0.365s] -- Up-to-date: /home/darkdemon/work/motor_control/install/python_moveit_interface/share/python_moveit_interface/local_setup.dsv
[0.365s] -- Installing: /home/darkdemon/work/motor_control/install/python_moveit_interface/share/python_moveit_interface/package.dsv
[0.369s] -- Up-to-date: /home/darkdemon/work/motor_control/install/python_moveit_interface/share/ament_index/resource_index/packages/python_moveit_interface
[0.369s] -- Up-to-date: /home/darkdemon/work/motor_control/install/python_moveit_interface/share/python_moveit_interface/cmake/python_moveit_interfaceConfig.cmake
[0.369s] -- Up-to-date: /home/darkdemon/work/motor_control/install/python_moveit_interface/share/python_moveit_interface/cmake/python_moveit_interfaceConfig-version.cmake
[0.369s] -- Up-to-date: /home/darkdemon/work/motor_control/install/python_moveit_interface/share/python_moveit_interface/package.xml
[0.406s] Invoked command in '/home/darkdemon/work/motor_control/build/python_moveit_interface' returned '0': CMAKE_PREFIX_PATH=/opt/ros/humble /usr/bin/cmake --install /home/darkdemon/work/motor_control/build/python_moveit_interface
