[0.011s] Invoking command in '/home/darkdemon/work/motor_control/build/dynamixel_hardware': CMAKE_PREFIX_PATH=/home/darkdemon/work/motor_control/install/dynamixel_workbench_toolbox:/home/darkdemon/work/motor_control/install/small_arm_moveit_cpp:/home/darkdemon/work/motor_control/install/small_arm_moveit_config:/home/darkdemon/work/motor_control/install/small_arm_description:/home/darkdemon/work/motor_control/install/python_moveit_interface:/home/darkdemon/work/motor_control/install/dynamixel_workbench:/home/darkdemon/work/motor_control/install/dynamixel_hardware:/home/darkdemon/work/motor_control/install/dynamixel_workbench_msgs:/home/darkdemon/work/motor_control/install/realsense:/home/darkdemon/work/motor_control/install/python_moveit2:/opt/ros/humble LD_LIBRARY_PATH=/home/darkdemon/work/motor_control/install/dynamixel_workbench_toolbox/lib:/home/darkdemon/work/motor_control/install/python_moveit_interface/lib:/home/darkdemon/work/motor_control/install/dynamixel_hardware/lib:/home/darkdemon/work/motor_control/install/dynamixel_workbench_msgs/lib:/opt/ros/humble/opt/rviz_ogre_vendor/lib:/opt/ros/humble/lib/x86_64-linux-gnu:/opt/ros/humble/lib:/usr/local/nvidia/lib:/usr/local/nvidia/lib64 /usr/bin/cmake /home/darkdemon/work/motor_control/src/tb4_arm_ros2/dynamixel_hardware -DCMAKE_INSTALL_PREFIX=/home/darkdemon/work/motor_control/install/dynamixel_hardware
[0.060s] -- The C compiler identification is GNU 11.4.0
[0.105s] -- The CXX compiler identification is GNU 11.4.0
[0.110s] -- Detecting C compiler ABI info
[0.174s] -- Detecting C compiler ABI info - done
[0.182s] -- Check for working C compiler: /usr/bin/cc - skipped
[0.182s] -- Detecting C compile features
[0.182s] -- Detecting C compile features - done
[0.186s] -- Detecting CXX compiler ABI info
[0.244s] -- Detecting CXX compiler ABI info - done
[0.252s] -- Check for working CXX compiler: /usr/bin/c++ - skipped
[0.252s] -- Detecting CXX compile features
[0.252s] -- Detecting CXX compile features - done
[0.256s] -- Found ament_cmake: 1.3.11 (/opt/ros/humble/share/ament_cmake/cmake)
[0.417s] -- Found Python3: /usr/bin/python3 (found version "3.10.12") found components: Interpreter 
[0.563s] -- Found rclcpp: 16.0.12 (/opt/ros/humble/share/rclcpp/cmake)
[0.636s] -- Found rosidl_generator_c: 3.1.6 (/opt/ros/humble/share/rosidl_generator_c/cmake)
[0.645s] -- Found rosidl_adapter: 3.1.6 (/opt/ros/humble/share/rosidl_adapter/cmake)
[0.666s] -- Found rosidl_generator_cpp: 3.1.6 (/opt/ros/humble/share/rosidl_generator_cpp/cmake)
[0.683s] -- Using all available rosidl_typesupport_c: rosidl_typesupport_fastrtps_c;rosidl_typesupport_introspection_c
[0.707s] -- Using all available rosidl_typesupport_cpp: rosidl_typesupport_fastrtps_cpp;rosidl_typesupport_introspection_cpp
[0.774s] -- Found rmw_implementation_cmake: 6.1.2 (/opt/ros/humble/share/rmw_implementation_cmake/cmake)
[0.778s] -- Found rmw_cyclonedds_cpp: 1.3.4 (/opt/ros/humble/share/rmw_cyclonedds_cpp/cmake)
[0.808s] -- Using RMW implementation 'rmw_cyclonedds_cpp' as default
[0.822s] -- Looking for pthread.h
[0.907s] -- Looking for pthread.h - found
[0.907s] -- Performing Test CMAKE_HAVE_LIBC_PTHREAD
[0.976s] -- Performing Test CMAKE_HAVE_LIBC_PTHREAD - Success
[0.977s] -- Found Threads: TRUE  
[1.018s] -- Found rclcpp_lifecycle: 16.0.12 (/opt/ros/humble/share/rclcpp_lifecycle/cmake)
[1.033s] -- Found hardware_interface: 2.49.0 (/opt/ros/humble/share/hardware_interface/cmake)
[1.128s] -- Found dynamixel_workbench_toolbox: 2.2.3 (/home/darkdemon/work/motor_control/install/dynamixel_workbench_toolbox/share/dynamixel_workbench_toolbox/cmake)
[1.138s] -- Found ament_lint_auto: 0.12.12 (/opt/ros/humble/share/ament_lint_auto/cmake)
[1.199s] -- Added test 'copyright' to check source files copyright and LICENSE
[1.199s] -- Added test 'cppcheck' to perform static code analysis on C / C++ code
[1.200s] -- Configured cppcheck include dirs: /home/darkdemon/work/motor_control/src/tb4_arm_ros2/dynamixel_hardware/include
[1.200s] -- Configured cppcheck exclude dirs and/or files: 
[1.200s] -- Added test 'cpplint' to check C / C++ code against the Google style
[1.200s] -- Configured cpplint exclude dirs and/or files: 
[1.201s] -- Added test 'lint_cmake' to check CMake code style
[1.202s] -- Added test 'uncrustify' to check C / C++ code style
[1.202s] -- Configured uncrustify additional arguments: 
[1.202s] -- Added test 'xmllint' to check XML markup files
[1.204s] -- Configuring done
[1.218s] -- Generating done
[1.221s] -- Build files have been written to: /home/darkdemon/work/motor_control/build/dynamixel_hardware
