[0.526s] Invoking command in '/home/darkdemon/work/motor_control/src/tb4_arm_ros2/python_moveit2': PYTHONPATH=/home/darkdemon/work/motor_control/build/python_moveit2/prefix_override:/usr/lib/python3/dist-packages/colcon_core/task/python/colcon_distutils_commands:/home/darkdemon/work/motor_control/install/python_moveit2/lib/python3.10/site-packages:${PYTHONPATH} /usr/bin/python3 -W ignore:setup.py install is deprecated -W ignore:easy_install command is deprecated setup.py egg_info --egg-base ../../../build/python_moveit2 build --build-base /home/darkdemon/work/motor_control/build/python_moveit2/build install --record /home/darkdemon/work/motor_control/build/python_moveit2/install.log --single-version-externally-managed install_data
[0.700s] running egg_info
[0.701s] writing ../../../build/python_moveit2/python_moveit2.egg-info/PKG-INFO
[0.701s] writing dependency_links to ../../../build/python_moveit2/python_moveit2.egg-info/dependency_links.txt
[0.701s] writing entry points to ../../../build/python_moveit2/python_moveit2.egg-info/entry_points.txt
[0.701s] writing requirements to ../../../build/python_moveit2/python_moveit2.egg-info/requires.txt
[0.701s] writing top-level names to ../../../build/python_moveit2/python_moveit2.egg-info/top_level.txt
[0.703s] reading manifest file '../../../build/python_moveit2/python_moveit2.egg-info/SOURCES.txt'
[0.703s] writing manifest file '../../../build/python_moveit2/python_moveit2.egg-info/SOURCES.txt'
[0.703s] running build
[0.703s] running build_py
[0.703s] running install
[0.704s] running install_lib
[0.704s] byte-compiling /home/darkdemon/work/motor_control/install/python_moveit2/lib/python3.10/site-packages/python_moveit2/arm_control.py to arm_control.cpython-310.pyc
[0.705s]   File "/home/darkdemon/work/motor_control/install/python_moveit2/lib/python3.10/site-packages/python_moveit2/arm_control.py", line 25
[0.705s]     self.status = ["gripper":0,"name_goal":0,"pose_goal":0,"word_detection":0]
[0.705s]                             ^
[0.705s] SyntaxError: invalid syntax
[0.705s] 
[0.705s] running install_data
[0.705s] running install_egg_info
[0.706s] removing '/home/darkdemon/work/motor_control/install/python_moveit2/lib/python3.10/site-packages/python_moveit2-0.0.0-py3.10.egg-info' (and everything under it)
[0.706s] Copying ../../../build/python_moveit2/python_moveit2.egg-info to /home/darkdemon/work/motor_control/install/python_moveit2/lib/python3.10/site-packages/python_moveit2-0.0.0-py3.10.egg-info
[0.707s] running install_scripts
[0.724s] writing list of installed files to '/home/darkdemon/work/motor_control/build/python_moveit2/install.log'
[0.748s] Invoked command in '/home/darkdemon/work/motor_control/src/tb4_arm_ros2/python_moveit2' returned '0': PYTHONPATH=/home/darkdemon/work/motor_control/build/python_moveit2/prefix_override:/usr/lib/python3/dist-packages/colcon_core/task/python/colcon_distutils_commands:/home/darkdemon/work/motor_control/install/python_moveit2/lib/python3.10/site-packages:${PYTHONPATH} /usr/bin/python3 -W ignore:setup.py install is deprecated -W ignore:easy_install command is deprecated setup.py egg_info --egg-base ../../../build/python_moveit2 build --build-base /home/darkdemon/work/motor_control/build/python_moveit2/build install --record /home/darkdemon/work/motor_control/build/python_moveit2/install.log --single-version-externally-managed install_data
