[0.016s] Invoking command in '/home/darkdemon/work/motor_control/build/small_arm_description': AMENT_PREFIX_PATH=/home/darkdemon/work/motor_control/install/dynamixel_hardware:/home/darkdemon/work/motor_control/install/dynamixel_workbench_toolbox:${AMENT_PREFIX_PATH} CMAKE_PREFIX_PATH=/home/darkdemon/work/motor_control/install/dynamixel_hardware:/home/darkdemon/work/motor_control/install/dynamixel_workbench_toolbox:/opt/ros/humble:${CMAKE_PREFIX_PATH} LD_LIBRARY_PATH=/home/darkdemon/work/motor_control/install/dynamixel_hardware/lib:/home/darkdemon/work/motor_control/install/dynamixel_workbench_toolbox/lib:${LD_LIBRARY_PATH} /usr/bin/cmake /home/darkdemon/work/motor_control/src/tb4_arm_ros2/small_arm_description -DCMAKE_INSTALL_PREFIX=/home/darkdemon/work/motor_control/install/small_arm_description
[0.067s] -- The C compiler identification is GNU 11.4.0
[0.134s] -- The CXX compiler identification is GNU 11.4.0
[0.143s] -- Detecting C compiler ABI info
[0.238s] -- Detecting C compiler ABI info - done
[0.247s] -- Check for working C compiler: /usr/bin/cc - skipped
[0.248s] -- Detecting C compile features
[0.248s] -- Detecting C compile features - done
[0.251s] -- Detecting CXX compiler ABI info
[0.339s] -- Detecting CXX compiler ABI info - done
[0.347s] -- Check for working CXX compiler: /usr/bin/c++ - skipped
[0.348s] -- Detecting CXX compile features
[0.348s] -- Detecting CXX compile features - done
[0.352s] -- Found ament_cmake: 1.3.11 (/opt/ros/humble/share/ament_cmake/cmake)
[0.537s] -- Found Python3: /usr/bin/python3 (found version "3.10.12") found components: Interpreter 
[0.645s] -- Found robot_state_publisher: 3.0.3 (/opt/ros/humble/share/robot_state_publisher/cmake)
[0.704s] -- Found rosidl_generator_c: 3.1.6 (/opt/ros/humble/share/rosidl_generator_c/cmake)
[0.709s] -- Found rosidl_adapter: 3.1.6 (/opt/ros/humble/share/rosidl_adapter/cmake)
[0.717s] -- Found rosidl_generator_cpp: 3.1.6 (/opt/ros/humble/share/rosidl_generator_cpp/cmake)
[0.728s] -- Using all available rosidl_typesupport_c: rosidl_typesupport_fastrtps_c;rosidl_typesupport_introspection_c
[0.743s] -- Using all available rosidl_typesupport_cpp: rosidl_typesupport_fastrtps_cpp;rosidl_typesupport_introspection_cpp
[0.801s] -- Found eigen3_cmake_module: 0.1.1 (/opt/ros/humble/share/eigen3_cmake_module/cmake)
[0.802s] -- Found Eigen3: TRUE (found version "3.4.0") 
[0.802s] -- Ensuring Eigen3 include directory is part of orocos-kdl CMake target
[0.844s] -- Found rmw_implementation_cmake: 6.1.2 (/opt/ros/humble/share/rmw_implementation_cmake/cmake)
[0.847s] -- Found rmw_cyclonedds_cpp: 1.3.4 (/opt/ros/humble/share/rmw_cyclonedds_cpp/cmake)
[0.866s] -- Using RMW implementation 'rmw_cyclonedds_cpp' as default
[0.880s] -- Looking for pthread.h
[0.941s] -- Looking for pthread.h - found
[0.941s] -- Performing Test CMAKE_HAVE_LIBC_PTHREAD
[1.018s] -- Performing Test CMAKE_HAVE_LIBC_PTHREAD - Success
[1.018s] -- Found Threads: TRUE  
[1.201s] -- Found xacro: 2.0.13 (/opt/ros/humble/share/xacro/cmake)
[1.203s] -- Found rviz2: 11.2.16 (/opt/ros/humble/share/rviz2/cmake)
[1.205s] -- Found ros2_control: 2.49.0 (/opt/ros/humble/share/ros2_control/cmake)
[1.207s] -- Found ros2_controllers: 2.43.0 (/opt/ros/humble/share/ros2_controllers/cmake)
[1.208s] -- Found dynamixel_hardware: 0.0.0 (/home/darkdemon/work/motor_control/install/dynamixel_hardware/share/dynamixel_hardware/cmake)
[1.271s] -- Found ament_lint_auto: 0.12.12 (/opt/ros/humble/share/ament_lint_auto/cmake)
[1.384s] -- Added test 'copyright' to check source files copyright and LICENSE
[1.391s] -- Added test 'flake8' to check Python code syntax and style conventions
[1.392s] -- Added test 'lint_cmake' to check CMake code style
[1.393s] -- Added test 'pep257' to check Python code against some of the docstring style conventions in PEP 257
[1.397s] -- Added test 'xmllint' to check XML markup files
[1.399s] -- Configuring done
[1.406s] -- Generating done
[1.410s] -- Build files have been written to: /home/darkdemon/work/motor_control/build/small_arm_description
[1.419s] Invoked command in '/home/darkdemon/work/motor_control/build/small_arm_description' returned '0': AMENT_PREFIX_PATH=/home/darkdemon/work/motor_control/install/dynamixel_hardware:/home/darkdemon/work/motor_control/install/dynamixel_workbench_toolbox:${AMENT_PREFIX_PATH} CMAKE_PREFIX_PATH=/home/darkdemon/work/motor_control/install/dynamixel_hardware:/home/darkdemon/work/motor_control/install/dynamixel_workbench_toolbox:/opt/ros/humble:${CMAKE_PREFIX_PATH} LD_LIBRARY_PATH=/home/darkdemon/work/motor_control/install/dynamixel_hardware/lib:/home/darkdemon/work/motor_control/install/dynamixel_workbench_toolbox/lib:${LD_LIBRARY_PATH} /usr/bin/cmake /home/darkdemon/work/motor_control/src/tb4_arm_ros2/small_arm_description -DCMAKE_INSTALL_PREFIX=/home/darkdemon/work/motor_control/install/small_arm_description
[1.421s] Invoking command in '/home/darkdemon/work/motor_control/build/small_arm_description': AMENT_PREFIX_PATH=/home/darkdemon/work/motor_control/install/dynamixel_hardware:/home/darkdemon/work/motor_control/install/dynamixel_workbench_toolbox:${AMENT_PREFIX_PATH} CMAKE_PREFIX_PATH=/home/darkdemon/work/motor_control/install/dynamixel_hardware:/home/darkdemon/work/motor_control/install/dynamixel_workbench_toolbox:/opt/ros/humble:${CMAKE_PREFIX_PATH} LD_LIBRARY_PATH=/home/darkdemon/work/motor_control/install/dynamixel_hardware/lib:/home/darkdemon/work/motor_control/install/dynamixel_workbench_toolbox/lib:${LD_LIBRARY_PATH} /usr/bin/cmake --build /home/darkdemon/work/motor_control/build/small_arm_description -- -j20 -l20
[1.463s] Invoked command in '/home/darkdemon/work/motor_control/build/small_arm_description' returned '0': AMENT_PREFIX_PATH=/home/darkdemon/work/motor_control/install/dynamixel_hardware:/home/darkdemon/work/motor_control/install/dynamixel_workbench_toolbox:${AMENT_PREFIX_PATH} CMAKE_PREFIX_PATH=/home/darkdemon/work/motor_control/install/dynamixel_hardware:/home/darkdemon/work/motor_control/install/dynamixel_workbench_toolbox:/opt/ros/humble:${CMAKE_PREFIX_PATH} LD_LIBRARY_PATH=/home/darkdemon/work/motor_control/install/dynamixel_hardware/lib:/home/darkdemon/work/motor_control/install/dynamixel_workbench_toolbox/lib:${LD_LIBRARY_PATH} /usr/bin/cmake --build /home/darkdemon/work/motor_control/build/small_arm_description -- -j20 -l20
[1.465s] Invoking command in '/home/darkdemon/work/motor_control/build/small_arm_description': AMENT_PREFIX_PATH=/home/darkdemon/work/motor_control/install/dynamixel_hardware:/home/darkdemon/work/motor_control/install/dynamixel_workbench_toolbox:${AMENT_PREFIX_PATH} CMAKE_PREFIX_PATH=/home/darkdemon/work/motor_control/install/dynamixel_hardware:/home/darkdemon/work/motor_control/install/dynamixel_workbench_toolbox:/opt/ros/humble:${CMAKE_PREFIX_PATH} LD_LIBRARY_PATH=/home/darkdemon/work/motor_control/install/dynamixel_hardware/lib:/home/darkdemon/work/motor_control/install/dynamixel_workbench_toolbox/lib:${LD_LIBRARY_PATH} /usr/bin/cmake --install /home/darkdemon/work/motor_control/build/small_arm_description
[1.474s] -- Install configuration: ""
[1.475s] -- Installing: /home/darkdemon/work/motor_control/install/small_arm_description/share/small_arm_description/meshes
[1.475s] -- Installing: /home/darkdemon/work/motor_control/install/small_arm_description/share/small_arm_description/meshes/link_4_1.stl
[1.480s] -- Installing: /home/darkdemon/work/motor_control/install/small_arm_description/share/small_arm_description/meshes/Claw_2_1.stl
[1.481s] -- Installing: /home/darkdemon/work/motor_control/install/small_arm_description/share/small_arm_description/meshes/base_link.stl
[1.483s] -- Installing: /home/darkdemon/work/motor_control/install/small_arm_description/share/small_arm_description/meshes/link_1_1.stl
[1.486s] -- Installing: /home/darkdemon/work/motor_control/install/small_arm_description/share/small_arm_description/meshes/Claw_1_1.stl
[1.487s] -- Installing: /home/darkdemon/work/motor_control/install/small_arm_description/share/small_arm_description/meshes/link_3_1.stl
[1.490s] -- Installing: /home/darkdemon/work/motor_control/install/small_arm_description/share/small_arm_description/meshes/Camera_1.stl
[1.493s] -- Installing: /home/darkdemon/work/motor_control/install/small_arm_description/share/small_arm_description/meshes/link_2_1.stl
[1.496s] -- Installing: /home/darkdemon/work/motor_control/install/small_arm_description/share/small_arm_description/meshes/link_5_1.stl
[1.499s] -- Installing: /home/darkdemon/work/motor_control/install/small_arm_description/share/small_arm_description/meshes/Claw_base_1.stl
[1.500s] -- Installing: /home/darkdemon/work/motor_control/install/small_arm_description/share/small_arm_description/urdf
[1.501s] -- Installing: /home/darkdemon/work/motor_control/install/small_arm_description/share/small_arm_description/urdf/small_arm copy.xacro
[1.501s] -- Installing: /home/darkdemon/work/motor_control/install/small_arm_description/share/small_arm_description/urdf/materials.xacro
[1.501s] -- Installing: /home/darkdemon/work/motor_control/install/small_arm_description/share/small_arm_description/urdf/small_arm.urdf
[1.502s] -- Installing: /home/darkdemon/work/motor_control/install/small_arm_description/share/small_arm_description/urdf/small_arm.xacro
[1.502s] -- Installing: /home/darkdemon/work/motor_control/install/small_arm_description/share/small_arm_description/urdf/small_arm.urdf.xacro
[1.502s] -- Installing: /home/darkdemon/work/motor_control/install/small_arm_description/share/small_arm_description/urdf/small_arm
[1.502s] -- Installing: /home/darkdemon/work/motor_control/install/small_arm_description/share/small_arm_description/urdf/small_arm/configuration
[1.502s] -- Installing: /home/darkdemon/work/motor_control/install/small_arm_description/share/small_arm_description/urdf/small_arm/configuration/small_arm_base.usd
[1.514s] -- Installing: /home/darkdemon/work/motor_control/install/small_arm_description/share/small_arm_description/urdf/small_arm/configuration/small_arm_physics.usd
[1.514s] -- Installing: /home/darkdemon/work/motor_control/install/small_arm_description/share/small_arm_description/urdf/small_arm/configuration/small_arm_sensor.usd
[1.514s] -- Installing: /home/darkdemon/work/motor_control/install/small_arm_description/share/small_arm_description/urdf/small_arm/small_arm.usd
[1.515s] -- Installing: /home/darkdemon/work/motor_control/install/small_arm_description/share/small_arm_description/urdf/small_arm.ros2_control.xacro
[1.515s] -- Installing: /home/darkdemon/work/motor_control/install/small_arm_description/share/small_arm_description/controllers
[1.515s] -- Installing: /home/darkdemon/work/motor_control/install/small_arm_description/share/small_arm_description/controllers/controllers.yaml
[1.515s] -- Installing: /home/darkdemon/work/motor_control/install/small_arm_description/share/small_arm_description/launch
[1.515s] -- Installing: /home/darkdemon/work/motor_control/install/small_arm_description/share/small_arm_description/launch/small_arm.launch.py
[1.515s] -- Installing: /home/darkdemon/work/motor_control/install/small_arm_description/share/small_arm_description/launch/pantilt_bot_gazebo.launch.py
[1.515s] -- Installing: /home/darkdemon/work/motor_control/install/small_arm_description/share/small_arm_description/launch/display.launch.py
[1.515s] -- Installing: /home/darkdemon/work/motor_control/install/small_arm_description/share/small_arm_description/launch/small_arm.rviz
[1.516s] -- Installing: /home/darkdemon/work/motor_control/install/small_arm_description/share/ament_index/resource_index/package_run_dependencies/small_arm_description
[1.516s] -- Installing: /home/darkdemon/work/motor_control/install/small_arm_description/share/ament_index/resource_index/parent_prefix_path/small_arm_description
[1.516s] -- Installing: /home/darkdemon/work/motor_control/install/small_arm_description/share/small_arm_description/environment/ament_prefix_path.sh
[1.516s] -- Installing: /home/darkdemon/work/motor_control/install/small_arm_description/share/small_arm_description/environment/ament_prefix_path.dsv
[1.516s] -- Installing: /home/darkdemon/work/motor_control/install/small_arm_description/share/small_arm_description/environment/path.sh
[1.516s] -- Installing: /home/darkdemon/work/motor_control/install/small_arm_description/share/small_arm_description/environment/path.dsv
[1.516s] -- Installing: /home/darkdemon/work/motor_control/install/small_arm_description/share/small_arm_description/local_setup.bash
[1.517s] -- Installing: /home/darkdemon/work/motor_control/install/small_arm_description/share/small_arm_description/local_setup.sh
[1.517s] -- Installing: /home/darkdemon/work/motor_control/install/small_arm_description/share/small_arm_description/local_setup.zsh
[1.517s] -- Installing: /home/darkdemon/work/motor_control/install/small_arm_description/share/small_arm_description/local_setup.dsv
[1.517s] -- Installing: /home/darkdemon/work/motor_control/install/small_arm_description/share/small_arm_description/package.dsv
[1.517s] -- Installing: /home/darkdemon/work/motor_control/install/small_arm_description/share/ament_index/resource_index/packages/small_arm_description
[1.517s] -- Installing: /home/darkdemon/work/motor_control/install/small_arm_description/share/small_arm_description/cmake/small_arm_descriptionConfig.cmake
[1.517s] -- Installing: /home/darkdemon/work/motor_control/install/small_arm_description/share/small_arm_description/cmake/small_arm_descriptionConfig-version.cmake
[1.517s] -- Installing: /home/darkdemon/work/motor_control/install/small_arm_description/share/small_arm_description/package.xml
[1.520s] Invoked command in '/home/darkdemon/work/motor_control/build/small_arm_description' returned '0': AMENT_PREFIX_PATH=/home/darkdemon/work/motor_control/install/dynamixel_hardware:/home/darkdemon/work/motor_control/install/dynamixel_workbench_toolbox:${AMENT_PREFIX_PATH} CMAKE_PREFIX_PATH=/home/darkdemon/work/motor_control/install/dynamixel_hardware:/home/darkdemon/work/motor_control/install/dynamixel_workbench_toolbox:/opt/ros/humble:${CMAKE_PREFIX_PATH} LD_LIBRARY_PATH=/home/darkdemon/work/motor_control/install/dynamixel_hardware/lib:/home/darkdemon/work/motor_control/install/dynamixel_workbench_toolbox/lib:${LD_LIBRARY_PATH} /usr/bin/cmake --install /home/darkdemon/work/motor_control/build/small_arm_description
