[35m[1mConsolidate compiler generated dependencies of target pose_goal[0m
[ 15%] Built target cartesian_path
[ 20%] Built target tool_move
[ 30%] Built target ee_pose_in_base
[ 50%] Built target joint_goal
[ 50%] Built target gripper_joint_value
[ 60%] Built target named_goal
[ 70%] Built target gripper_open
[ 80%] Built target eye_hand_pose
[ 90%] Built target pliz_move
[ 95%] [32mBuilding CXX object CMakeFiles/pose_goal.dir/src/pose_goal.cpp.o[0m
[01m[K/home/darkdemon/work/motor_control/src/tb4_arm_ros2/small_arm_moveit_cpp/src/pose_goal.cpp:[m[K In function ‘[01m[Kint main(int, char**)[m[K’:
[01m[K/home/darkdemon/work/motor_control/src/tb4_arm_ros2/small_arm_moveit_cpp/src/pose_goal.cpp:27:3:[m[K [01;31m[Kerror: [m[K‘[01m[Kx[m[K’ was not declared in this scope
   27 |   [01;31m[K/[m[K/ x=-0.068, y=0.203, z=0.162
      |   [01;31m[K^[m[K
[01m[K/home/darkdemon/work/motor_control/src/tb4_arm_ros2/small_arm_moveit_cpp/src/pose_goal.cpp:27:13:[m[K [01;31m[Kerror: [m[K‘[01m[Ky[m[K’ was not declared in this scope; did you mean ‘[01m[Kyn[m[K’?
   27 |   // x=-0.06[01;31m[K8[m[K, y=0.203, z=0.162
      |             [01;31m[K^[m[K
      |             [32m[Kyn[m[K
[01m[K/home/darkdemon/work/motor_control/src/tb4_arm_ros2/small_arm_moveit_cpp/src/pose_goal.cpp:27:22:[m[K [01;31m[Kerror: [m[K‘[01m[Kz[m[K’ was not declared in this scope
   27 |   // x=-0.068, y=0.20[01;31m[K3[m[K, z=0.162
      |                      [01;31m[K^[m[K
gmake[2]: *** [CMakeFiles/pose_goal.dir/build.make:76: CMakeFiles/pose_goal.dir/src/pose_goal.cpp.o] Interrupt
gmake[1]: *** [CMakeFiles/Makefile2:155: CMakeFiles/pose_goal.dir/all] Interrupt
gmake: *** [Makefile:146: all] Interrupt
