[0.258s] Invoking command in '/home/darkdemon/work/motor_control/build/small_arm_moveit_cpp': CMAKE_PREFIX_PATH=${CMAKE_PREFIX_PATH}:/home/darkdemon/work/motor_control/install/python_moveit2:/opt/ros/humble /usr/bin/cmake --build /home/darkdemon/work/motor_control/build/small_arm_moveit_cpp -- -j20 -l20
[0.354s] [35m[1mConsolidate compiler generated dependencies of target pose_goal[0m
[0.399s] [ 15%] Built target cartesian_path
[0.399s] [ 20%] Built target tool_move
[0.399s] [ 30%] Built target ee_pose_in_base
[0.399s] [ 50%] Built target joint_goal
[0.399s] [ 50%] Built target gripper_joint_value
[0.399s] [ 60%] Built target named_goal
[0.399s] [ 70%] Built target gripper_open
[0.399s] [ 80%] Built target eye_hand_pose
[0.399s] [ 90%] Built target pliz_move
[0.407s] [ 95%] [32mBuilding CXX object CMakeFiles/pose_goal.dir/src/pose_goal.cpp.o[0m
[4.029s] [01m[K/home/darkdemon/work/motor_control/src/tb4_arm_ros2/small_arm_moveit_cpp/src/pose_goal.cpp:[m[K In function ‘[01m[Kint main(int, char**)[m[K’:
[4.029s] [01m[K/home/darkdemon/work/motor_control/src/tb4_arm_ros2/small_arm_moveit_cpp/src/pose_goal.cpp:27:3:[m[K [01;31m[Kerror: [m[K‘[01m[Kx[m[K’ was not declared in this scope
[4.029s]    27 |   [01;31m[K/[m[K/ x=-0.068, y=0.203, z=0.162
[4.029s]       |   [01;31m[K^[m[K
[4.033s] [01m[K/home/darkdemon/work/motor_control/src/tb4_arm_ros2/small_arm_moveit_cpp/src/pose_goal.cpp:27:13:[m[K [01;31m[Kerror: [m[K‘[01m[Ky[m[K’ was not declared in this scope; did you mean ‘[01m[Kyn[m[K’?
[4.033s]    27 |   // x=-0.06[01;31m[K8[m[K, y=0.203, z=0.162
[4.033s]       |             [01;31m[K^[m[K
[4.033s]       |             [32m[Kyn[m[K
[4.036s] [01m[K/home/darkdemon/work/motor_control/src/tb4_arm_ros2/small_arm_moveit_cpp/src/pose_goal.cpp:27:22:[m[K [01;31m[Kerror: [m[K‘[01m[Kz[m[K’ was not declared in this scope
[4.037s]    27 |   // x=-0.068, y=0.20[01;31m[K3[m[K, z=0.162
[4.037s]       |                      [01;31m[K^[m[K
[4.562s] gmake[2]: *** [CMakeFiles/pose_goal.dir/build.make:76: CMakeFiles/pose_goal.dir/src/pose_goal.cpp.o] Interrupt
[4.562s] gmake[1]: *** [CMakeFiles/Makefile2:155: CMakeFiles/pose_goal.dir/all] Interrupt
[4.562s] gmake: *** [Makefile:146: all] Interrupt
[4.582s] Invoked command in '/home/darkdemon/work/motor_control/build/small_arm_moveit_cpp' returned '-2': CMAKE_PREFIX_PATH=${CMAKE_PREFIX_PATH}:/home/darkdemon/work/motor_control/install/python_moveit2:/opt/ros/humble /usr/bin/cmake --build /home/darkdemon/work/motor_control/build/small_arm_moveit_cpp -- -j20 -l20
