[  0%] [34m[1mGenerating C code for ROS interfaces[0m
[  0%] [34m[1mGenerating C++ code for ROS interfaces[0m
[  0%] Built target ament_cmake_python_symlink_dynamixel_workbench_msgs
running egg_info
creating dynamixel_workbench_msgs.egg-info
writing dynamixel_workbench_msgs.egg-info/PKG-INFO
writing dependency_links to dynamixel_workbench_msgs.egg-info/dependency_links.txt
writing top-level names to dynamixel_workbench_msgs.egg-info/top_level.txt
writing manifest file 'dynamixel_workbench_msgs.egg-info/SOURCES.txt'
reading manifest file 'dynamixel_workbench_msgs.egg-info/SOURCES.txt'
writing manifest file 'dynamixel_workbench_msgs.egg-info/SOURCES.txt'
[  0%] Built target ament_cmake_python_build_dynamixel_workbench_msgs_egg
[  0%] [32mBuilding C object CMakeFiles/dynamixel_workbench_msgs__rosidl_generator_c.dir/rosidl_generator_c/dynamixel_workbench_msgs/msg/detail/mx_ext__functions.c.o[0m
[  1%] [32mBuilding C object CMakeFiles/dynamixel_workbench_msgs__rosidl_generator_c.dir/rosidl_generator_c/dynamixel_workbench_msgs/msg/detail/ex__functions.c.o[0m
[  1%] [32mBuilding C object CMakeFiles/dynamixel_workbench_msgs__rosidl_generator_c.dir/rosidl_generator_c/dynamixel_workbench_msgs/msg/detail/ax__functions.c.o[0m
[  1%] [32mBuilding C object CMakeFiles/dynamixel_workbench_msgs__rosidl_generator_c.dir/rosidl_generator_c/dynamixel_workbench_msgs/msg/detail/rx__functions.c.o[0m
[  0%] [32mBuilding C object CMakeFiles/dynamixel_workbench_msgs__rosidl_generator_c.dir/rosidl_generator_c/dynamixel_workbench_msgs/msg/detail/mx2__functions.c.o[0m
[  2%] [32mBuilding C object CMakeFiles/dynamixel_workbench_msgs__rosidl_generator_c.dir/rosidl_generator_c/dynamixel_workbench_msgs/msg/detail/mx2_ext__functions.c.o[0m
[  5%] [32mBuilding C object CMakeFiles/dynamixel_workbench_msgs__rosidl_generator_c.dir/rosidl_generator_c/dynamixel_workbench_msgs/msg/detail/xm_ext__functions.c.o[0m
[  5%] [32mBuilding C object CMakeFiles/dynamixel_workbench_msgs__rosidl_generator_c.dir/rosidl_generator_c/dynamixel_workbench_msgs/msg/detail/pro__functions.c.o[0m
[  5%] [32mBuilding C object CMakeFiles/dynamixel_workbench_msgs__rosidl_generator_c.dir/rosidl_generator_c/dynamixel_workbench_msgs/msg/detail/mx__functions.c.o[0m
[  5%] [32mBuilding C object CMakeFiles/dynamixel_workbench_msgs__rosidl_generator_c.dir/rosidl_generator_c/dynamixel_workbench_msgs/msg/detail/xm__functions.c.o[0m
[  6%] [32mBuilding C object CMakeFiles/dynamixel_workbench_msgs__rosidl_generator_c.dir/rosidl_generator_c/dynamixel_workbench_msgs/msg/detail/pro_ext__functions.c.o[0m
[  7%] [32mBuilding C object CMakeFiles/dynamixel_workbench_msgs__rosidl_generator_c.dir/rosidl_generator_c/dynamixel_workbench_msgs/msg/detail/xh__functions.c.o[0m
[  7%] [32mBuilding C object CMakeFiles/dynamixel_workbench_msgs__rosidl_generator_c.dir/rosidl_generator_c/dynamixel_workbench_msgs/msg/detail/xl__functions.c.o[0m
[  8%] [32mBuilding C object CMakeFiles/dynamixel_workbench_msgs__rosidl_generator_c.dir/rosidl_generator_c/dynamixel_workbench_msgs/msg/detail/xl320__functions.c.o[0m
[  8%] [32mBuilding C object CMakeFiles/dynamixel_workbench_msgs__rosidl_generator_c.dir/rosidl_generator_c/dynamixel_workbench_msgs/msg/detail/dynamixel_state__functions.c.o[0m
[  9%] [32mBuilding C object CMakeFiles/dynamixel_workbench_msgs__rosidl_generator_c.dir/rosidl_generator_c/dynamixel_workbench_msgs/msg/detail/dynamixel_load_info__functions.c.o[0m
[ 10%] [32mBuilding C object CMakeFiles/dynamixel_workbench_msgs__rosidl_generator_c.dir/rosidl_generator_c/dynamixel_workbench_msgs/msg/detail/dynamixel_state_list__functions.c.o[0m
[ 10%] [32mBuilding C object CMakeFiles/dynamixel_workbench_msgs__rosidl_generator_c.dir/rosidl_generator_c/dynamixel_workbench_msgs/msg/detail/dynamixel_info__functions.c.o[0m
[ 11%] [32mBuilding C object CMakeFiles/dynamixel_workbench_msgs__rosidl_generator_c.dir/rosidl_generator_c/dynamixel_workbench_msgs/srv/detail/get_dynamixel_info__functions.c.o[0m
[ 11%] [32mBuilding C object CMakeFiles/dynamixel_workbench_msgs__rosidl_generator_c.dir/rosidl_generator_c/dynamixel_workbench_msgs/srv/detail/dynamixel_command__functions.c.o[0m
[ 11%] Built target dynamixel_workbench_msgs__cpp
[ 12%] [32m[1mLinking C shared library libdynamixel_workbench_msgs__rosidl_generator_c.so[0m
[ 13%] [34m[1mGenerating C++ type support for eProsima Fast-RTPS[0m
[ 14%] [34m[1mGenerating C++ type support dispatch for ROS interfaces[0m
[ 15%] [34m[1mGenerating C++ introspection for ROS interfaces[0m
[ 15%] Built target dynamixel_workbench_msgs__rosidl_generator_c
[ 16%] [34m[1mGenerating C introspection for ROS interfaces[0m
[ 17%] [34m[1mGenerating C type support dispatch for ROS interfaces[0m
[ 18%] [34m[1mGenerating C type support for eProsima Fast-RTPS[0m
[ 18%] [32mBuilding CXX object CMakeFiles/dynamixel_workbench_msgs__rosidl_typesupport_c.dir/rosidl_typesupport_c/dynamixel_workbench_msgs/msg/mx__type_support.cpp.o[0m
[ 19%] [32mBuilding CXX object CMakeFiles/dynamixel_workbench_msgs__rosidl_typesupport_c.dir/rosidl_typesupport_c/dynamixel_workbench_msgs/msg/mx2__type_support.cpp.o[0m
[ 20%] [32mBuilding CXX object CMakeFiles/dynamixel_workbench_msgs__rosidl_typesupport_c.dir/rosidl_typesupport_c/dynamixel_workbench_msgs/msg/ex__type_support.cpp.o[0m
[ 20%] [32mBuilding CXX object CMakeFiles/dynamixel_workbench_msgs__rosidl_typesupport_c.dir/rosidl_typesupport_c/dynamixel_workbench_msgs/msg/pro__type_support.cpp.o[0m
[ 20%] [32mBuilding CXX object CMakeFiles/dynamixel_workbench_msgs__rosidl_typesupport_c.dir/rosidl_typesupport_c/dynamixel_workbench_msgs/msg/ax__type_support.cpp.o[0m
[ 20%] [32mBuilding CXX object CMakeFiles/dynamixel_workbench_msgs__rosidl_typesupport_c.dir/rosidl_typesupport_c/dynamixel_workbench_msgs/msg/mx2_ext__type_support.cpp.o[0m
[ 21%] [32mBuilding CXX object CMakeFiles/dynamixel_workbench_msgs__rosidl_typesupport_c.dir/rosidl_typesupport_c/dynamixel_workbench_msgs/msg/xh__type_support.cpp.o[0m
[ 21%] [32mBuilding CXX object CMakeFiles/dynamixel_workbench_msgs__rosidl_typesupport_c.dir/rosidl_typesupport_c/dynamixel_workbench_msgs/msg/mx_ext__type_support.cpp.o[0m
[ 21%] [32mBuilding CXX object CMakeFiles/dynamixel_workbench_msgs__rosidl_typesupport_c.dir/rosidl_typesupport_c/dynamixel_workbench_msgs/msg/xl320__type_support.cpp.o[0m
[ 22%] [32mBuilding CXX object CMakeFiles/dynamixel_workbench_msgs__rosidl_typesupport_c.dir/rosidl_typesupport_c/dynamixel_workbench_msgs/msg/pro_ext__type_support.cpp.o[0m
[ 24%] [32mBuilding CXX object CMakeFiles/dynamixel_workbench_msgs__rosidl_typesupport_c.dir/rosidl_typesupport_c/dynamixel_workbench_msgs/msg/dynamixel_state__type_support.cpp.o[0m
[ 24%] [32mBuilding CXX object CMakeFiles/dynamixel_workbench_msgs__rosidl_typesupport_c.dir/rosidl_typesupport_c/dynamixel_workbench_msgs/msg/rx__type_support.cpp.o[0m
[ 25%] [32mBuilding CXX object CMakeFiles/dynamixel_workbench_msgs__rosidl_typesupport_c.dir/rosidl_typesupport_c/dynamixel_workbench_msgs/msg/xl__type_support.cpp.o[0m
[ 26%] [32mBuilding CXX object CMakeFiles/dynamixel_workbench_msgs__rosidl_typesupport_c.dir/rosidl_typesupport_c/dynamixel_workbench_msgs/msg/xm__type_support.cpp.o[0m
[ 26%] [32mBuilding CXX object CMakeFiles/dynamixel_workbench_msgs__rosidl_typesupport_c.dir/rosidl_typesupport_c/dynamixel_workbench_msgs/msg/xm_ext__type_support.cpp.o[0m
[ 26%] [32mBuilding CXX object CMakeFiles/dynamixel_workbench_msgs__rosidl_typesupport_cpp.dir/rosidl_typesupport_cpp/dynamixel_workbench_msgs/msg/ax__type_support.cpp.o[0m
[ 28%] [32mBuilding CXX object CMakeFiles/dynamixel_workbench_msgs__rosidl_typesupport_c.dir/rosidl_typesupport_c/dynamixel_workbench_msgs/msg/dynamixel_state_list__type_support.cpp.o[0m
[ 28%] [32mBuilding CXX object CMakeFiles/dynamixel_workbench_msgs__rosidl_typesupport_cpp.dir/rosidl_typesupport_cpp/dynamixel_workbench_msgs/msg/mx2__type_support.cpp.o[0m
[ 28%] [32mBuilding CXX object CMakeFiles/dynamixel_workbench_msgs__rosidl_typesupport_cpp.dir/rosidl_typesupport_cpp/dynamixel_workbench_msgs/msg/mx2_ext__type_support.cpp.o[0m
[ 28%] [32mBuilding CXX object CMakeFiles/dynamixel_workbench_msgs__rosidl_typesupport_c.dir/rosidl_typesupport_c/dynamixel_workbench_msgs/srv/get_dynamixel_info__type_support.cpp.o[0m
[ 29%] [32mBuilding CXX object CMakeFiles/dynamixel_workbench_msgs__rosidl_typesupport_cpp.dir/rosidl_typesupport_cpp/dynamixel_workbench_msgs/msg/ex__type_support.cpp.o[0m
[ 29%] [32mBuilding CXX object CMakeFiles/dynamixel_workbench_msgs__rosidl_typesupport_cpp.dir/rosidl_typesupport_cpp/dynamixel_workbench_msgs/msg/mx__type_support.cpp.o[0m
[ 29%] [32mBuilding CXX object CMakeFiles/dynamixel_workbench_msgs__rosidl_typesupport_cpp.dir/rosidl_typesupport_cpp/dynamixel_workbench_msgs/msg/pro_ext__type_support.cpp.o[0m
[ 30%] [32mBuilding CXX object CMakeFiles/dynamixel_workbench_msgs__rosidl_typesupport_c.dir/rosidl_typesupport_c/dynamixel_workbench_msgs/srv/dynamixel_command__type_support.cpp.o[0m
[ 30%] [32mBuilding CXX object CMakeFiles/dynamixel_workbench_msgs__rosidl_typesupport_c.dir/rosidl_typesupport_c/dynamixel_workbench_msgs/msg/dynamixel_load_info__type_support.cpp.o[0m
[ 31%] [32mBuilding CXX object CMakeFiles/dynamixel_workbench_msgs__rosidl_typesupport_cpp.dir/rosidl_typesupport_cpp/dynamixel_workbench_msgs/msg/pro__type_support.cpp.o[0m
[ 31%] [32mBuilding CXX object CMakeFiles/dynamixel_workbench_msgs__rosidl_typesupport_cpp.dir/rosidl_typesupport_cpp/dynamixel_workbench_msgs/msg/xh__type_support.cpp.o[0m
[ 32%] [32mBuilding CXX object CMakeFiles/dynamixel_workbench_msgs__rosidl_typesupport_cpp.dir/rosidl_typesupport_cpp/dynamixel_workbench_msgs/msg/rx__type_support.cpp.o[0m
[ 33%] [32mBuilding CXX object CMakeFiles/dynamixel_workbench_msgs__rosidl_typesupport_c.dir/rosidl_typesupport_c/dynamixel_workbench_msgs/msg/dynamixel_info__type_support.cpp.o[0m
[ 34%] [32mBuilding CXX object CMakeFiles/dynamixel_workbench_msgs__rosidl_typesupport_cpp.dir/rosidl_typesupport_cpp/dynamixel_workbench_msgs/msg/xl__type_support.cpp.o[0m
[ 35%] [32mBuilding CXX object CMakeFiles/dynamixel_workbench_msgs__rosidl_typesupport_cpp.dir/rosidl_typesupport_cpp/dynamixel_workbench_msgs/msg/mx_ext__type_support.cpp.o[0m
[ 36%] [32mBuilding CXX object CMakeFiles/dynamixel_workbench_msgs__rosidl_typesupport_cpp.dir/rosidl_typesupport_cpp/dynamixel_workbench_msgs/msg/xl320__type_support.cpp.o[0m
[ 37%] [32mBuilding CXX object CMakeFiles/dynamixel_workbench_msgs__rosidl_typesupport_cpp.dir/rosidl_typesupport_cpp/dynamixel_workbench_msgs/msg/xm__type_support.cpp.o[0m
[ 37%] [32mBuilding CXX object CMakeFiles/dynamixel_workbench_msgs__rosidl_typesupport_cpp.dir/rosidl_typesupport_cpp/dynamixel_workbench_msgs/msg/xm_ext__type_support.cpp.o[0m
[ 37%] [32m[1mLinking CXX shared library libdynamixel_workbench_msgs__rosidl_typesupport_c.so[0m
[ 37%] [32mBuilding CXX object CMakeFiles/dynamixel_workbench_msgs__rosidl_typesupport_cpp.dir/rosidl_typesupport_cpp/dynamixel_workbench_msgs/msg/dynamixel_state__type_support.cpp.o[0m
[ 37%] Built target dynamixel_workbench_msgs__rosidl_typesupport_c
[ 37%] [32mBuilding CXX object CMakeFiles/dynamixel_workbench_msgs__rosidl_typesupport_cpp.dir/rosidl_typesupport_cpp/dynamixel_workbench_msgs/msg/dynamixel_state_list__type_support.cpp.o[0m
[ 38%] [32mBuilding CXX object CMakeFiles/dynamixel_workbench_msgs__rosidl_typesupport_cpp.dir/rosidl_typesupport_cpp/dynamixel_workbench_msgs/msg/dynamixel_info__type_support.cpp.o[0m
[ 39%] [32mBuilding CXX object CMakeFiles/dynamixel_workbench_msgs__rosidl_typesupport_cpp.dir/rosidl_typesupport_cpp/dynamixel_workbench_msgs/msg/dynamixel_load_info__type_support.cpp.o[0m
[ 39%] [32mBuilding CXX object CMakeFiles/dynamixel_workbench_msgs__rosidl_typesupport_cpp.dir/rosidl_typesupport_cpp/dynamixel_workbench_msgs/srv/get_dynamixel_info__type_support.cpp.o[0m
[ 40%] [32mBuilding CXX object CMakeFiles/dynamixel_workbench_msgs__rosidl_typesupport_cpp.dir/rosidl_typesupport_cpp/dynamixel_workbench_msgs/srv/dynamixel_command__type_support.cpp.o[0m
[ 42%] [32mBuilding CXX object CMakeFiles/dynamixel_workbench_msgs__rosidl_typesupport_introspection_cpp.dir/rosidl_typesupport_introspection_cpp/dynamixel_workbench_msgs/msg/detail/ex__type_support.cpp.o[0m
[ 42%] [32mBuilding CXX object CMakeFiles/dynamixel_workbench_msgs__rosidl_typesupport_introspection_cpp.dir/rosidl_typesupport_introspection_cpp/dynamixel_workbench_msgs/msg/detail/mx_ext__type_support.cpp.o[0m
[ 43%] [32mBuilding CXX object CMakeFiles/dynamixel_workbench_msgs__rosidl_typesupport_introspection_cpp.dir/rosidl_typesupport_introspection_cpp/dynamixel_workbench_msgs/msg/detail/mx2_ext__type_support.cpp.o[0m
[ 43%] [32mBuilding CXX object CMakeFiles/dynamixel_workbench_msgs__rosidl_typesupport_introspection_cpp.dir/rosidl_typesupport_introspection_cpp/dynamixel_workbench_msgs/msg/detail/pro__type_support.cpp.o[0m
[ 43%] [32mBuilding CXX object CMakeFiles/dynamixel_workbench_msgs__rosidl_typesupport_introspection_cpp.dir/rosidl_typesupport_introspection_cpp/dynamixel_workbench_msgs/msg/detail/mx2__type_support.cpp.o[0m
[ 43%] [32mBuilding CXX object CMakeFiles/dynamixel_workbench_msgs__rosidl_typesupport_introspection_cpp.dir/rosidl_typesupport_introspection_cpp/dynamixel_workbench_msgs/msg/detail/mx__type_support.cpp.o[0m
[ 43%] [32mBuilding CXX object CMakeFiles/dynamixel_workbench_msgs__rosidl_typesupport_introspection_cpp.dir/rosidl_typesupport_introspection_cpp/dynamixel_workbench_msgs/msg/detail/pro_ext__type_support.cpp.o[0m
[ 43%] [32mBuilding CXX object CMakeFiles/dynamixel_workbench_msgs__rosidl_typesupport_introspection_cpp.dir/rosidl_typesupport_introspection_cpp/dynamixel_workbench_msgs/msg/detail/xh__type_support.cpp.o[0m
[ 44%] [32mBuilding CXX object CMakeFiles/dynamixel_workbench_msgs__rosidl_typesupport_introspection_cpp.dir/rosidl_typesupport_introspection_cpp/dynamixel_workbench_msgs/msg/detail/xl__type_support.cpp.o[0m
[ 45%] [32mBuilding CXX object CMakeFiles/dynamixel_workbench_msgs__rosidl_typesupport_introspection_cpp.dir/rosidl_typesupport_introspection_cpp/dynamixel_workbench_msgs/msg/detail/rx__type_support.cpp.o[0m
[ 46%] [32mBuilding CXX object CMakeFiles/dynamixel_workbench_msgs__rosidl_typesupport_introspection_cpp.dir/rosidl_typesupport_introspection_cpp/dynamixel_workbench_msgs/msg/detail/ax__type_support.cpp.o[0m
[ 47%] [32mBuilding CXX object CMakeFiles/dynamixel_workbench_msgs__rosidl_typesupport_introspection_cpp.dir/rosidl_typesupport_introspection_cpp/dynamixel_workbench_msgs/msg/detail/xl320__type_support.cpp.o[0m
[ 47%] [32mBuilding CXX object CMakeFiles/dynamixel_workbench_msgs__rosidl_typesupport_introspection_cpp.dir/rosidl_typesupport_introspection_cpp/dynamixel_workbench_msgs/msg/detail/xm__type_support.cpp.o[0m
[ 48%] [32mBuilding CXX object CMakeFiles/dynamixel_workbench_msgs__rosidl_typesupport_introspection_cpp.dir/rosidl_typesupport_introspection_cpp/dynamixel_workbench_msgs/msg/detail/xm_ext__type_support.cpp.o[0m
[ 48%] [32mBuilding CXX object CMakeFiles/dynamixel_workbench_msgs__rosidl_typesupport_introspection_cpp.dir/rosidl_typesupport_introspection_cpp/dynamixel_workbench_msgs/msg/detail/dynamixel_state__type_support.cpp.o[0m
[ 49%] [32mBuilding CXX object CMakeFiles/dynamixel_workbench_msgs__rosidl_typesupport_introspection_cpp.dir/rosidl_typesupport_introspection_cpp/dynamixel_workbench_msgs/msg/detail/dynamixel_state_list__type_support.cpp.o[0m
[ 49%] [32m[1mLinking CXX shared library libdynamixel_workbench_msgs__rosidl_typesupport_cpp.so[0m
[ 49%] [32mBuilding CXX object CMakeFiles/dynamixel_workbench_msgs__rosidl_typesupport_introspection_cpp.dir/rosidl_typesupport_introspection_cpp/dynamixel_workbench_msgs/msg/detail/dynamixel_info__type_support.cpp.o[0m
[ 49%] Built target dynamixel_workbench_msgs__rosidl_typesupport_cpp
[ 50%] [32mBuilding CXX object CMakeFiles/dynamixel_workbench_msgs__rosidl_typesupport_introspection_cpp.dir/rosidl_typesupport_introspection_cpp/dynamixel_workbench_msgs/srv/detail/get_dynamixel_info__type_support.cpp.o[0m
[ 50%] [32mBuilding CXX object CMakeFiles/dynamixel_workbench_msgs__rosidl_typesupport_introspection_cpp.dir/rosidl_typesupport_introspection_cpp/dynamixel_workbench_msgs/msg/detail/dynamixel_load_info__type_support.cpp.o[0m
[ 51%] [32mBuilding CXX object CMakeFiles/dynamixel_workbench_msgs__rosidl_typesupport_introspection_cpp.dir/rosidl_typesupport_introspection_cpp/dynamixel_workbench_msgs/srv/detail/dynamixel_command__type_support.cpp.o[0m
[ 51%] [32mBuilding C object CMakeFiles/dynamixel_workbench_msgs__rosidl_typesupport_introspection_c.dir/rosidl_typesupport_introspection_c/dynamixel_workbench_msgs/msg/detail/ax__type_support.c.o[0m
[ 53%] [32mBuilding C object CMakeFiles/dynamixel_workbench_msgs__rosidl_typesupport_introspection_c.dir/rosidl_typesupport_introspection_c/dynamixel_workbench_msgs/msg/detail/mx__type_support.c.o[0m
[ 53%] [32mBuilding C object CMakeFiles/dynamixel_workbench_msgs__rosidl_typesupport_introspection_c.dir/rosidl_typesupport_introspection_c/dynamixel_workbench_msgs/msg/detail/ex__type_support.c.o[0m
[ 53%] [32mBuilding C object CMakeFiles/dynamixel_workbench_msgs__rosidl_typesupport_introspection_c.dir/rosidl_typesupport_introspection_c/dynamixel_workbench_msgs/msg/detail/mx2__type_support.c.o[0m
[ 55%] [32mBuilding C object CMakeFiles/dynamixel_workbench_msgs__rosidl_typesupport_introspection_c.dir/rosidl_typesupport_introspection_c/dynamixel_workbench_msgs/msg/detail/mx2_ext__type_support.c.o[0m
[ 55%] [32mBuilding CXX object CMakeFiles/dynamixel_workbench_msgs__rosidl_typesupport_fastrtps_cpp.dir/rosidl_typesupport_fastrtps_cpp/dynamixel_workbench_msgs/msg/detail/dds_fastrtps/ex__type_support.cpp.o[0m
[ 55%] [32mBuilding CXX object CMakeFiles/dynamixel_workbench_msgs__rosidl_typesupport_fastrtps_cpp.dir/rosidl_typesupport_fastrtps_cpp/dynamixel_workbench_msgs/msg/detail/dds_fastrtps/ax__type_support.cpp.o[0m
[ 56%] [32mBuilding CXX object CMakeFiles/dynamixel_workbench_msgs__rosidl_typesupport_fastrtps_c.dir/rosidl_typesupport_fastrtps_c/dynamixel_workbench_msgs/msg/detail/ax__type_support_c.cpp.o[0m
[ 56%] [32mBuilding CXX object CMakeFiles/dynamixel_workbench_msgs__rosidl_typesupport_fastrtps_cpp.dir/rosidl_typesupport_fastrtps_cpp/dynamixel_workbench_msgs/msg/detail/dds_fastrtps/mx__type_support.cpp.o[0m
[ 56%] [32mBuilding C object CMakeFiles/dynamixel_workbench_msgs__rosidl_typesupport_introspection_c.dir/rosidl_typesupport_introspection_c/dynamixel_workbench_msgs/msg/detail/mx_ext__type_support.c.o[0m
[ 56%] [32mBuilding CXX object CMakeFiles/dynamixel_workbench_msgs__rosidl_typesupport_fastrtps_cpp.dir/rosidl_typesupport_fastrtps_cpp/dynamixel_workbench_msgs/msg/detail/dds_fastrtps/mx2__type_support.cpp.o[0m
[ 57%] [32mBuilding CXX object CMakeFiles/dynamixel_workbench_msgs__rosidl_typesupport_fastrtps_cpp.dir/rosidl_typesupport_fastrtps_cpp/dynamixel_workbench_msgs/msg/detail/dds_fastrtps/mx2_ext__type_support.cpp.o[0m
[ 57%] [32mBuilding CXX object CMakeFiles/dynamixel_workbench_msgs__rosidl_typesupport_fastrtps_c.dir/rosidl_typesupport_fastrtps_c/dynamixel_workbench_msgs/msg/detail/mx__type_support_c.cpp.o[0m
[ 57%] [32mBuilding CXX object CMakeFiles/dynamixel_workbench_msgs__rosidl_typesupport_fastrtps_cpp.dir/rosidl_typesupport_fastrtps_cpp/dynamixel_workbench_msgs/msg/detail/dds_fastrtps/mx_ext__type_support.cpp.o[0m
[ 58%] [32mBuilding C object CMakeFiles/dynamixel_workbench_msgs__rosidl_typesupport_introspection_c.dir/rosidl_typesupport_introspection_c/dynamixel_workbench_msgs/msg/detail/pro__type_support.c.o[0m
[ 59%] [32mBuilding CXX object CMakeFiles/dynamixel_workbench_msgs__rosidl_typesupport_fastrtps_c.dir/rosidl_typesupport_fastrtps_c/dynamixel_workbench_msgs/msg/detail/ex__type_support_c.cpp.o[0m
[ 60%] [32mBuilding C object CMakeFiles/dynamixel_workbench_msgs__rosidl_typesupport_introspection_c.dir/rosidl_typesupport_introspection_c/dynamixel_workbench_msgs/msg/detail/rx__type_support.c.o[0m
[ 60%] [32mBuilding C object CMakeFiles/dynamixel_workbench_msgs__rosidl_typesupport_introspection_c.dir/rosidl_typesupport_introspection_c/dynamixel_workbench_msgs/msg/detail/pro_ext__type_support.c.o[0m
[ 61%] [32mBuilding CXX object CMakeFiles/dynamixel_workbench_msgs__rosidl_typesupport_fastrtps_c.dir/rosidl_typesupport_fastrtps_c/dynamixel_workbench_msgs/msg/detail/mx2__type_support_c.cpp.o[0m
[ 62%] [32mBuilding CXX object CMakeFiles/dynamixel_workbench_msgs__rosidl_typesupport_fastrtps_c.dir/rosidl_typesupport_fastrtps_c/dynamixel_workbench_msgs/msg/detail/mx2_ext__type_support_c.cpp.o[0m
[ 62%] [32mBuilding CXX object CMakeFiles/dynamixel_workbench_msgs__rosidl_typesupport_fastrtps_c.dir/rosidl_typesupport_fastrtps_c/dynamixel_workbench_msgs/msg/detail/mx_ext__type_support_c.cpp.o[0m
[ 62%] [32mBuilding C object CMakeFiles/dynamixel_workbench_msgs__rosidl_typesupport_introspection_c.dir/rosidl_typesupport_introspection_c/dynamixel_workbench_msgs/msg/detail/xh__type_support.c.o[0m
[ 63%] [32mBuilding C object CMakeFiles/dynamixel_workbench_msgs__rosidl_typesupport_introspection_c.dir/rosidl_typesupport_introspection_c/dynamixel_workbench_msgs/msg/detail/xl__type_support.c.o[0m
[ 64%] [32mBuilding CXX object CMakeFiles/dynamixel_workbench_msgs__rosidl_typesupport_fastrtps_cpp.dir/rosidl_typesupport_fastrtps_cpp/dynamixel_workbench_msgs/msg/detail/dds_fastrtps/pro__type_support.cpp.o[0m
[ 64%] [32mBuilding CXX object CMakeFiles/dynamixel_workbench_msgs__rosidl_typesupport_fastrtps_cpp.dir/rosidl_typesupport_fastrtps_cpp/dynamixel_workbench_msgs/msg/detail/dds_fastrtps/pro_ext__type_support.cpp.o[0m
[ 64%] [32mBuilding C object CMakeFiles/dynamixel_workbench_msgs__rosidl_typesupport_introspection_c.dir/rosidl_typesupport_introspection_c/dynamixel_workbench_msgs/msg/detail/xl320__type_support.c.o[0m
[ 65%] [32mBuilding CXX object CMakeFiles/dynamixel_workbench_msgs__rosidl_typesupport_fastrtps_cpp.dir/rosidl_typesupport_fastrtps_cpp/dynamixel_workbench_msgs/msg/detail/dds_fastrtps/rx__type_support.cpp.o[0m
[ 66%] [32mBuilding C object CMakeFiles/dynamixel_workbench_msgs__rosidl_typesupport_introspection_c.dir/rosidl_typesupport_introspection_c/dynamixel_workbench_msgs/msg/detail/xm__type_support.c.o[0m
[ 67%] [32mBuilding C object CMakeFiles/dynamixel_workbench_msgs__rosidl_typesupport_introspection_c.dir/rosidl_typesupport_introspection_c/dynamixel_workbench_msgs/msg/detail/xm_ext__type_support.c.o[0m
[ 67%] [32mBuilding C object CMakeFiles/dynamixel_workbench_msgs__rosidl_typesupport_introspection_c.dir/rosidl_typesupport_introspection_c/dynamixel_workbench_msgs/msg/detail/dynamixel_state__type_support.c.o[0m
[ 67%] [32mBuilding CXX object CMakeFiles/dynamixel_workbench_msgs__rosidl_typesupport_fastrtps_cpp.dir/rosidl_typesupport_fastrtps_cpp/dynamixel_workbench_msgs/msg/detail/dds_fastrtps/xh__type_support.cpp.o[0m
[ 68%] [32mBuilding CXX object CMakeFiles/dynamixel_workbench_msgs__rosidl_typesupport_fastrtps_cpp.dir/rosidl_typesupport_fastrtps_cpp/dynamixel_workbench_msgs/msg/detail/dds_fastrtps/xl__type_support.cpp.o[0m
[ 68%] [32mBuilding CXX object CMakeFiles/dynamixel_workbench_msgs__rosidl_typesupport_fastrtps_cpp.dir/rosidl_typesupport_fastrtps_cpp/dynamixel_workbench_msgs/msg/detail/dds_fastrtps/xl320__type_support.cpp.o[0m
[ 69%] [32mBuilding C object CMakeFiles/dynamixel_workbench_msgs__rosidl_typesupport_introspection_c.dir/rosidl_typesupport_introspection_c/dynamixel_workbench_msgs/msg/detail/dynamixel_state_list__type_support.c.o[0m
[ 69%] [32mBuilding C object CMakeFiles/dynamixel_workbench_msgs__rosidl_typesupport_introspection_c.dir/rosidl_typesupport_introspection_c/dynamixel_workbench_msgs/msg/detail/dynamixel_info__type_support.c.o[0m
[ 70%] [32mBuilding CXX object CMakeFiles/dynamixel_workbench_msgs__rosidl_typesupport_fastrtps_cpp.dir/rosidl_typesupport_fastrtps_cpp/dynamixel_workbench_msgs/msg/detail/dds_fastrtps/xm__type_support.cpp.o[0m
[ 71%] [32mBuilding CXX object CMakeFiles/dynamixel_workbench_msgs__rosidl_typesupport_fastrtps_cpp.dir/rosidl_typesupport_fastrtps_cpp/dynamixel_workbench_msgs/msg/detail/dds_fastrtps/xm_ext__type_support.cpp.o[0m
[ 72%] [32mBuilding CXX object CMakeFiles/dynamixel_workbench_msgs__rosidl_typesupport_fastrtps_c.dir/rosidl_typesupport_fastrtps_c/dynamixel_workbench_msgs/msg/detail/pro__type_support_c.cpp.o[0m
[ 73%] [32mBuilding C object CMakeFiles/dynamixel_workbench_msgs__rosidl_typesupport_introspection_c.dir/rosidl_typesupport_introspection_c/dynamixel_workbench_msgs/msg/detail/dynamixel_load_info__type_support.c.o[0m
[ 74%] [32m[1mLinking CXX shared library libdynamixel_workbench_msgs__rosidl_typesupport_introspection_cpp.so[0m
[ 75%] [32mBuilding C object CMakeFiles/dynamixel_workbench_msgs__rosidl_typesupport_introspection_c.dir/rosidl_typesupport_introspection_c/dynamixel_workbench_msgs/srv/detail/get_dynamixel_info__type_support.c.o[0m
[ 75%] [32mBuilding CXX object CMakeFiles/dynamixel_workbench_msgs__rosidl_typesupport_fastrtps_c.dir/rosidl_typesupport_fastrtps_c/dynamixel_workbench_msgs/msg/detail/rx__type_support_c.cpp.o[0m
[ 75%] [32mBuilding CXX object CMakeFiles/dynamixel_workbench_msgs__rosidl_typesupport_fastrtps_c.dir/rosidl_typesupport_fastrtps_c/dynamixel_workbench_msgs/msg/detail/pro_ext__type_support_c.cpp.o[0m
[ 75%] [32mBuilding CXX object CMakeFiles/dynamixel_workbench_msgs__rosidl_typesupport_fastrtps_cpp.dir/rosidl_typesupport_fastrtps_cpp/dynamixel_workbench_msgs/msg/detail/dds_fastrtps/dynamixel_state__type_support.cpp.o[0m
[ 76%] [32mBuilding C object CMakeFiles/dynamixel_workbench_msgs__rosidl_typesupport_introspection_c.dir/rosidl_typesupport_introspection_c/dynamixel_workbench_msgs/srv/detail/dynamixel_command__type_support.c.o[0m
[ 77%] [32mBuilding CXX object CMakeFiles/dynamixel_workbench_msgs__rosidl_typesupport_fastrtps_cpp.dir/rosidl_typesupport_fastrtps_cpp/dynamixel_workbench_msgs/msg/detail/dds_fastrtps/dynamixel_state_list__type_support.cpp.o[0m
[ 77%] [32mBuilding CXX object CMakeFiles/dynamixel_workbench_msgs__rosidl_typesupport_fastrtps_cpp.dir/rosidl_typesupport_fastrtps_cpp/dynamixel_workbench_msgs/msg/detail/dds_fastrtps/dynamixel_info__type_support.cpp.o[0m
[ 78%] [32mBuilding CXX object CMakeFiles/dynamixel_workbench_msgs__rosidl_typesupport_fastrtps_cpp.dir/rosidl_typesupport_fastrtps_cpp/dynamixel_workbench_msgs/msg/detail/dds_fastrtps/dynamixel_load_info__type_support.cpp.o[0m
[ 78%] [32m[1mLinking C shared library libdynamixel_workbench_msgs__rosidl_typesupport_introspection_c.so[0m
[ 78%] [32mBuilding CXX object CMakeFiles/dynamixel_workbench_msgs__rosidl_typesupport_fastrtps_cpp.dir/rosidl_typesupport_fastrtps_cpp/dynamixel_workbench_msgs/srv/detail/dds_fastrtps/get_dynamixel_info__type_support.cpp.o[0m
[ 79%] [32mBuilding CXX object CMakeFiles/dynamixel_workbench_msgs__rosidl_typesupport_fastrtps_cpp.dir/rosidl_typesupport_fastrtps_cpp/dynamixel_workbench_msgs/srv/detail/dds_fastrtps/dynamixel_command__type_support.cpp.o[0m
[ 79%] Built target dynamixel_workbench_msgs__rosidl_typesupport_introspection_c
[ 79%] Built target dynamixel_workbench_msgs__rosidl_typesupport_introspection_cpp
[ 79%] [32mBuilding CXX object CMakeFiles/dynamixel_workbench_msgs__rosidl_typesupport_fastrtps_c.dir/rosidl_typesupport_fastrtps_c/dynamixel_workbench_msgs/msg/detail/xh__type_support_c.cpp.o[0m
[ 80%] [32mBuilding CXX object CMakeFiles/dynamixel_workbench_msgs__rosidl_typesupport_fastrtps_c.dir/rosidl_typesupport_fastrtps_c/dynamixel_workbench_msgs/msg/detail/xl__type_support_c.cpp.o[0m
[ 80%] [32mBuilding CXX object CMakeFiles/dynamixel_workbench_msgs__rosidl_typesupport_fastrtps_c.dir/rosidl_typesupport_fastrtps_c/dynamixel_workbench_msgs/msg/detail/xl320__type_support_c.cpp.o[0m
[ 81%] [32mBuilding CXX object CMakeFiles/dynamixel_workbench_msgs__rosidl_typesupport_fastrtps_c.dir/rosidl_typesupport_fastrtps_c/dynamixel_workbench_msgs/msg/detail/xm__type_support_c.cpp.o[0m
[ 81%] [32mBuilding CXX object CMakeFiles/dynamixel_workbench_msgs__rosidl_typesupport_fastrtps_c.dir/rosidl_typesupport_fastrtps_c/dynamixel_workbench_msgs/msg/detail/xm_ext__type_support_c.cpp.o[0m
[ 82%] [32mBuilding CXX object CMakeFiles/dynamixel_workbench_msgs__rosidl_typesupport_fastrtps_c.dir/rosidl_typesupport_fastrtps_c/dynamixel_workbench_msgs/msg/detail/dynamixel_state__type_support_c.cpp.o[0m
[ 83%] [32mBuilding CXX object CMakeFiles/dynamixel_workbench_msgs__rosidl_typesupport_fastrtps_c.dir/rosidl_typesupport_fastrtps_c/dynamixel_workbench_msgs/msg/detail/dynamixel_state_list__type_support_c.cpp.o[0m
[ 84%] [32mBuilding CXX object CMakeFiles/dynamixel_workbench_msgs__rosidl_typesupport_fastrtps_c.dir/rosidl_typesupport_fastrtps_c/dynamixel_workbench_msgs/msg/detail/dynamixel_load_info__type_support_c.cpp.o[0m
[ 84%] [32mBuilding CXX object CMakeFiles/dynamixel_workbench_msgs__rosidl_typesupport_fastrtps_c.dir/rosidl_typesupport_fastrtps_c/dynamixel_workbench_msgs/msg/detail/dynamixel_info__type_support_c.cpp.o[0m
[ 84%] [32mBuilding CXX object CMakeFiles/dynamixel_workbench_msgs__rosidl_typesupport_fastrtps_c.dir/rosidl_typesupport_fastrtps_c/dynamixel_workbench_msgs/srv/detail/get_dynamixel_info__type_support_c.cpp.o[0m
[ 85%] [32mBuilding CXX object CMakeFiles/dynamixel_workbench_msgs__rosidl_typesupport_fastrtps_c.dir/rosidl_typesupport_fastrtps_c/dynamixel_workbench_msgs/srv/detail/dynamixel_command__type_support_c.cpp.o[0m
[ 85%] [32m[1mLinking CXX shared library libdynamixel_workbench_msgs__rosidl_typesupport_fastrtps_cpp.so[0m
[ 85%] Built target dynamixel_workbench_msgs__rosidl_typesupport_fastrtps_cpp
[ 85%] [32m[1mLinking CXX shared library libdynamixel_workbench_msgs__rosidl_typesupport_fastrtps_c.so[0m
[ 85%] Built target dynamixel_workbench_msgs__rosidl_typesupport_fastrtps_c
[ 85%] Built target dynamixel_workbench_msgs
[ 86%] [34m[1mGenerating Python code for ROS interfaces[0m
[ 86%] Built target dynamixel_workbench_msgs__py
[ 86%] [32mBuilding C object CMakeFiles/dynamixel_workbench_msgs__rosidl_generator_py.dir/rosidl_generator_py/dynamixel_workbench_msgs/msg/_mx2_ext_s.c.o[0m
[ 87%] [32mBuilding C object CMakeFiles/dynamixel_workbench_msgs__rosidl_generator_py.dir/rosidl_generator_py/dynamixel_workbench_msgs/msg/_mx_ext_s.c.o[0m
[ 87%] [32mBuilding C object CMakeFiles/dynamixel_workbench_msgs__rosidl_generator_py.dir/rosidl_generator_py/dynamixel_workbench_msgs/msg/_pro_s.c.o[0m
[ 88%] [32mBuilding C object CMakeFiles/dynamixel_workbench_msgs__rosidl_generator_py.dir/rosidl_generator_py/dynamixel_workbench_msgs/msg/_pro_ext_s.c.o[0m
[ 89%] [32mBuilding C object CMakeFiles/dynamixel_workbench_msgs__rosidl_generator_py.dir/rosidl_generator_py/dynamixel_workbench_msgs/msg/_ex_s.c.o[0m
[ 89%] [32mBuilding C object CMakeFiles/dynamixel_workbench_msgs__rosidl_generator_py.dir/rosidl_generator_py/dynamixel_workbench_msgs/msg/_mx_s.c.o[0m
[ 90%] [32mBuilding C object CMakeFiles/dynamixel_workbench_msgs__rosidl_generator_py.dir/rosidl_generator_py/dynamixel_workbench_msgs/msg/_xl_s.c.o[0m
[ 91%] [32mBuilding C object CMakeFiles/dynamixel_workbench_msgs__rosidl_generator_py.dir/rosidl_generator_py/dynamixel_workbench_msgs/msg/_mx2_s.c.o[0m
[ 88%] [32mBuilding C object CMakeFiles/dynamixel_workbench_msgs__rosidl_generator_py.dir/rosidl_generator_py/dynamixel_workbench_msgs/msg/_ax_s.c.o[0m
[ 91%] [32mBuilding C object CMakeFiles/dynamixel_workbench_msgs__rosidl_generator_py.dir/rosidl_generator_py/dynamixel_workbench_msgs/msg/_xm_ext_s.c.o[0m
[ 91%] [32mBuilding C object CMakeFiles/dynamixel_workbench_msgs__rosidl_generator_py.dir/rosidl_generator_py/dynamixel_workbench_msgs/msg/_xl320_s.c.o[0m
[ 92%] [32mBuilding C object CMakeFiles/dynamixel_workbench_msgs__rosidl_generator_py.dir/rosidl_generator_py/dynamixel_workbench_msgs/msg/_dynamixel_state_s.c.o[0m
[ 93%] [32mBuilding C object CMakeFiles/dynamixel_workbench_msgs__rosidl_generator_py.dir/rosidl_generator_py/dynamixel_workbench_msgs/msg/_dynamixel_info_s.c.o[0m
[ 93%] [32mBuilding C object CMakeFiles/dynamixel_workbench_msgs__rosidl_generator_py.dir/rosidl_generator_py/dynamixel_workbench_msgs/msg/_dynamixel_load_info_s.c.o[0m
[ 95%] [32mBuilding C object CMakeFiles/dynamixel_workbench_msgs__rosidl_generator_py.dir/rosidl_generator_py/dynamixel_workbench_msgs/msg/_rx_s.c.o[0m
[ 95%] [32mBuilding C object CMakeFiles/dynamixel_workbench_msgs__rosidl_generator_py.dir/rosidl_generator_py/dynamixel_workbench_msgs/srv/_get_dynamixel_info_s.c.o[0m
[ 95%] [32mBuilding C object CMakeFiles/dynamixel_workbench_msgs__rosidl_generator_py.dir/rosidl_generator_py/dynamixel_workbench_msgs/msg/_xh_s.c.o[0m
[ 96%] [32mBuilding C object CMakeFiles/dynamixel_workbench_msgs__rosidl_generator_py.dir/rosidl_generator_py/dynamixel_workbench_msgs/srv/_dynamixel_command_s.c.o[0m
[ 97%] [32mBuilding C object CMakeFiles/dynamixel_workbench_msgs__rosidl_generator_py.dir/rosidl_generator_py/dynamixel_workbench_msgs/msg/_xm_s.c.o[0m
[ 97%] [32mBuilding C object CMakeFiles/dynamixel_workbench_msgs__rosidl_generator_py.dir/rosidl_generator_py/dynamixel_workbench_msgs/msg/_dynamixel_state_list_s.c.o[0m
[ 97%] [32m[1mLinking C shared library rosidl_generator_py/dynamixel_workbench_msgs/libdynamixel_workbench_msgs__rosidl_generator_py.so[0m
[ 97%] Built target dynamixel_workbench_msgs__rosidl_generator_py
[ 98%] [32mBuilding C object CMakeFiles/dynamixel_workbench_msgs__rosidl_typesupport_fastrtps_c__pyext.dir/rosidl_generator_py/dynamixel_workbench_msgs/_dynamixel_workbench_msgs_s.ep.rosidl_typesupport_fastrtps_c.c.o[0m
[100%] [32mBuilding C object CMakeFiles/dynamixel_workbench_msgs__rosidl_typesupport_introspection_c__pyext.dir/rosidl_generator_py/dynamixel_workbench_msgs/_dynamixel_workbench_msgs_s.ep.rosidl_typesupport_introspection_c.c.o[0m
[100%] [32mBuilding C object CMakeFiles/dynamixel_workbench_msgs__rosidl_typesupport_c__pyext.dir/rosidl_generator_py/dynamixel_workbench_msgs/_dynamixel_workbench_msgs_s.ep.rosidl_typesupport_c.c.o[0m
[100%] [32m[1mLinking C shared library rosidl_generator_py/dynamixel_workbench_msgs/dynamixel_workbench_msgs_s__rosidl_typesupport_fastrtps_c.cpython-310-x86_64-linux-gnu.so[0m
[100%] [32m[1mLinking C shared library rosidl_generator_py/dynamixel_workbench_msgs/dynamixel_workbench_msgs_s__rosidl_typesupport_c.cpython-310-x86_64-linux-gnu.so[0m
[100%] [32m[1mLinking C shared library rosidl_generator_py/dynamixel_workbench_msgs/dynamixel_workbench_msgs_s__rosidl_typesupport_introspection_c.cpython-310-x86_64-linux-gnu.so[0m
[100%] Built target dynamixel_workbench_msgs__rosidl_typesupport_fastrtps_c__pyext
[100%] Built target dynamixel_workbench_msgs__rosidl_typesupport_c__pyext
[100%] Built target dynamixel_workbench_msgs__rosidl_typesupport_introspection_c__pyext
