[0.011s] Invoking command in '/home/darkdemon/work/motor_control/build/dynamixel_workbench_msgs': CMAKE_PREFIX_PATH=/opt/ros/humble /usr/bin/cmake --build /home/darkdemon/work/motor_control/build/dynamixel_workbench_msgs -- -j20 -l20
[0.174s] [  0%] [34m[1mGenerating C code for ROS interfaces[0m
[0.175s] [  0%] [34m[1mGenerating C++ code for ROS interfaces[0m
[0.176s] [  0%] Built target ament_cmake_python_symlink_dynamixel_workbench_msgs
[0.204s] running egg_info
[0.204s] creating dynamixel_workbench_msgs.egg-info
[0.205s] writing dynamixel_workbench_msgs.egg-info/PKG-INFO
[0.205s] writing dependency_links to dynamixel_workbench_msgs.egg-info/dependency_links.txt
[0.205s] writing top-level names to dynamixel_workbench_msgs.egg-info/top_level.txt
[0.205s] writing manifest file 'dynamixel_workbench_msgs.egg-info/SOURCES.txt'
[0.206s] reading manifest file 'dynamixel_workbench_msgs.egg-info/SOURCES.txt'
[0.206s] writing manifest file 'dynamixel_workbench_msgs.egg-info/SOURCES.txt'
[0.223s] [  0%] Built target ament_cmake_python_build_dynamixel_workbench_msgs_egg
[1.298s] [  0%] [32mBuilding C object CMakeFiles/dynamixel_workbench_msgs__rosidl_generator_c.dir/rosidl_generator_c/dynamixel_workbench_msgs/msg/detail/mx_ext__functions.c.o[0m
[1.299s] [  1%] [32mBuilding C object CMakeFiles/dynamixel_workbench_msgs__rosidl_generator_c.dir/rosidl_generator_c/dynamixel_workbench_msgs/msg/detail/ex__functions.c.o[0m
[1.299s] [  1%] [32mBuilding C object CMakeFiles/dynamixel_workbench_msgs__rosidl_generator_c.dir/rosidl_generator_c/dynamixel_workbench_msgs/msg/detail/ax__functions.c.o[0m
[1.299s] [  1%] [32mBuilding C object CMakeFiles/dynamixel_workbench_msgs__rosidl_generator_c.dir/rosidl_generator_c/dynamixel_workbench_msgs/msg/detail/rx__functions.c.o[0m
[1.299s] [  0%] [32mBuilding C object CMakeFiles/dynamixel_workbench_msgs__rosidl_generator_c.dir/rosidl_generator_c/dynamixel_workbench_msgs/msg/detail/mx2__functions.c.o[0m
[1.299s] [  2%] [32mBuilding C object CMakeFiles/dynamixel_workbench_msgs__rosidl_generator_c.dir/rosidl_generator_c/dynamixel_workbench_msgs/msg/detail/mx2_ext__functions.c.o[0m
[1.299s] [  5%] [32mBuilding C object CMakeFiles/dynamixel_workbench_msgs__rosidl_generator_c.dir/rosidl_generator_c/dynamixel_workbench_msgs/msg/detail/xm_ext__functions.c.o[0m
[1.299s] [  5%] [32mBuilding C object CMakeFiles/dynamixel_workbench_msgs__rosidl_generator_c.dir/rosidl_generator_c/dynamixel_workbench_msgs/msg/detail/pro__functions.c.o[0m
[1.299s] [  5%] [32mBuilding C object CMakeFiles/dynamixel_workbench_msgs__rosidl_generator_c.dir/rosidl_generator_c/dynamixel_workbench_msgs/msg/detail/mx__functions.c.o[0m
[1.299s] [  5%] [32mBuilding C object CMakeFiles/dynamixel_workbench_msgs__rosidl_generator_c.dir/rosidl_generator_c/dynamixel_workbench_msgs/msg/detail/xm__functions.c.o[0m
[1.299s] [  6%] [32mBuilding C object CMakeFiles/dynamixel_workbench_msgs__rosidl_generator_c.dir/rosidl_generator_c/dynamixel_workbench_msgs/msg/detail/pro_ext__functions.c.o[0m
[1.299s] [  7%] [32mBuilding C object CMakeFiles/dynamixel_workbench_msgs__rosidl_generator_c.dir/rosidl_generator_c/dynamixel_workbench_msgs/msg/detail/xh__functions.c.o[0m
[1.299s] [  7%] [32mBuilding C object CMakeFiles/dynamixel_workbench_msgs__rosidl_generator_c.dir/rosidl_generator_c/dynamixel_workbench_msgs/msg/detail/xl__functions.c.o[0m
[1.299s] [  8%] [32mBuilding C object CMakeFiles/dynamixel_workbench_msgs__rosidl_generator_c.dir/rosidl_generator_c/dynamixel_workbench_msgs/msg/detail/xl320__functions.c.o[0m
[1.300s] [  8%] [32mBuilding C object CMakeFiles/dynamixel_workbench_msgs__rosidl_generator_c.dir/rosidl_generator_c/dynamixel_workbench_msgs/msg/detail/dynamixel_state__functions.c.o[0m
[1.300s] [  9%] [32mBuilding C object CMakeFiles/dynamixel_workbench_msgs__rosidl_generator_c.dir/rosidl_generator_c/dynamixel_workbench_msgs/msg/detail/dynamixel_load_info__functions.c.o[0m
[1.301s] [ 10%] [32mBuilding C object CMakeFiles/dynamixel_workbench_msgs__rosidl_generator_c.dir/rosidl_generator_c/dynamixel_workbench_msgs/msg/detail/dynamixel_state_list__functions.c.o[0m
[1.301s] [ 10%] [32mBuilding C object CMakeFiles/dynamixel_workbench_msgs__rosidl_generator_c.dir/rosidl_generator_c/dynamixel_workbench_msgs/msg/detail/dynamixel_info__functions.c.o[0m
[1.310s] [ 11%] [32mBuilding C object CMakeFiles/dynamixel_workbench_msgs__rosidl_generator_c.dir/rosidl_generator_c/dynamixel_workbench_msgs/srv/detail/get_dynamixel_info__functions.c.o[0m
[1.357s] [ 11%] [32mBuilding C object CMakeFiles/dynamixel_workbench_msgs__rosidl_generator_c.dir/rosidl_generator_c/dynamixel_workbench_msgs/srv/detail/dynamixel_command__functions.c.o[0m
[1.401s] [ 11%] Built target dynamixel_workbench_msgs__cpp
[1.405s] [ 12%] [32m[1mLinking C shared library libdynamixel_workbench_msgs__rosidl_generator_c.so[0m
[1.408s] [ 13%] [34m[1mGenerating C++ type support for eProsima Fast-RTPS[0m
[1.410s] [ 14%] [34m[1mGenerating C++ type support dispatch for ROS interfaces[0m
[1.410s] [ 15%] [34m[1mGenerating C++ introspection for ROS interfaces[0m
[1.434s] [ 15%] Built target dynamixel_workbench_msgs__rosidl_generator_c
[1.442s] [ 16%] [34m[1mGenerating C introspection for ROS interfaces[0m
[1.442s] [ 17%] [34m[1mGenerating C type support dispatch for ROS interfaces[0m
[1.442s] [ 18%] [34m[1mGenerating C type support for eProsima Fast-RTPS[0m
[2.349s] [ 18%] [32mBuilding CXX object CMakeFiles/dynamixel_workbench_msgs__rosidl_typesupport_c.dir/rosidl_typesupport_c/dynamixel_workbench_msgs/msg/mx__type_support.cpp.o[0m
[2.349s] [ 19%] [32mBuilding CXX object CMakeFiles/dynamixel_workbench_msgs__rosidl_typesupport_c.dir/rosidl_typesupport_c/dynamixel_workbench_msgs/msg/mx2__type_support.cpp.o[0m
[2.350s] [ 20%] [32mBuilding CXX object CMakeFiles/dynamixel_workbench_msgs__rosidl_typesupport_c.dir/rosidl_typesupport_c/dynamixel_workbench_msgs/msg/ex__type_support.cpp.o[0m
[2.350s] [ 20%] [32mBuilding CXX object CMakeFiles/dynamixel_workbench_msgs__rosidl_typesupport_c.dir/rosidl_typesupport_c/dynamixel_workbench_msgs/msg/pro__type_support.cpp.o[0m
[2.350s] [ 20%] [32mBuilding CXX object CMakeFiles/dynamixel_workbench_msgs__rosidl_typesupport_c.dir/rosidl_typesupport_c/dynamixel_workbench_msgs/msg/ax__type_support.cpp.o[0m
[2.350s] [ 20%] [32mBuilding CXX object CMakeFiles/dynamixel_workbench_msgs__rosidl_typesupport_c.dir/rosidl_typesupport_c/dynamixel_workbench_msgs/msg/mx2_ext__type_support.cpp.o[0m
[2.350s] [ 21%] [32mBuilding CXX object CMakeFiles/dynamixel_workbench_msgs__rosidl_typesupport_c.dir/rosidl_typesupport_c/dynamixel_workbench_msgs/msg/xh__type_support.cpp.o[0m
[2.350s] [ 21%] [32mBuilding CXX object CMakeFiles/dynamixel_workbench_msgs__rosidl_typesupport_c.dir/rosidl_typesupport_c/dynamixel_workbench_msgs/msg/mx_ext__type_support.cpp.o[0m
[2.350s] [ 21%] [32mBuilding CXX object CMakeFiles/dynamixel_workbench_msgs__rosidl_typesupport_c.dir/rosidl_typesupport_c/dynamixel_workbench_msgs/msg/xl320__type_support.cpp.o[0m
[2.350s] [ 22%] [32mBuilding CXX object CMakeFiles/dynamixel_workbench_msgs__rosidl_typesupport_c.dir/rosidl_typesupport_c/dynamixel_workbench_msgs/msg/pro_ext__type_support.cpp.o[0m
[2.350s] [ 24%] [32mBuilding CXX object CMakeFiles/dynamixel_workbench_msgs__rosidl_typesupport_c.dir/rosidl_typesupport_c/dynamixel_workbench_msgs/msg/dynamixel_state__type_support.cpp.o[0m
[2.350s] [ 24%] [32mBuilding CXX object CMakeFiles/dynamixel_workbench_msgs__rosidl_typesupport_c.dir/rosidl_typesupport_c/dynamixel_workbench_msgs/msg/rx__type_support.cpp.o[0m
[2.351s] [ 25%] [32mBuilding CXX object CMakeFiles/dynamixel_workbench_msgs__rosidl_typesupport_c.dir/rosidl_typesupport_c/dynamixel_workbench_msgs/msg/xl__type_support.cpp.o[0m
[2.351s] [ 26%] [32mBuilding CXX object CMakeFiles/dynamixel_workbench_msgs__rosidl_typesupport_c.dir/rosidl_typesupport_c/dynamixel_workbench_msgs/msg/xm__type_support.cpp.o[0m
[2.353s] [ 26%] [32mBuilding CXX object CMakeFiles/dynamixel_workbench_msgs__rosidl_typesupport_c.dir/rosidl_typesupport_c/dynamixel_workbench_msgs/msg/xm_ext__type_support.cpp.o[0m
[2.361s] [ 26%] [32mBuilding CXX object CMakeFiles/dynamixel_workbench_msgs__rosidl_typesupport_cpp.dir/rosidl_typesupport_cpp/dynamixel_workbench_msgs/msg/ax__type_support.cpp.o[0m
[2.379s] [ 28%] [32mBuilding CXX object CMakeFiles/dynamixel_workbench_msgs__rosidl_typesupport_c.dir/rosidl_typesupport_c/dynamixel_workbench_msgs/msg/dynamixel_state_list__type_support.cpp.o[0m
[2.379s] [ 28%] [32mBuilding CXX object CMakeFiles/dynamixel_workbench_msgs__rosidl_typesupport_cpp.dir/rosidl_typesupport_cpp/dynamixel_workbench_msgs/msg/mx2__type_support.cpp.o[0m
[2.379s] [ 28%] [32mBuilding CXX object CMakeFiles/dynamixel_workbench_msgs__rosidl_typesupport_cpp.dir/rosidl_typesupport_cpp/dynamixel_workbench_msgs/msg/mx2_ext__type_support.cpp.o[0m
[2.379s] [ 28%] [32mBuilding CXX object CMakeFiles/dynamixel_workbench_msgs__rosidl_typesupport_c.dir/rosidl_typesupport_c/dynamixel_workbench_msgs/srv/get_dynamixel_info__type_support.cpp.o[0m
[2.380s] [ 29%] [32mBuilding CXX object CMakeFiles/dynamixel_workbench_msgs__rosidl_typesupport_cpp.dir/rosidl_typesupport_cpp/dynamixel_workbench_msgs/msg/ex__type_support.cpp.o[0m
[2.380s] [ 29%] [32mBuilding CXX object CMakeFiles/dynamixel_workbench_msgs__rosidl_typesupport_cpp.dir/rosidl_typesupport_cpp/dynamixel_workbench_msgs/msg/mx__type_support.cpp.o[0m
[2.381s] [ 29%] [32mBuilding CXX object CMakeFiles/dynamixel_workbench_msgs__rosidl_typesupport_cpp.dir/rosidl_typesupport_cpp/dynamixel_workbench_msgs/msg/pro_ext__type_support.cpp.o[0m
[2.382s] [ 30%] [32mBuilding CXX object CMakeFiles/dynamixel_workbench_msgs__rosidl_typesupport_c.dir/rosidl_typesupport_c/dynamixel_workbench_msgs/srv/dynamixel_command__type_support.cpp.o[0m
[2.382s] [ 30%] [32mBuilding CXX object CMakeFiles/dynamixel_workbench_msgs__rosidl_typesupport_c.dir/rosidl_typesupport_c/dynamixel_workbench_msgs/msg/dynamixel_load_info__type_support.cpp.o[0m
[2.382s] [ 31%] [32mBuilding CXX object CMakeFiles/dynamixel_workbench_msgs__rosidl_typesupport_cpp.dir/rosidl_typesupport_cpp/dynamixel_workbench_msgs/msg/pro__type_support.cpp.o[0m
[2.382s] [ 31%] [32mBuilding CXX object CMakeFiles/dynamixel_workbench_msgs__rosidl_typesupport_cpp.dir/rosidl_typesupport_cpp/dynamixel_workbench_msgs/msg/xh__type_support.cpp.o[0m
[2.382s] [ 32%] [32mBuilding CXX object CMakeFiles/dynamixel_workbench_msgs__rosidl_typesupport_cpp.dir/rosidl_typesupport_cpp/dynamixel_workbench_msgs/msg/rx__type_support.cpp.o[0m
[2.382s] [ 33%] [32mBuilding CXX object CMakeFiles/dynamixel_workbench_msgs__rosidl_typesupport_c.dir/rosidl_typesupport_c/dynamixel_workbench_msgs/msg/dynamixel_info__type_support.cpp.o[0m
[2.384s] [ 34%] [32mBuilding CXX object CMakeFiles/dynamixel_workbench_msgs__rosidl_typesupport_cpp.dir/rosidl_typesupport_cpp/dynamixel_workbench_msgs/msg/xl__type_support.cpp.o[0m
[2.390s] [ 35%] [32mBuilding CXX object CMakeFiles/dynamixel_workbench_msgs__rosidl_typesupport_cpp.dir/rosidl_typesupport_cpp/dynamixel_workbench_msgs/msg/mx_ext__type_support.cpp.o[0m
[2.413s] [ 36%] [32mBuilding CXX object CMakeFiles/dynamixel_workbench_msgs__rosidl_typesupport_cpp.dir/rosidl_typesupport_cpp/dynamixel_workbench_msgs/msg/xl320__type_support.cpp.o[0m
[2.413s] [ 37%] [32mBuilding CXX object CMakeFiles/dynamixel_workbench_msgs__rosidl_typesupport_cpp.dir/rosidl_typesupport_cpp/dynamixel_workbench_msgs/msg/xm__type_support.cpp.o[0m
[2.413s] [ 37%] [32mBuilding CXX object CMakeFiles/dynamixel_workbench_msgs__rosidl_typesupport_cpp.dir/rosidl_typesupport_cpp/dynamixel_workbench_msgs/msg/xm_ext__type_support.cpp.o[0m
[2.413s] [ 37%] [32m[1mLinking CXX shared library libdynamixel_workbench_msgs__rosidl_typesupport_c.so[0m
[2.414s] [ 37%] [32mBuilding CXX object CMakeFiles/dynamixel_workbench_msgs__rosidl_typesupport_cpp.dir/rosidl_typesupport_cpp/dynamixel_workbench_msgs/msg/dynamixel_state__type_support.cpp.o[0m
[2.477s] [ 37%] Built target dynamixel_workbench_msgs__rosidl_typesupport_c
[2.492s] [ 37%] [32mBuilding CXX object CMakeFiles/dynamixel_workbench_msgs__rosidl_typesupport_cpp.dir/rosidl_typesupport_cpp/dynamixel_workbench_msgs/msg/dynamixel_state_list__type_support.cpp.o[0m
[2.652s] [ 38%] [32mBuilding CXX object CMakeFiles/dynamixel_workbench_msgs__rosidl_typesupport_cpp.dir/rosidl_typesupport_cpp/dynamixel_workbench_msgs/msg/dynamixel_info__type_support.cpp.o[0m
[2.655s] [ 39%] [32mBuilding CXX object CMakeFiles/dynamixel_workbench_msgs__rosidl_typesupport_cpp.dir/rosidl_typesupport_cpp/dynamixel_workbench_msgs/msg/dynamixel_load_info__type_support.cpp.o[0m
[2.659s] [ 39%] [32mBuilding CXX object CMakeFiles/dynamixel_workbench_msgs__rosidl_typesupport_cpp.dir/rosidl_typesupport_cpp/dynamixel_workbench_msgs/srv/get_dynamixel_info__type_support.cpp.o[0m
[2.664s] [ 40%] [32mBuilding CXX object CMakeFiles/dynamixel_workbench_msgs__rosidl_typesupport_cpp.dir/rosidl_typesupport_cpp/dynamixel_workbench_msgs/srv/dynamixel_command__type_support.cpp.o[0m
[2.706s] [ 42%] [32mBuilding CXX object CMakeFiles/dynamixel_workbench_msgs__rosidl_typesupport_introspection_cpp.dir/rosidl_typesupport_introspection_cpp/dynamixel_workbench_msgs/msg/detail/ex__type_support.cpp.o[0m
[2.706s] [ 42%] [32mBuilding CXX object CMakeFiles/dynamixel_workbench_msgs__rosidl_typesupport_introspection_cpp.dir/rosidl_typesupport_introspection_cpp/dynamixel_workbench_msgs/msg/detail/mx_ext__type_support.cpp.o[0m
[2.706s] [ 43%] [32mBuilding CXX object CMakeFiles/dynamixel_workbench_msgs__rosidl_typesupport_introspection_cpp.dir/rosidl_typesupport_introspection_cpp/dynamixel_workbench_msgs/msg/detail/mx2_ext__type_support.cpp.o[0m
[2.706s] [ 43%] [32mBuilding CXX object CMakeFiles/dynamixel_workbench_msgs__rosidl_typesupport_introspection_cpp.dir/rosidl_typesupport_introspection_cpp/dynamixel_workbench_msgs/msg/detail/pro__type_support.cpp.o[0m
[2.706s] [ 43%] [32mBuilding CXX object CMakeFiles/dynamixel_workbench_msgs__rosidl_typesupport_introspection_cpp.dir/rosidl_typesupport_introspection_cpp/dynamixel_workbench_msgs/msg/detail/mx2__type_support.cpp.o[0m
[2.706s] [ 43%] [32mBuilding CXX object CMakeFiles/dynamixel_workbench_msgs__rosidl_typesupport_introspection_cpp.dir/rosidl_typesupport_introspection_cpp/dynamixel_workbench_msgs/msg/detail/mx__type_support.cpp.o[0m
[2.707s] [ 43%] [32mBuilding CXX object CMakeFiles/dynamixel_workbench_msgs__rosidl_typesupport_introspection_cpp.dir/rosidl_typesupport_introspection_cpp/dynamixel_workbench_msgs/msg/detail/pro_ext__type_support.cpp.o[0m
[2.707s] [ 43%] [32mBuilding CXX object CMakeFiles/dynamixel_workbench_msgs__rosidl_typesupport_introspection_cpp.dir/rosidl_typesupport_introspection_cpp/dynamixel_workbench_msgs/msg/detail/xh__type_support.cpp.o[0m
[2.713s] [ 44%] [32mBuilding CXX object CMakeFiles/dynamixel_workbench_msgs__rosidl_typesupport_introspection_cpp.dir/rosidl_typesupport_introspection_cpp/dynamixel_workbench_msgs/msg/detail/xl__type_support.cpp.o[0m
[2.715s] [ 45%] [32mBuilding CXX object CMakeFiles/dynamixel_workbench_msgs__rosidl_typesupport_introspection_cpp.dir/rosidl_typesupport_introspection_cpp/dynamixel_workbench_msgs/msg/detail/rx__type_support.cpp.o[0m
[2.716s] [ 46%] [32mBuilding CXX object CMakeFiles/dynamixel_workbench_msgs__rosidl_typesupport_introspection_cpp.dir/rosidl_typesupport_introspection_cpp/dynamixel_workbench_msgs/msg/detail/ax__type_support.cpp.o[0m
[2.716s] [ 47%] [32mBuilding CXX object CMakeFiles/dynamixel_workbench_msgs__rosidl_typesupport_introspection_cpp.dir/rosidl_typesupport_introspection_cpp/dynamixel_workbench_msgs/msg/detail/xl320__type_support.cpp.o[0m
[2.763s] [ 47%] [32mBuilding CXX object CMakeFiles/dynamixel_workbench_msgs__rosidl_typesupport_introspection_cpp.dir/rosidl_typesupport_introspection_cpp/dynamixel_workbench_msgs/msg/detail/xm__type_support.cpp.o[0m
[2.936s] [ 48%] [32mBuilding CXX object CMakeFiles/dynamixel_workbench_msgs__rosidl_typesupport_introspection_cpp.dir/rosidl_typesupport_introspection_cpp/dynamixel_workbench_msgs/msg/detail/xm_ext__type_support.cpp.o[0m
[2.940s] [ 48%] [32mBuilding CXX object CMakeFiles/dynamixel_workbench_msgs__rosidl_typesupport_introspection_cpp.dir/rosidl_typesupport_introspection_cpp/dynamixel_workbench_msgs/msg/detail/dynamixel_state__type_support.cpp.o[0m
[2.974s] [ 49%] [32mBuilding CXX object CMakeFiles/dynamixel_workbench_msgs__rosidl_typesupport_introspection_cpp.dir/rosidl_typesupport_introspection_cpp/dynamixel_workbench_msgs/msg/detail/dynamixel_state_list__type_support.cpp.o[0m
[3.062s] [ 49%] [32m[1mLinking CXX shared library libdynamixel_workbench_msgs__rosidl_typesupport_cpp.so[0m
[3.120s] [ 49%] [32mBuilding CXX object CMakeFiles/dynamixel_workbench_msgs__rosidl_typesupport_introspection_cpp.dir/rosidl_typesupport_introspection_cpp/dynamixel_workbench_msgs/msg/detail/dynamixel_info__type_support.cpp.o[0m
[3.120s] [ 49%] Built target dynamixel_workbench_msgs__rosidl_typesupport_cpp
[3.141s] [ 50%] [32mBuilding CXX object CMakeFiles/dynamixel_workbench_msgs__rosidl_typesupport_introspection_cpp.dir/rosidl_typesupport_introspection_cpp/dynamixel_workbench_msgs/srv/detail/get_dynamixel_info__type_support.cpp.o[0m
[3.141s] [ 50%] [32mBuilding CXX object CMakeFiles/dynamixel_workbench_msgs__rosidl_typesupport_introspection_cpp.dir/rosidl_typesupport_introspection_cpp/dynamixel_workbench_msgs/msg/detail/dynamixel_load_info__type_support.cpp.o[0m
[3.147s] [ 51%] [32mBuilding CXX object CMakeFiles/dynamixel_workbench_msgs__rosidl_typesupport_introspection_cpp.dir/rosidl_typesupport_introspection_cpp/dynamixel_workbench_msgs/srv/detail/dynamixel_command__type_support.cpp.o[0m
[3.192s] [ 51%] [32mBuilding C object CMakeFiles/dynamixel_workbench_msgs__rosidl_typesupport_introspection_c.dir/rosidl_typesupport_introspection_c/dynamixel_workbench_msgs/msg/detail/ax__type_support.c.o[0m
[3.200s] [ 53%] [32mBuilding C object CMakeFiles/dynamixel_workbench_msgs__rosidl_typesupport_introspection_c.dir/rosidl_typesupport_introspection_c/dynamixel_workbench_msgs/msg/detail/mx__type_support.c.o[0m
[3.201s] [ 53%] [32mBuilding C object CMakeFiles/dynamixel_workbench_msgs__rosidl_typesupport_introspection_c.dir/rosidl_typesupport_introspection_c/dynamixel_workbench_msgs/msg/detail/ex__type_support.c.o[0m
[3.207s] [ 53%] [32mBuilding C object CMakeFiles/dynamixel_workbench_msgs__rosidl_typesupport_introspection_c.dir/rosidl_typesupport_introspection_c/dynamixel_workbench_msgs/msg/detail/mx2__type_support.c.o[0m
[3.212s] [ 55%] [32mBuilding C object CMakeFiles/dynamixel_workbench_msgs__rosidl_typesupport_introspection_c.dir/rosidl_typesupport_introspection_c/dynamixel_workbench_msgs/msg/detail/mx2_ext__type_support.c.o[0m
[3.212s] [ 55%] [32mBuilding CXX object CMakeFiles/dynamixel_workbench_msgs__rosidl_typesupport_fastrtps_cpp.dir/rosidl_typesupport_fastrtps_cpp/dynamixel_workbench_msgs/msg/detail/dds_fastrtps/ex__type_support.cpp.o[0m
[3.212s] [ 55%] [32mBuilding CXX object CMakeFiles/dynamixel_workbench_msgs__rosidl_typesupport_fastrtps_cpp.dir/rosidl_typesupport_fastrtps_cpp/dynamixel_workbench_msgs/msg/detail/dds_fastrtps/ax__type_support.cpp.o[0m
[3.231s] [ 56%] [32mBuilding CXX object CMakeFiles/dynamixel_workbench_msgs__rosidl_typesupport_fastrtps_c.dir/rosidl_typesupport_fastrtps_c/dynamixel_workbench_msgs/msg/detail/ax__type_support_c.cpp.o[0m
[3.235s] [ 56%] [32mBuilding CXX object CMakeFiles/dynamixel_workbench_msgs__rosidl_typesupport_fastrtps_cpp.dir/rosidl_typesupport_fastrtps_cpp/dynamixel_workbench_msgs/msg/detail/dds_fastrtps/mx__type_support.cpp.o[0m
[3.235s] [ 56%] [32mBuilding C object CMakeFiles/dynamixel_workbench_msgs__rosidl_typesupport_introspection_c.dir/rosidl_typesupport_introspection_c/dynamixel_workbench_msgs/msg/detail/mx_ext__type_support.c.o[0m
[3.235s] [ 56%] [32mBuilding CXX object CMakeFiles/dynamixel_workbench_msgs__rosidl_typesupport_fastrtps_cpp.dir/rosidl_typesupport_fastrtps_cpp/dynamixel_workbench_msgs/msg/detail/dds_fastrtps/mx2__type_support.cpp.o[0m
[3.237s] [ 57%] [32mBuilding CXX object CMakeFiles/dynamixel_workbench_msgs__rosidl_typesupport_fastrtps_cpp.dir/rosidl_typesupport_fastrtps_cpp/dynamixel_workbench_msgs/msg/detail/dds_fastrtps/mx2_ext__type_support.cpp.o[0m
[3.242s] [ 57%] [32mBuilding CXX object CMakeFiles/dynamixel_workbench_msgs__rosidl_typesupport_fastrtps_c.dir/rosidl_typesupport_fastrtps_c/dynamixel_workbench_msgs/msg/detail/mx__type_support_c.cpp.o[0m
[3.245s] [ 57%] [32mBuilding CXX object CMakeFiles/dynamixel_workbench_msgs__rosidl_typesupport_fastrtps_cpp.dir/rosidl_typesupport_fastrtps_cpp/dynamixel_workbench_msgs/msg/detail/dds_fastrtps/mx_ext__type_support.cpp.o[0m
[3.245s] [ 58%] [32mBuilding C object CMakeFiles/dynamixel_workbench_msgs__rosidl_typesupport_introspection_c.dir/rosidl_typesupport_introspection_c/dynamixel_workbench_msgs/msg/detail/pro__type_support.c.o[0m
[3.251s] [ 59%] [32mBuilding CXX object CMakeFiles/dynamixel_workbench_msgs__rosidl_typesupport_fastrtps_c.dir/rosidl_typesupport_fastrtps_c/dynamixel_workbench_msgs/msg/detail/ex__type_support_c.cpp.o[0m
[3.272s] [ 60%] [32mBuilding C object CMakeFiles/dynamixel_workbench_msgs__rosidl_typesupport_introspection_c.dir/rosidl_typesupport_introspection_c/dynamixel_workbench_msgs/msg/detail/rx__type_support.c.o[0m
[3.272s] [ 60%] [32mBuilding C object CMakeFiles/dynamixel_workbench_msgs__rosidl_typesupport_introspection_c.dir/rosidl_typesupport_introspection_c/dynamixel_workbench_msgs/msg/detail/pro_ext__type_support.c.o[0m
[3.281s] [ 61%] [32mBuilding CXX object CMakeFiles/dynamixel_workbench_msgs__rosidl_typesupport_fastrtps_c.dir/rosidl_typesupport_fastrtps_c/dynamixel_workbench_msgs/msg/detail/mx2__type_support_c.cpp.o[0m
[3.288s] [ 62%] [32mBuilding CXX object CMakeFiles/dynamixel_workbench_msgs__rosidl_typesupport_fastrtps_c.dir/rosidl_typesupport_fastrtps_c/dynamixel_workbench_msgs/msg/detail/mx2_ext__type_support_c.cpp.o[0m
[3.309s] [ 62%] [32mBuilding CXX object CMakeFiles/dynamixel_workbench_msgs__rosidl_typesupport_fastrtps_c.dir/rosidl_typesupport_fastrtps_c/dynamixel_workbench_msgs/msg/detail/mx_ext__type_support_c.cpp.o[0m
[3.321s] [ 62%] [32mBuilding C object CMakeFiles/dynamixel_workbench_msgs__rosidl_typesupport_introspection_c.dir/rosidl_typesupport_introspection_c/dynamixel_workbench_msgs/msg/detail/xh__type_support.c.o[0m
[3.330s] [ 63%] [32mBuilding C object CMakeFiles/dynamixel_workbench_msgs__rosidl_typesupport_introspection_c.dir/rosidl_typesupport_introspection_c/dynamixel_workbench_msgs/msg/detail/xl__type_support.c.o[0m
[3.348s] [ 64%] [32mBuilding CXX object CMakeFiles/dynamixel_workbench_msgs__rosidl_typesupport_fastrtps_cpp.dir/rosidl_typesupport_fastrtps_cpp/dynamixel_workbench_msgs/msg/detail/dds_fastrtps/pro__type_support.cpp.o[0m
[3.371s] [ 64%] [32mBuilding CXX object CMakeFiles/dynamixel_workbench_msgs__rosidl_typesupport_fastrtps_cpp.dir/rosidl_typesupport_fastrtps_cpp/dynamixel_workbench_msgs/msg/detail/dds_fastrtps/pro_ext__type_support.cpp.o[0m
[3.396s] [ 64%] [32mBuilding C object CMakeFiles/dynamixel_workbench_msgs__rosidl_typesupport_introspection_c.dir/rosidl_typesupport_introspection_c/dynamixel_workbench_msgs/msg/detail/xl320__type_support.c.o[0m
[3.412s] [ 65%] [32mBuilding CXX object CMakeFiles/dynamixel_workbench_msgs__rosidl_typesupport_fastrtps_cpp.dir/rosidl_typesupport_fastrtps_cpp/dynamixel_workbench_msgs/msg/detail/dds_fastrtps/rx__type_support.cpp.o[0m
[3.449s] [ 66%] [32mBuilding C object CMakeFiles/dynamixel_workbench_msgs__rosidl_typesupport_introspection_c.dir/rosidl_typesupport_introspection_c/dynamixel_workbench_msgs/msg/detail/xm__type_support.c.o[0m
[3.523s] [ 67%] [32mBuilding C object CMakeFiles/dynamixel_workbench_msgs__rosidl_typesupport_introspection_c.dir/rosidl_typesupport_introspection_c/dynamixel_workbench_msgs/msg/detail/xm_ext__type_support.c.o[0m
[3.581s] [ 67%] [32mBuilding C object CMakeFiles/dynamixel_workbench_msgs__rosidl_typesupport_introspection_c.dir/rosidl_typesupport_introspection_c/dynamixel_workbench_msgs/msg/detail/dynamixel_state__type_support.c.o[0m
[3.592s] [ 67%] [32mBuilding CXX object CMakeFiles/dynamixel_workbench_msgs__rosidl_typesupport_fastrtps_cpp.dir/rosidl_typesupport_fastrtps_cpp/dynamixel_workbench_msgs/msg/detail/dds_fastrtps/xh__type_support.cpp.o[0m
[3.608s] [ 68%] [32mBuilding CXX object CMakeFiles/dynamixel_workbench_msgs__rosidl_typesupport_fastrtps_cpp.dir/rosidl_typesupport_fastrtps_cpp/dynamixel_workbench_msgs/msg/detail/dds_fastrtps/xl__type_support.cpp.o[0m
[3.621s] [ 68%] [32mBuilding CXX object CMakeFiles/dynamixel_workbench_msgs__rosidl_typesupport_fastrtps_cpp.dir/rosidl_typesupport_fastrtps_cpp/dynamixel_workbench_msgs/msg/detail/dds_fastrtps/xl320__type_support.cpp.o[0m
[3.622s] [ 69%] [32mBuilding C object CMakeFiles/dynamixel_workbench_msgs__rosidl_typesupport_introspection_c.dir/rosidl_typesupport_introspection_c/dynamixel_workbench_msgs/msg/detail/dynamixel_state_list__type_support.c.o[0m
[3.629s] [ 69%] [32mBuilding C object CMakeFiles/dynamixel_workbench_msgs__rosidl_typesupport_introspection_c.dir/rosidl_typesupport_introspection_c/dynamixel_workbench_msgs/msg/detail/dynamixel_info__type_support.c.o[0m
[3.633s] [ 70%] [32mBuilding CXX object CMakeFiles/dynamixel_workbench_msgs__rosidl_typesupport_fastrtps_cpp.dir/rosidl_typesupport_fastrtps_cpp/dynamixel_workbench_msgs/msg/detail/dds_fastrtps/xm__type_support.cpp.o[0m
[3.633s] [ 71%] [32mBuilding CXX object CMakeFiles/dynamixel_workbench_msgs__rosidl_typesupport_fastrtps_cpp.dir/rosidl_typesupport_fastrtps_cpp/dynamixel_workbench_msgs/msg/detail/dds_fastrtps/xm_ext__type_support.cpp.o[0m
[3.647s] [ 72%] [32mBuilding CXX object CMakeFiles/dynamixel_workbench_msgs__rosidl_typesupport_fastrtps_c.dir/rosidl_typesupport_fastrtps_c/dynamixel_workbench_msgs/msg/detail/pro__type_support_c.cpp.o[0m
[3.664s] [ 73%] [32mBuilding C object CMakeFiles/dynamixel_workbench_msgs__rosidl_typesupport_introspection_c.dir/rosidl_typesupport_introspection_c/dynamixel_workbench_msgs/msg/detail/dynamixel_load_info__type_support.c.o[0m
[3.670s] [ 74%] [32m[1mLinking CXX shared library libdynamixel_workbench_msgs__rosidl_typesupport_introspection_cpp.so[0m
[3.670s] [ 75%] [32mBuilding C object CMakeFiles/dynamixel_workbench_msgs__rosidl_typesupport_introspection_c.dir/rosidl_typesupport_introspection_c/dynamixel_workbench_msgs/srv/detail/get_dynamixel_info__type_support.c.o[0m
[3.672s] [ 75%] [32mBuilding CXX object CMakeFiles/dynamixel_workbench_msgs__rosidl_typesupport_fastrtps_c.dir/rosidl_typesupport_fastrtps_c/dynamixel_workbench_msgs/msg/detail/rx__type_support_c.cpp.o[0m
[3.674s] [ 75%] [32mBuilding CXX object CMakeFiles/dynamixel_workbench_msgs__rosidl_typesupport_fastrtps_c.dir/rosidl_typesupport_fastrtps_c/dynamixel_workbench_msgs/msg/detail/pro_ext__type_support_c.cpp.o[0m
[3.705s] [ 75%] [32mBuilding CXX object CMakeFiles/dynamixel_workbench_msgs__rosidl_typesupport_fastrtps_cpp.dir/rosidl_typesupport_fastrtps_cpp/dynamixel_workbench_msgs/msg/detail/dds_fastrtps/dynamixel_state__type_support.cpp.o[0m
[3.709s] [ 76%] [32mBuilding C object CMakeFiles/dynamixel_workbench_msgs__rosidl_typesupport_introspection_c.dir/rosidl_typesupport_introspection_c/dynamixel_workbench_msgs/srv/detail/dynamixel_command__type_support.c.o[0m
[3.728s] [ 77%] [32mBuilding CXX object CMakeFiles/dynamixel_workbench_msgs__rosidl_typesupport_fastrtps_cpp.dir/rosidl_typesupport_fastrtps_cpp/dynamixel_workbench_msgs/msg/detail/dds_fastrtps/dynamixel_state_list__type_support.cpp.o[0m
[3.735s] [ 77%] [32mBuilding CXX object CMakeFiles/dynamixel_workbench_msgs__rosidl_typesupport_fastrtps_cpp.dir/rosidl_typesupport_fastrtps_cpp/dynamixel_workbench_msgs/msg/detail/dds_fastrtps/dynamixel_info__type_support.cpp.o[0m
[3.744s] [ 78%] [32mBuilding CXX object CMakeFiles/dynamixel_workbench_msgs__rosidl_typesupport_fastrtps_cpp.dir/rosidl_typesupport_fastrtps_cpp/dynamixel_workbench_msgs/msg/detail/dds_fastrtps/dynamixel_load_info__type_support.cpp.o[0m
[3.746s] [ 78%] [32m[1mLinking C shared library libdynamixel_workbench_msgs__rosidl_typesupport_introspection_c.so[0m
[3.752s] [ 78%] [32mBuilding CXX object CMakeFiles/dynamixel_workbench_msgs__rosidl_typesupport_fastrtps_cpp.dir/rosidl_typesupport_fastrtps_cpp/dynamixel_workbench_msgs/srv/detail/dds_fastrtps/get_dynamixel_info__type_support.cpp.o[0m
[3.809s] [ 79%] [32mBuilding CXX object CMakeFiles/dynamixel_workbench_msgs__rosidl_typesupport_fastrtps_cpp.dir/rosidl_typesupport_fastrtps_cpp/dynamixel_workbench_msgs/srv/detail/dds_fastrtps/dynamixel_command__type_support.cpp.o[0m
[3.816s] [ 79%] Built target dynamixel_workbench_msgs__rosidl_typesupport_introspection_c
[3.819s] [ 79%] Built target dynamixel_workbench_msgs__rosidl_typesupport_introspection_cpp
[3.828s] [ 79%] [32mBuilding CXX object CMakeFiles/dynamixel_workbench_msgs__rosidl_typesupport_fastrtps_c.dir/rosidl_typesupport_fastrtps_c/dynamixel_workbench_msgs/msg/detail/xh__type_support_c.cpp.o[0m
[3.828s] [ 80%] [32mBuilding CXX object CMakeFiles/dynamixel_workbench_msgs__rosidl_typesupport_fastrtps_c.dir/rosidl_typesupport_fastrtps_c/dynamixel_workbench_msgs/msg/detail/xl__type_support_c.cpp.o[0m
[3.836s] [ 80%] [32mBuilding CXX object CMakeFiles/dynamixel_workbench_msgs__rosidl_typesupport_fastrtps_c.dir/rosidl_typesupport_fastrtps_c/dynamixel_workbench_msgs/msg/detail/xl320__type_support_c.cpp.o[0m
[3.842s] [ 81%] [32mBuilding CXX object CMakeFiles/dynamixel_workbench_msgs__rosidl_typesupport_fastrtps_c.dir/rosidl_typesupport_fastrtps_c/dynamixel_workbench_msgs/msg/detail/xm__type_support_c.cpp.o[0m
[3.879s] [ 81%] [32mBuilding CXX object CMakeFiles/dynamixel_workbench_msgs__rosidl_typesupport_fastrtps_c.dir/rosidl_typesupport_fastrtps_c/dynamixel_workbench_msgs/msg/detail/xm_ext__type_support_c.cpp.o[0m
[3.910s] [ 82%] [32mBuilding CXX object CMakeFiles/dynamixel_workbench_msgs__rosidl_typesupport_fastrtps_c.dir/rosidl_typesupport_fastrtps_c/dynamixel_workbench_msgs/msg/detail/dynamixel_state__type_support_c.cpp.o[0m
[4.026s] [ 83%] [32mBuilding CXX object CMakeFiles/dynamixel_workbench_msgs__rosidl_typesupport_fastrtps_c.dir/rosidl_typesupport_fastrtps_c/dynamixel_workbench_msgs/msg/detail/dynamixel_state_list__type_support_c.cpp.o[0m
[4.037s] [ 84%] [32mBuilding CXX object CMakeFiles/dynamixel_workbench_msgs__rosidl_typesupport_fastrtps_c.dir/rosidl_typesupport_fastrtps_c/dynamixel_workbench_msgs/msg/detail/dynamixel_load_info__type_support_c.cpp.o[0m
[4.037s] [ 84%] [32mBuilding CXX object CMakeFiles/dynamixel_workbench_msgs__rosidl_typesupport_fastrtps_c.dir/rosidl_typesupport_fastrtps_c/dynamixel_workbench_msgs/msg/detail/dynamixel_info__type_support_c.cpp.o[0m
[4.124s] [ 84%] [32mBuilding CXX object CMakeFiles/dynamixel_workbench_msgs__rosidl_typesupport_fastrtps_c.dir/rosidl_typesupport_fastrtps_c/dynamixel_workbench_msgs/srv/detail/get_dynamixel_info__type_support_c.cpp.o[0m
[4.149s] [ 85%] [32mBuilding CXX object CMakeFiles/dynamixel_workbench_msgs__rosidl_typesupport_fastrtps_c.dir/rosidl_typesupport_fastrtps_c/dynamixel_workbench_msgs/srv/detail/dynamixel_command__type_support_c.cpp.o[0m
[4.275s] [ 85%] [32m[1mLinking CXX shared library libdynamixel_workbench_msgs__rosidl_typesupport_fastrtps_cpp.so[0m
[4.343s] [ 85%] Built target dynamixel_workbench_msgs__rosidl_typesupport_fastrtps_cpp
[4.381s] [ 85%] [32m[1mLinking CXX shared library libdynamixel_workbench_msgs__rosidl_typesupport_fastrtps_c.so[0m
[4.444s] [ 85%] Built target dynamixel_workbench_msgs__rosidl_typesupport_fastrtps_c
[4.459s] [ 85%] Built target dynamixel_workbench_msgs
[4.476s] [ 86%] [34m[1mGenerating Python code for ROS interfaces[0m
[6.954s] [ 86%] Built target dynamixel_workbench_msgs__py
[6.971s] [ 86%] [32mBuilding C object CMakeFiles/dynamixel_workbench_msgs__rosidl_generator_py.dir/rosidl_generator_py/dynamixel_workbench_msgs/msg/_mx2_ext_s.c.o[0m
[6.972s] [ 87%] [32mBuilding C object CMakeFiles/dynamixel_workbench_msgs__rosidl_generator_py.dir/rosidl_generator_py/dynamixel_workbench_msgs/msg/_mx_ext_s.c.o[0m
[6.972s] [ 87%] [32mBuilding C object CMakeFiles/dynamixel_workbench_msgs__rosidl_generator_py.dir/rosidl_generator_py/dynamixel_workbench_msgs/msg/_pro_s.c.o[0m
[6.972s] [ 88%] [32mBuilding C object CMakeFiles/dynamixel_workbench_msgs__rosidl_generator_py.dir/rosidl_generator_py/dynamixel_workbench_msgs/msg/_pro_ext_s.c.o[0m
[6.972s] [ 89%] [32mBuilding C object CMakeFiles/dynamixel_workbench_msgs__rosidl_generator_py.dir/rosidl_generator_py/dynamixel_workbench_msgs/msg/_ex_s.c.o[0m
[6.972s] [ 89%] [32mBuilding C object CMakeFiles/dynamixel_workbench_msgs__rosidl_generator_py.dir/rosidl_generator_py/dynamixel_workbench_msgs/msg/_mx_s.c.o[0m
[6.972s] [ 90%] [32mBuilding C object CMakeFiles/dynamixel_workbench_msgs__rosidl_generator_py.dir/rosidl_generator_py/dynamixel_workbench_msgs/msg/_xl_s.c.o[0m
[6.972s] [ 91%] [32mBuilding C object CMakeFiles/dynamixel_workbench_msgs__rosidl_generator_py.dir/rosidl_generator_py/dynamixel_workbench_msgs/msg/_mx2_s.c.o[0m
[6.972s] [ 88%] [32mBuilding C object CMakeFiles/dynamixel_workbench_msgs__rosidl_generator_py.dir/rosidl_generator_py/dynamixel_workbench_msgs/msg/_ax_s.c.o[0m
[6.972s] [ 91%] [32mBuilding C object CMakeFiles/dynamixel_workbench_msgs__rosidl_generator_py.dir/rosidl_generator_py/dynamixel_workbench_msgs/msg/_xm_ext_s.c.o[0m
[6.972s] [ 91%] [32mBuilding C object CMakeFiles/dynamixel_workbench_msgs__rosidl_generator_py.dir/rosidl_generator_py/dynamixel_workbench_msgs/msg/_xl320_s.c.o[0m
[6.972s] [ 92%] [32mBuilding C object CMakeFiles/dynamixel_workbench_msgs__rosidl_generator_py.dir/rosidl_generator_py/dynamixel_workbench_msgs/msg/_dynamixel_state_s.c.o[0m
[6.973s] [ 93%] [32mBuilding C object CMakeFiles/dynamixel_workbench_msgs__rosidl_generator_py.dir/rosidl_generator_py/dynamixel_workbench_msgs/msg/_dynamixel_info_s.c.o[0m
[6.973s] [ 93%] [32mBuilding C object CMakeFiles/dynamixel_workbench_msgs__rosidl_generator_py.dir/rosidl_generator_py/dynamixel_workbench_msgs/msg/_dynamixel_load_info_s.c.o[0m
[6.973s] [ 95%] [32mBuilding C object CMakeFiles/dynamixel_workbench_msgs__rosidl_generator_py.dir/rosidl_generator_py/dynamixel_workbench_msgs/msg/_rx_s.c.o[0m
[6.973s] [ 95%] [32mBuilding C object CMakeFiles/dynamixel_workbench_msgs__rosidl_generator_py.dir/rosidl_generator_py/dynamixel_workbench_msgs/srv/_get_dynamixel_info_s.c.o[0m
[6.973s] [ 95%] [32mBuilding C object CMakeFiles/dynamixel_workbench_msgs__rosidl_generator_py.dir/rosidl_generator_py/dynamixel_workbench_msgs/msg/_xh_s.c.o[0m
[6.973s] [ 96%] [32mBuilding C object CMakeFiles/dynamixel_workbench_msgs__rosidl_generator_py.dir/rosidl_generator_py/dynamixel_workbench_msgs/srv/_dynamixel_command_s.c.o[0m
[6.973s] [ 97%] [32mBuilding C object CMakeFiles/dynamixel_workbench_msgs__rosidl_generator_py.dir/rosidl_generator_py/dynamixel_workbench_msgs/msg/_xm_s.c.o[0m
[6.974s] [ 97%] [32mBuilding C object CMakeFiles/dynamixel_workbench_msgs__rosidl_generator_py.dir/rosidl_generator_py/dynamixel_workbench_msgs/msg/_dynamixel_state_list_s.c.o[0m
[7.148s] [ 97%] [32m[1mLinking C shared library rosidl_generator_py/dynamixel_workbench_msgs/libdynamixel_workbench_msgs__rosidl_generator_py.so[0m
[7.181s] [ 97%] Built target dynamixel_workbench_msgs__rosidl_generator_py
[7.195s] [ 98%] [32mBuilding C object CMakeFiles/dynamixel_workbench_msgs__rosidl_typesupport_fastrtps_c__pyext.dir/rosidl_generator_py/dynamixel_workbench_msgs/_dynamixel_workbench_msgs_s.ep.rosidl_typesupport_fastrtps_c.c.o[0m
[7.197s] [100%] [32mBuilding C object CMakeFiles/dynamixel_workbench_msgs__rosidl_typesupport_introspection_c__pyext.dir/rosidl_generator_py/dynamixel_workbench_msgs/_dynamixel_workbench_msgs_s.ep.rosidl_typesupport_introspection_c.c.o[0m
[7.197s] [100%] [32mBuilding C object CMakeFiles/dynamixel_workbench_msgs__rosidl_typesupport_c__pyext.dir/rosidl_generator_py/dynamixel_workbench_msgs/_dynamixel_workbench_msgs_s.ep.rosidl_typesupport_c.c.o[0m
[7.288s] [100%] [32m[1mLinking C shared library rosidl_generator_py/dynamixel_workbench_msgs/dynamixel_workbench_msgs_s__rosidl_typesupport_fastrtps_c.cpython-310-x86_64-linux-gnu.so[0m
[7.292s] [100%] [32m[1mLinking C shared library rosidl_generator_py/dynamixel_workbench_msgs/dynamixel_workbench_msgs_s__rosidl_typesupport_c.cpython-310-x86_64-linux-gnu.so[0m
[7.310s] [100%] [32m[1mLinking C shared library rosidl_generator_py/dynamixel_workbench_msgs/dynamixel_workbench_msgs_s__rosidl_typesupport_introspection_c.cpython-310-x86_64-linux-gnu.so[0m
[7.315s] [100%] Built target dynamixel_workbench_msgs__rosidl_typesupport_fastrtps_c__pyext
[7.320s] [100%] Built target dynamixel_workbench_msgs__rosidl_typesupport_c__pyext
[7.337s] [100%] Built target dynamixel_workbench_msgs__rosidl_typesupport_introspection_c__pyext
