[0.624s] Invoking command in '/home/darkdemon/work/motor_control/src/realsense': PYTHONPATH=/home/darkdemon/work/motor_control/build/realsense/prefix_override:/usr/lib/python3/dist-packages/colcon_core/task/python/colcon_distutils_commands:/home/darkdemon/work/motor_control/install/realsense/lib/python3.10/site-packages:${PYTHONPATH} /usr/bin/python3 -W ignore:setup.py install is deprecated -W ignore:easy_install command is deprecated setup.py egg_info --egg-base ../../build/realsense build --build-base /home/darkdemon/work/motor_control/build/realsense/build install --record /home/darkdemon/work/motor_control/build/realsense/install.log --single-version-externally-managed install_data
[0.773s] running egg_info
[0.774s] writing ../../build/realsense/realsense.egg-info/PKG-INFO
[0.774s] writing dependency_links to ../../build/realsense/realsense.egg-info/dependency_links.txt
[0.774s] writing entry points to ../../build/realsense/realsense.egg-info/entry_points.txt
[0.774s] writing requirements to ../../build/realsense/realsense.egg-info/requires.txt
[0.774s] writing top-level names to ../../build/realsense/realsense.egg-info/top_level.txt
[0.775s] reading manifest file '../../build/realsense/realsense.egg-info/SOURCES.txt'
[0.776s] writing manifest file '../../build/realsense/realsense.egg-info/SOURCES.txt'
[0.776s] running build
[0.776s] running build_py
[0.776s] copying realsense/depth_calculate.py -> /home/darkdemon/work/motor_control/build/realsense/build/lib/realsense
[0.776s] running install
[0.776s] running install_lib
[0.777s] copying /home/darkdemon/work/motor_control/build/realsense/build/lib/realsense/depth_calculate.py -> /home/darkdemon/work/motor_control/install/realsense/lib/python3.10/site-packages/realsense
[0.777s] byte-compiling /home/darkdemon/work/motor_control/install/realsense/lib/python3.10/site-packages/realsense/depth_calculate.py to depth_calculate.cpython-310.pyc
[0.778s] running install_data
[0.778s] running install_egg_info
[0.780s] removing '/home/darkdemon/work/motor_control/install/realsense/lib/python3.10/site-packages/realsense-0.0.1-py3.10.egg-info' (and everything under it)
[0.780s] Copying ../../build/realsense/realsense.egg-info to /home/darkdemon/work/motor_control/install/realsense/lib/python3.10/site-packages/realsense-0.0.1-py3.10.egg-info
[0.781s] running install_scripts
[0.803s] Installing 2d_plane script to /home/darkdemon/work/motor_control/install/realsense/lib/realsense
[0.803s] Installing box_edge_detect script to /home/darkdemon/work/motor_control/install/realsense/lib/realsense
[0.803s] Installing color_detect script to /home/darkdemon/work/motor_control/install/realsense/lib/realsense
[0.804s] Installing color_range script to /home/darkdemon/work/motor_control/install/realsense/lib/realsense
[0.804s] Installing depth_calculate script to /home/darkdemon/work/motor_control/install/realsense/lib/realsense
[0.804s] Installing paddleorc script to /home/darkdemon/work/motor_control/install/realsense/lib/realsense
[0.804s] Installing realsense_read script to /home/darkdemon/work/motor_control/install/realsense/lib/realsense
[0.804s] Installing visual script to /home/darkdemon/work/motor_control/install/realsense/lib/realsense
[0.804s] Installing yolo_number_detect script to /home/darkdemon/work/motor_control/install/realsense/lib/realsense
[0.804s] writing list of installed files to '/home/darkdemon/work/motor_control/build/realsense/install.log'
[0.829s] Invoked command in '/home/darkdemon/work/motor_control/src/realsense' returned '0': PYTHONPATH=/home/darkdemon/work/motor_control/build/realsense/prefix_override:/usr/lib/python3/dist-packages/colcon_core/task/python/colcon_distutils_commands:/home/darkdemon/work/motor_control/install/realsense/lib/python3.10/site-packages:${PYTHONPATH} /usr/bin/python3 -W ignore:setup.py install is deprecated -W ignore:easy_install command is deprecated setup.py egg_info --egg-base ../../build/realsense build --build-base /home/darkdemon/work/motor_control/build/realsense/build install --record /home/darkdemon/work/motor_control/build/realsense/install.log --single-version-externally-managed install_data
