running egg_info
creating ../../../../build/lidar_filter/lidar_filter.egg-info
writing ../../../../build/lidar_filter/lidar_filter.egg-info/PKG-INFO
writing dependency_links to ../../../../build/lidar_filter/lidar_filter.egg-info/dependency_links.txt
writing entry points to ../../../../build/lidar_filter/lidar_filter.egg-info/entry_points.txt
writing requirements to ../../../../build/lidar_filter/lidar_filter.egg-info/requires.txt
writing top-level names to ../../../../build/lidar_filter/lidar_filter.egg-info/top_level.txt
writing manifest file '../../../../build/lidar_filter/lidar_filter.egg-info/SOURCES.txt'
reading manifest file '../../../../build/lidar_filter/lidar_filter.egg-info/SOURCES.txt'
writing manifest file '../../../../build/lidar_filter/lidar_filter.egg-info/SOURCES.txt'
running build
running build_py
creating /home/darkdemon/work/motor_control/build/lidar_filter/build
creating /home/darkdemon/work/motor_control/build/lidar_filter/build/lib
creating /home/darkdemon/work/motor_control/build/lidar_filter/build/lib/lidar_filter
copying lidar_filter/__init__.py -> /home/darkdemon/work/motor_control/build/lidar_filter/build/lib/lidar_filter
copying lidar_filter/filter.py -> /home/darkdemon/work/motor_control/build/lidar_filter/build/lib/lidar_filter
running install
running install_lib
creating /home/darkdemon/work/motor_control/install/lidar_filter/lib/python3.10/site-packages/lidar_filter
copying /home/darkdemon/work/motor_control/build/lidar_filter/build/lib/lidar_filter/__init__.py -> /home/darkdemon/work/motor_control/install/lidar_filter/lib/python3.10/site-packages/lidar_filter
copying /home/darkdemon/work/motor_control/build/lidar_filter/build/lib/lidar_filter/filter.py -> /home/darkdemon/work/motor_control/install/lidar_filter/lib/python3.10/site-packages/lidar_filter
byte-compiling /home/darkdemon/work/motor_control/install/lidar_filter/lib/python3.10/site-packages/lidar_filter/__init__.py to __init__.cpython-310.pyc
byte-compiling /home/darkdemon/work/motor_control/install/lidar_filter/lib/python3.10/site-packages/lidar_filter/filter.py to filter.cpython-310.pyc
running install_data
creating /home/darkdemon/work/motor_control/install/lidar_filter/share/ament_index
creating /home/darkdemon/work/motor_control/install/lidar_filter/share/ament_index/resource_index
creating /home/darkdemon/work/motor_control/install/lidar_filter/share/ament_index/resource_index/packages
copying resource/lidar_filter -> /home/darkdemon/work/motor_control/install/lidar_filter/share/ament_index/resource_index/packages
copying package.xml -> /home/darkdemon/work/motor_control/install/lidar_filter/share/lidar_filter
creating /home/darkdemon/work/motor_control/install/lidar_filter/share/lidar_filter/launch
copying launch/filted_lidar_launch.py -> /home/darkdemon/work/motor_control/install/lidar_filter/share/lidar_filter/launch
running install_egg_info
Copying ../../../../build/lidar_filter/lidar_filter.egg-info to /home/darkdemon/work/motor_control/install/lidar_filter/lib/python3.10/site-packages/lidar_filter-0.0.0-py3.10.egg-info
running install_scripts
Installing filter script to /home/darkdemon/work/motor_control/install/lidar_filter/lib/lidar_filter
writing list of installed files to '/home/darkdemon/work/motor_control/build/lidar_filter/install.log'
