[1.471s] Invoking command in '/home/darkdemon/work/motor_control/src/RobotSot/src/lidar_filter': PYTHONPATH=/home/darkdemon/work/motor_control/build/lidar_filter/prefix_override:/usr/lib/python3/dist-packages/colcon_core/task/python/colcon_distutils_commands:/home/darkdemon/work/motor_control/install/lidar_filter/lib/python3.10/site-packages:${PYTHONPATH} /usr/bin/python3 -W ignore:setup.py install is deprecated -W ignore:easy_install command is deprecated setup.py egg_info --egg-base ../../../../build/lidar_filter build --build-base /home/darkdemon/work/motor_control/build/lidar_filter/build install --record /home/darkdemon/work/motor_control/build/lidar_filter/install.log --single-version-externally-managed install_data
[1.804s] running egg_info
[1.805s] creating ../../../../build/lidar_filter/lidar_filter.egg-info
[1.805s] writing ../../../../build/lidar_filter/lidar_filter.egg-info/PKG-INFO
[1.805s] writing dependency_links to ../../../../build/lidar_filter/lidar_filter.egg-info/dependency_links.txt
[1.805s] writing entry points to ../../../../build/lidar_filter/lidar_filter.egg-info/entry_points.txt
[1.806s] writing requirements to ../../../../build/lidar_filter/lidar_filter.egg-info/requires.txt
[1.806s] writing top-level names to ../../../../build/lidar_filter/lidar_filter.egg-info/top_level.txt
[1.808s] writing manifest file '../../../../build/lidar_filter/lidar_filter.egg-info/SOURCES.txt'
[1.808s] reading manifest file '../../../../build/lidar_filter/lidar_filter.egg-info/SOURCES.txt'
[1.809s] writing manifest file '../../../../build/lidar_filter/lidar_filter.egg-info/SOURCES.txt'
[1.810s] running build
[1.810s] running build_py
[1.810s] creating /home/darkdemon/work/motor_control/build/lidar_filter/build
[1.810s] creating /home/darkdemon/work/motor_control/build/lidar_filter/build/lib
[1.810s] creating /home/darkdemon/work/motor_control/build/lidar_filter/build/lib/lidar_filter
[1.810s] copying lidar_filter/__init__.py -> /home/darkdemon/work/motor_control/build/lidar_filter/build/lib/lidar_filter
[1.810s] copying lidar_filter/filter.py -> /home/darkdemon/work/motor_control/build/lidar_filter/build/lib/lidar_filter
[1.811s] running install
[1.811s] running install_lib
[1.812s] creating /home/darkdemon/work/motor_control/install/lidar_filter/lib/python3.10/site-packages/lidar_filter
[1.812s] copying /home/darkdemon/work/motor_control/build/lidar_filter/build/lib/lidar_filter/__init__.py -> /home/darkdemon/work/motor_control/install/lidar_filter/lib/python3.10/site-packages/lidar_filter
[1.813s] copying /home/darkdemon/work/motor_control/build/lidar_filter/build/lib/lidar_filter/filter.py -> /home/darkdemon/work/motor_control/install/lidar_filter/lib/python3.10/site-packages/lidar_filter
[1.814s] byte-compiling /home/darkdemon/work/motor_control/install/lidar_filter/lib/python3.10/site-packages/lidar_filter/__init__.py to __init__.cpython-310.pyc
[1.814s] byte-compiling /home/darkdemon/work/motor_control/install/lidar_filter/lib/python3.10/site-packages/lidar_filter/filter.py to filter.cpython-310.pyc
[1.814s] running install_data
[1.814s] creating /home/darkdemon/work/motor_control/install/lidar_filter/share/ament_index
[1.814s] creating /home/darkdemon/work/motor_control/install/lidar_filter/share/ament_index/resource_index
[1.814s] creating /home/darkdemon/work/motor_control/install/lidar_filter/share/ament_index/resource_index/packages
[1.814s] copying resource/lidar_filter -> /home/darkdemon/work/motor_control/install/lidar_filter/share/ament_index/resource_index/packages
[1.814s] copying package.xml -> /home/darkdemon/work/motor_control/install/lidar_filter/share/lidar_filter
[1.814s] creating /home/darkdemon/work/motor_control/install/lidar_filter/share/lidar_filter/launch
[1.814s] copying launch/filted_lidar_launch.py -> /home/darkdemon/work/motor_control/install/lidar_filter/share/lidar_filter/launch
[1.814s] running install_egg_info
[1.817s] Copying ../../../../build/lidar_filter/lidar_filter.egg-info to /home/darkdemon/work/motor_control/install/lidar_filter/lib/python3.10/site-packages/lidar_filter-0.0.0-py3.10.egg-info
[1.820s] running install_scripts
[1.842s] Installing filter script to /home/darkdemon/work/motor_control/install/lidar_filter/lib/lidar_filter
[1.843s] writing list of installed files to '/home/darkdemon/work/motor_control/build/lidar_filter/install.log'
[1.872s] Invoked command in '/home/darkdemon/work/motor_control/src/RobotSot/src/lidar_filter' returned '0': PYTHONPATH=/home/darkdemon/work/motor_control/build/lidar_filter/prefix_override:/usr/lib/python3/dist-packages/colcon_core/task/python/colcon_distutils_commands:/home/darkdemon/work/motor_control/install/lidar_filter/lib/python3.10/site-packages:${PYTHONPATH} /usr/bin/python3 -W ignore:setup.py install is deprecated -W ignore:easy_install command is deprecated setup.py egg_info --egg-base ../../../../build/lidar_filter build --build-base /home/darkdemon/work/motor_control/build/lidar_filter/build install --record /home/darkdemon/work/motor_control/build/lidar_filter/install.log --single-version-externally-managed install_data
