[0.013s] Invoking command in '/home/darkdemon/work/motor_control/build/dynamixel_hardware': AMENT_PREFIX_PATH=/home/darkdemon/work/motor_control/install/dynamixel_workbench_toolbox:${AMENT_PREFIX_PATH} CMAKE_PREFIX_PATH=/home/darkdemon/work/motor_control/install/dynamixel_workbench_toolbox:/opt/ros/humble LD_LIBRARY_PATH=/home/darkdemon/work/motor_control/install/dynamixel_workbench_toolbox/lib:${LD_LIBRARY_PATH} /usr/bin/cmake --build /home/darkdemon/work/motor_control/build/dynamixel_hardware -- -j20 -l20
[0.075s] [ 50%] [32mBuilding CXX object CMakeFiles/dynamixel_hardware.dir/src/dynamixel_hardware.cpp.o[0m
[3.197s] [100%] [32m[1mLinking CXX shared library libdynamixel_hardware.so[0m
[3.363s] [100%] Built target dynamixel_hardware
[3.375s] Invoked command in '/home/darkdemon/work/motor_control/build/dynamixel_hardware' returned '0': AMENT_PREFIX_PATH=/home/darkdemon/work/motor_control/install/dynamixel_workbench_toolbox:${AMENT_PREFIX_PATH} CMAKE_PREFIX_PATH=/home/darkdemon/work/motor_control/install/dynamixel_workbench_toolbox:/opt/ros/humble LD_LIBRARY_PATH=/home/darkdemon/work/motor_control/install/dynamixel_workbench_toolbox/lib:${LD_LIBRARY_PATH} /usr/bin/cmake --build /home/darkdemon/work/motor_control/build/dynamixel_hardware -- -j20 -l20
[3.377s] Invoking command in '/home/darkdemon/work/motor_control/build/dynamixel_hardware': AMENT_PREFIX_PATH=/home/darkdemon/work/motor_control/install/dynamixel_workbench_toolbox:${AMENT_PREFIX_PATH} CMAKE_PREFIX_PATH=/home/darkdemon/work/motor_control/install/dynamixel_workbench_toolbox:/opt/ros/humble LD_LIBRARY_PATH=/home/darkdemon/work/motor_control/install/dynamixel_workbench_toolbox/lib:${LD_LIBRARY_PATH} /usr/bin/cmake --install /home/darkdemon/work/motor_control/build/dynamixel_hardware
[3.383s] -- Install configuration: ""
[3.389s] -- Execute custom install script
[3.391s] -- Up-to-date symlink: /home/darkdemon/work/motor_control/install/dynamixel_hardware/share/dynamixel_hardware//dynamixel_hardware.xml
[3.393s] -- Up-to-date symlink: /home/darkdemon/work/motor_control/install/dynamixel_hardware/lib/libdynamixel_hardware.so
[3.395s] -- Up-to-date symlink: /home/darkdemon/work/motor_control/install/dynamixel_hardware/include/dynamixel_hardware/dynamixel_hardware.hpp
[3.396s] -- Up-to-date symlink: /home/darkdemon/work/motor_control/install/dynamixel_hardware/include/dynamixel_hardware/visiblity_control.h
[3.396s] -- Up-to-date symlink: /home/darkdemon/work/motor_control/install/dynamixel_hardware/share/dynamixel_hardware/environment/library_path.sh
[3.396s] -- Up-to-date symlink: /home/darkdemon/work/motor_control/install/dynamixel_hardware/share/dynamixel_hardware/environment/library_path.dsv
[3.396s] -- Up-to-date symlink: /home/darkdemon/work/motor_control/install/dynamixel_hardware/share/ament_index/resource_index/package_run_dependencies/dynamixel_hardware
[3.397s] -- Up-to-date symlink: /home/darkdemon/work/motor_control/install/dynamixel_hardware/share/ament_index/resource_index/parent_prefix_path/dynamixel_hardware
[3.397s] -- Up-to-date symlink: /home/darkdemon/work/motor_control/install/dynamixel_hardware/share/dynamixel_hardware/environment/ament_prefix_path.sh
[3.397s] -- Up-to-date symlink: /home/darkdemon/work/motor_control/install/dynamixel_hardware/share/dynamixel_hardware/environment/ament_prefix_path.dsv
[3.397s] -- Up-to-date symlink: /home/darkdemon/work/motor_control/install/dynamixel_hardware/share/dynamixel_hardware/environment/path.sh
[3.397s] -- Up-to-date symlink: /home/darkdemon/work/motor_control/install/dynamixel_hardware/share/dynamixel_hardware/environment/path.dsv
[3.397s] -- Up-to-date symlink: /home/darkdemon/work/motor_control/install/dynamixel_hardware/share/dynamixel_hardware/local_setup.bash
[3.398s] -- Up-to-date symlink: /home/darkdemon/work/motor_control/install/dynamixel_hardware/share/dynamixel_hardware/local_setup.sh
[3.398s] -- Up-to-date symlink: /home/darkdemon/work/motor_control/install/dynamixel_hardware/share/dynamixel_hardware/local_setup.zsh
[3.398s] -- Up-to-date symlink: /home/darkdemon/work/motor_control/install/dynamixel_hardware/share/dynamixel_hardware/local_setup.dsv
[3.398s] -- Symlinking: /home/darkdemon/work/motor_control/install/dynamixel_hardware/share/dynamixel_hardware/package.dsv
[3.404s] -- Up-to-date symlink: /home/darkdemon/work/motor_control/install/dynamixel_hardware/share/ament_index/resource_index/packages/dynamixel_hardware
[3.404s] -- Up-to-date symlink: /home/darkdemon/work/motor_control/install/dynamixel_hardware/share/ament_index/resource_index/hardware_interface__pluginlib__plugin/dynamixel_hardware
[3.405s] -- Up-to-date symlink: /home/darkdemon/work/motor_control/install/dynamixel_hardware/share/dynamixel_hardware/cmake/ament_cmake_export_include_directories-extras.cmake
[3.405s] -- Up-to-date symlink: /home/darkdemon/work/motor_control/install/dynamixel_hardware/share/dynamixel_hardware/cmake/ament_cmake_export_libraries-extras.cmake
[3.405s] -- Up-to-date symlink: /home/darkdemon/work/motor_control/install/dynamixel_hardware/share/dynamixel_hardware/cmake/ament_cmake_export_dependencies-extras.cmake
[3.405s] -- Up-to-date symlink: /home/darkdemon/work/motor_control/install/dynamixel_hardware/share/dynamixel_hardware/cmake/dynamixel_hardwareConfig.cmake
[3.405s] -- Up-to-date symlink: /home/darkdemon/work/motor_control/install/dynamixel_hardware/share/dynamixel_hardware/cmake/dynamixel_hardwareConfig-version.cmake
[3.405s] -- Up-to-date symlink: /home/darkdemon/work/motor_control/install/dynamixel_hardware/share/dynamixel_hardware/package.xml
[3.407s] Invoked command in '/home/darkdemon/work/motor_control/build/dynamixel_hardware' returned '0': AMENT_PREFIX_PATH=/home/darkdemon/work/motor_control/install/dynamixel_workbench_toolbox:${AMENT_PREFIX_PATH} CMAKE_PREFIX_PATH=/home/darkdemon/work/motor_control/install/dynamixel_workbench_toolbox:/opt/ros/humble LD_LIBRARY_PATH=/home/darkdemon/work/motor_control/install/dynamixel_workbench_toolbox/lib:${LD_LIBRARY_PATH} /usr/bin/cmake --install /home/darkdemon/work/motor_control/build/dynamixel_hardware
