[01m[K/home/darkdemon/work/motor_control/src/tb4_arm_ros2/small_arm_moveit_cpp/src/auto_pose_goal.cpp:5:10:[m[K [01;31m[Kfatal error: [m[Kpython_moveit_interface/srv/detect_pose.hpp: No such file or directory
    5 | #include [01;31m[K"python_moveit_interface/srv/detect_pose.hpp"[m[K  // 替換成你實際 package
      |          [01;31m[K^~~~~~~~~~~~~~~~~~~~~~~~~~~~~~~~~~~~~~~~~~~~~[m[K
compilation terminated.
gmake[2]: *** [CMakeFiles/auto_pose_goal.dir/build.make:76: CMakeFiles/auto_pose_goal.dir/src/auto_pose_goal.cpp.o] Error 1
gmake[1]: *** [CMakeFiles/Makefile2:249: CMakeFiles/auto_pose_goal.dir/all] Error 2
gmake[1]: *** Waiting for unfinished jobs....
[01m[K/home/darkdemon/work/motor_control/src/tb4_arm_ros2/small_arm_moveit_cpp/src/named_goal.cpp:5:10:[m[K [01;31m[Kfatal error: [m[Kpython_moveit_interface/srv/pose_request.hpp: No such file or directory
    5 | #include [01;31m[K"python_moveit_interface/srv/pose_request.hpp"[m[K  // 替換成實際 srv 的路徑
      |          [01;31m[K^~~~~~~~~~~~~~~~~~~~~~~~~~~~~~~~~~~~~~~~~~~~~~[m[K
compilation terminated.
gmake[2]: *** [CMakeFiles/named_goal.dir/build.make:76: CMakeFiles/named_goal.dir/src/named_goal.cpp.o] Error 1
gmake[1]: *** [CMakeFiles/Makefile2:171: CMakeFiles/named_goal.dir/all] Error 2
[01m[K/home/darkdemon/work/motor_control/src/tb4_arm_ros2/small_arm_moveit_cpp/src/gripper_open.cpp:4:10:[m[K [01;31m[Kfatal error: [m[Kpython_moveit_interface/srv/gripper_control.hpp: No such file or directory
    4 | #include [01;31m[K"python_moveit_interface/srv/gripper_control.hpp"[m[K
      |          [01;31m[K^~~~~~~~~~~~~~~~~~~~~~~~~~~~~~~~~~~~~~~~~~~~~~~~~[m[K
compilation terminated.
gmake[2]: *** [CMakeFiles/gripper_open.dir/build.make:76: CMakeFiles/gripper_open.dir/src/gripper_open.cpp.o] Error 1
gmake[1]: *** [CMakeFiles/Makefile2:145: CMakeFiles/gripper_open.dir/all] Error 2
gmake: *** [Makefile:146: all] Error 2
