[1.794s] Invoking command in '/home/darkdemon/work/motor_control/src/realsense': PYTHONPATH=/home/darkdemon/work/motor_control/build/realsense/prefix_override:/usr/lib/python3/dist-packages/colcon_core/task/python/colcon_distutils_commands:/home/darkdemon/work/motor_control/install/realsense/lib/python3.10/site-packages:${PYTHONPATH} /usr/bin/python3 -W ignore:setup.py install is deprecated -W ignore:easy_install command is deprecated setup.py egg_info --egg-base ../../build/realsense build --build-base /home/darkdemon/work/motor_control/build/realsense/build install --record /home/darkdemon/work/motor_control/build/realsense/install.log --single-version-externally-managed install_data
[2.043s] running egg_info
[2.044s] writing ../../build/realsense/realsense.egg-info/PKG-INFO
[2.045s] writing dependency_links to ../../build/realsense/realsense.egg-info/dependency_links.txt
[2.046s] writing entry points to ../../build/realsense/realsense.egg-info/entry_points.txt
[2.046s] writing requirements to ../../build/realsense/realsense.egg-info/requires.txt
[2.047s] writing top-level names to ../../build/realsense/realsense.egg-info/top_level.txt
[2.051s] reading manifest file '../../build/realsense/realsense.egg-info/SOURCES.txt'
[2.051s] writing manifest file '../../build/realsense/realsense.egg-info/SOURCES.txt'
[2.051s] running build
[2.051s] running build_py
[2.051s] running install
[2.052s] running install_lib
[2.053s] running install_data
[2.053s] running install_egg_info
[2.057s] removing '/home/darkdemon/work/motor_control/install/realsense/lib/python3.10/site-packages/realsense-0.0.1-py3.10.egg-info' (and everything under it)
[2.058s] Copying ../../build/realsense/realsense.egg-info to /home/darkdemon/work/motor_control/install/realsense/lib/python3.10/site-packages/realsense-0.0.1-py3.10.egg-info
[2.059s] running install_scripts
[2.087s] Installing box_edge_detect script to /home/darkdemon/work/motor_control/install/realsense/lib/realsense
[2.087s] Installing color_detect script to /home/darkdemon/work/motor_control/install/realsense/lib/realsense
[2.087s] Installing color_range script to /home/darkdemon/work/motor_control/install/realsense/lib/realsense
[2.087s] Installing depth_calculate script to /home/darkdemon/work/motor_control/install/realsense/lib/realsense
[2.087s] Installing paddleorc script to /home/darkdemon/work/motor_control/install/realsense/lib/realsense
[2.087s] Installing realsense_read script to /home/darkdemon/work/motor_control/install/realsense/lib/realsense
[2.087s] Installing visiual script to /home/darkdemon/work/motor_control/install/realsense/lib/realsense
[2.087s] Installing yolo_number_detect script to /home/darkdemon/work/motor_control/install/realsense/lib/realsense
[2.088s] writing list of installed files to '/home/darkdemon/work/motor_control/build/realsense/install.log'
[2.141s] Invoked command in '/home/darkdemon/work/motor_control/src/realsense' returned '0': PYTHONPATH=/home/darkdemon/work/motor_control/build/realsense/prefix_override:/usr/lib/python3/dist-packages/colcon_core/task/python/colcon_distutils_commands:/home/darkdemon/work/motor_control/install/realsense/lib/python3.10/site-packages:${PYTHONPATH} /usr/bin/python3 -W ignore:setup.py install is deprecated -W ignore:easy_install command is deprecated setup.py egg_info --egg-base ../../build/realsense build --build-base /home/darkdemon/work/motor_control/build/realsense/build install --record /home/darkdemon/work/motor_control/build/realsense/install.log --single-version-externally-managed install_data
