[0.025s] Invoking command in '/home/darkdemon/work/motor_control/build/dynamixel_workbench_msgs': CMAKE_PREFIX_PATH=${CMAKE_PREFIX_PATH}:/home/darkdemon/work/motor_control/install/python_moveit2:/opt/ros/humble /usr/bin/cmake --build /home/darkdemon/work/motor_control/build/dynamixel_workbench_msgs -- -j20 -l20
[0.243s] [  0%] Built target dynamixel_workbench_msgs__cpp
[0.244s] [ 12%] Built target dynamixel_workbench_msgs__rosidl_generator_c
[0.244s] [ 12%] Built target ament_cmake_python_symlink_dynamixel_workbench_msgs
[0.244s] [ 36%] Built target dynamixel_workbench_msgs__rosidl_typesupport_cpp
[0.244s] [ 33%] Built target dynamixel_workbench_msgs__rosidl_typesupport_c
[0.244s] [ 48%] Built target dynamixel_workbench_msgs__rosidl_typesupport_introspection_c
[0.244s] [ 60%] Built target dynamixel_workbench_msgs__rosidl_typesupport_fastrtps_c
[0.244s] [ 77%] Built target dynamixel_workbench_msgs__rosidl_typesupport_fastrtps_cpp
[0.245s] [ 85%] Built target dynamixel_workbench_msgs__rosidl_typesupport_introspection_cpp
[0.245s] [ 85%] Built target dynamixel_workbench_msgs
[0.245s] [ 86%] Built target dynamixel_workbench_msgs__py
[0.245s] [ 97%] Built target dynamixel_workbench_msgs__rosidl_generator_py
[0.245s] [ 98%] Built target dynamixel_workbench_msgs__rosidl_typesupport_fastrtps_c__pyext
[0.245s] [ 99%] Built target dynamixel_workbench_msgs__rosidl_typesupport_c__pyext
[0.245s] [100%] Built target dynamixel_workbench_msgs__rosidl_typesupport_introspection_c__pyext
[0.280s] running egg_info
[0.281s] writing dynamixel_workbench_msgs.egg-info/PKG-INFO
[0.281s] writing dependency_links to dynamixel_workbench_msgs.egg-info/dependency_links.txt
[0.281s] writing top-level names to dynamixel_workbench_msgs.egg-info/top_level.txt
[0.283s] reading manifest file 'dynamixel_workbench_msgs.egg-info/SOURCES.txt'
[0.284s] writing manifest file 'dynamixel_workbench_msgs.egg-info/SOURCES.txt'
[0.309s] [100%] Built target ament_cmake_python_build_dynamixel_workbench_msgs_egg
