[0.161s] Invoking command in '/home/darkdemon/work/motor_control/build/python_moveit_interface': /usr/bin/cmake --build /home/darkdemon/work/motor_control/build/python_moveit_interface -- -j20 -l20
[0.304s] -- Found ament_cmake: 1.3.11 (/opt/ros/humble/share/ament_cmake/cmake)
[0.304s] -- Found rosidl_default_generators: 1.2.0 (/opt/ros/humble/share/rosidl_default_generators/cmake)
[0.304s] -- Using all available rosidl_typesupport_c: rosidl_typesupport_fastrtps_c;rosidl_typesupport_introspection_c
[0.304s] -- Found rosidl_adapter: 3.1.6 (/opt/ros/humble/share/rosidl_adapter/cmake)
[0.304s] -- Using all available rosidl_typesupport_cpp: rosidl_typesupport_fastrtps_cpp;rosidl_typesupport_introspection_cpp
[0.305s] -- Found geometry_msgs: 4.8.0 (/opt/ros/humble/share/geometry_msgs/cmake)
[0.573s] -- Found ament_cmake_ros: 0.10.0 (/opt/ros/humble/share/ament_cmake_ros/cmake)
[0.807s] -- Using all available rosidl_typesupport_c: rosidl_typesupport_fastrtps_c;rosidl_typesupport_introspection_c
[1.033s] -- Using all available rosidl_typesupport_cpp: rosidl_typesupport_fastrtps_cpp;rosidl_typesupport_introspection_cpp
[1.049s] -- Found python_cmake_module: 0.10.0 (/opt/ros/humble/share/python_cmake_module/cmake)
[1.067s] -- Using PYTHON_EXECUTABLE: /usr/bin/python3
[1.067s] -- Using PYTHON_INCLUDE_DIRS: /usr/include/python3.10
[1.067s] -- Using PYTHON_LIBRARIES: /usr/lib/x86_64-linux-gnu/libpython3.10.so
[1.176s] -- Using numpy include directory: /usr/local/lib/python3.10/dist-packages/numpy/core/include
[1.186s] -- Configuring done
[1.207s] -- Generating done
[1.214s] -- Build files have been written to: /home/darkdemon/work/motor_control/build/python_moveit_interface
[1.236s] [35m[1mConsolidate compiler generated dependencies of target python_moveit_interface__rosidl_generator_c[0m
[1.242s] [  1%] Built target python_moveit_interface__cpp
[1.246s] [ 12%] Built target python_moveit_interface__rosidl_generator_c
[1.253s] [35m[1mConsolidate compiler generated dependencies of target python_moveit_interface__rosidl_typesupport_cpp[0m
[1.253s] [35m[1mConsolidate compiler generated dependencies of target python_moveit_interface__rosidl_typesupport_fastrtps_cpp[0m
[1.254s] [35m[1mConsolidate compiler generated dependencies of target python_moveit_interface__rosidl_typesupport_introspection_cpp[0m
[1.259s] [ 12%] Built target ament_cmake_python_copy_python_moveit_interface
[1.260s] [35m[1mConsolidate compiler generated dependencies of target python_moveit_interface__rosidl_typesupport_c[0m
[1.262s] [35m[1mConsolidate compiler generated dependencies of target python_moveit_interface__rosidl_typesupport_fastrtps_c[0m
[1.264s] [35m[1mConsolidate compiler generated dependencies of target python_moveit_interface__rosidl_typesupport_introspection_c[0m
[1.268s] [ 23%] Built target python_moveit_interface__rosidl_typesupport_cpp
[1.271s] [ 34%] Built target python_moveit_interface__rosidl_typesupport_c
[1.272s] [ 45%] Built target python_moveit_interface__rosidl_typesupport_introspection_cpp
[1.273s] [ 56%] Built target python_moveit_interface__rosidl_typesupport_fastrtps_cpp
[1.276s] [ 67%] Built target python_moveit_interface__rosidl_typesupport_introspection_c
[1.279s] [ 78%] Built target python_moveit_interface__rosidl_typesupport_fastrtps_c
[1.294s] [ 78%] Built target python_moveit_interface
[1.310s] [ 80%] Built target python_moveit_interface__py
[1.318s] [35m[1mConsolidate compiler generated dependencies of target python_moveit_interface__rosidl_generator_py[0m
[1.330s] [ 89%] Built target python_moveit_interface__rosidl_generator_py
[1.338s] [35m[1mConsolidate compiler generated dependencies of target python_moveit_interface__rosidl_typesupport_c__pyext[0m
[1.338s] [35m[1mConsolidate compiler generated dependencies of target python_moveit_interface__rosidl_typesupport_introspection_c__pyext[0m
[1.338s] [35m[1mConsolidate compiler generated dependencies of target python_moveit_interface__rosidl_typesupport_fastrtps_c__pyext[0m
[1.348s] [ 92%] Built target python_moveit_interface__rosidl_typesupport_fastrtps_c__pyext
[1.348s] [ 96%] Built target python_moveit_interface__rosidl_typesupport_c__pyext
[1.348s] [100%] Built target python_moveit_interface__rosidl_typesupport_introspection_c__pyext
[1.398s] running egg_info
[1.398s] writing python_moveit_interface.egg-info/PKG-INFO
[1.398s] writing dependency_links to python_moveit_interface.egg-info/dependency_links.txt
[1.398s] writing top-level names to python_moveit_interface.egg-info/top_level.txt
[1.400s] reading manifest file 'python_moveit_interface.egg-info/SOURCES.txt'
[1.400s] writing manifest file 'python_moveit_interface.egg-info/SOURCES.txt'
[1.419s] [100%] Built target ament_cmake_python_build_python_moveit_interface_egg
