[0.019s] Invoking command in '/home/darkdemon/work/motor_control/build/dynamixel_workbench_msgs': CMAKE_PREFIX_PATH=/opt/ros/humble /usr/bin/cmake /home/darkdemon/work/motor_control/src/dynamixel-workbench-msgs/dynamixel_workbench_msgs -DCMAKE_EXPORT_COMPILE_COMMANDS=ON -DAMENT_CMAKE_SYMLINK_INSTALL=1 -DCMAKE_INSTALL_PREFIX=/home/darkdemon/work/motor_control/install/dynamixel_workbench_msgs
[0.213s] -- The C compiler identification is GNU 11.4.0
[1.025s] -- The CXX compiler identification is GNU 11.4.0
[1.121s] -- Detecting C compiler ABI info
[1.267s] -- Detecting C compiler ABI info - done
[1.271s] -- Check for working C compiler: /usr/bin/cc - skipped
[1.279s] -- Detecting C compile features
[1.284s] -- Detecting C compile features - done
[1.301s] -- Detecting CXX compiler ABI info
[1.416s] -- Detecting CXX compiler ABI info - done
[1.420s] -- Check for working CXX compiler: /usr/bin/c++ - skipped
[1.420s] -- Detecting CXX compile features
[1.420s] -- Detecting CXX compile features - done
[1.524s] -- Found ament_cmake: 1.3.11 (/opt/ros/humble/share/ament_cmake/cmake)
[1.773s] -- Found Python3: /usr/bin/python3 (found version "3.10.12") found components: Interpreter 
[2.021s] -- Override CMake install command with custom implementation using symlinks instead of copying resources
[2.380s] -- Found rosidl_default_generators: 1.2.0 (/opt/ros/humble/share/rosidl_default_generators/cmake)
[2.417s] -- Using all available rosidl_typesupport_c: rosidl_typesupport_fastrtps_c;rosidl_typesupport_introspection_c
[2.428s] -- Found rosidl_adapter: 3.1.6 (/opt/ros/humble/share/rosidl_adapter/cmake)
[2.467s] -- Using all available rosidl_typesupport_cpp: rosidl_typesupport_fastrtps_cpp;rosidl_typesupport_introspection_cpp
[2.500s] -- Found std_msgs: 4.2.4 (/opt/ros/humble/share/std_msgs/cmake)
[2.779s] -- Found ament_cmake_cppcheck: 0.12.11 (/opt/ros/humble/share/ament_cmake_cppcheck/cmake)
[2.781s] -- Found ament_cmake_cpplint: 0.12.11 (/opt/ros/humble/share/ament_cmake_cpplint/cmake)
[2.784s] -- Found ament_cmake_uncrustify: 0.12.11 (/opt/ros/humble/share/ament_cmake_uncrustify/cmake)
[2.787s] -- Found ament_cmake_ros: 0.10.0 (/opt/ros/humble/share/ament_cmake_ros/cmake)
[2.940s] -- Using all available rosidl_typesupport_c: rosidl_typesupport_fastrtps_c;rosidl_typesupport_introspection_c
[3.130s] -- Using all available rosidl_typesupport_cpp: rosidl_typesupport_fastrtps_cpp;rosidl_typesupport_introspection_cpp
[3.148s] -- Found PythonInterp: /usr/bin/python3 (found suitable version "3.10.12", minimum required is "3.6") 
[3.150s] -- Found python_cmake_module: 0.10.0 (/opt/ros/humble/share/python_cmake_module/cmake)
[3.171s] -- Found PythonLibs: /usr/lib/x86_64-linux-gnu/libpython3.10.so (found suitable version "3.10.12", minimum required is "3.5") 
[3.171s] -- Using PYTHON_EXECUTABLE: /usr/bin/python3
[3.171s] -- Using PYTHON_INCLUDE_DIRS: /usr/include/python3.10
[3.171s] -- Using PYTHON_LIBRARIES: /usr/lib/x86_64-linux-gnu/libpython3.10.so
[3.185s] -- Found PythonExtra: .so  
[3.333s] -- Using numpy include directory: /usr/local/lib/python3.10/dist-packages/numpy/_core/include
[3.342s] -- Found ament_cmake_flake8: 0.12.11 (/opt/ros/humble/share/ament_cmake_flake8/cmake)
[3.344s] -- Found ament_cmake_pep257: 0.12.11 (/opt/ros/humble/share/ament_cmake_pep257/cmake)
[3.353s] -- Configuring done
[3.392s] -- Generating done
[3.399s] -- Build files have been written to: /home/darkdemon/work/motor_control/build/dynamixel_workbench_msgs
