[0.026s] Invoking command in '/home/darkdemon/work/motor_control/build/dynamixel_workbench_msgs': CMAKE_PREFIX_PATH=/home/darkdemon/work/motor_control/install/small_arm_moveit_cpp:/home/darkdemon/work/motor_control/install/small_arm_moveit_config:/home/darkdemon/work/motor_control/install/small_arm_description:/home/darkdemon/work/motor_control/install/realsense:/home/darkdemon/work/motor_control/install/python_moveit2:/opt/ros/humble:/home/darkdemon/work/motor_control/install/python_moveit_interface:/home/darkdemon/work/motor_control/install/dynamixel_workbench:/home/darkdemon/work/motor_control/install/dynamixel_hardware:/home/darkdemon/work/motor_control/install/dynamixel_workbench_toolbox:/home/darkdemon/work/motor_control/install/dynamixel_workbench_msgs /usr/bin/cmake --build /home/darkdemon/work/motor_control/build/dynamixel_workbench_msgs -- -j20 -l20
[0.533s] [  0%] Built target dynamixel_workbench_msgs__cpp
[0.533s] [  0%] Built target ament_cmake_python_copy_dynamixel_workbench_msgs
[0.533s] [ 13%] Built target dynamixel_workbench_msgs__rosidl_typesupport_introspection_cpp
[0.533s] Traceback (most recent call last):
[0.533s]   File "/home/darkdemon/work/motor_control/build/dynamixel_workbench_msgs/ament_cmake_python/dynamixel_workbench_msgs/setup.py", line 1, in <module>
[0.533s]     from setuptools import find_packages
[0.533s]   File "/usr/lib/python3/dist-packages/setuptools/__init__.py", line 16, in <module>
[0.533s]     import setuptools.version
[0.533s]   File "/usr/lib/python3/dist-packages/setuptools/version.py", line 1, in <module>
[0.533s]     import pkg_resources
[0.533s]   File "/usr/lib/python3/dist-packages/pkg_resources/__init__.py", line 3267, in <module>
[0.533s]     def _initialize_master_working_set():
[0.533s]   File "/usr/lib/python3/dist-packages/pkg_resources/__init__.py", line 3241, in _call_aside
[0.533s]     f(*args, **kwargs)
[0.533s]   File "/usr/lib/python3/dist-packages/pkg_resources/__init__.py", line 3302, in _initialize_master_working_set
[0.533s]     list(map(working_set.add_entry, sys.path))
[0.533s]   File "/usr/lib/python3/dist-packages/pkg_resources/__init__.py", line 613, in add_entry
[0.533s]     for dist in find_distributions(entry, True):
[0.533s]   File "/usr/lib/python3/dist-packages/pkg_resources/__init__.py", line 2077, in find_on_path
[0.533s]     for dist in factory(fullpath):
[0.534s]   File "/usr/lib/python3/dist-packages/pkg_resources/__init__.py", line 2142, in distributions_from_metadata
[0.534s]     yield Distribution.from_location(
[0.534s]   File "/usr/lib/python3/dist-packages/pkg_resources/__init__.py", line 2606, in from_location
[0.534s]     )._reload_version()
[0.534s]   File "/usr/lib/python3/dist-packages/pkg_resources/__init__.py", line 3004, in _reload_version
[0.535s]     md_version = self._get_version()
[0.535s]   File "/usr/lib/python3/dist-packages/pkg_resources/__init__.py", line 2785, in _get_version
[0.535s]     version = _version_from_file(lines)
[0.535s]   File "/usr/lib/python3/dist-packages/pkg_resources/__init__.py", line 2569, in _version_from_file
[0.535s]     line = next(iter(version_lines), '')
[0.535s]   File "/usr/lib/python3/dist-packages/pkg_resources/__init__.py", line 2780, in _get_metadata
[0.535s]     for line in self.get_metadata_lines(name):
[0.535s]   File "/usr/lib/python3/dist-packages/pkg_resources/__init__.py", line 1422, in get_metadata_lines
[0.535s]     return yield_lines(self.get_metadata(name))
[0.535s]   File "/usr/lib/python3.10/functools.py", line 889, in wrapper
[0.535s]     return dispatch(args[0].__class__)(*args, **kw)
[0.536s]   File "/usr/lib/python3/dist-packages/pkg_resources/__init__.py", line 2411, in _
[0.536s]     return filter(_nonblank, map(str.strip, text.splitlines()))
[0.536s] KeyboardInterrupt
[0.547s] gmake[2]: *** [CMakeFiles/ament_cmake_python_build_dynamixel_workbench_msgs_egg.dir/build.make:70: CMakeFiles/ament_cmake_python_build_dynamixel_workbench_msgs_egg] Interrupt
[0.547s] gmake[1]: *** [CMakeFiles/Makefile2:447: CMakeFiles/ament_cmake_python_build_dynamixel_workbench_msgs_egg.dir/all] Interrupt
[0.547s] gmake: *** [Makefile:146: all] Interrupt
