[0.680s] Invoking command in '/home/darkdemon/work/motor_control/build/python_moveit2': PYTHONPATH=/home/darkdemon/work/motor_control/build/python_moveit2/prefix_override:/usr/lib/python3/dist-packages/colcon_core/task/python/colcon_distutils_commands:/home/darkdemon/work/motor_control/install/python_moveit2/lib/python3.10/site-packages:${PYTHONPATH} /usr/bin/python3 -W ignore:setup.py install is deprecated -W ignore:easy_install command is deprecated setup.py develop --uninstall --editable --build-directory /home/darkdemon/work/motor_control/build/python_moveit2/build
[0.889s] running develop
[1.024s] Removing /home/darkdemon/work/motor_control/install/python_moveit2/lib/python3.10/site-packages/python-moveit2.egg-link (link to .)
[1.047s] Invoked command in '/home/darkdemon/work/motor_control/build/python_moveit2' returned '0': PYTHONPATH=/home/darkdemon/work/motor_control/build/python_moveit2/prefix_override:/usr/lib/python3/dist-packages/colcon_core/task/python/colcon_distutils_commands:/home/darkdemon/work/motor_control/install/python_moveit2/lib/python3.10/site-packages:${PYTHONPATH} /usr/bin/python3 -W ignore:setup.py install is deprecated -W ignore:easy_install command is deprecated setup.py develop --uninstall --editable --build-directory /home/darkdemon/work/motor_control/build/python_moveit2/build
[1.048s] Invoking command in '/home/darkdemon/work/motor_control/src/tb4_arm_ros2/python_moveit2': PYTHONPATH=/home/darkdemon/work/motor_control/build/python_moveit2/prefix_override:/usr/lib/python3/dist-packages/colcon_core/task/python/colcon_distutils_commands:/home/darkdemon/work/motor_control/install/python_moveit2/lib/python3.10/site-packages:${PYTHONPATH} /usr/bin/python3 -W ignore:setup.py install is deprecated -W ignore:easy_install command is deprecated setup.py egg_info --egg-base ../../../build/python_moveit2 build --build-base /home/darkdemon/work/motor_control/build/python_moveit2/build install --record /home/darkdemon/work/motor_control/build/python_moveit2/install.log --single-version-externally-managed install_data --force
[1.213s] running egg_info
[1.214s] writing ../../../build/python_moveit2/python_moveit2.egg-info/PKG-INFO
[1.214s] writing dependency_links to ../../../build/python_moveit2/python_moveit2.egg-info/dependency_links.txt
[1.214s] writing entry points to ../../../build/python_moveit2/python_moveit2.egg-info/entry_points.txt
[1.214s] writing requirements to ../../../build/python_moveit2/python_moveit2.egg-info/requires.txt
[1.215s] writing top-level names to ../../../build/python_moveit2/python_moveit2.egg-info/top_level.txt
[1.216s] reading manifest file '../../../build/python_moveit2/python_moveit2.egg-info/SOURCES.txt'
[1.218s] writing manifest file '../../../build/python_moveit2/python_moveit2.egg-info/SOURCES.txt'
[1.218s] running build
[1.218s] running build_py
[1.219s] running install
[1.219s] running install_lib
[1.219s] creating /home/darkdemon/work/motor_control/install/python_moveit2/lib/python3.10/site-packages/python_moveit2
[1.219s] copying /home/darkdemon/work/motor_control/build/python_moveit2/build/lib/python_moveit2/__init__.py -> /home/darkdemon/work/motor_control/install/python_moveit2/lib/python3.10/site-packages/python_moveit2
[1.219s] copying /home/darkdemon/work/motor_control/build/python_moveit2/build/lib/python_moveit2/arm_control.py -> /home/darkdemon/work/motor_control/install/python_moveit2/lib/python3.10/site-packages/python_moveit2
[1.219s] byte-compiling /home/darkdemon/work/motor_control/install/python_moveit2/lib/python3.10/site-packages/python_moveit2/__init__.py to __init__.cpython-310.pyc
[1.219s] byte-compiling /home/darkdemon/work/motor_control/install/python_moveit2/lib/python3.10/site-packages/python_moveit2/arm_control.py to arm_control.cpython-310.pyc
[1.219s]   File "/home/darkdemon/work/motor_control/install/python_moveit2/lib/python3.10/site-packages/python_moveit2/arm_control.py", line 25
[1.219s]     self.status = ["gripper":0,"name_goal":0,"pose_goal":0,"word_detection":0]
[1.219s]                             ^
[1.219s] SyntaxError: invalid syntax
[1.220s] 
[1.220s] running install_data
[1.220s] copying resource/python_moveit2 -> /home/darkdemon/work/motor_control/install/python_moveit2/share/ament_index/resource_index/packages
[1.220s] copying package.xml -> /home/darkdemon/work/motor_control/install/python_moveit2/share/python_moveit2
[1.220s] running install_egg_info
[1.220s] Copying ../../../build/python_moveit2/python_moveit2.egg-info to /home/darkdemon/work/motor_control/install/python_moveit2/lib/python3.10/site-packages/python_moveit2-0.0.0-py3.10.egg-info
[1.221s] running install_scripts
[1.236s] writing list of installed files to '/home/darkdemon/work/motor_control/build/python_moveit2/install.log'
[1.256s] Invoked command in '/home/darkdemon/work/motor_control/src/tb4_arm_ros2/python_moveit2' returned '0': PYTHONPATH=/home/darkdemon/work/motor_control/build/python_moveit2/prefix_override:/usr/lib/python3/dist-packages/colcon_core/task/python/colcon_distutils_commands:/home/darkdemon/work/motor_control/install/python_moveit2/lib/python3.10/site-packages:${PYTHONPATH} /usr/bin/python3 -W ignore:setup.py install is deprecated -W ignore:easy_install command is deprecated setup.py egg_info --egg-base ../../../build/python_moveit2 build --build-base /home/darkdemon/work/motor_control/build/python_moveit2/build install --record /home/darkdemon/work/motor_control/build/python_moveit2/install.log --single-version-externally-managed install_data --force
