[0.656s] Invoking command in '/home/darkdemon/work/motor_control/src/realsense': PYTHONPATH=/home/darkdemon/work/motor_control/build/realsense/prefix_override:/usr/lib/python3/dist-packages/colcon_core/task/python/colcon_distutils_commands:/home/darkdemon/work/motor_control/install/realsense/lib/python3.10/site-packages:${PYTHONPATH} /usr/bin/python3 -W ignore:setup.py install is deprecated -W ignore:easy_install command is deprecated setup.py egg_info --egg-base ../../build/realsense build --build-base /home/darkdemon/work/motor_control/build/realsense/build install --record /home/darkdemon/work/motor_control/build/realsense/install.log --single-version-externally-managed install_data
[0.839s] running egg_info
[0.839s] writing ../../build/realsense/realsense.egg-info/PKG-INFO
[0.839s] writing dependency_links to ../../build/realsense/realsense.egg-info/dependency_links.txt
[0.839s] writing entry points to ../../build/realsense/realsense.egg-info/entry_points.txt
[0.840s] writing requirements to ../../build/realsense/realsense.egg-info/requires.txt
[0.840s] writing top-level names to ../../build/realsense/realsense.egg-info/top_level.txt
[0.841s] reading manifest file '../../build/realsense/realsense.egg-info/SOURCES.txt'
[0.842s] writing manifest file '../../build/realsense/realsense.egg-info/SOURCES.txt'
[0.842s] running build
[0.842s] running build_py
[0.842s] running install
[0.843s] running install_lib
[0.844s] running install_data
[0.844s] running install_egg_info
[0.847s] removing '/home/darkdemon/work/motor_control/install/realsense/lib/python3.10/site-packages/realsense-0.0.1-py3.10.egg-info' (and everything under it)
[0.847s] Copying ../../build/realsense/realsense.egg-info to /home/darkdemon/work/motor_control/install/realsense/lib/python3.10/site-packages/realsense-0.0.1-py3.10.egg-info
[0.848s] running install_scripts
[0.861s] Installing box_edge_detect script to /home/darkdemon/work/motor_control/install/realsense/lib/realsense
[0.861s] Installing color_detect script to /home/darkdemon/work/motor_control/install/realsense/lib/realsense
[0.861s] Installing color_range script to /home/darkdemon/work/motor_control/install/realsense/lib/realsense
[0.861s] Installing depth_calculate script to /home/darkdemon/work/motor_control/install/realsense/lib/realsense
[0.861s] Installing paddleorc script to /home/darkdemon/work/motor_control/install/realsense/lib/realsense
[0.861s] Installing realsense_read script to /home/darkdemon/work/motor_control/install/realsense/lib/realsense
[0.861s] Installing visiual script to /home/darkdemon/work/motor_control/install/realsense/lib/realsense
[0.861s] Installing yolo_number_detect script to /home/darkdemon/work/motor_control/install/realsense/lib/realsense
[0.861s] writing list of installed files to '/home/darkdemon/work/motor_control/build/realsense/install.log'
[0.877s] Invoked command in '/home/darkdemon/work/motor_control/src/realsense' returned '0': PYTHONPATH=/home/darkdemon/work/motor_control/build/realsense/prefix_override:/usr/lib/python3/dist-packages/colcon_core/task/python/colcon_distutils_commands:/home/darkdemon/work/motor_control/install/realsense/lib/python3.10/site-packages:${PYTHONPATH} /usr/bin/python3 -W ignore:setup.py install is deprecated -W ignore:easy_install command is deprecated setup.py egg_info --egg-base ../../build/realsense build --build-base /home/darkdemon/work/motor_control/build/realsense/build install --record /home/darkdemon/work/motor_control/build/realsense/install.log --single-version-externally-managed install_data
