[0.321s] Invoking command in '/home/darkdemon/work/motor_control/build/small_arm_moveit_cpp': CMAKE_PREFIX_PATH=/opt/ros/humble /usr/bin/cmake --build /home/darkdemon/work/motor_control/build/small_arm_moveit_cpp -- -j20 -l20
[0.396s] [  5%] [32m[1mLinking CXX executable gripper_joint_value[0m
[0.397s] [ 10%] [32m[1mLinking CXX executable joint_goal[0m
[0.424s] [ 15%] [32mBuilding CXX object CMakeFiles/named_goal.dir/src/named_goal.cpp.o[0m
[0.424s] [ 20%] [32mBuilding CXX object CMakeFiles/cartesian_path.dir/src/cartesian_path.cpp.o[0m
[0.424s] [ 35%] Built target eye_hand_pose
[0.424s] [ 35%] [32mBuilding CXX object CMakeFiles/tool_move.dir/src/tool_coordinate_move.cpp.o[0m
[0.425s] [ 40%] [32mBuilding CXX object CMakeFiles/pliz_move.dir/src/pliz_move.cpp.o[0m
[0.425s] [ 45%] [32mBuilding CXX object CMakeFiles/pose_goal.dir/src/pose_goal.cpp.o[0m
[0.429s] [ 55%] Built target gripper_open
[0.430s] [01m[Kcc1plus:[m[K [01;31m[Kfatal error: [m[K/home/darkdemon/work/motor_control/src/tb4_arm_ros2/small_arm_moveit_cpp/src/cartesian_path.cpp: No such file or directory
[0.430s] compilation terminated.
[0.430s] gmake[2]: *** [CMakeFiles/cartesian_path.dir/build.make:76: CMakeFiles/cartesian_path.dir/src/cartesian_path.cpp.o] Error 1
[0.430s] gmake[1]: *** [CMakeFiles/Makefile2:207: CMakeFiles/cartesian_path.dir/all] Error 2
[0.430s] gmake[1]: *** Waiting for unfinished jobs....
[0.430s] [ 65%] Built target ee_pose_in_base
[0.430s] [01m[Kcc1plus:[m[K [01;31m[Kfatal error: [m[K/home/darkdemon/work/motor_control/src/tb4_arm_ros2/small_arm_moveit_cpp/src/tool_coordinate_move.cpp: No such file or directory
[0.431s] compilation terminated.
[0.432s] gmake[2]: *** [CMakeFiles/tool_move.dir/build.make:76: CMakeFiles/tool_move.dir/src/tool_coordinate_move.cpp.o] Error 1
[0.432s] [01m[Kcc1plus:[m[K [01;31m[Kfatal error: [m[K/home/darkdemon/work/motor_control/src/tb4_arm_ros2/small_arm_moveit_cpp/src/pliz_move.cpp: No such file or directory
[0.432s] compilation terminated.
[0.432s] gmake[1]: *** [CMakeFiles/Makefile2:337: CMakeFiles/tool_move.dir/all] Error 2
[0.432s] gmake[2]: *** [CMakeFiles/pliz_move.dir/build.make:76: CMakeFiles/pliz_move.dir/src/pliz_move.cpp.o] Error 1
[0.432s] gmake[1]: *** [CMakeFiles/Makefile2:311: CMakeFiles/pliz_move.dir/all] Error 2
[0.432s] [01m[Kcc1plus:[m[K [01;31m[Kfatal error: [m[K/home/darkdemon/work/motor_control/src/tb4_arm_ros2/small_arm_moveit_cpp/src/pose_goal.cpp: No such file or directory
[0.432s] compilation terminated.
[0.432s] gmake[2]: *** [CMakeFiles/pose_goal.dir/build.make:76: CMakeFiles/pose_goal.dir/src/pose_goal.cpp.o] Error 1
[0.432s] gmake[1]: *** [CMakeFiles/Makefile2:155: CMakeFiles/pose_goal.dir/all] Error 2
[5.781s] [01m[K/home/darkdemon/work/motor_control/src/tb4_arm_ros2/small_arm_moveit_cpp/src/named_goal.cpp:18:28:[m[K [01;31m[Kerror: [m[K‘[01m[Kstd_msg[m[K’ does not name a type
[5.781s]    18 |   void goal_callback(const [01;31m[Kstd_msg[m[K::msg::String::SharedPtr msg){
[5.781s]       |                            [01;31m[K^~~~~~~[m[K
[5.782s] [01m[K/home/darkdemon/work/motor_control/src/tb4_arm_ros2/small_arm_moveit_cpp/src/named_goal.cpp:18:40:[m[K [01;31m[Kerror: [m[Kexpected unqualified-id before ‘[01m[K::[m[K’ token
[5.782s]    18 |   void goal_callback(const std_msg::msg[01;31m[K::[m[KString::SharedPtr msg){
[5.782s]       |                                        [01;31m[K^~[m[K
[5.782s] [01m[K/home/darkdemon/work/motor_control/src/tb4_arm_ros2/small_arm_moveit_cpp/src/named_goal.cpp:18:40:[m[K [01;31m[Kerror: [m[Kexpected ‘[01m[K)[m[K’ before ‘[01m[K::[m[K’ token
[5.782s]    18 |   void goal_callback[34m[K([m[Kconst std_msg::msg[01;31m[K:[m[K[32m[K:[m[KString::SharedPtr msg){
[5.782s]       |                     [34m[K~[m[K                  [01;31m[K^[m[K[32m[K~[m[K
[5.782s]       |                                        [32m[K)[m[K
[5.782s] [01m[K/home/darkdemon/work/motor_control/src/tb4_arm_ros2/small_arm_moveit_cpp/src/named_goal.cpp:18:37:[m[K [01;31m[Kerror: [m[Kexpected ‘[01m[K;[m[K’ at end of member declaration
[5.783s]    18 |   void goal_callback(const std_msg::[01;31m[Kmsg[m[K::String::SharedPtr msg){
[5.783s]       |                                     [01;31m[K^~~[m[K
[5.783s]       |                                        [32m[K;[m[K
[5.786s] [01m[K/home/darkdemon/work/motor_control/src/tb4_arm_ros2/small_arm_moveit_cpp/src/named_goal.cpp:18:42:[m[K [01;31m[Kerror: [m[K‘[01m[KString[m[K’ in namespace ‘[01m[K::[m[K’ does not name a type
[5.786s]    18 |   void goal_callback(const std_msg::msg::[01;31m[KString[m[K::SharedPtr msg){
[5.786s]       |                                          [01;31m[K^~~~~~[m[K
[5.787s] [01m[K/home/darkdemon/work/motor_control/src/tb4_arm_ros2/small_arm_moveit_cpp/src/named_goal.cpp:33:39:[m[K [01;31m[Kerror: [m[K‘[01m[KString[m[K’ is not a member of ‘[01m[Kstd_msgs::msg[m[K’
[5.787s]    33 |   rclcpp::Subscription<std_msgs::msg::[01;31m[KString[m[K>::SharedPtr goal_subscriber_;
[5.787s]       |                                       [01;31m[K^~~~~~[m[K
[5.787s] [01m[K/home/darkdemon/work/motor_control/src/tb4_arm_ros2/small_arm_moveit_cpp/src/named_goal.cpp:33:45:[m[K [01;31m[Kerror: [m[Ktemplate argument 1 is invalid
[5.787s]    33 |   rclcpp::Subscription<std_msgs::msg::String[01;31m[K>[m[K::SharedPtr goal_subscriber_;
[5.787s]       |                                             [01;31m[K^[m[K
[5.787s] [01m[K/home/darkdemon/work/motor_control/src/tb4_arm_ros2/small_arm_moveit_cpp/src/named_goal.cpp:33:45:[m[K [01;31m[Kerror: [m[Ktemplate argument 3 is invalid
[5.787s] [01m[K/home/darkdemon/work/motor_control/src/tb4_arm_ros2/small_arm_moveit_cpp/src/named_goal.cpp:33:45:[m[K [01;31m[Kerror: [m[Ktemplate argument 4 is invalid
[5.788s] [01m[K/home/darkdemon/work/motor_control/src/tb4_arm_ros2/small_arm_moveit_cpp/src/named_goal.cpp:33:45:[m[K [01;31m[Kerror: [m[Ktemplate argument 5 is invalid
[5.788s] [01m[K/home/darkdemon/work/motor_control/src/tb4_arm_ros2/small_arm_moveit_cpp/src/named_goal.cpp:33:48:[m[K [01;31m[Kerror: [m[Kexpected ‘[01m[K;[m[K’ at end of member declaration
[5.788s]    33 |   rclcpp::Subscription<std_msgs::msg::String>::[01;31m[KSharedPtr[m[K goal_subscriber_;
[5.788s]       |                                                [01;31m[K^~~~~~~~~[m[K
[5.788s]       |                                                         [32m[K;[m[K
[5.797s] [01m[K/home/darkdemon/work/motor_control/src/tb4_arm_ros2/small_arm_moveit_cpp/src/named_goal.cpp:33:58:[m[K [01;31m[Kerror: [m[K‘[01m[Kgoal_subscriber_[m[K’ does not name a type
[5.797s]    33 |   rclcpp::Subscription<std_msgs::msg::String>::SharedPtr [01;31m[Kgoal_subscriber_[m[K;
[5.797s]       |                                                          [01;31m[K^~~~~~~~~~~~~~~~[m[K
[5.800s] [01m[K/home/darkdemon/work/motor_control/src/tb4_arm_ros2/small_arm_moveit_cpp/src/named_goal.cpp:35:2:[m[K [01;31m[Kerror: [m[Kexpected ‘[01m[K;[m[K’ after class definition
[5.800s]    35 | }
[5.800s]       |  [01;31m[K^[m[K
[5.800s]       |  [32m[K;[m[K
[5.801s] [01m[K/home/darkdemon/work/motor_control/src/tb4_arm_ros2/small_arm_moveit_cpp/src/named_goal.cpp:[m[K In constructor ‘[01m[KNamedGoalControl::NamedGoalControl()[m[K’:
[5.801s] [01m[K/home/darkdemon/work/motor_control/src/tb4_arm_ros2/small_arm_moveit_cpp/src/named_goal.cpp:9:34:[m[K [01;31m[Kerror: [m[K‘[01m[Kmake_shard[m[K’ is not a member of ‘[01m[Kstd[m[K’; did you mean ‘[01m[Kmake_shared[m[K’?
[5.802s]     9 |     move_group_interface_ = std::[01;31m[Kmake_shard[m[K<moveit::planning_interface::MoveGroupInterface>(
[5.802s]       |                                  [01;31m[K^~~~~~~~~~[m[K
[5.802s]       |                                  [32m[Kmake_shared[m[K
[5.802s] [01m[K/home/darkdemon/work/motor_control/src/tb4_arm_ros2/small_arm_moveit_cpp/src/named_goal.cpp:9:91:[m[K [01;31m[Kerror: [m[Kexpected primary-expression before ‘[01m[K>[m[K’ token
[5.802s]     9 |     move_group_interface_ = std::make_shard<moveit::planning_interface::MoveGroupInterface[01;31m[K>[m[K(
[5.802s]       |                                                                                           [01;31m[K^[m[K
[5.817s] [01m[K/home/darkdemon/work/motor_control/src/tb4_arm_ros2/small_arm_moveit_cpp/src/named_goal.cpp:11:5:[m[K [01;31m[Kerror: [m[K‘[01m[Kgoal_subscriber_[m[K’ was not declared in this scope; did you mean ‘[01m[Kcount_subscribers[m[K’?
[5.817s]    11 |     [01;31m[Kgoal_subscriber_[m[K = this->create_subsciption<std_msgs::msg::String>(
[5.817s]       |     [01;31m[K^~~~~~~~~~~~~~~~[m[K
[5.817s]       |     [32m[Kcount_subscribers[m[K
[5.817s] [01m[K/home/darkdemon/work/motor_control/src/tb4_arm_ros2/small_arm_moveit_cpp/src/named_goal.cpp:11:30:[m[K [01;31m[Kerror: [m[K‘[01m[Kclass NamedGoalControl[m[K’ has no member named ‘[01m[Kcreate_subsciption[m[K’; did you mean ‘[01m[Kcreate_subscription[m[K’?
[5.817s]    11 |     goal_subscriber_ = this->[01;31m[Kcreate_subsciption[m[K<std_msgs::msg::String>(
[5.817s]       |                              [01;31m[K^~~~~~~~~~~~~~~~~~[m[K
[5.818s]       |                              [32m[Kcreate_subscription[m[K
[5.818s] [01m[K/home/darkdemon/work/motor_control/src/tb4_arm_ros2/small_arm_moveit_cpp/src/named_goal.cpp:11:64:[m[K [01;31m[Kerror: [m[K‘[01m[KString[m[K’ is not a member of ‘[01m[Kstd_msgs::msg[m[K’
[5.818s]    11 |     goal_subscriber_ = this->create_subsciption<std_msgs::msg::[01;31m[KString[m[K>(
[5.819s]       |                                                                [01;31m[K^~~~~~[m[K
[5.819s] [01m[K/home/darkdemon/work/motor_control/src/tb4_arm_ros2/small_arm_moveit_cpp/src/named_goal.cpp:12:7:[m[K [01;35m[Kwarning: [m[Kleft operand of comma operator has no effect [[01;35m[K]8;;https://gcc.gnu.org/onlinedocs/gcc/Warning-Options.html#index-Wunused-value-Wunused-value]8;;[m[K]
[5.819s]    12 |       [01;35m[K"named_goal_target"[m[K,10,
[5.819s]       |       [01;35m[K^~~~~~~~~~~~~~~~~~~[m[K
[5.824s] [01m[K/home/darkdemon/work/motor_control/src/tb4_arm_ros2/small_arm_moveit_cpp/src/named_goal.cpp:13:76:[m[K [01;35m[Kwarning: [m[Kright operand of comma operator has no effect [[01;35m[K]8;;https://gcc.gnu.org/onlinedocs/gcc/Warning-Options.html#index-Wunused-value-Wunused-value]8;;[m[K]
[5.824s]    13 |       std::bind(&NamedGoalControl::goal_callback,this,std::placeholders::_1[01;35m[K)[m[K
[5.824s]       |                                                                            [01;35m[K^[m[K
[5.837s] [01m[K/home/darkdemon/work/motor_control/src/tb4_arm_ros2/small_arm_moveit_cpp/src/named_goal.cpp:15:5:[m[K [01;31m[Kerror: [m[K‘[01m[KRCLCCP_INFO[m[K’ was not declared in this scope; did you mean ‘[01m[KRCLCPP_INFO[m[K’?
[5.837s]    15 |     [01;31m[KRCLCCP_INFO[m[K(this->get_logger(),"NameGoalControl ready:Wait for command");
[5.837s]       |     [01;31m[K^~~~~~~~~~~[m[K
[5.838s]       |     [32m[KRCLCPP_INFO[m[K
[5.840s] [01m[K/home/darkdemon/work/motor_control/src/tb4_arm_ros2/small_arm_moveit_cpp/src/named_goal.cpp:[m[K In function ‘[01m[Kint main(int, char**)[m[K’:
[5.840s] [01m[K/home/darkdemon/work/motor_control/src/tb4_arm_ros2/small_arm_moveit_cpp/src/named_goal.cpp:41:15:[m[K [01;31m[Kerror: [m[Kno matching function for call to ‘[01m[Kspin()[m[K’
[5.841s]    41 |   [01;31m[Krclcpp::spin()[m[K;
[5.841s]       |   [01;31m[K~~~~~~~~~~~~^~[m[K
[5.841s] In file included from [01m[K/opt/ros/humble/include/rclcpp/rclcpp/rclcpp.hpp:155[m[K,
[5.841s]                  from [01m[K/home/darkdemon/work/motor_control/src/tb4_arm_ros2/small_arm_moveit_cpp/src/named_goal.cpp:2[m[K:
[5.841s] [01m[K/opt/ros/humble/include/rclcpp/rclcpp/executors.hpp:45:1:[m[K [01;36m[Knote: [m[Kcandidate: ‘[01m[Kvoid rclcpp::spin(rclcpp::node_interfaces::NodeBaseInterface::SharedPtr)[m[K’
[5.841s]    45 | [01;36m[Kspin[m[K(rclcpp::node_interfaces::NodeBaseInterface::SharedPtr node_ptr);
[5.841s]       | [01;36m[K^~~~[m[K
[5.842s] [01m[K/opt/ros/humble/include/rclcpp/rclcpp/executors.hpp:45:1:[m[K [01;36m[Knote: [m[K  candidate expects 1 argument, 0 provided
[5.842s] [01m[K/opt/ros/humble/include/rclcpp/rclcpp/executors.hpp:49:1:[m[K [01;36m[Knote: [m[Kcandidate: ‘[01m[Kvoid rclcpp::spin(rclcpp::Node::SharedPtr)[m[K’
[5.842s]    49 | [01;36m[Kspin[m[K(rclcpp::Node::SharedPtr node_ptr);
[5.842s]       | [01;36m[K^~~~[m[K
[5.842s] [01m[K/opt/ros/humble/include/rclcpp/rclcpp/executors.hpp:49:1:[m[K [01;36m[Knote: [m[K  candidate expects 1 argument, 0 provided
[8.457s] gmake[2]: *** [CMakeFiles/named_goal.dir/build.make:76: CMakeFiles/named_goal.dir/src/named_goal.cpp.o] Error 1
[8.458s] gmake[1]: *** [CMakeFiles/Makefile2:233: CMakeFiles/named_goal.dir/all] Error 2
[11.337s] /usr/bin/ld: /usr/lib/gcc/x86_64-linux-gnu/11/../../../x86_64-linux-gnu/Scrt1.o: in function `_start':
[11.337s] (.text+0x1b): undefined reference to `main'
[11.341s] collect2: error: ld returned 1 exit status
[11.343s] gmake[2]: *** [CMakeFiles/gripper_joint_value.dir/build.make:355: gripper_joint_value] Error 1
[11.343s] gmake[1]: *** [CMakeFiles/Makefile2:285: CMakeFiles/gripper_joint_value.dir/all] Error 2
[12.639s] /usr/bin/ld: /usr/lib/gcc/x86_64-linux-gnu/11/../../../x86_64-linux-gnu/Scrt1.o: in function `_start':
[12.639s] (.text+0x1b): undefined reference to `main'
[12.642s] collect2: error: ld returned 1 exit status
[12.644s] gmake[2]: *** [CMakeFiles/joint_goal.dir/build.make:355: joint_goal] Error 1
[12.644s] gmake[1]: *** [CMakeFiles/Makefile2:181: CMakeFiles/joint_goal.dir/all] Error 2
[12.644s] gmake: *** [Makefile:146: all] Error 2
[12.647s] Invoked command in '/home/darkdemon/work/motor_control/build/small_arm_moveit_cpp' returned '2': CMAKE_PREFIX_PATH=/opt/ros/humble /usr/bin/cmake --build /home/darkdemon/work/motor_control/build/small_arm_moveit_cpp -- -j20 -l20
