[0.198s] Invoking command in '/home/darkdemon/work/motor_control/build/map_if': CMAKE_PREFIX_PATH=/home/darkdemon/work/motor_control/install/small_arm_moveit_cpp:/home/darkdemon/work/motor_control/install/small_arm_moveit_config:/home/darkdemon/work/motor_control/install/small_arm_description:/home/darkdemon/work/motor_control/install/visual:/home/darkdemon/work/motor_control/install/realsense:/home/darkdemon/work/motor_control/install/python_moveit2:/home/darkdemon/work/motor_control/install/map_tool:/home/darkdemon/work/motor_control/install/lidar_filter:/opt/ros/humble:/home/darkdemon/work/motor_control/install/python_moveit_interface:/home/darkdemon/work/motor_control/install/map_if:/home/darkdemon/work/motor_control/install/dynamixel_workbench:/home/darkdemon/work/motor_control/install/dynamixel_hardware:/home/darkdemon/work/motor_control/install/dynamixel_workbench_toolbox:/home/darkdemon/work/motor_control/install/dynamixel_workbench_msgs /usr/bin/cmake --build /home/darkdemon/work/motor_control/build/map_if -- -j20 -l20
[0.714s] [  3%] Built target map_if__cpp
[0.714s] [ 12%] Built target map_if__rosidl_generator_c
[0.714s] [ 12%] Built target ament_cmake_python_copy_map_if
[0.714s] [ 41%] Built target map_if__rosidl_typesupport_introspection_cpp
[0.714s] [ 41%] Built target map_if__rosidl_typesupport_introspection_c
[0.714s] [ 41%] Built target map_if__rosidl_typesupport_fastrtps_c
[0.714s] [ 54%] Built target map_if__rosidl_typesupport_cpp
[0.714s] [ 61%] Built target map_if__rosidl_typesupport_fastrtps_cpp
[0.715s] [ 70%] Built target map_if__rosidl_typesupport_c
[0.715s] [ 70%] Built target map_if
[0.715s] [ 74%] Built target map_if__py
[0.715s] [ 80%] Built target map_if__rosidl_generator_py
[0.715s] [ 93%] Built target map_if__rosidl_typesupport_introspection_c__pyext
[0.715s] [ 93%] Built target map_if__rosidl_typesupport_c__pyext
[0.715s] [100%] Built target map_if__rosidl_typesupport_fastrtps_c__pyext
[0.715s] running egg_info
[0.715s] writing map_if.egg-info/PKG-INFO
[0.715s] writing dependency_links to map_if.egg-info/dependency_links.txt
[0.715s] writing top-level names to map_if.egg-info/top_level.txt
[0.715s] reading manifest file 'map_if.egg-info/SOURCES.txt'
[0.715s] writing manifest file 'map_if.egg-info/SOURCES.txt'
[0.715s] [100%] Built target ament_cmake_python_build_map_if_egg
[0.888s] Invoked command in '/home/darkdemon/work/motor_control/build/map_if' returned '0': CMAKE_PREFIX_PATH=/home/darkdemon/work/motor_control/install/small_arm_moveit_cpp:/home/darkdemon/work/motor_control/install/small_arm_moveit_config:/home/darkdemon/work/motor_control/install/small_arm_description:/home/darkdemon/work/motor_control/install/visual:/home/darkdemon/work/motor_control/install/realsense:/home/darkdemon/work/motor_control/install/python_moveit2:/home/darkdemon/work/motor_control/install/map_tool:/home/darkdemon/work/motor_control/install/lidar_filter:/opt/ros/humble:/home/darkdemon/work/motor_control/install/python_moveit_interface:/home/darkdemon/work/motor_control/install/map_if:/home/darkdemon/work/motor_control/install/dynamixel_workbench:/home/darkdemon/work/motor_control/install/dynamixel_hardware:/home/darkdemon/work/motor_control/install/dynamixel_workbench_toolbox:/home/darkdemon/work/motor_control/install/dynamixel_workbench_msgs /usr/bin/cmake --build /home/darkdemon/work/motor_control/build/map_if -- -j20 -l20
[0.888s] Invoking command in '/home/darkdemon/work/motor_control/build/map_if': CMAKE_PREFIX_PATH=/home/darkdemon/work/motor_control/install/small_arm_moveit_cpp:/home/darkdemon/work/motor_control/install/small_arm_moveit_config:/home/darkdemon/work/motor_control/install/small_arm_description:/home/darkdemon/work/motor_control/install/visual:/home/darkdemon/work/motor_control/install/realsense:/home/darkdemon/work/motor_control/install/python_moveit2:/home/darkdemon/work/motor_control/install/map_tool:/home/darkdemon/work/motor_control/install/lidar_filter:/opt/ros/humble:/home/darkdemon/work/motor_control/install/python_moveit_interface:/home/darkdemon/work/motor_control/install/map_if:/home/darkdemon/work/motor_control/install/dynamixel_workbench:/home/darkdemon/work/motor_control/install/dynamixel_hardware:/home/darkdemon/work/motor_control/install/dynamixel_workbench_toolbox:/home/darkdemon/work/motor_control/install/dynamixel_workbench_msgs /usr/bin/cmake --install /home/darkdemon/work/motor_control/build/map_if
[0.938s] -- Install configuration: ""
[0.938s] -- Up-to-date: /home/darkdemon/work/motor_control/install/map_if/share/ament_index/resource_index/rosidl_interfaces/map_if
[0.938s] -- Up-to-date: /home/darkdemon/work/motor_control/install/map_if/include/map_if/map_if
[0.938s] -- Up-to-date: /home/darkdemon/work/motor_control/install/map_if/include/map_if/map_if/msg
[0.938s] -- Up-to-date: /home/darkdemon/work/motor_control/install/map_if/include/map_if/map_if/msg/rosidl_generator_c__visibility_control.h
[0.939s] -- Up-to-date: /home/darkdemon/work/motor_control/install/map_if/include/map_if/map_if/srv
[0.939s] -- Up-to-date: /home/darkdemon/work/motor_control/install/map_if/include/map_if/map_if/srv/detail
[0.939s] -- Up-to-date: /home/darkdemon/work/motor_control/install/map_if/include/map_if/map_if/srv/detail/command__struct.h
[0.939s] -- Up-to-date: /home/darkdemon/work/motor_control/install/map_if/include/map_if/map_if/srv/detail/command__functions.h
[0.939s] -- Up-to-date: /home/darkdemon/work/motor_control/install/map_if/include/map_if/map_if/srv/detail/command__functions.c
[0.939s] -- Up-to-date: /home/darkdemon/work/motor_control/install/map_if/include/map_if/map_if/srv/detail/command__type_support.h
[0.939s] -- Up-to-date: /home/darkdemon/work/motor_control/install/map_if/include/map_if/map_if/srv/command.h
[0.939s] -- Up-to-date: /home/darkdemon/work/motor_control/install/map_if/share/map_if/environment/library_path.sh
[0.939s] -- Up-to-date: /home/darkdemon/work/motor_control/install/map_if/share/map_if/environment/library_path.dsv
[0.939s] -- Up-to-date: /home/darkdemon/work/motor_control/install/map_if/lib/libmap_if__rosidl_generator_c.so
[0.939s] -- Up-to-date: /home/darkdemon/work/motor_control/install/map_if/include/map_if/map_if
[0.939s] -- Up-to-date: /home/darkdemon/work/motor_control/install/map_if/include/map_if/map_if/msg
[0.940s] -- Up-to-date: /home/darkdemon/work/motor_control/install/map_if/include/map_if/map_if/msg/rosidl_typesupport_fastrtps_c__visibility_control.h
[0.940s] -- Up-to-date: /home/darkdemon/work/motor_control/install/map_if/include/map_if/map_if/srv
[0.940s] -- Up-to-date: /home/darkdemon/work/motor_control/install/map_if/include/map_if/map_if/srv/detail
[0.940s] -- Up-to-date: /home/darkdemon/work/motor_control/install/map_if/include/map_if/map_if/srv/detail/command__rosidl_typesupport_fastrtps_c.h
[0.940s] -- Up-to-date: /home/darkdemon/work/motor_control/install/map_if/lib/libmap_if__rosidl_typesupport_fastrtps_c.so
[0.940s] -- Up-to-date: /home/darkdemon/work/motor_control/install/map_if/include/map_if/map_if
[0.941s] -- Up-to-date: /home/darkdemon/work/motor_control/install/map_if/include/map_if/map_if/msg
[0.941s] -- Up-to-date: /home/darkdemon/work/motor_control/install/map_if/include/map_if/map_if/msg/rosidl_typesupport_introspection_c__visibility_control.h
[0.941s] -- Up-to-date: /home/darkdemon/work/motor_control/install/map_if/include/map_if/map_if/srv
[0.941s] -- Up-to-date: /home/darkdemon/work/motor_control/install/map_if/include/map_if/map_if/srv/detail
[0.941s] -- Up-to-date: /home/darkdemon/work/motor_control/install/map_if/include/map_if/map_if/srv/detail/command__rosidl_typesupport_introspection_c.h
[0.941s] -- Up-to-date: /home/darkdemon/work/motor_control/install/map_if/include/map_if/map_if/srv/detail/command__type_support.c
[0.941s] -- Up-to-date: /home/darkdemon/work/motor_control/install/map_if/lib/libmap_if__rosidl_typesupport_introspection_c.so
[0.941s] -- Up-to-date: /home/darkdemon/work/motor_control/install/map_if/lib/libmap_if__rosidl_typesupport_c.so
[0.941s] -- Up-to-date: /home/darkdemon/work/motor_control/install/map_if/include/map_if/map_if
[0.941s] -- Up-to-date: /home/darkdemon/work/motor_control/install/map_if/include/map_if/map_if/msg
[0.941s] -- Up-to-date: /home/darkdemon/work/motor_control/install/map_if/include/map_if/map_if/msg/rosidl_generator_cpp__visibility_control.hpp
[0.941s] -- Up-to-date: /home/darkdemon/work/motor_control/install/map_if/include/map_if/map_if/srv
[0.941s] -- Up-to-date: /home/darkdemon/work/motor_control/install/map_if/include/map_if/map_if/srv/detail
[0.941s] -- Up-to-date: /home/darkdemon/work/motor_control/install/map_if/include/map_if/map_if/srv/detail/command__type_support.hpp
[0.941s] -- Up-to-date: /home/darkdemon/work/motor_control/install/map_if/include/map_if/map_if/srv/detail/command__struct.hpp
[0.942s] -- Up-to-date: /home/darkdemon/work/motor_control/install/map_if/include/map_if/map_if/srv/detail/command__traits.hpp
[0.942s] -- Up-to-date: /home/darkdemon/work/motor_control/install/map_if/include/map_if/map_if/srv/detail/command__builder.hpp
[0.942s] -- Up-to-date: /home/darkdemon/work/motor_control/install/map_if/include/map_if/map_if/srv/command.hpp
[0.942s] -- Up-to-date: /home/darkdemon/work/motor_control/install/map_if/include/map_if/map_if
[0.942s] -- Up-to-date: /home/darkdemon/work/motor_control/install/map_if/include/map_if/map_if/msg
[0.942s] -- Up-to-date: /home/darkdemon/work/motor_control/install/map_if/include/map_if/map_if/msg/rosidl_typesupport_fastrtps_cpp__visibility_control.h
[0.942s] -- Up-to-date: /home/darkdemon/work/motor_control/install/map_if/include/map_if/map_if/srv
[0.943s] -- Up-to-date: /home/darkdemon/work/motor_control/install/map_if/include/map_if/map_if/srv/detail
[0.943s] -- Up-to-date: /home/darkdemon/work/motor_control/install/map_if/include/map_if/map_if/srv/detail/command__rosidl_typesupport_fastrtps_cpp.hpp
[0.943s] -- Up-to-date: /home/darkdemon/work/motor_control/install/map_if/include/map_if/map_if/srv/detail/dds_fastrtps
[0.943s] -- Up-to-date: /home/darkdemon/work/motor_control/install/map_if/lib/libmap_if__rosidl_typesupport_fastrtps_cpp.so
[0.943s] -- Up-to-date: /home/darkdemon/work/motor_control/install/map_if/include/map_if/map_if
[0.943s] -- Up-to-date: /home/darkdemon/work/motor_control/install/map_if/include/map_if/map_if/srv
[0.943s] -- Up-to-date: /home/darkdemon/work/motor_control/install/map_if/include/map_if/map_if/srv/detail
[0.943s] -- Up-to-date: /home/darkdemon/work/motor_control/install/map_if/include/map_if/map_if/srv/detail/command__type_support.cpp
[0.943s] -- Up-to-date: /home/darkdemon/work/motor_control/install/map_if/include/map_if/map_if/srv/detail/command__rosidl_typesupport_introspection_cpp.hpp
[0.943s] -- Up-to-date: /home/darkdemon/work/motor_control/install/map_if/lib/libmap_if__rosidl_typesupport_introspection_cpp.so
[0.943s] -- Up-to-date: /home/darkdemon/work/motor_control/install/map_if/lib/libmap_if__rosidl_typesupport_cpp.so
[0.943s] -- Up-to-date: /home/darkdemon/work/motor_control/install/map_if/share/map_if/environment/pythonpath.sh
[0.943s] -- Up-to-date: /home/darkdemon/work/motor_control/install/map_if/share/map_if/environment/pythonpath.dsv
[0.943s] -- Up-to-date: /home/darkdemon/work/motor_control/install/map_if/local/lib/python3.10/dist-packages/map_if-0.0.0-py3.10.egg-info
[0.943s] -- Installing: /home/darkdemon/work/motor_control/install/map_if/local/lib/python3.10/dist-packages/map_if-0.0.0-py3.10.egg-info/top_level.txt
[0.943s] -- Installing: /home/darkdemon/work/motor_control/install/map_if/local/lib/python3.10/dist-packages/map_if-0.0.0-py3.10.egg-info/PKG-INFO
[0.943s] -- Installing: /home/darkdemon/work/motor_control/install/map_if/local/lib/python3.10/dist-packages/map_if-0.0.0-py3.10.egg-info/dependency_links.txt
[0.943s] -- Installing: /home/darkdemon/work/motor_control/install/map_if/local/lib/python3.10/dist-packages/map_if-0.0.0-py3.10.egg-info/SOURCES.txt
[0.943s] -- Up-to-date: /home/darkdemon/work/motor_control/install/map_if/local/lib/python3.10/dist-packages/map_if
[0.943s] -- Up-to-date: /home/darkdemon/work/motor_control/install/map_if/local/lib/python3.10/dist-packages/map_if/_map_if_s.ep.rosidl_typesupport_c.c
[0.943s] -- Up-to-date: /home/darkdemon/work/motor_control/install/map_if/local/lib/python3.10/dist-packages/map_if/_map_if_s.ep.rosidl_typesupport_fastrtps_c.c
[0.944s] -- Up-to-date: /home/darkdemon/work/motor_control/install/map_if/local/lib/python3.10/dist-packages/map_if/__init__.py
[0.944s] -- Up-to-date: /home/darkdemon/work/motor_control/install/map_if/local/lib/python3.10/dist-packages/map_if/map_if_s__rosidl_typesupport_introspection_c.cpython-310-x86_64-linux-gnu.so
[0.944s] -- Up-to-date: /home/darkdemon/work/motor_control/install/map_if/local/lib/python3.10/dist-packages/map_if/srv
[0.944s] -- Up-to-date: /home/darkdemon/work/motor_control/install/map_if/local/lib/python3.10/dist-packages/map_if/srv/__init__.py
[0.944s] -- Up-to-date: /home/darkdemon/work/motor_control/install/map_if/local/lib/python3.10/dist-packages/map_if/srv/_command.py
[0.944s] -- Up-to-date: /home/darkdemon/work/motor_control/install/map_if/local/lib/python3.10/dist-packages/map_if/srv/_command_s.c
[0.944s] -- Up-to-date: /home/darkdemon/work/motor_control/install/map_if/local/lib/python3.10/dist-packages/map_if/libmap_if__rosidl_generator_py.so
[0.944s] -- Up-to-date: /home/darkdemon/work/motor_control/install/map_if/local/lib/python3.10/dist-packages/map_if/map_if_s__rosidl_typesupport_fastrtps_c.cpython-310-x86_64-linux-gnu.so
[0.944s] -- Up-to-date: /home/darkdemon/work/motor_control/install/map_if/local/lib/python3.10/dist-packages/map_if/map_if_s__rosidl_typesupport_c.cpython-310-x86_64-linux-gnu.so
[0.944s] -- Up-to-date: /home/darkdemon/work/motor_control/install/map_if/local/lib/python3.10/dist-packages/map_if/_map_if_s.ep.rosidl_typesupport_introspection_c.c
[0.955s] Listing '/home/darkdemon/work/motor_control/install/map_if/local/lib/python3.10/dist-packages/map_if'...
[0.956s] Listing '/home/darkdemon/work/motor_control/install/map_if/local/lib/python3.10/dist-packages/map_if/srv'...
[0.958s] -- Up-to-date: /home/darkdemon/work/motor_control/install/map_if/local/lib/python3.10/dist-packages/map_if/map_if_s__rosidl_typesupport_fastrtps_c.cpython-310-x86_64-linux-gnu.so
[0.958s] -- Up-to-date: /home/darkdemon/work/motor_control/install/map_if/local/lib/python3.10/dist-packages/map_if/map_if_s__rosidl_typesupport_introspection_c.cpython-310-x86_64-linux-gnu.so
[0.958s] -- Up-to-date: /home/darkdemon/work/motor_control/install/map_if/local/lib/python3.10/dist-packages/map_if/map_if_s__rosidl_typesupport_c.cpython-310-x86_64-linux-gnu.so
[0.959s] -- Up-to-date: /home/darkdemon/work/motor_control/install/map_if/lib/libmap_if__rosidl_generator_py.so
[0.959s] -- Up-to-date: /home/darkdemon/work/motor_control/install/map_if/share/map_if/srv/Command.idl
[0.959s] -- Up-to-date: /home/darkdemon/work/motor_control/install/map_if/share/map_if/srv/Command.srv
[0.959s] -- Up-to-date: /home/darkdemon/work/motor_control/install/map_if/share/map_if/srv/Command_Request.msg
[0.959s] -- Up-to-date: /home/darkdemon/work/motor_control/install/map_if/share/map_if/srv/Command_Response.msg
[0.959s] -- Up-to-date: /home/darkdemon/work/motor_control/install/map_if/share/ament_index/resource_index/package_run_dependencies/map_if
[0.959s] -- Up-to-date: /home/darkdemon/work/motor_control/install/map_if/share/ament_index/resource_index/parent_prefix_path/map_if
[0.959s] -- Up-to-date: /home/darkdemon/work/motor_control/install/map_if/share/map_if/environment/ament_prefix_path.sh
[0.959s] -- Up-to-date: /home/darkdemon/work/motor_control/install/map_if/share/map_if/environment/ament_prefix_path.dsv
[0.959s] -- Up-to-date: /home/darkdemon/work/motor_control/install/map_if/share/map_if/environment/path.sh
[0.959s] -- Up-to-date: /home/darkdemon/work/motor_control/install/map_if/share/map_if/environment/path.dsv
[0.959s] -- Up-to-date: /home/darkdemon/work/motor_control/install/map_if/share/map_if/local_setup.bash
[0.959s] -- Up-to-date: /home/darkdemon/work/motor_control/install/map_if/share/map_if/local_setup.sh
[0.959s] -- Up-to-date: /home/darkdemon/work/motor_control/install/map_if/share/map_if/local_setup.zsh
[0.959s] -- Up-to-date: /home/darkdemon/work/motor_control/install/map_if/share/map_if/local_setup.dsv
[0.959s] -- Installing: /home/darkdemon/work/motor_control/install/map_if/share/map_if/package.dsv
[0.959s] -- Up-to-date: /home/darkdemon/work/motor_control/install/map_if/share/ament_index/resource_index/packages/map_if
[0.959s] -- Up-to-date: /home/darkdemon/work/motor_control/install/map_if/share/map_if/cmake/export_map_if__rosidl_generator_cExport.cmake
[0.959s] -- Up-to-date: /home/darkdemon/work/motor_control/install/map_if/share/map_if/cmake/export_map_if__rosidl_generator_cExport-noconfig.cmake
[0.959s] -- Up-to-date: /home/darkdemon/work/motor_control/install/map_if/share/map_if/cmake/export_map_if__rosidl_typesupport_fastrtps_cExport.cmake
[0.959s] -- Up-to-date: /home/darkdemon/work/motor_control/install/map_if/share/map_if/cmake/export_map_if__rosidl_typesupport_fastrtps_cExport-noconfig.cmake
[0.959s] -- Up-to-date: /home/darkdemon/work/motor_control/install/map_if/share/map_if/cmake/map_if__rosidl_typesupport_introspection_cExport.cmake
[0.959s] -- Up-to-date: /home/darkdemon/work/motor_control/install/map_if/share/map_if/cmake/map_if__rosidl_typesupport_introspection_cExport-noconfig.cmake
[0.959s] -- Up-to-date: /home/darkdemon/work/motor_control/install/map_if/share/map_if/cmake/map_if__rosidl_typesupport_cExport.cmake
[0.959s] -- Up-to-date: /home/darkdemon/work/motor_control/install/map_if/share/map_if/cmake/map_if__rosidl_typesupport_cExport-noconfig.cmake
[0.959s] -- Up-to-date: /home/darkdemon/work/motor_control/install/map_if/share/map_if/cmake/export_map_if__rosidl_generator_cppExport.cmake
[0.959s] -- Up-to-date: /home/darkdemon/work/motor_control/install/map_if/share/map_if/cmake/export_map_if__rosidl_typesupport_fastrtps_cppExport.cmake
[0.959s] -- Up-to-date: /home/darkdemon/work/motor_control/install/map_if/share/map_if/cmake/export_map_if__rosidl_typesupport_fastrtps_cppExport-noconfig.cmake
[0.959s] -- Up-to-date: /home/darkdemon/work/motor_control/install/map_if/share/map_if/cmake/map_if__rosidl_typesupport_introspection_cppExport.cmake
[0.959s] -- Up-to-date: /home/darkdemon/work/motor_control/install/map_if/share/map_if/cmake/map_if__rosidl_typesupport_introspection_cppExport-noconfig.cmake
[0.959s] -- Up-to-date: /home/darkdemon/work/motor_control/install/map_if/share/map_if/cmake/map_if__rosidl_typesupport_cppExport.cmake
[0.959s] -- Up-to-date: /home/darkdemon/work/motor_control/install/map_if/share/map_if/cmake/map_if__rosidl_typesupport_cppExport-noconfig.cmake
[0.959s] -- Up-to-date: /home/darkdemon/work/motor_control/install/map_if/share/map_if/cmake/export_map_if__rosidl_generator_pyExport.cmake
[0.960s] -- Up-to-date: /home/darkdemon/work/motor_control/install/map_if/share/map_if/cmake/export_map_if__rosidl_generator_pyExport-noconfig.cmake
[0.960s] -- Up-to-date: /home/darkdemon/work/motor_control/install/map_if/share/map_if/cmake/rosidl_cmake-extras.cmake
[0.960s] -- Up-to-date: /home/darkdemon/work/motor_control/install/map_if/share/map_if/cmake/ament_cmake_export_include_directories-extras.cmake
[0.960s] -- Up-to-date: /home/darkdemon/work/motor_control/install/map_if/share/map_if/cmake/ament_cmake_export_libraries-extras.cmake
[0.961s] -- Up-to-date: /home/darkdemon/work/motor_control/install/map_if/share/map_if/cmake/ament_cmake_export_targets-extras.cmake
[0.961s] -- Up-to-date: /home/darkdemon/work/motor_control/install/map_if/share/map_if/cmake/rosidl_cmake_export_typesupport_targets-extras.cmake
[0.961s] -- Up-to-date: /home/darkdemon/work/motor_control/install/map_if/share/map_if/cmake/ament_cmake_export_dependencies-extras.cmake
[0.961s] -- Up-to-date: /home/darkdemon/work/motor_control/install/map_if/share/map_if/cmake/rosidl_cmake_export_typesupport_libraries-extras.cmake
[0.961s] -- Up-to-date: /home/darkdemon/work/motor_control/install/map_if/share/map_if/cmake/map_ifConfig.cmake
[0.961s] -- Up-to-date: /home/darkdemon/work/motor_control/install/map_if/share/map_if/cmake/map_ifConfig-version.cmake
[0.961s] -- Up-to-date: /home/darkdemon/work/motor_control/install/map_if/share/map_if/package.xml
[1.002s] Invoked command in '/home/darkdemon/work/motor_control/build/map_if' returned '0': CMAKE_PREFIX_PATH=/home/darkdemon/work/motor_control/install/small_arm_moveit_cpp:/home/darkdemon/work/motor_control/install/small_arm_moveit_config:/home/darkdemon/work/motor_control/install/small_arm_description:/home/darkdemon/work/motor_control/install/visual:/home/darkdemon/work/motor_control/install/realsense:/home/darkdemon/work/motor_control/install/python_moveit2:/home/darkdemon/work/motor_control/install/map_tool:/home/darkdemon/work/motor_control/install/lidar_filter:/opt/ros/humble:/home/darkdemon/work/motor_control/install/python_moveit_interface:/home/darkdemon/work/motor_control/install/map_if:/home/darkdemon/work/motor_control/install/dynamixel_workbench:/home/darkdemon/work/motor_control/install/dynamixel_hardware:/home/darkdemon/work/motor_control/install/dynamixel_workbench_toolbox:/home/darkdemon/work/motor_control/install/dynamixel_workbench_msgs /usr/bin/cmake --install /home/darkdemon/work/motor_control/build/map_if
