[0.214s] Invoking command in '/home/darkdemon/work/motor_control/build/small_arm_moveit_cpp': CMAKE_PREFIX_PATH=${CMAKE_PREFIX_PATH}:/home/darkdemon/work/motor_control/install/python_moveit2:/opt/ros/humble /usr/bin/cmake --build /home/darkdemon/work/motor_control/build/small_arm_moveit_cpp -- -j20 -l20
[0.280s] [ 10%] Built target cartesian_path
[0.280s] [ 25%] Built target gripper_open
[0.280s] [ 25%] [32mBuilding CXX object CMakeFiles/ee_pose_in_base.dir/src/ee_pose_in_base.cpp.o[0m
[0.281s] [ 45%] Built target pliz_move
[0.282s] [ 45%] Built target joint_goal
[0.282s] [ 55%] Built target named_goal
[0.284s] [ 80%] [32mBuilding CXX object CMakeFiles/pose_goal.dir/src/pose_goal.cpp.o[0m
[0.284s] [ 80%] Built target tool_move
[0.284s] [ 80%] Built target gripper_joint_value
[0.287s] [ 90%] Built target eye_hand_pose
[5.969s] [ 95%] [32m[1mLinking CXX executable pose_goal[0m
[6.195s] [ 95%] Built target pose_goal
[6.750s] [100%] [32m[1mLinking CXX executable ee_pose_in_base[0m
[7.348s] [100%] Built target ee_pose_in_base
[7.360s] Invoked command in '/home/darkdemon/work/motor_control/build/small_arm_moveit_cpp' returned '0': CMAKE_PREFIX_PATH=${CMAKE_PREFIX_PATH}:/home/darkdemon/work/motor_control/install/python_moveit2:/opt/ros/humble /usr/bin/cmake --build /home/darkdemon/work/motor_control/build/small_arm_moveit_cpp -- -j20 -l20
[7.361s] Invoking command in '/home/darkdemon/work/motor_control/build/small_arm_moveit_cpp': CMAKE_PREFIX_PATH=${CMAKE_PREFIX_PATH}:/home/darkdemon/work/motor_control/install/python_moveit2:/opt/ros/humble /usr/bin/cmake --install /home/darkdemon/work/motor_control/build/small_arm_moveit_cpp
[7.369s] -- Install configuration: ""
[7.369s] -- Execute custom install script
[7.369s] -- Up-to-date symlink: /home/darkdemon/work/motor_control/install/small_arm_moveit_cpp/lib/small_arm_moveit_cpp/eye_hand_pose
[7.369s] -- Up-to-date symlink: /home/darkdemon/work/motor_control/install/small_arm_moveit_cpp/lib/small_arm_moveit_cpp/ee_pose_in_base
[7.369s] -- Up-to-date symlink: /home/darkdemon/work/motor_control/install/small_arm_moveit_cpp/lib/small_arm_moveit_cpp/pose_goal
[7.369s] -- Up-to-date symlink: /home/darkdemon/work/motor_control/install/small_arm_moveit_cpp/lib/small_arm_moveit_cpp/joint_goal
[7.369s] -- Up-to-date symlink: /home/darkdemon/work/motor_control/install/small_arm_moveit_cpp/lib/small_arm_moveit_cpp/cartesian_path
[7.370s] -- Up-to-date symlink: /home/darkdemon/work/motor_control/install/small_arm_moveit_cpp/lib/small_arm_moveit_cpp/named_goal
[7.370s] -- Up-to-date symlink: /home/darkdemon/work/motor_control/install/small_arm_moveit_cpp/lib/small_arm_moveit_cpp/gripper_open
[7.370s] -- Up-to-date symlink: /home/darkdemon/work/motor_control/install/small_arm_moveit_cpp/lib/small_arm_moveit_cpp/gripper_joint_value
[7.370s] -- Up-to-date symlink: /home/darkdemon/work/motor_control/install/small_arm_moveit_cpp/lib/small_arm_moveit_cpp/pliz_move
[7.370s] -- Up-to-date symlink: /home/darkdemon/work/motor_control/install/small_arm_moveit_cpp/lib/small_arm_moveit_cpp/tool_move
[7.370s] -- Up-to-date symlink: /home/darkdemon/work/motor_control/install/small_arm_moveit_cpp/share/small_arm_moveit_cpp/launch/motion_planning.launch.py
[7.370s] -- Up-to-date symlink: /home/darkdemon/work/motor_control/install/small_arm_moveit_cpp/share/small_arm_moveit_cpp/config/moveit_cpp.yaml
[7.370s] -- Up-to-date symlink: /home/darkdemon/work/motor_control/install/small_arm_moveit_cpp/share/ament_index/resource_index/package_run_dependencies/small_arm_moveit_cpp
[7.371s] -- Up-to-date symlink: /home/darkdemon/work/motor_control/install/small_arm_moveit_cpp/share/ament_index/resource_index/parent_prefix_path/small_arm_moveit_cpp
[7.371s] -- Up-to-date symlink: /home/darkdemon/work/motor_control/install/small_arm_moveit_cpp/share/small_arm_moveit_cpp/environment/ament_prefix_path.sh
[7.371s] -- Up-to-date symlink: /home/darkdemon/work/motor_control/install/small_arm_moveit_cpp/share/small_arm_moveit_cpp/environment/ament_prefix_path.dsv
[7.371s] -- Up-to-date symlink: /home/darkdemon/work/motor_control/install/small_arm_moveit_cpp/share/small_arm_moveit_cpp/environment/path.sh
[7.371s] -- Up-to-date symlink: /home/darkdemon/work/motor_control/install/small_arm_moveit_cpp/share/small_arm_moveit_cpp/environment/path.dsv
[7.371s] -- Up-to-date symlink: /home/darkdemon/work/motor_control/install/small_arm_moveit_cpp/share/small_arm_moveit_cpp/local_setup.bash
[7.371s] -- Up-to-date symlink: /home/darkdemon/work/motor_control/install/small_arm_moveit_cpp/share/small_arm_moveit_cpp/local_setup.sh
[7.371s] -- Up-to-date symlink: /home/darkdemon/work/motor_control/install/small_arm_moveit_cpp/share/small_arm_moveit_cpp/local_setup.zsh
[7.371s] -- Up-to-date symlink: /home/darkdemon/work/motor_control/install/small_arm_moveit_cpp/share/small_arm_moveit_cpp/local_setup.dsv
[7.371s] -- Symlinking: /home/darkdemon/work/motor_control/install/small_arm_moveit_cpp/share/small_arm_moveit_cpp/package.dsv
[7.378s] -- Up-to-date symlink: /home/darkdemon/work/motor_control/install/small_arm_moveit_cpp/share/ament_index/resource_index/packages/small_arm_moveit_cpp
[7.378s] -- Up-to-date symlink: /home/darkdemon/work/motor_control/install/small_arm_moveit_cpp/share/small_arm_moveit_cpp/cmake/small_arm_moveit_cppConfig.cmake
[7.378s] -- Up-to-date symlink: /home/darkdemon/work/motor_control/install/small_arm_moveit_cpp/share/small_arm_moveit_cpp/cmake/small_arm_moveit_cppConfig-version.cmake
[7.378s] -- Up-to-date symlink: /home/darkdemon/work/motor_control/install/small_arm_moveit_cpp/share/small_arm_moveit_cpp/package.xml
[7.379s] Invoked command in '/home/darkdemon/work/motor_control/build/small_arm_moveit_cpp' returned '0': CMAKE_PREFIX_PATH=${CMAKE_PREFIX_PATH}:/home/darkdemon/work/motor_control/install/python_moveit2:/opt/ros/humble /usr/bin/cmake --install /home/darkdemon/work/motor_control/build/small_arm_moveit_cpp
