[0.014s] Invoking command in '/home/darkdemon/work/motor_control/build/dynamixel_workbench': AMENT_PREFIX_PATH=/home/darkdemon/work/motor_control/install/dynamixel_workbench_toolbox:${AMENT_PREFIX_PATH} CMAKE_PREFIX_PATH=/home/darkdemon/work/motor_control/install/dynamixel_workbench_toolbox:/opt/ros/humble LD_LIBRARY_PATH=/home/darkdemon/work/motor_control/install/dynamixel_workbench_toolbox/lib:${LD_LIBRARY_PATH} /usr/bin/cmake --build /home/darkdemon/work/motor_control/build/dynamixel_workbench -- -j20 -l20
[0.035s] -- Found ament_cmake: 1.3.11 (/opt/ros/humble/share/ament_cmake/cmake)
[0.149s] -- Override CMake install command with custom implementation using symlinks instead of copying resources
[0.334s] -- Configuring done
[0.337s] -- Generating done
[0.338s] -- Build files have been written to: /home/darkdemon/work/motor_control/build/dynamixel_workbench
[0.356s] Invoked command in '/home/darkdemon/work/motor_control/build/dynamixel_workbench' returned '0': AMENT_PREFIX_PATH=/home/darkdemon/work/motor_control/install/dynamixel_workbench_toolbox:${AMENT_PREFIX_PATH} CMAKE_PREFIX_PATH=/home/darkdemon/work/motor_control/install/dynamixel_workbench_toolbox:/opt/ros/humble LD_LIBRARY_PATH=/home/darkdemon/work/motor_control/install/dynamixel_workbench_toolbox/lib:${LD_LIBRARY_PATH} /usr/bin/cmake --build /home/darkdemon/work/motor_control/build/dynamixel_workbench -- -j20 -l20
[0.357s] Invoking command in '/home/darkdemon/work/motor_control/build/dynamixel_workbench': AMENT_PREFIX_PATH=/home/darkdemon/work/motor_control/install/dynamixel_workbench_toolbox:${AMENT_PREFIX_PATH} CMAKE_PREFIX_PATH=/home/darkdemon/work/motor_control/install/dynamixel_workbench_toolbox:/opt/ros/humble LD_LIBRARY_PATH=/home/darkdemon/work/motor_control/install/dynamixel_workbench_toolbox/lib:${LD_LIBRARY_PATH} /usr/bin/cmake --install /home/darkdemon/work/motor_control/build/dynamixel_workbench
[0.364s] -- Install configuration: ""
[0.364s] -- Execute custom install script
[0.365s] -- Up-to-date symlink: /home/darkdemon/work/motor_control/install/dynamixel_workbench/share/ament_index/resource_index/package_run_dependencies/dynamixel_workbench
[0.365s] -- Up-to-date symlink: /home/darkdemon/work/motor_control/install/dynamixel_workbench/share/ament_index/resource_index/parent_prefix_path/dynamixel_workbench
[0.365s] -- Up-to-date symlink: /home/darkdemon/work/motor_control/install/dynamixel_workbench/share/dynamixel_workbench/environment/ament_prefix_path.sh
[0.365s] -- Up-to-date symlink: /home/darkdemon/work/motor_control/install/dynamixel_workbench/share/dynamixel_workbench/environment/ament_prefix_path.dsv
[0.365s] -- Up-to-date symlink: /home/darkdemon/work/motor_control/install/dynamixel_workbench/share/dynamixel_workbench/environment/path.sh
[0.365s] -- Up-to-date symlink: /home/darkdemon/work/motor_control/install/dynamixel_workbench/share/dynamixel_workbench/environment/path.dsv
[0.365s] -- Up-to-date symlink: /home/darkdemon/work/motor_control/install/dynamixel_workbench/share/dynamixel_workbench/local_setup.bash
[0.365s] -- Up-to-date symlink: /home/darkdemon/work/motor_control/install/dynamixel_workbench/share/dynamixel_workbench/local_setup.sh
[0.365s] -- Up-to-date symlink: /home/darkdemon/work/motor_control/install/dynamixel_workbench/share/dynamixel_workbench/local_setup.zsh
[0.365s] -- Up-to-date symlink: /home/darkdemon/work/motor_control/install/dynamixel_workbench/share/dynamixel_workbench/local_setup.dsv
[0.366s] -- Symlinking: /home/darkdemon/work/motor_control/install/dynamixel_workbench/share/dynamixel_workbench/package.dsv
[0.374s] -- Up-to-date symlink: /home/darkdemon/work/motor_control/install/dynamixel_workbench/share/ament_index/resource_index/packages/dynamixel_workbench
[0.374s] -- Up-to-date symlink: /home/darkdemon/work/motor_control/install/dynamixel_workbench/share/dynamixel_workbench/cmake/dynamixel_workbenchConfig.cmake
[0.374s] -- Up-to-date symlink: /home/darkdemon/work/motor_control/install/dynamixel_workbench/share/dynamixel_workbench/cmake/dynamixel_workbenchConfig-version.cmake
[0.374s] -- Up-to-date symlink: /home/darkdemon/work/motor_control/install/dynamixel_workbench/share/dynamixel_workbench/package.xml
[0.376s] Invoked command in '/home/darkdemon/work/motor_control/build/dynamixel_workbench' returned '0': AMENT_PREFIX_PATH=/home/darkdemon/work/motor_control/install/dynamixel_workbench_toolbox:${AMENT_PREFIX_PATH} CMAKE_PREFIX_PATH=/home/darkdemon/work/motor_control/install/dynamixel_workbench_toolbox:/opt/ros/humble LD_LIBRARY_PATH=/home/darkdemon/work/motor_control/install/dynamixel_workbench_toolbox/lib:${LD_LIBRARY_PATH} /usr/bin/cmake --install /home/darkdemon/work/motor_control/build/dynamixel_workbench
