[2.240s] Invoking command in '/home/darkdemon/work/motor_control/src/RobotSot/src/lidar_filter': PYTHONPATH=/home/darkdemon/work/motor_control/build/lidar_filter/prefix_override:/usr/lib/python3/dist-packages/colcon_core/task/python/colcon_distutils_commands:/home/darkdemon/work/motor_control/install/lidar_filter/lib/python3.10/site-packages:${PYTHONPATH} /usr/bin/python3 -W ignore:setup.py install is deprecated -W ignore:easy_install command is deprecated setup.py egg_info --egg-base ../../../../build/lidar_filter build --build-base /home/darkdemon/work/motor_control/build/lidar_filter/build install --record /home/darkdemon/work/motor_control/build/lidar_filter/install.log --single-version-externally-managed install_data
[2.496s] running egg_info
[2.498s] writing ../../../../build/lidar_filter/lidar_filter.egg-info/PKG-INFO
[2.498s] writing dependency_links to ../../../../build/lidar_filter/lidar_filter.egg-info/dependency_links.txt
[2.498s] writing entry points to ../../../../build/lidar_filter/lidar_filter.egg-info/entry_points.txt
[2.499s] writing requirements to ../../../../build/lidar_filter/lidar_filter.egg-info/requires.txt
[2.499s] writing top-level names to ../../../../build/lidar_filter/lidar_filter.egg-info/top_level.txt
[2.501s] reading manifest file '../../../../build/lidar_filter/lidar_filter.egg-info/SOURCES.txt'
[2.506s] writing manifest file '../../../../build/lidar_filter/lidar_filter.egg-info/SOURCES.txt'
[2.506s] running build
[2.506s] running build_py
[2.506s] running install
[2.506s] running install_lib
[2.508s] running install_data
[2.508s] running install_egg_info
[2.511s] removing '/home/darkdemon/work/motor_control/install/lidar_filter/lib/python3.10/site-packages/lidar_filter-0.0.0-py3.10.egg-info' (and everything under it)
[2.511s] Copying ../../../../build/lidar_filter/lidar_filter.egg-info to /home/darkdemon/work/motor_control/install/lidar_filter/lib/python3.10/site-packages/lidar_filter-0.0.0-py3.10.egg-info
[2.512s] running install_scripts
[2.537s] Installing filter script to /home/darkdemon/work/motor_control/install/lidar_filter/lib/lidar_filter
[2.538s] writing list of installed files to '/home/darkdemon/work/motor_control/build/lidar_filter/install.log'
[2.576s] Invoked command in '/home/darkdemon/work/motor_control/src/RobotSot/src/lidar_filter' returned '0': PYTHONPATH=/home/darkdemon/work/motor_control/build/lidar_filter/prefix_override:/usr/lib/python3/dist-packages/colcon_core/task/python/colcon_distutils_commands:/home/darkdemon/work/motor_control/install/lidar_filter/lib/python3.10/site-packages:${PYTHONPATH} /usr/bin/python3 -W ignore:setup.py install is deprecated -W ignore:easy_install command is deprecated setup.py egg_info --egg-base ../../../../build/lidar_filter build --build-base /home/darkdemon/work/motor_control/build/lidar_filter/build install --record /home/darkdemon/work/motor_control/build/lidar_filter/install.log --single-version-externally-managed install_data
