[  9%] Built target map_if__rosidl_generator_c
[ 12%] Built target map_if__cpp
[ 12%] Built target ament_cmake_python_copy_map_if
[ 25%] Built target map_if__rosidl_typesupport_introspection_c
[ 32%] Built target map_if__rosidl_typesupport_introspection_cpp
[ 41%] Built target map_if__rosidl_typesupport_fastrtps_cpp
[ 51%] Built target map_if__rosidl_typesupport_fastrtps_c
[ 61%] Built target map_if__rosidl_typesupport_cpp
[ 70%] Built target map_if__rosidl_typesupport_c
[ 70%] Built target map_if
[ 74%] Built target map_if__py
[ 80%] Built target map_if__rosidl_generator_py
[ 93%] Built target map_if__rosidl_typesupport_fastrtps_c__pyext
[ 93%] Built target map_if__rosidl_typesupport_introspection_c__pyext
[100%] Built target map_if__rosidl_typesupport_c__pyext
running egg_info
writing map_if.egg-info/PKG-INFO
writing dependency_links to map_if.egg-info/dependency_links.txt
writing top-level names to map_if.egg-info/top_level.txt
reading manifest file 'map_if.egg-info/SOURCES.txt'
writing manifest file 'map_if.egg-info/SOURCES.txt'
[100%] Built target ament_cmake_python_build_map_if_egg
