[01m[K/home/darkdemon/work/motor_control/src/tb4_arm_ros2/small_arm_moveit_cpp/src/cartesian_path.cpp:14:23:[m[K [01;31m[Kerror: [m[K‘[01m[Kmy_robot_interfaces[m[K’ does not name a type
   14 | using CartesianPath = [01;31m[Kmy_robot_interfaces[m[K::srv::CartesianPath;
      |                       [01;31m[K^~~~~~~~~~~~~~~~~~~[m[K
[01m[K/home/darkdemon/work/motor_control/src/tb4_arm_ros2/small_arm_moveit_cpp/src/cartesian_path.cpp:64:27:[m[K [01;31m[Kerror: [m[K‘[01m[KCartesianPath[m[K’ was not declared in this scope; did you mean ‘[01m[KCartesianPathServer[m[K’?
   64 |     const std::shared_ptr<[01;31m[KCartesianPath[m[K::Request> /*request*/,
      |                           [01;31m[K^~~~~~~~~~~~~[m[K
      |                           [32m[KCartesianPathServer[m[K
[01m[K/home/darkdemon/work/motor_control/src/tb4_arm_ros2/small_arm_moveit_cpp/src/cartesian_path.cpp:64:49:[m[K [01;31m[Kerror: [m[Ktemplate argument 1 is invalid
   64 |     const std::shared_ptr<CartesianPath::Request[01;31m[K>[m[K /*request*/,
      |                                                 [01;31m[K^[m[K
[01m[K/home/darkdemon/work/motor_control/src/tb4_arm_ros2/small_arm_moveit_cpp/src/cartesian_path.cpp:64:27:[m[K [01;31m[Kerror: [m[K‘[01m[KCartesianPath[m[K’ was not declared in this scope; did you mean ‘[01m[KCartesianPathServer[m[K’?
   64 |     const std::shared_ptr<[01;31m[KCartesianPath[m[K::Request> /*request*/,
      |                           [01;31m[K^~~~~~~~~~~~~[m[K
      |                           [32m[KCartesianPathServer[m[K
[01m[K/home/darkdemon/work/motor_control/src/tb4_arm_ros2/small_arm_moveit_cpp/src/cartesian_path.cpp:64:49:[m[K [01;31m[Kerror: [m[Ktemplate argument 1 is invalid
   64 |     const std::shared_ptr<CartesianPath::Request[01;31m[K>[m[K /*request*/,
      |                                                 [01;31m[K^[m[K
[01m[K/home/darkdemon/work/motor_control/src/tb4_arm_ros2/small_arm_moveit_cpp/src/cartesian_path.cpp:64:27:[m[K [01;31m[Kerror: [m[K‘[01m[KCartesianPath[m[K’ was not declared in this scope; did you mean ‘[01m[KCartesianPathServer[m[K’?
   64 |     const std::shared_ptr<[01;31m[KCartesianPath[m[K::Request> /*request*/,
      |                           [01;31m[K^~~~~~~~~~~~~[m[K
      |                           [32m[KCartesianPathServer[m[K
[01m[K/home/darkdemon/work/motor_control/src/tb4_arm_ros2/small_arm_moveit_cpp/src/cartesian_path.cpp:64:49:[m[K [01;31m[Kerror: [m[Ktemplate argument 1 is invalid
   64 |     const std::shared_ptr<CartesianPath::Request[01;31m[K>[m[K /*request*/,
      |                                                 [01;31m[K^[m[K
[01m[K/home/darkdemon/work/motor_control/src/tb4_arm_ros2/small_arm_moveit_cpp/src/cartesian_path.cpp:64:11:[m[K [01;31m[Kerror: [m[Kinvalid template-id
   64 |     const [01;31m[Kstd[m[K::shared_ptr<CartesianPath::Request> /*request*/,
      |           [01;31m[K^~~[m[K
[01m[K/home/darkdemon/work/motor_control/src/tb4_arm_ros2/small_arm_moveit_cpp/src/cartesian_path.cpp:64:27:[m[K [01;31m[Kerror: [m[K‘[01m[KCartesianPath[m[K’ has not been declared
   64 |     const std::shared_ptr<[01;31m[KCartesianPath[m[K::Request> /*request*/,
      |                           [01;31m[K^~~~~~~~~~~~~[m[K
[01m[K/home/darkdemon/work/motor_control/src/tb4_arm_ros2/small_arm_moveit_cpp/src/cartesian_path.cpp:64:5:[m[K [01;31m[Kerror: [m[Kclass template placeholder ‘[01m[Kstd::shared_ptr[m[K’ not permitted in this context
   64 |     [01;31m[Kconst[m[K std::shared_ptr<CartesianPath::Request> /*request*/,
      |     [01;31m[K^~~~~[m[K
[01m[K/home/darkdemon/work/motor_control/src/tb4_arm_ros2/small_arm_moveit_cpp/src/cartesian_path.cpp:65:21:[m[K [01;31m[Kerror: [m[K‘[01m[KCartesianPath[m[K’ was not declared in this scope; did you mean ‘[01m[KCartesianPathServer[m[K’?
   65 |     std::shared_ptr<[01;31m[KCartesianPath[m[K::Response> response)
      |                     [01;31m[K^~~~~~~~~~~~~[m[K
      |                     [32m[KCartesianPathServer[m[K
[01m[K/home/darkdemon/work/motor_control/src/tb4_arm_ros2/small_arm_moveit_cpp/src/cartesian_path.cpp:65:44:[m[K [01;31m[Kerror: [m[Ktemplate argument 1 is invalid
   65 |     std::shared_ptr<CartesianPath::Response[01;31m[K>[m[K response)
      |                                            [01;31m[K^[m[K
[01m[K/home/darkdemon/work/motor_control/src/tb4_arm_ros2/small_arm_moveit_cpp/src/cartesian_path.cpp:65:21:[m[K [01;31m[Kerror: [m[K‘[01m[KCartesianPath[m[K’ was not declared in this scope; did you mean ‘[01m[KCartesianPathServer[m[K’?
   65 |     std::shared_ptr<[01;31m[KCartesianPath[m[K::Response> response)
      |                     [01;31m[K^~~~~~~~~~~~~[m[K
      |                     [32m[KCartesianPathServer[m[K
[01m[K/home/darkdemon/work/motor_control/src/tb4_arm_ros2/small_arm_moveit_cpp/src/cartesian_path.cpp:65:44:[m[K [01;31m[Kerror: [m[Ktemplate argument 1 is invalid
   65 |     std::shared_ptr<CartesianPath::Response[01;31m[K>[m[K response)
      |                                            [01;31m[K^[m[K
[01m[K/home/darkdemon/work/motor_control/src/tb4_arm_ros2/small_arm_moveit_cpp/src/cartesian_path.cpp:65:21:[m[K [01;31m[Kerror: [m[K‘[01m[KCartesianPath[m[K’ was not declared in this scope; did you mean ‘[01m[KCartesianPathServer[m[K’?
   65 |     std::shared_ptr<[01;31m[KCartesianPath[m[K::Response> response)
      |                     [01;31m[K^~~~~~~~~~~~~[m[K
      |                     [32m[KCartesianPathServer[m[K
[01m[K/home/darkdemon/work/motor_control/src/tb4_arm_ros2/small_arm_moveit_cpp/src/cartesian_path.cpp:65:44:[m[K [01;31m[Kerror: [m[Ktemplate argument 1 is invalid
   65 |     std::shared_ptr<CartesianPath::Response[01;31m[K>[m[K response)
      |                                            [01;31m[K^[m[K
[01m[K/home/darkdemon/work/motor_control/src/tb4_arm_ros2/small_arm_moveit_cpp/src/cartesian_path.cpp:65:5:[m[K [01;31m[Kerror: [m[Kinvalid template-id
   65 |     [01;31m[Kstd[m[K::shared_ptr<CartesianPath::Response> response)
      |     [01;31m[K^~~[m[K
[01m[K/home/darkdemon/work/motor_control/src/tb4_arm_ros2/small_arm_moveit_cpp/src/cartesian_path.cpp:65:21:[m[K [01;31m[Kerror: [m[K‘[01m[KCartesianPath[m[K’ has not been declared
   65 |     std::shared_ptr<[01;31m[KCartesianPath[m[K::Response> response)
      |                     [01;31m[K^~~~~~~~~~~~~[m[K
[01m[K/home/darkdemon/work/motor_control/src/tb4_arm_ros2/small_arm_moveit_cpp/src/cartesian_path.cpp:65:5:[m[K [01;31m[Kerror: [m[Kclass template placeholder ‘[01m[Kstd::shared_ptr[m[K’ not permitted in this context
   65 |     [01;31m[Kstd[m[K::shared_ptr<CartesianPath::Response> response)
      |     [01;31m[K^~~[m[K
[01m[K/home/darkdemon/work/motor_control/src/tb4_arm_ros2/small_arm_moveit_cpp/src/cartesian_path.cpp:101:19:[m[K [01;31m[Kerror: [m[K‘[01m[KCartesianPath[m[K’ was not declared in this scope; did you mean ‘[01m[KCartesianPathServer[m[K’?
  101 |   rclcpp::Service<[01;31m[KCartesianPath[m[K>::SharedPtr service_;
      |                   [01;31m[K^~~~~~~~~~~~~[m[K
      |                   [32m[KCartesianPathServer[m[K
[01m[K/home/darkdemon/work/motor_control/src/tb4_arm_ros2/small_arm_moveit_cpp/src/cartesian_path.cpp:101:32:[m[K [01;31m[Kerror: [m[Ktemplate argument 1 is invalid
  101 |   rclcpp::Service<CartesianPath[01;31m[K>[m[K::SharedPtr service_;
      |                                [01;31m[K^[m[K
[01m[K/home/darkdemon/work/motor_control/src/tb4_arm_ros2/small_arm_moveit_cpp/src/cartesian_path.cpp:101:35:[m[K [01;31m[Kerror: [m[Kexpected ‘[01m[K;[m[K’ at end of member declaration
  101 |   rclcpp::Service<CartesianPath>::[01;31m[KSharedPtr[m[K service_;
      |                                   [01;31m[K^~~~~~~~~[m[K
      |                                            [32m[K;[m[K
[01m[K/home/darkdemon/work/motor_control/src/tb4_arm_ros2/small_arm_moveit_cpp/src/cartesian_path.cpp:101:45:[m[K [01;31m[Kerror: [m[K‘[01m[Kservice_[m[K’ does not name a type
  101 |   rclcpp::Service<CartesianPath>::SharedPtr [01;31m[Kservice_[m[K;
      |                                             [01;31m[K^~~~~~~~[m[K
[01m[K/home/darkdemon/work/motor_control/src/tb4_arm_ros2/small_arm_moveit_cpp/src/cartesian_path.cpp:[m[K In constructor ‘[01m[KCartesianPathServer::CartesianPathServer()[m[K’:
[01m[K/home/darkdemon/work/motor_control/src/tb4_arm_ros2/small_arm_moveit_cpp/src/cartesian_path.cpp:25:5:[m[K [01;31m[Kerror: [m[K‘[01m[Kservice_[m[K’ was not declared in this scope
   25 |     [01;31m[Kservice_[m[K = this->create_service<CartesianPath>(
      |     [01;31m[K^~~~~~~~[m[K
[01m[K/home/darkdemon/work/motor_control/src/tb4_arm_ros2/small_arm_moveit_cpp/src/cartesian_path.cpp:25:37:[m[K [01;31m[Kerror: [m[K‘[01m[KCartesianPath[m[K’ was not declared in this scope; did you mean ‘[01m[KCartesianPathServer[m[K’?
   25 |     service_ = this->create_service<[01;31m[KCartesianPath[m[K>(
      |                                     [01;31m[K^~~~~~~~~~~~~[m[K
      |                                     [32m[KCartesianPathServer[m[K
[01m[K/home/darkdemon/work/motor_control/src/tb4_arm_ros2/small_arm_moveit_cpp/src/cartesian_path.cpp:25:51:[m[K [01;31m[Kerror: [m[Kno matching function for call to ‘[01m[KCartesianPathServer::create_service<<expression error> >(const char [23], std::_Bind_helper<false, void (CartesianPathServer::*)(...), CartesianPathServer*, const std::_Placeholder<1>&, const std::_Placeholder<2>&>::type)[m[K’
   25 |     service_ = [01;31m[Kthis->create_service<CartesianPath>([m[K
      |                [01;31m[K~~~~~~~~~~~~~~~~~~~~~~~~~~~~~~~~~~~^[m[K
   26 | [01;31m[K      "compute_cartesian_path",[m[K
      |       [01;31m[K~~~~~~~~~~~~~~~~~~~~~~~~~[m[K                    
   27 | [01;31m[K      std::bind(&CartesianPathServer::handle_service, this, _1, _2))[m[K;
      |       [01;31m[K~~~~~~~~~~~~~~~~~~~~~~~~~~~~~~~~~~~~~~~~~~~~~~~~~~~~~~~~~~~~~~[m[K
In file included from [01m[K/opt/ros/humble/include/rclcpp/rclcpp/executors/single_threaded_executor.hpp:28[m[K,
                 from [01m[K/opt/ros/humble/include/rclcpp/rclcpp/executors.hpp:22[m[K,
                 from [01m[K/opt/ros/humble/include/rclcpp/rclcpp/rclcpp.hpp:155[m[K,
                 from [01m[K/home/darkdemon/work/motor_control/src/tb4_arm_ros2/small_arm_moveit_cpp/src/cartesian_path.cpp:5[m[K:
[01m[K/opt/ros/humble/include/rclcpp/rclcpp/node.hpp:267:3:[m[K [01;36m[Knote: [m[Kcandidate: ‘[01m[Ktemplate<class ServiceT, class CallbackT> typename rclcpp::Service<ServiceT>::SharedPtr rclcpp::Node::create_service(const string&, CallbackT&&, const rmw_qos_profile_t&, rclcpp::CallbackGroup::SharedPtr)[m[K’
  267 |   [01;36m[Kcreate_service[m[K(
      |   [01;36m[K^~~~~~~~~~~~~~[m[K
[01m[K/opt/ros/humble/include/rclcpp/rclcpp/node.hpp:267:3:[m[K [01;36m[Knote: [m[K  template argument deduction/substitution failed:
[01m[K/home/darkdemon/work/motor_control/src/tb4_arm_ros2/small_arm_moveit_cpp/src/cartesian_path.cpp:25:51:[m[K [01;31m[Kerror: [m[Ktemplate argument 1 is invalid
   25 |     service_ = [01;31m[Kthis->create_service<CartesianPath>([m[K
      |                [01;31m[K~~~~~~~~~~~~~~~~~~~~~~~~~~~~~~~~~~~^[m[K
   26 | [01;31m[K      "compute_cartesian_path",[m[K
      |       [01;31m[K~~~~~~~~~~~~~~~~~~~~~~~~~[m[K                    
   27 | [01;31m[K      std::bind(&CartesianPathServer::handle_service, this, _1, _2))[m[K;
      |       [01;31m[K~~~~~~~~~~~~~~~~~~~~~~~~~~~~~~~~~~~~~~~~~~~~~~~~~~~~~~~~~~~~~~[m[K
[01m[K/home/darkdemon/work/motor_control/src/tb4_arm_ros2/small_arm_moveit_cpp/src/cartesian_path.cpp:29:75:[m[K [01;31m[Kerror: [m[Kno matching function for call to ‘[01m[KCartesianPathServer::create_subscription<geometry_msgs::msg::Pose>(std::_Bind_helper<false, void (CartesianPathServer::*)(std::shared_ptr<geometry_msgs::msg::Pose_<std::allocator<void> > >), CartesianPathServer*, const std::_Placeholder<1>&>::type)[m[K’
   29 | ose_subscriber_ = [01;31m[Kthis->create_subscription<geometry_msgs::msg::Pose>([m[K
      |                   [01;31m[K~~~~~~~~~~~~~~~~~~~~~~~~~~~~~~~~~~~~~~~~~~~~~~~~~~~^[m[K

   30 | [01;31m[K // "/target_pose_in_base", 10,[m[K
      |  [01;31m[K~~~~~~~~~~~~~~~~~~~~~~~~~~~~~~[m[K                                       

   31 | [01;31m[K std::bind(&CartesianPathServer::pose_callback, this, _1))[m[K;
      |  [01;31m[K~~~~~~~~~~~~~~~~~~~~~~~~~~~~~~~~~~~~~~~~~~~~~~~~~~~~~~~~~[m[K            

In file included from [01m[K/opt/ros/humble/include/rclcpp/rclcpp/executors/single_threaded_executor.hpp:28[m[K,
                 from [01m[K/opt/ros/humble/include/rclcpp/rclcpp/executors.hpp:22[m[K,
                 from [01m[K/opt/ros/humble/include/rclcpp/rclcpp/rclcpp.hpp:155[m[K,
                 from [01m[K/home/darkdemon/work/motor_control/src/tb4_arm_ros2/small_arm_moveit_cpp/src/cartesian_path.cpp:5[m[K:
[01m[K/opt/ros/humble/include/rclcpp/rclcpp/node.hpp:219:3:[m[K [01;36m[Knote: [m[Kcandidate: ‘[01m[Ktemplate<class MessageT, class CallbackT, class AllocatorT, class SubscriptionT, class MessageMemoryStrategyT> std::shared_ptr<ROSMessageT> rclcpp::Node::create_subscription(const string&, const rclcpp::QoS&, CallbackT&&, const rclcpp::SubscriptionOptionsWithAllocator<AllocatorT>&, typename MessageMemoryStrategyT::SharedPtr)[m[K’
  219 |   [01;36m[Kcreate_subscription[m[K(
      |   [01;36m[K^~~~~~~~~~~~~~~~~~~[m[K
[01m[K/opt/ros/humble/include/rclcpp/rclcpp/node.hpp:219:3:[m[K [01;36m[Knote: [m[K  template argument deduction/substitution failed:
[01m[K/home/darkdemon/work/motor_control/src/tb4_arm_ros2/small_arm_moveit_cpp/src/cartesian_path.cpp:29:75:[m[K [01;36m[Knote: [m[K  candidate expects 5 arguments, 1 provided
   29 | ose_subscriber_ = [01;36m[Kthis->create_subscription<geometry_msgs::msg::Pose>([m[K
      |                   [01;36m[K~~~~~~~~~~~~~~~~~~~~~~~~~~~~~~~~~~~~~~~~~~~~~~~~~~~^[m[K

   30 | [01;36m[K // "/target_pose_in_base", 10,[m[K
      |  [01;36m[K~~~~~~~~~~~~~~~~~~~~~~~~~~~~~~[m[K                                       

   31 | [01;36m[K std::bind(&CartesianPathServer::pose_callback, this, _1))[m[K;
      |  [01;36m[K~~~~~~~~~~~~~~~~~~~~~~~~~~~~~~~~~~~~~~~~~~~~~~~~~~~~~~~~~[m[K            

[01m[K/home/darkdemon/work/motor_control/src/tb4_arm_ros2/small_arm_moveit_cpp/src/cartesian_path.cpp:[m[K In member function ‘[01m[Kvoid CartesianPathServer::handle_service(...)[m[K’:
[01m[K/home/darkdemon/work/motor_control/src/tb4_arm_ros2/small_arm_moveit_cpp/src/cartesian_path.cpp:90:9:[m[K [01;31m[Kerror: [m[K‘[01m[Kresponse[m[K’ was not declared in this scope
   90 |         [01;31m[Kresponse[m[K->success = true;
      |         [01;31m[K^~~~~~~~[m[K
[01m[K/home/darkdemon/work/motor_control/src/tb4_arm_ros2/small_arm_moveit_cpp/src/cartesian_path.cpp:96:5:[m[K [01;31m[Kerror: [m[K‘[01m[Kresponse[m[K’ was not declared in this scope
   96 |     [01;31m[Kresponse[m[K->success = false;
      |     [01;31m[K^~~~~~~~[m[K
gmake[2]: *** [CMakeFiles/cartesian_path.dir/build.make:76: CMakeFiles/cartesian_path.dir/src/cartesian_path.cpp.o] Error 1
gmake[1]: *** [CMakeFiles/Makefile2:147: CMakeFiles/cartesian_path.dir/all] Error 2
gmake: *** [Makefile:146: all] Error 2
