[1.847s] Invoking command in '/home/darkdemon/work/motor_control/src/RobotSot/src/visual': PYTHONPATH=/home/darkdemon/work/motor_control/build/visual/prefix_override:/usr/lib/python3/dist-packages/colcon_core/task/python/colcon_distutils_commands:/home/darkdemon/work/motor_control/install/visual/lib/python3.10/site-packages:${PYTHONPATH} /usr/bin/python3 -W ignore:setup.py install is deprecated -W ignore:easy_install command is deprecated setup.py egg_info --egg-base ../../../../build/visual build --build-base /home/darkdemon/work/motor_control/build/visual/build install --record /home/darkdemon/work/motor_control/build/visual/install.log --single-version-externally-managed install_data
[2.174s] running egg_info
[2.175s] writing ../../../../build/visual/visual.egg-info/PKG-INFO
[2.175s] writing dependency_links to ../../../../build/visual/visual.egg-info/dependency_links.txt
[2.175s] writing entry points to ../../../../build/visual/visual.egg-info/entry_points.txt
[2.175s] writing requirements to ../../../../build/visual/visual.egg-info/requires.txt
[2.176s] writing top-level names to ../../../../build/visual/visual.egg-info/top_level.txt
[2.178s] reading manifest file '../../../../build/visual/visual.egg-info/SOURCES.txt'
[2.179s] writing manifest file '../../../../build/visual/visual.egg-info/SOURCES.txt'
[2.179s] running build
[2.179s] running build_py
[2.179s] running install
[2.180s] running install_lib
[2.182s] running install_data
[2.182s] running install_egg_info
[2.185s] removing '/home/darkdemon/work/motor_control/install/visual/lib/python3.10/site-packages/visual-0.0.0-py3.10.egg-info' (and everything under it)
[2.186s] Copying ../../../../build/visual/visual.egg-info to /home/darkdemon/work/motor_control/install/visual/lib/python3.10/site-packages/visual-0.0.0-py3.10.egg-info
[2.187s] running install_scripts
[2.209s] Installing main script to /home/darkdemon/work/motor_control/install/visual/lib/visual
[2.209s] Installing slave script to /home/darkdemon/work/motor_control/install/visual/lib/visual
[2.209s] writing list of installed files to '/home/darkdemon/work/motor_control/build/visual/install.log'
[2.237s] Invoked command in '/home/darkdemon/work/motor_control/src/RobotSot/src/visual' returned '0': PYTHONPATH=/home/darkdemon/work/motor_control/build/visual/prefix_override:/usr/lib/python3/dist-packages/colcon_core/task/python/colcon_distutils_commands:/home/darkdemon/work/motor_control/install/visual/lib/python3.10/site-packages:${PYTHONPATH} /usr/bin/python3 -W ignore:setup.py install is deprecated -W ignore:easy_install command is deprecated setup.py egg_info --egg-base ../../../../build/visual build --build-base /home/darkdemon/work/motor_control/build/visual/build install --record /home/darkdemon/work/motor_control/build/visual/install.log --single-version-externally-managed install_data
