[0.030s] Invoking command in '/home/darkdemon/work/motor_control/build/dynamixel_workbench_msgs': CMAKE_PREFIX_PATH=${CMAKE_PREFIX_PATH}:/home/darkdemon/work/motor_control/install/realsense:/home/darkdemon/work/motor_control/install/python_moveit2:/opt/ros/humble /usr/bin/cmake --build /home/darkdemon/work/motor_control/build/dynamixel_workbench_msgs -- -j20 -l20
[0.347s] [  0%] Built target dynamixel_workbench_msgs__cpp
[0.347s] [ 12%] Built target dynamixel_workbench_msgs__rosidl_generator_c
[0.347s] [ 12%] Built target ament_cmake_python_copy_dynamixel_workbench_msgs
[0.347s] [ 40%] Built target dynamixel_workbench_msgs__rosidl_typesupport_c
[0.347s] [ 49%] Built target dynamixel_workbench_msgs__rosidl_typesupport_introspection_c
[0.347s] [ 49%] Built target dynamixel_workbench_msgs__rosidl_typesupport_introspection_cpp
[0.347s] [ 73%] Built target dynamixel_workbench_msgs__rosidl_typesupport_fastrtps_cpp
[0.347s] [ 73%] Built target dynamixel_workbench_msgs__rosidl_typesupport_cpp
[0.347s] [ 85%] Built target dynamixel_workbench_msgs__rosidl_typesupport_fastrtps_c
[0.347s] [ 85%] Built target dynamixel_workbench_msgs
[0.347s] Traceback (most recent call last):
[0.347s]   File "/home/darkdemon/work/motor_control/build/dynamixel_workbench_msgs/ament_cmake_python/dynamixel_workbench_msgs/setup.py", line 1, in <module>
[0.347s] gmake[1]: *** [CMakeFiles/Makefile2:590: dynamixel_workbench_msgs__py/CMakeFiles/dynamixel_workbench_msgs__py.dir/all] Interrupt
[0.347s]     from setuptools import find_packages
[0.347s]   File "/usr/lib/python3/dist-packages/setuptools/__init__.py", line 16, in <module>
[0.347s]     import setuptools.version
[0.347s]   File "/usr/lib/python3/dist-packages/setuptools/version.py", line 1, in <module>
[0.347s]     import pkg_resources
[0.347s]   File "/usr/lib/python3/dist-packages/pkg_resources/__init__.py", line 76, in <module>
[0.347s]     __import__('pkg_resources.extern.packaging.version')
[0.347s]   File "/usr/lib/python3/dist-packages/pkg_resources/_vendor/packaging/version.py", line 9, in <module>
[0.347s]     from typing import Callable, Iterator, List, Optional, SupportsInt, Tuple, Union
[0.347s]   File "/usr/lib/python3.10/typing.py", line 2667, in <module>
[0.347s]     class re:
[0.347s] KeyboardInterrupt
[0.347s] gmake[2]: *** [CMakeFiles/ament_cmake_python_build_dynamixel_workbench_msgs_egg.dir/build.make:70: CMakeFiles/ament_cmake_python_build_dynamixel_workbench_msgs_egg] Interrupt
[0.348s] gmake[1]: *** [CMakeFiles/Makefile2:447: CMakeFiles/ament_cmake_python_build_dynamixel_workbench_msgs_egg.dir/all] Interrupt
[0.348s] gmake: *** [Makefile:146: all] Interrupt
