[0.011s] Invoking command in '/home/darkdemon/work/motor_control/build/dynamixel_workbench_msgs': CMAKE_PREFIX_PATH=/opt/ros/humble /usr/bin/cmake --build /home/darkdemon/work/motor_control/build/dynamixel_workbench_msgs -- -j20 -l20
[0.150s] [35m[1mConsolidate compiler generated dependencies of target dynamixel_workbench_msgs__rosidl_generator_c[0m
[0.151s] [  0%] Built target dynamixel_workbench_msgs__cpp
[0.151s] [  0%] Built target ament_cmake_python_symlink_dynamixel_workbench_msgs
[0.151s] [35m[1mConsolidate compiler generated dependencies of target dynamixel_workbench_msgs__rosidl_typesupport_cpp[0m
[0.152s] [35m[1mConsolidate compiler generated dependencies of target dynamixel_workbench_msgs__rosidl_typesupport_introspection_cpp[0m
[0.152s] [ 12%] Built target dynamixel_workbench_msgs__rosidl_generator_c
[0.152s] [35m[1mConsolidate compiler generated dependencies of target dynamixel_workbench_msgs__rosidl_typesupport_fastrtps_cpp[0m
[0.152s] [35m[1mConsolidate compiler generated dependencies of target dynamixel_workbench_msgs__rosidl_typesupport_introspection_c[0m
[0.152s] [35m[1mConsolidate compiler generated dependencies of target dynamixel_workbench_msgs__rosidl_typesupport_c[0m
[0.152s] [35m[1mConsolidate compiler generated dependencies of target dynamixel_workbench_msgs__rosidl_typesupport_fastrtps_c[0m
[0.152s] [ 24%] Built target dynamixel_workbench_msgs__rosidl_typesupport_cpp
[0.152s] [ 36%] Built target dynamixel_workbench_msgs__rosidl_typesupport_c
[0.152s] [ 48%] Built target dynamixel_workbench_msgs__rosidl_typesupport_introspection_c
[0.152s] [ 61%] Built target dynamixel_workbench_msgs__rosidl_typesupport_introspection_cpp
[0.152s] [ 73%] Built target dynamixel_workbench_msgs__rosidl_typesupport_fastrtps_cpp
[0.152s] [ 85%] Built target dynamixel_workbench_msgs__rosidl_typesupport_fastrtps_c
[0.153s] [ 85%] Built target dynamixel_workbench_msgs
[0.153s] [ 86%] Built target dynamixel_workbench_msgs__py
[0.153s] [35m[1mConsolidate compiler generated dependencies of target dynamixel_workbench_msgs__rosidl_generator_py[0m
[0.164s] [ 97%] Built target dynamixel_workbench_msgs__rosidl_generator_py
[0.171s] [35m[1mConsolidate compiler generated dependencies of target dynamixel_workbench_msgs__rosidl_typesupport_fastrtps_c__pyext[0m
[0.171s] [35m[1mConsolidate compiler generated dependencies of target dynamixel_workbench_msgs__rosidl_typesupport_c__pyext[0m
[0.173s] [35m[1mConsolidate compiler generated dependencies of target dynamixel_workbench_msgs__rosidl_typesupport_introspection_c__pyext[0m
[0.180s] [ 98%] Built target dynamixel_workbench_msgs__rosidl_typesupport_fastrtps_c__pyext
[0.181s] [ 99%] Built target dynamixel_workbench_msgs__rosidl_typesupport_introspection_c__pyext
[0.182s] [100%] Built target dynamixel_workbench_msgs__rosidl_typesupport_c__pyext
[0.199s] running egg_info
[0.200s] writing dynamixel_workbench_msgs.egg-info/PKG-INFO
[0.200s] writing dependency_links to dynamixel_workbench_msgs.egg-info/dependency_links.txt
[0.200s] writing top-level names to dynamixel_workbench_msgs.egg-info/top_level.txt
[0.203s] reading manifest file 'dynamixel_workbench_msgs.egg-info/SOURCES.txt'
[0.204s] writing manifest file 'dynamixel_workbench_msgs.egg-info/SOURCES.txt'
[0.223s] [100%] Built target ament_cmake_python_build_dynamixel_workbench_msgs_egg
[0.231s] Invoked command in '/home/darkdemon/work/motor_control/build/dynamixel_workbench_msgs' returned '0': CMAKE_PREFIX_PATH=/opt/ros/humble /usr/bin/cmake --build /home/darkdemon/work/motor_control/build/dynamixel_workbench_msgs -- -j20 -l20
[0.232s] Invoking command in '/home/darkdemon/work/motor_control/build/dynamixel_workbench_msgs': CMAKE_PREFIX_PATH=/opt/ros/humble /usr/bin/cmake --install /home/darkdemon/work/motor_control/build/dynamixel_workbench_msgs
[0.239s] -- Install configuration: ""
[0.240s] -- Execute custom install script
[0.240s] -- Symlinking: /home/darkdemon/work/motor_control/install/dynamixel_workbench_msgs/share/ament_index/resource_index/rosidl_interfaces/dynamixel_workbench_msgs
[0.248s] -- Symlinking: /home/darkdemon/work/motor_control/install/dynamixel_workbench_msgs/include/dynamixel_workbench_msgs/dynamixel_workbench_msgs/msg/ax.h
[0.254s] -- Symlinking: /home/darkdemon/work/motor_control/install/dynamixel_workbench_msgs/include/dynamixel_workbench_msgs/dynamixel_workbench_msgs/msg/detail/ax__functions.h
[0.261s] -- Symlinking: /home/darkdemon/work/motor_control/install/dynamixel_workbench_msgs/include/dynamixel_workbench_msgs/dynamixel_workbench_msgs/msg/detail/ax__struct.h
[0.266s] -- Symlinking: /home/darkdemon/work/motor_control/install/dynamixel_workbench_msgs/include/dynamixel_workbench_msgs/dynamixel_workbench_msgs/msg/detail/ax__type_support.h
[0.271s] -- Symlinking: /home/darkdemon/work/motor_control/install/dynamixel_workbench_msgs/include/dynamixel_workbench_msgs/dynamixel_workbench_msgs/msg/detail/dynamixel_info__functions.h
[0.277s] -- Symlinking: /home/darkdemon/work/motor_control/install/dynamixel_workbench_msgs/include/dynamixel_workbench_msgs/dynamixel_workbench_msgs/msg/detail/dynamixel_info__struct.h
[0.283s] -- Symlinking: /home/darkdemon/work/motor_control/install/dynamixel_workbench_msgs/include/dynamixel_workbench_msgs/dynamixel_workbench_msgs/msg/detail/dynamixel_info__type_support.h
[0.290s] -- Symlinking: /home/darkdemon/work/motor_control/install/dynamixel_workbench_msgs/include/dynamixel_workbench_msgs/dynamixel_workbench_msgs/msg/detail/dynamixel_load_info__functions.h
[0.296s] -- Symlinking: /home/darkdemon/work/motor_control/install/dynamixel_workbench_msgs/include/dynamixel_workbench_msgs/dynamixel_workbench_msgs/msg/detail/dynamixel_load_info__struct.h
[0.303s] -- Symlinking: /home/darkdemon/work/motor_control/install/dynamixel_workbench_msgs/include/dynamixel_workbench_msgs/dynamixel_workbench_msgs/msg/detail/dynamixel_load_info__type_support.h
[0.308s] -- Symlinking: /home/darkdemon/work/motor_control/install/dynamixel_workbench_msgs/include/dynamixel_workbench_msgs/dynamixel_workbench_msgs/msg/detail/dynamixel_state__functions.h
[0.316s] -- Symlinking: /home/darkdemon/work/motor_control/install/dynamixel_workbench_msgs/include/dynamixel_workbench_msgs/dynamixel_workbench_msgs/msg/detail/dynamixel_state__struct.h
[0.321s] -- Symlinking: /home/darkdemon/work/motor_control/install/dynamixel_workbench_msgs/include/dynamixel_workbench_msgs/dynamixel_workbench_msgs/msg/detail/dynamixel_state__type_support.h
[0.327s] -- Symlinking: /home/darkdemon/work/motor_control/install/dynamixel_workbench_msgs/include/dynamixel_workbench_msgs/dynamixel_workbench_msgs/msg/detail/dynamixel_state_list__functions.h
[0.335s] -- Symlinking: /home/darkdemon/work/motor_control/install/dynamixel_workbench_msgs/include/dynamixel_workbench_msgs/dynamixel_workbench_msgs/msg/detail/dynamixel_state_list__struct.h
[0.340s] -- Symlinking: /home/darkdemon/work/motor_control/install/dynamixel_workbench_msgs/include/dynamixel_workbench_msgs/dynamixel_workbench_msgs/msg/detail/dynamixel_state_list__type_support.h
[0.347s] -- Symlinking: /home/darkdemon/work/motor_control/install/dynamixel_workbench_msgs/include/dynamixel_workbench_msgs/dynamixel_workbench_msgs/msg/detail/ex__functions.h
[0.354s] -- Symlinking: /home/darkdemon/work/motor_control/install/dynamixel_workbench_msgs/include/dynamixel_workbench_msgs/dynamixel_workbench_msgs/msg/detail/ex__struct.h
[0.362s] -- Symlinking: /home/darkdemon/work/motor_control/install/dynamixel_workbench_msgs/include/dynamixel_workbench_msgs/dynamixel_workbench_msgs/msg/detail/ex__type_support.h
[0.369s] -- Symlinking: /home/darkdemon/work/motor_control/install/dynamixel_workbench_msgs/include/dynamixel_workbench_msgs/dynamixel_workbench_msgs/msg/detail/mx2__functions.h
[0.376s] -- Symlinking: /home/darkdemon/work/motor_control/install/dynamixel_workbench_msgs/include/dynamixel_workbench_msgs/dynamixel_workbench_msgs/msg/detail/mx2__struct.h
[0.382s] -- Symlinking: /home/darkdemon/work/motor_control/install/dynamixel_workbench_msgs/include/dynamixel_workbench_msgs/dynamixel_workbench_msgs/msg/detail/mx2__type_support.h
[0.387s] -- Symlinking: /home/darkdemon/work/motor_control/install/dynamixel_workbench_msgs/include/dynamixel_workbench_msgs/dynamixel_workbench_msgs/msg/detail/mx2_ext__functions.h
[0.392s] -- Symlinking: /home/darkdemon/work/motor_control/install/dynamixel_workbench_msgs/include/dynamixel_workbench_msgs/dynamixel_workbench_msgs/msg/detail/mx2_ext__struct.h
[0.400s] -- Symlinking: /home/darkdemon/work/motor_control/install/dynamixel_workbench_msgs/include/dynamixel_workbench_msgs/dynamixel_workbench_msgs/msg/detail/mx2_ext__type_support.h
[0.406s] -- Symlinking: /home/darkdemon/work/motor_control/install/dynamixel_workbench_msgs/include/dynamixel_workbench_msgs/dynamixel_workbench_msgs/msg/detail/mx__functions.h
[0.413s] -- Symlinking: /home/darkdemon/work/motor_control/install/dynamixel_workbench_msgs/include/dynamixel_workbench_msgs/dynamixel_workbench_msgs/msg/detail/mx__struct.h
[0.421s] -- Symlinking: /home/darkdemon/work/motor_control/install/dynamixel_workbench_msgs/include/dynamixel_workbench_msgs/dynamixel_workbench_msgs/msg/detail/mx__type_support.h
[0.426s] -- Symlinking: /home/darkdemon/work/motor_control/install/dynamixel_workbench_msgs/include/dynamixel_workbench_msgs/dynamixel_workbench_msgs/msg/detail/mx_ext__functions.h
[0.433s] -- Symlinking: /home/darkdemon/work/motor_control/install/dynamixel_workbench_msgs/include/dynamixel_workbench_msgs/dynamixel_workbench_msgs/msg/detail/mx_ext__struct.h
[0.440s] -- Symlinking: /home/darkdemon/work/motor_control/install/dynamixel_workbench_msgs/include/dynamixel_workbench_msgs/dynamixel_workbench_msgs/msg/detail/mx_ext__type_support.h
[0.448s] -- Symlinking: /home/darkdemon/work/motor_control/install/dynamixel_workbench_msgs/include/dynamixel_workbench_msgs/dynamixel_workbench_msgs/msg/detail/pro__functions.h
[0.455s] -- Symlinking: /home/darkdemon/work/motor_control/install/dynamixel_workbench_msgs/include/dynamixel_workbench_msgs/dynamixel_workbench_msgs/msg/detail/pro__struct.h
[0.463s] -- Symlinking: /home/darkdemon/work/motor_control/install/dynamixel_workbench_msgs/include/dynamixel_workbench_msgs/dynamixel_workbench_msgs/msg/detail/pro__type_support.h
[0.468s] -- Symlinking: /home/darkdemon/work/motor_control/install/dynamixel_workbench_msgs/include/dynamixel_workbench_msgs/dynamixel_workbench_msgs/msg/detail/pro_ext__functions.h
[0.476s] -- Symlinking: /home/darkdemon/work/motor_control/install/dynamixel_workbench_msgs/include/dynamixel_workbench_msgs/dynamixel_workbench_msgs/msg/detail/pro_ext__struct.h
[0.484s] -- Symlinking: /home/darkdemon/work/motor_control/install/dynamixel_workbench_msgs/include/dynamixel_workbench_msgs/dynamixel_workbench_msgs/msg/detail/pro_ext__type_support.h
[0.492s] -- Symlinking: /home/darkdemon/work/motor_control/install/dynamixel_workbench_msgs/include/dynamixel_workbench_msgs/dynamixel_workbench_msgs/msg/detail/rx__functions.h
[0.497s] -- Symlinking: /home/darkdemon/work/motor_control/install/dynamixel_workbench_msgs/include/dynamixel_workbench_msgs/dynamixel_workbench_msgs/msg/detail/rx__struct.h
[0.503s] -- Symlinking: /home/darkdemon/work/motor_control/install/dynamixel_workbench_msgs/include/dynamixel_workbench_msgs/dynamixel_workbench_msgs/msg/detail/rx__type_support.h
[0.510s] -- Symlinking: /home/darkdemon/work/motor_control/install/dynamixel_workbench_msgs/include/dynamixel_workbench_msgs/dynamixel_workbench_msgs/msg/detail/xh__functions.h
[0.517s] -- Symlinking: /home/darkdemon/work/motor_control/install/dynamixel_workbench_msgs/include/dynamixel_workbench_msgs/dynamixel_workbench_msgs/msg/detail/xh__struct.h
[0.522s] -- Symlinking: /home/darkdemon/work/motor_control/install/dynamixel_workbench_msgs/include/dynamixel_workbench_msgs/dynamixel_workbench_msgs/msg/detail/xh__type_support.h
[0.527s] -- Symlinking: /home/darkdemon/work/motor_control/install/dynamixel_workbench_msgs/include/dynamixel_workbench_msgs/dynamixel_workbench_msgs/msg/detail/xl320__functions.h
[0.532s] -- Symlinking: /home/darkdemon/work/motor_control/install/dynamixel_workbench_msgs/include/dynamixel_workbench_msgs/dynamixel_workbench_msgs/msg/detail/xl320__struct.h
[0.539s] -- Symlinking: /home/darkdemon/work/motor_control/install/dynamixel_workbench_msgs/include/dynamixel_workbench_msgs/dynamixel_workbench_msgs/msg/detail/xl320__type_support.h
[0.548s] -- Symlinking: /home/darkdemon/work/motor_control/install/dynamixel_workbench_msgs/include/dynamixel_workbench_msgs/dynamixel_workbench_msgs/msg/detail/xl__functions.h
[0.554s] -- Symlinking: /home/darkdemon/work/motor_control/install/dynamixel_workbench_msgs/include/dynamixel_workbench_msgs/dynamixel_workbench_msgs/msg/detail/xl__struct.h
[0.561s] -- Symlinking: /home/darkdemon/work/motor_control/install/dynamixel_workbench_msgs/include/dynamixel_workbench_msgs/dynamixel_workbench_msgs/msg/detail/xl__type_support.h
[0.570s] -- Symlinking: /home/darkdemon/work/motor_control/install/dynamixel_workbench_msgs/include/dynamixel_workbench_msgs/dynamixel_workbench_msgs/msg/detail/xm__functions.h
[0.576s] -- Symlinking: /home/darkdemon/work/motor_control/install/dynamixel_workbench_msgs/include/dynamixel_workbench_msgs/dynamixel_workbench_msgs/msg/detail/xm__struct.h
[0.581s] -- Symlinking: /home/darkdemon/work/motor_control/install/dynamixel_workbench_msgs/include/dynamixel_workbench_msgs/dynamixel_workbench_msgs/msg/detail/xm__type_support.h
[0.587s] -- Symlinking: /home/darkdemon/work/motor_control/install/dynamixel_workbench_msgs/include/dynamixel_workbench_msgs/dynamixel_workbench_msgs/msg/detail/xm_ext__functions.h
[0.593s] -- Symlinking: /home/darkdemon/work/motor_control/install/dynamixel_workbench_msgs/include/dynamixel_workbench_msgs/dynamixel_workbench_msgs/msg/detail/xm_ext__struct.h
[0.601s] -- Symlinking: /home/darkdemon/work/motor_control/install/dynamixel_workbench_msgs/include/dynamixel_workbench_msgs/dynamixel_workbench_msgs/msg/detail/xm_ext__type_support.h
[0.606s] -- Symlinking: /home/darkdemon/work/motor_control/install/dynamixel_workbench_msgs/include/dynamixel_workbench_msgs/dynamixel_workbench_msgs/msg/dynamixel_info.h
[0.612s] -- Symlinking: /home/darkdemon/work/motor_control/install/dynamixel_workbench_msgs/include/dynamixel_workbench_msgs/dynamixel_workbench_msgs/msg/dynamixel_load_info.h
[0.618s] -- Symlinking: /home/darkdemon/work/motor_control/install/dynamixel_workbench_msgs/include/dynamixel_workbench_msgs/dynamixel_workbench_msgs/msg/dynamixel_state.h
[0.625s] -- Symlinking: /home/darkdemon/work/motor_control/install/dynamixel_workbench_msgs/include/dynamixel_workbench_msgs/dynamixel_workbench_msgs/msg/dynamixel_state_list.h
[0.632s] -- Symlinking: /home/darkdemon/work/motor_control/install/dynamixel_workbench_msgs/include/dynamixel_workbench_msgs/dynamixel_workbench_msgs/msg/ex.h
[0.639s] -- Symlinking: /home/darkdemon/work/motor_control/install/dynamixel_workbench_msgs/include/dynamixel_workbench_msgs/dynamixel_workbench_msgs/msg/mx.h
[0.644s] -- Symlinking: /home/darkdemon/work/motor_control/install/dynamixel_workbench_msgs/include/dynamixel_workbench_msgs/dynamixel_workbench_msgs/msg/mx2.h
[0.651s] -- Symlinking: /home/darkdemon/work/motor_control/install/dynamixel_workbench_msgs/include/dynamixel_workbench_msgs/dynamixel_workbench_msgs/msg/mx2_ext.h
[0.658s] -- Symlinking: /home/darkdemon/work/motor_control/install/dynamixel_workbench_msgs/include/dynamixel_workbench_msgs/dynamixel_workbench_msgs/msg/mx_ext.h
[0.665s] -- Symlinking: /home/darkdemon/work/motor_control/install/dynamixel_workbench_msgs/include/dynamixel_workbench_msgs/dynamixel_workbench_msgs/msg/pro.h
[0.672s] -- Symlinking: /home/darkdemon/work/motor_control/install/dynamixel_workbench_msgs/include/dynamixel_workbench_msgs/dynamixel_workbench_msgs/msg/pro_ext.h
[0.678s] -- Symlinking: /home/darkdemon/work/motor_control/install/dynamixel_workbench_msgs/include/dynamixel_workbench_msgs/dynamixel_workbench_msgs/msg/rosidl_generator_c__visibility_control.h
[0.685s] -- Symlinking: /home/darkdemon/work/motor_control/install/dynamixel_workbench_msgs/include/dynamixel_workbench_msgs/dynamixel_workbench_msgs/msg/rx.h
[0.692s] -- Symlinking: /home/darkdemon/work/motor_control/install/dynamixel_workbench_msgs/include/dynamixel_workbench_msgs/dynamixel_workbench_msgs/msg/xh.h
[0.699s] -- Symlinking: /home/darkdemon/work/motor_control/install/dynamixel_workbench_msgs/include/dynamixel_workbench_msgs/dynamixel_workbench_msgs/msg/xl.h
[0.706s] -- Symlinking: /home/darkdemon/work/motor_control/install/dynamixel_workbench_msgs/include/dynamixel_workbench_msgs/dynamixel_workbench_msgs/msg/xl320.h
[0.713s] -- Symlinking: /home/darkdemon/work/motor_control/install/dynamixel_workbench_msgs/include/dynamixel_workbench_msgs/dynamixel_workbench_msgs/msg/xm.h
[0.718s] -- Symlinking: /home/darkdemon/work/motor_control/install/dynamixel_workbench_msgs/include/dynamixel_workbench_msgs/dynamixel_workbench_msgs/msg/xm_ext.h
[0.726s] -- Symlinking: /home/darkdemon/work/motor_control/install/dynamixel_workbench_msgs/include/dynamixel_workbench_msgs/dynamixel_workbench_msgs/srv/detail/dynamixel_command__functions.h
[0.732s] -- Symlinking: /home/darkdemon/work/motor_control/install/dynamixel_workbench_msgs/include/dynamixel_workbench_msgs/dynamixel_workbench_msgs/srv/detail/dynamixel_command__struct.h
[0.738s] -- Symlinking: /home/darkdemon/work/motor_control/install/dynamixel_workbench_msgs/include/dynamixel_workbench_msgs/dynamixel_workbench_msgs/srv/detail/dynamixel_command__type_support.h
[0.746s] -- Symlinking: /home/darkdemon/work/motor_control/install/dynamixel_workbench_msgs/include/dynamixel_workbench_msgs/dynamixel_workbench_msgs/srv/detail/get_dynamixel_info__functions.h
[0.751s] -- Symlinking: /home/darkdemon/work/motor_control/install/dynamixel_workbench_msgs/include/dynamixel_workbench_msgs/dynamixel_workbench_msgs/srv/detail/get_dynamixel_info__struct.h
[0.758s] -- Symlinking: /home/darkdemon/work/motor_control/install/dynamixel_workbench_msgs/include/dynamixel_workbench_msgs/dynamixel_workbench_msgs/srv/detail/get_dynamixel_info__type_support.h
[0.764s] -- Symlinking: /home/darkdemon/work/motor_control/install/dynamixel_workbench_msgs/include/dynamixel_workbench_msgs/dynamixel_workbench_msgs/srv/dynamixel_command.h
[0.768s] -- Symlinking: /home/darkdemon/work/motor_control/install/dynamixel_workbench_msgs/include/dynamixel_workbench_msgs/dynamixel_workbench_msgs/srv/get_dynamixel_info.h
[0.776s] -- Symlinking: /home/darkdemon/work/motor_control/install/dynamixel_workbench_msgs/share/dynamixel_workbench_msgs/environment/library_path.sh
[0.781s] -- Symlinking: /home/darkdemon/work/motor_control/install/dynamixel_workbench_msgs/share/dynamixel_workbench_msgs/environment/library_path.dsv
[0.788s] -- Symlinking: /home/darkdemon/work/motor_control/install/dynamixel_workbench_msgs/include/dynamixel_workbench_msgs/dynamixel_workbench_msgs/msg/detail/ax__rosidl_typesupport_fastrtps_c.h
[0.795s] -- Symlinking: /home/darkdemon/work/motor_control/install/dynamixel_workbench_msgs/include/dynamixel_workbench_msgs/dynamixel_workbench_msgs/msg/detail/dynamixel_info__rosidl_typesupport_fastrtps_c.h
[0.801s] -- Symlinking: /home/darkdemon/work/motor_control/install/dynamixel_workbench_msgs/include/dynamixel_workbench_msgs/dynamixel_workbench_msgs/msg/detail/dynamixel_load_info__rosidl_typesupport_fastrtps_c.h
[0.808s] -- Symlinking: /home/darkdemon/work/motor_control/install/dynamixel_workbench_msgs/include/dynamixel_workbench_msgs/dynamixel_workbench_msgs/msg/detail/dynamixel_state__rosidl_typesupport_fastrtps_c.h
[0.815s] -- Symlinking: /home/darkdemon/work/motor_control/install/dynamixel_workbench_msgs/include/dynamixel_workbench_msgs/dynamixel_workbench_msgs/msg/detail/dynamixel_state_list__rosidl_typesupport_fastrtps_c.h
[0.821s] -- Symlinking: /home/darkdemon/work/motor_control/install/dynamixel_workbench_msgs/include/dynamixel_workbench_msgs/dynamixel_workbench_msgs/msg/detail/ex__rosidl_typesupport_fastrtps_c.h
[0.827s] -- Symlinking: /home/darkdemon/work/motor_control/install/dynamixel_workbench_msgs/include/dynamixel_workbench_msgs/dynamixel_workbench_msgs/msg/detail/mx2__rosidl_typesupport_fastrtps_c.h
[0.833s] -- Symlinking: /home/darkdemon/work/motor_control/install/dynamixel_workbench_msgs/include/dynamixel_workbench_msgs/dynamixel_workbench_msgs/msg/detail/mx2_ext__rosidl_typesupport_fastrtps_c.h
[0.840s] -- Symlinking: /home/darkdemon/work/motor_control/install/dynamixel_workbench_msgs/include/dynamixel_workbench_msgs/dynamixel_workbench_msgs/msg/detail/mx__rosidl_typesupport_fastrtps_c.h
[0.845s] -- Symlinking: /home/darkdemon/work/motor_control/install/dynamixel_workbench_msgs/include/dynamixel_workbench_msgs/dynamixel_workbench_msgs/msg/detail/mx_ext__rosidl_typesupport_fastrtps_c.h
[0.850s] -- Symlinking: /home/darkdemon/work/motor_control/install/dynamixel_workbench_msgs/include/dynamixel_workbench_msgs/dynamixel_workbench_msgs/msg/detail/pro__rosidl_typesupport_fastrtps_c.h
[0.856s] -- Symlinking: /home/darkdemon/work/motor_control/install/dynamixel_workbench_msgs/include/dynamixel_workbench_msgs/dynamixel_workbench_msgs/msg/detail/pro_ext__rosidl_typesupport_fastrtps_c.h
[0.863s] -- Symlinking: /home/darkdemon/work/motor_control/install/dynamixel_workbench_msgs/include/dynamixel_workbench_msgs/dynamixel_workbench_msgs/msg/detail/rx__rosidl_typesupport_fastrtps_c.h
[0.870s] -- Symlinking: /home/darkdemon/work/motor_control/install/dynamixel_workbench_msgs/include/dynamixel_workbench_msgs/dynamixel_workbench_msgs/msg/detail/xh__rosidl_typesupport_fastrtps_c.h
[0.877s] -- Symlinking: /home/darkdemon/work/motor_control/install/dynamixel_workbench_msgs/include/dynamixel_workbench_msgs/dynamixel_workbench_msgs/msg/detail/xl320__rosidl_typesupport_fastrtps_c.h
[0.884s] -- Symlinking: /home/darkdemon/work/motor_control/install/dynamixel_workbench_msgs/include/dynamixel_workbench_msgs/dynamixel_workbench_msgs/msg/detail/xl__rosidl_typesupport_fastrtps_c.h
[0.890s] -- Symlinking: /home/darkdemon/work/motor_control/install/dynamixel_workbench_msgs/include/dynamixel_workbench_msgs/dynamixel_workbench_msgs/msg/detail/xm__rosidl_typesupport_fastrtps_c.h
[0.897s] -- Symlinking: /home/darkdemon/work/motor_control/install/dynamixel_workbench_msgs/include/dynamixel_workbench_msgs/dynamixel_workbench_msgs/msg/detail/xm_ext__rosidl_typesupport_fastrtps_c.h
[0.904s] -- Symlinking: /home/darkdemon/work/motor_control/install/dynamixel_workbench_msgs/include/dynamixel_workbench_msgs/dynamixel_workbench_msgs/msg/rosidl_typesupport_fastrtps_c__visibility_control.h
[0.910s] -- Symlinking: /home/darkdemon/work/motor_control/install/dynamixel_workbench_msgs/include/dynamixel_workbench_msgs/dynamixel_workbench_msgs/srv/detail/dynamixel_command__rosidl_typesupport_fastrtps_c.h
[0.916s] -- Symlinking: /home/darkdemon/work/motor_control/install/dynamixel_workbench_msgs/include/dynamixel_workbench_msgs/dynamixel_workbench_msgs/srv/detail/get_dynamixel_info__rosidl_typesupport_fastrtps_c.h
[0.922s] -- Symlinking: /home/darkdemon/work/motor_control/install/dynamixel_workbench_msgs/include/dynamixel_workbench_msgs/dynamixel_workbench_msgs/msg/detail/ax__rosidl_typesupport_introspection_c.h
[0.927s] -- Symlinking: /home/darkdemon/work/motor_control/install/dynamixel_workbench_msgs/include/dynamixel_workbench_msgs/dynamixel_workbench_msgs/msg/detail/dynamixel_info__rosidl_typesupport_introspection_c.h
[0.934s] -- Symlinking: /home/darkdemon/work/motor_control/install/dynamixel_workbench_msgs/include/dynamixel_workbench_msgs/dynamixel_workbench_msgs/msg/detail/dynamixel_load_info__rosidl_typesupport_introspection_c.h
[0.940s] -- Symlinking: /home/darkdemon/work/motor_control/install/dynamixel_workbench_msgs/include/dynamixel_workbench_msgs/dynamixel_workbench_msgs/msg/detail/dynamixel_state__rosidl_typesupport_introspection_c.h
[0.947s] -- Symlinking: /home/darkdemon/work/motor_control/install/dynamixel_workbench_msgs/include/dynamixel_workbench_msgs/dynamixel_workbench_msgs/msg/detail/dynamixel_state_list__rosidl_typesupport_introspection_c.h
[0.954s] -- Symlinking: /home/darkdemon/work/motor_control/install/dynamixel_workbench_msgs/include/dynamixel_workbench_msgs/dynamixel_workbench_msgs/msg/detail/ex__rosidl_typesupport_introspection_c.h
[0.960s] -- Symlinking: /home/darkdemon/work/motor_control/install/dynamixel_workbench_msgs/include/dynamixel_workbench_msgs/dynamixel_workbench_msgs/msg/detail/mx2__rosidl_typesupport_introspection_c.h
[0.967s] -- Symlinking: /home/darkdemon/work/motor_control/install/dynamixel_workbench_msgs/include/dynamixel_workbench_msgs/dynamixel_workbench_msgs/msg/detail/mx2_ext__rosidl_typesupport_introspection_c.h
[0.972s] -- Symlinking: /home/darkdemon/work/motor_control/install/dynamixel_workbench_msgs/include/dynamixel_workbench_msgs/dynamixel_workbench_msgs/msg/detail/mx__rosidl_typesupport_introspection_c.h
[0.978s] -- Symlinking: /home/darkdemon/work/motor_control/install/dynamixel_workbench_msgs/include/dynamixel_workbench_msgs/dynamixel_workbench_msgs/msg/detail/mx_ext__rosidl_typesupport_introspection_c.h
[0.983s] -- Symlinking: /home/darkdemon/work/motor_control/install/dynamixel_workbench_msgs/include/dynamixel_workbench_msgs/dynamixel_workbench_msgs/msg/detail/pro__rosidl_typesupport_introspection_c.h
[0.988s] -- Symlinking: /home/darkdemon/work/motor_control/install/dynamixel_workbench_msgs/include/dynamixel_workbench_msgs/dynamixel_workbench_msgs/msg/detail/pro_ext__rosidl_typesupport_introspection_c.h
[0.993s] -- Symlinking: /home/darkdemon/work/motor_control/install/dynamixel_workbench_msgs/include/dynamixel_workbench_msgs/dynamixel_workbench_msgs/msg/detail/rx__rosidl_typesupport_introspection_c.h
[1.001s] -- Symlinking: /home/darkdemon/work/motor_control/install/dynamixel_workbench_msgs/include/dynamixel_workbench_msgs/dynamixel_workbench_msgs/msg/detail/xh__rosidl_typesupport_introspection_c.h
[1.006s] -- Symlinking: /home/darkdemon/work/motor_control/install/dynamixel_workbench_msgs/include/dynamixel_workbench_msgs/dynamixel_workbench_msgs/msg/detail/xl320__rosidl_typesupport_introspection_c.h
[1.011s] -- Symlinking: /home/darkdemon/work/motor_control/install/dynamixel_workbench_msgs/include/dynamixel_workbench_msgs/dynamixel_workbench_msgs/msg/detail/xl__rosidl_typesupport_introspection_c.h
[1.016s] -- Symlinking: /home/darkdemon/work/motor_control/install/dynamixel_workbench_msgs/include/dynamixel_workbench_msgs/dynamixel_workbench_msgs/msg/detail/xm__rosidl_typesupport_introspection_c.h
[1.022s] -- Symlinking: /home/darkdemon/work/motor_control/install/dynamixel_workbench_msgs/include/dynamixel_workbench_msgs/dynamixel_workbench_msgs/msg/detail/xm_ext__rosidl_typesupport_introspection_c.h
[1.028s] -- Symlinking: /home/darkdemon/work/motor_control/install/dynamixel_workbench_msgs/include/dynamixel_workbench_msgs/dynamixel_workbench_msgs/msg/rosidl_typesupport_introspection_c__visibility_control.h
[1.034s] -- Symlinking: /home/darkdemon/work/motor_control/install/dynamixel_workbench_msgs/include/dynamixel_workbench_msgs/dynamixel_workbench_msgs/srv/detail/dynamixel_command__rosidl_typesupport_introspection_c.h
[1.041s] -- Symlinking: /home/darkdemon/work/motor_control/install/dynamixel_workbench_msgs/include/dynamixel_workbench_msgs/dynamixel_workbench_msgs/srv/detail/get_dynamixel_info__rosidl_typesupport_introspection_c.h
[1.047s] -- Symlinking: /home/darkdemon/work/motor_control/install/dynamixel_workbench_msgs/include/dynamixel_workbench_msgs/dynamixel_workbench_msgs/msg/ax.hpp
[1.052s] -- Symlinking: /home/darkdemon/work/motor_control/install/dynamixel_workbench_msgs/include/dynamixel_workbench_msgs/dynamixel_workbench_msgs/msg/detail/ax__builder.hpp
[1.058s] -- Symlinking: /home/darkdemon/work/motor_control/install/dynamixel_workbench_msgs/include/dynamixel_workbench_msgs/dynamixel_workbench_msgs/msg/detail/ax__struct.hpp
[1.064s] -- Symlinking: /home/darkdemon/work/motor_control/install/dynamixel_workbench_msgs/include/dynamixel_workbench_msgs/dynamixel_workbench_msgs/msg/detail/ax__traits.hpp
[1.070s] -- Symlinking: /home/darkdemon/work/motor_control/install/dynamixel_workbench_msgs/include/dynamixel_workbench_msgs/dynamixel_workbench_msgs/msg/detail/ax__type_support.hpp
[1.077s] -- Symlinking: /home/darkdemon/work/motor_control/install/dynamixel_workbench_msgs/include/dynamixel_workbench_msgs/dynamixel_workbench_msgs/msg/detail/dynamixel_info__builder.hpp
[1.084s] -- Symlinking: /home/darkdemon/work/motor_control/install/dynamixel_workbench_msgs/include/dynamixel_workbench_msgs/dynamixel_workbench_msgs/msg/detail/dynamixel_info__struct.hpp
[1.090s] -- Symlinking: /home/darkdemon/work/motor_control/install/dynamixel_workbench_msgs/include/dynamixel_workbench_msgs/dynamixel_workbench_msgs/msg/detail/dynamixel_info__traits.hpp
[1.097s] -- Symlinking: /home/darkdemon/work/motor_control/install/dynamixel_workbench_msgs/include/dynamixel_workbench_msgs/dynamixel_workbench_msgs/msg/detail/dynamixel_info__type_support.hpp
[1.103s] -- Symlinking: /home/darkdemon/work/motor_control/install/dynamixel_workbench_msgs/include/dynamixel_workbench_msgs/dynamixel_workbench_msgs/msg/detail/dynamixel_load_info__builder.hpp
[1.110s] -- Symlinking: /home/darkdemon/work/motor_control/install/dynamixel_workbench_msgs/include/dynamixel_workbench_msgs/dynamixel_workbench_msgs/msg/detail/dynamixel_load_info__struct.hpp
[1.115s] -- Symlinking: /home/darkdemon/work/motor_control/install/dynamixel_workbench_msgs/include/dynamixel_workbench_msgs/dynamixel_workbench_msgs/msg/detail/dynamixel_load_info__traits.hpp
[1.122s] -- Symlinking: /home/darkdemon/work/motor_control/install/dynamixel_workbench_msgs/include/dynamixel_workbench_msgs/dynamixel_workbench_msgs/msg/detail/dynamixel_load_info__type_support.hpp
[1.128s] -- Symlinking: /home/darkdemon/work/motor_control/install/dynamixel_workbench_msgs/include/dynamixel_workbench_msgs/dynamixel_workbench_msgs/msg/detail/dynamixel_state__builder.hpp
[1.133s] -- Symlinking: /home/darkdemon/work/motor_control/install/dynamixel_workbench_msgs/include/dynamixel_workbench_msgs/dynamixel_workbench_msgs/msg/detail/dynamixel_state__struct.hpp
[1.140s] -- Symlinking: /home/darkdemon/work/motor_control/install/dynamixel_workbench_msgs/include/dynamixel_workbench_msgs/dynamixel_workbench_msgs/msg/detail/dynamixel_state__traits.hpp
[1.146s] -- Symlinking: /home/darkdemon/work/motor_control/install/dynamixel_workbench_msgs/include/dynamixel_workbench_msgs/dynamixel_workbench_msgs/msg/detail/dynamixel_state__type_support.hpp
[1.151s] -- Symlinking: /home/darkdemon/work/motor_control/install/dynamixel_workbench_msgs/include/dynamixel_workbench_msgs/dynamixel_workbench_msgs/msg/detail/dynamixel_state_list__builder.hpp
[1.156s] -- Symlinking: /home/darkdemon/work/motor_control/install/dynamixel_workbench_msgs/include/dynamixel_workbench_msgs/dynamixel_workbench_msgs/msg/detail/dynamixel_state_list__struct.hpp
[1.162s] -- Symlinking: /home/darkdemon/work/motor_control/install/dynamixel_workbench_msgs/include/dynamixel_workbench_msgs/dynamixel_workbench_msgs/msg/detail/dynamixel_state_list__traits.hpp
[1.168s] -- Symlinking: /home/darkdemon/work/motor_control/install/dynamixel_workbench_msgs/include/dynamixel_workbench_msgs/dynamixel_workbench_msgs/msg/detail/dynamixel_state_list__type_support.hpp
[1.174s] -- Symlinking: /home/darkdemon/work/motor_control/install/dynamixel_workbench_msgs/include/dynamixel_workbench_msgs/dynamixel_workbench_msgs/msg/detail/ex__builder.hpp
[1.180s] -- Symlinking: /home/darkdemon/work/motor_control/install/dynamixel_workbench_msgs/include/dynamixel_workbench_msgs/dynamixel_workbench_msgs/msg/detail/ex__struct.hpp
[1.186s] -- Symlinking: /home/darkdemon/work/motor_control/install/dynamixel_workbench_msgs/include/dynamixel_workbench_msgs/dynamixel_workbench_msgs/msg/detail/ex__traits.hpp
[1.193s] -- Symlinking: /home/darkdemon/work/motor_control/install/dynamixel_workbench_msgs/include/dynamixel_workbench_msgs/dynamixel_workbench_msgs/msg/detail/ex__type_support.hpp
[1.200s] -- Symlinking: /home/darkdemon/work/motor_control/install/dynamixel_workbench_msgs/include/dynamixel_workbench_msgs/dynamixel_workbench_msgs/msg/detail/mx2__builder.hpp
[1.205s] -- Symlinking: /home/darkdemon/work/motor_control/install/dynamixel_workbench_msgs/include/dynamixel_workbench_msgs/dynamixel_workbench_msgs/msg/detail/mx2__struct.hpp
[1.211s] -- Symlinking: /home/darkdemon/work/motor_control/install/dynamixel_workbench_msgs/include/dynamixel_workbench_msgs/dynamixel_workbench_msgs/msg/detail/mx2__traits.hpp
[1.216s] -- Symlinking: /home/darkdemon/work/motor_control/install/dynamixel_workbench_msgs/include/dynamixel_workbench_msgs/dynamixel_workbench_msgs/msg/detail/mx2__type_support.hpp
[1.221s] -- Symlinking: /home/darkdemon/work/motor_control/install/dynamixel_workbench_msgs/include/dynamixel_workbench_msgs/dynamixel_workbench_msgs/msg/detail/mx2_ext__builder.hpp
[1.227s] -- Symlinking: /home/darkdemon/work/motor_control/install/dynamixel_workbench_msgs/include/dynamixel_workbench_msgs/dynamixel_workbench_msgs/msg/detail/mx2_ext__struct.hpp
[1.235s] -- Symlinking: /home/darkdemon/work/motor_control/install/dynamixel_workbench_msgs/include/dynamixel_workbench_msgs/dynamixel_workbench_msgs/msg/detail/mx2_ext__traits.hpp
[1.240s] -- Symlinking: /home/darkdemon/work/motor_control/install/dynamixel_workbench_msgs/include/dynamixel_workbench_msgs/dynamixel_workbench_msgs/msg/detail/mx2_ext__type_support.hpp
[1.246s] -- Symlinking: /home/darkdemon/work/motor_control/install/dynamixel_workbench_msgs/include/dynamixel_workbench_msgs/dynamixel_workbench_msgs/msg/detail/mx__builder.hpp
[1.253s] -- Symlinking: /home/darkdemon/work/motor_control/install/dynamixel_workbench_msgs/include/dynamixel_workbench_msgs/dynamixel_workbench_msgs/msg/detail/mx__struct.hpp
[1.259s] -- Symlinking: /home/darkdemon/work/motor_control/install/dynamixel_workbench_msgs/include/dynamixel_workbench_msgs/dynamixel_workbench_msgs/msg/detail/mx__traits.hpp
[1.265s] -- Symlinking: /home/darkdemon/work/motor_control/install/dynamixel_workbench_msgs/include/dynamixel_workbench_msgs/dynamixel_workbench_msgs/msg/detail/mx__type_support.hpp
[1.270s] -- Symlinking: /home/darkdemon/work/motor_control/install/dynamixel_workbench_msgs/include/dynamixel_workbench_msgs/dynamixel_workbench_msgs/msg/detail/mx_ext__builder.hpp
[1.276s] -- Symlinking: /home/darkdemon/work/motor_control/install/dynamixel_workbench_msgs/include/dynamixel_workbench_msgs/dynamixel_workbench_msgs/msg/detail/mx_ext__struct.hpp
[1.281s] -- Symlinking: /home/darkdemon/work/motor_control/install/dynamixel_workbench_msgs/include/dynamixel_workbench_msgs/dynamixel_workbench_msgs/msg/detail/mx_ext__traits.hpp
[1.288s] -- Symlinking: /home/darkdemon/work/motor_control/install/dynamixel_workbench_msgs/include/dynamixel_workbench_msgs/dynamixel_workbench_msgs/msg/detail/mx_ext__type_support.hpp
[1.294s] -- Symlinking: /home/darkdemon/work/motor_control/install/dynamixel_workbench_msgs/include/dynamixel_workbench_msgs/dynamixel_workbench_msgs/msg/detail/pro__builder.hpp
[1.302s] -- Symlinking: /home/darkdemon/work/motor_control/install/dynamixel_workbench_msgs/include/dynamixel_workbench_msgs/dynamixel_workbench_msgs/msg/detail/pro__struct.hpp
[1.307s] -- Symlinking: /home/darkdemon/work/motor_control/install/dynamixel_workbench_msgs/include/dynamixel_workbench_msgs/dynamixel_workbench_msgs/msg/detail/pro__traits.hpp
[1.312s] -- Symlinking: /home/darkdemon/work/motor_control/install/dynamixel_workbench_msgs/include/dynamixel_workbench_msgs/dynamixel_workbench_msgs/msg/detail/pro__type_support.hpp
[1.319s] -- Symlinking: /home/darkdemon/work/motor_control/install/dynamixel_workbench_msgs/include/dynamixel_workbench_msgs/dynamixel_workbench_msgs/msg/detail/pro_ext__builder.hpp
[1.326s] -- Symlinking: /home/darkdemon/work/motor_control/install/dynamixel_workbench_msgs/include/dynamixel_workbench_msgs/dynamixel_workbench_msgs/msg/detail/pro_ext__struct.hpp
[1.331s] -- Symlinking: /home/darkdemon/work/motor_control/install/dynamixel_workbench_msgs/include/dynamixel_workbench_msgs/dynamixel_workbench_msgs/msg/detail/pro_ext__traits.hpp
[1.338s] -- Symlinking: /home/darkdemon/work/motor_control/install/dynamixel_workbench_msgs/include/dynamixel_workbench_msgs/dynamixel_workbench_msgs/msg/detail/pro_ext__type_support.hpp
[1.343s] -- Symlinking: /home/darkdemon/work/motor_control/install/dynamixel_workbench_msgs/include/dynamixel_workbench_msgs/dynamixel_workbench_msgs/msg/detail/rx__builder.hpp
[1.350s] -- Symlinking: /home/darkdemon/work/motor_control/install/dynamixel_workbench_msgs/include/dynamixel_workbench_msgs/dynamixel_workbench_msgs/msg/detail/rx__struct.hpp
[1.356s] -- Symlinking: /home/darkdemon/work/motor_control/install/dynamixel_workbench_msgs/include/dynamixel_workbench_msgs/dynamixel_workbench_msgs/msg/detail/rx__traits.hpp
[1.362s] -- Symlinking: /home/darkdemon/work/motor_control/install/dynamixel_workbench_msgs/include/dynamixel_workbench_msgs/dynamixel_workbench_msgs/msg/detail/rx__type_support.hpp
[1.367s] -- Symlinking: /home/darkdemon/work/motor_control/install/dynamixel_workbench_msgs/include/dynamixel_workbench_msgs/dynamixel_workbench_msgs/msg/detail/xh__builder.hpp
[1.372s] -- Symlinking: /home/darkdemon/work/motor_control/install/dynamixel_workbench_msgs/include/dynamixel_workbench_msgs/dynamixel_workbench_msgs/msg/detail/xh__struct.hpp
[1.380s] -- Symlinking: /home/darkdemon/work/motor_control/install/dynamixel_workbench_msgs/include/dynamixel_workbench_msgs/dynamixel_workbench_msgs/msg/detail/xh__traits.hpp
[1.386s] -- Symlinking: /home/darkdemon/work/motor_control/install/dynamixel_workbench_msgs/include/dynamixel_workbench_msgs/dynamixel_workbench_msgs/msg/detail/xh__type_support.hpp
[1.393s] -- Symlinking: /home/darkdemon/work/motor_control/install/dynamixel_workbench_msgs/include/dynamixel_workbench_msgs/dynamixel_workbench_msgs/msg/detail/xl320__builder.hpp
[1.399s] -- Symlinking: /home/darkdemon/work/motor_control/install/dynamixel_workbench_msgs/include/dynamixel_workbench_msgs/dynamixel_workbench_msgs/msg/detail/xl320__struct.hpp
[1.405s] -- Symlinking: /home/darkdemon/work/motor_control/install/dynamixel_workbench_msgs/include/dynamixel_workbench_msgs/dynamixel_workbench_msgs/msg/detail/xl320__traits.hpp
[1.411s] -- Symlinking: /home/darkdemon/work/motor_control/install/dynamixel_workbench_msgs/include/dynamixel_workbench_msgs/dynamixel_workbench_msgs/msg/detail/xl320__type_support.hpp
[1.418s] -- Symlinking: /home/darkdemon/work/motor_control/install/dynamixel_workbench_msgs/include/dynamixel_workbench_msgs/dynamixel_workbench_msgs/msg/detail/xl__builder.hpp
[1.424s] -- Symlinking: /home/darkdemon/work/motor_control/install/dynamixel_workbench_msgs/include/dynamixel_workbench_msgs/dynamixel_workbench_msgs/msg/detail/xl__struct.hpp
[1.429s] -- Symlinking: /home/darkdemon/work/motor_control/install/dynamixel_workbench_msgs/include/dynamixel_workbench_msgs/dynamixel_workbench_msgs/msg/detail/xl__traits.hpp
[1.435s] -- Symlinking: /home/darkdemon/work/motor_control/install/dynamixel_workbench_msgs/include/dynamixel_workbench_msgs/dynamixel_workbench_msgs/msg/detail/xl__type_support.hpp
[1.440s] -- Symlinking: /home/darkdemon/work/motor_control/install/dynamixel_workbench_msgs/include/dynamixel_workbench_msgs/dynamixel_workbench_msgs/msg/detail/xm__builder.hpp
[1.445s] -- Symlinking: /home/darkdemon/work/motor_control/install/dynamixel_workbench_msgs/include/dynamixel_workbench_msgs/dynamixel_workbench_msgs/msg/detail/xm__struct.hpp
[1.450s] -- Symlinking: /home/darkdemon/work/motor_control/install/dynamixel_workbench_msgs/include/dynamixel_workbench_msgs/dynamixel_workbench_msgs/msg/detail/xm__traits.hpp
[1.455s] -- Symlinking: /home/darkdemon/work/motor_control/install/dynamixel_workbench_msgs/include/dynamixel_workbench_msgs/dynamixel_workbench_msgs/msg/detail/xm__type_support.hpp
[1.462s] -- Symlinking: /home/darkdemon/work/motor_control/install/dynamixel_workbench_msgs/include/dynamixel_workbench_msgs/dynamixel_workbench_msgs/msg/detail/xm_ext__builder.hpp
[1.469s] -- Symlinking: /home/darkdemon/work/motor_control/install/dynamixel_workbench_msgs/include/dynamixel_workbench_msgs/dynamixel_workbench_msgs/msg/detail/xm_ext__struct.hpp
[1.474s] -- Symlinking: /home/darkdemon/work/motor_control/install/dynamixel_workbench_msgs/include/dynamixel_workbench_msgs/dynamixel_workbench_msgs/msg/detail/xm_ext__traits.hpp
[1.481s] -- Symlinking: /home/darkdemon/work/motor_control/install/dynamixel_workbench_msgs/include/dynamixel_workbench_msgs/dynamixel_workbench_msgs/msg/detail/xm_ext__type_support.hpp
[1.488s] -- Symlinking: /home/darkdemon/work/motor_control/install/dynamixel_workbench_msgs/include/dynamixel_workbench_msgs/dynamixel_workbench_msgs/msg/dynamixel_info.hpp
[1.495s] -- Symlinking: /home/darkdemon/work/motor_control/install/dynamixel_workbench_msgs/include/dynamixel_workbench_msgs/dynamixel_workbench_msgs/msg/dynamixel_load_info.hpp
[1.500s] -- Symlinking: /home/darkdemon/work/motor_control/install/dynamixel_workbench_msgs/include/dynamixel_workbench_msgs/dynamixel_workbench_msgs/msg/dynamixel_state.hpp
[1.507s] -- Symlinking: /home/darkdemon/work/motor_control/install/dynamixel_workbench_msgs/include/dynamixel_workbench_msgs/dynamixel_workbench_msgs/msg/dynamixel_state_list.hpp
[1.512s] -- Symlinking: /home/darkdemon/work/motor_control/install/dynamixel_workbench_msgs/include/dynamixel_workbench_msgs/dynamixel_workbench_msgs/msg/ex.hpp
[1.517s] -- Symlinking: /home/darkdemon/work/motor_control/install/dynamixel_workbench_msgs/include/dynamixel_workbench_msgs/dynamixel_workbench_msgs/msg/mx.hpp
[1.523s] -- Symlinking: /home/darkdemon/work/motor_control/install/dynamixel_workbench_msgs/include/dynamixel_workbench_msgs/dynamixel_workbench_msgs/msg/mx2.hpp
[1.530s] -- Symlinking: /home/darkdemon/work/motor_control/install/dynamixel_workbench_msgs/include/dynamixel_workbench_msgs/dynamixel_workbench_msgs/msg/mx2_ext.hpp
[1.536s] -- Symlinking: /home/darkdemon/work/motor_control/install/dynamixel_workbench_msgs/include/dynamixel_workbench_msgs/dynamixel_workbench_msgs/msg/mx_ext.hpp
[1.542s] -- Symlinking: /home/darkdemon/work/motor_control/install/dynamixel_workbench_msgs/include/dynamixel_workbench_msgs/dynamixel_workbench_msgs/msg/pro.hpp
[1.549s] -- Symlinking: /home/darkdemon/work/motor_control/install/dynamixel_workbench_msgs/include/dynamixel_workbench_msgs/dynamixel_workbench_msgs/msg/pro_ext.hpp
[1.554s] -- Symlinking: /home/darkdemon/work/motor_control/install/dynamixel_workbench_msgs/include/dynamixel_workbench_msgs/dynamixel_workbench_msgs/msg/rosidl_generator_cpp__visibility_control.hpp
[1.562s] -- Symlinking: /home/darkdemon/work/motor_control/install/dynamixel_workbench_msgs/include/dynamixel_workbench_msgs/dynamixel_workbench_msgs/msg/rx.hpp
[1.569s] -- Symlinking: /home/darkdemon/work/motor_control/install/dynamixel_workbench_msgs/include/dynamixel_workbench_msgs/dynamixel_workbench_msgs/msg/xh.hpp
[1.574s] -- Symlinking: /home/darkdemon/work/motor_control/install/dynamixel_workbench_msgs/include/dynamixel_workbench_msgs/dynamixel_workbench_msgs/msg/xl.hpp
[1.580s] -- Symlinking: /home/darkdemon/work/motor_control/install/dynamixel_workbench_msgs/include/dynamixel_workbench_msgs/dynamixel_workbench_msgs/msg/xl320.hpp
[1.587s] -- Symlinking: /home/darkdemon/work/motor_control/install/dynamixel_workbench_msgs/include/dynamixel_workbench_msgs/dynamixel_workbench_msgs/msg/xm.hpp
[1.592s] -- Symlinking: /home/darkdemon/work/motor_control/install/dynamixel_workbench_msgs/include/dynamixel_workbench_msgs/dynamixel_workbench_msgs/msg/xm_ext.hpp
[1.597s] -- Symlinking: /home/darkdemon/work/motor_control/install/dynamixel_workbench_msgs/include/dynamixel_workbench_msgs/dynamixel_workbench_msgs/srv/detail/dynamixel_command__builder.hpp
[1.604s] -- Symlinking: /home/darkdemon/work/motor_control/install/dynamixel_workbench_msgs/include/dynamixel_workbench_msgs/dynamixel_workbench_msgs/srv/detail/dynamixel_command__struct.hpp
[1.611s] -- Symlinking: /home/darkdemon/work/motor_control/install/dynamixel_workbench_msgs/include/dynamixel_workbench_msgs/dynamixel_workbench_msgs/srv/detail/dynamixel_command__traits.hpp
[1.617s] -- Symlinking: /home/darkdemon/work/motor_control/install/dynamixel_workbench_msgs/include/dynamixel_workbench_msgs/dynamixel_workbench_msgs/srv/detail/dynamixel_command__type_support.hpp
[1.623s] -- Symlinking: /home/darkdemon/work/motor_control/install/dynamixel_workbench_msgs/include/dynamixel_workbench_msgs/dynamixel_workbench_msgs/srv/detail/get_dynamixel_info__builder.hpp
[1.630s] -- Symlinking: /home/darkdemon/work/motor_control/install/dynamixel_workbench_msgs/include/dynamixel_workbench_msgs/dynamixel_workbench_msgs/srv/detail/get_dynamixel_info__struct.hpp
[1.636s] -- Symlinking: /home/darkdemon/work/motor_control/install/dynamixel_workbench_msgs/include/dynamixel_workbench_msgs/dynamixel_workbench_msgs/srv/detail/get_dynamixel_info__traits.hpp
[1.644s] -- Symlinking: /home/darkdemon/work/motor_control/install/dynamixel_workbench_msgs/include/dynamixel_workbench_msgs/dynamixel_workbench_msgs/srv/detail/get_dynamixel_info__type_support.hpp
[1.651s] -- Symlinking: /home/darkdemon/work/motor_control/install/dynamixel_workbench_msgs/include/dynamixel_workbench_msgs/dynamixel_workbench_msgs/srv/dynamixel_command.hpp
[1.658s] -- Symlinking: /home/darkdemon/work/motor_control/install/dynamixel_workbench_msgs/include/dynamixel_workbench_msgs/dynamixel_workbench_msgs/srv/get_dynamixel_info.hpp
[1.664s] -- Symlinking: /home/darkdemon/work/motor_control/install/dynamixel_workbench_msgs/include/dynamixel_workbench_msgs/dynamixel_workbench_msgs/msg/detail/ax__rosidl_typesupport_fastrtps_cpp.hpp
[1.671s] -- Symlinking: /home/darkdemon/work/motor_control/install/dynamixel_workbench_msgs/include/dynamixel_workbench_msgs/dynamixel_workbench_msgs/msg/detail/dynamixel_info__rosidl_typesupport_fastrtps_cpp.hpp
[1.678s] -- Symlinking: /home/darkdemon/work/motor_control/install/dynamixel_workbench_msgs/include/dynamixel_workbench_msgs/dynamixel_workbench_msgs/msg/detail/dynamixel_load_info__rosidl_typesupport_fastrtps_cpp.hpp
[1.684s] -- Symlinking: /home/darkdemon/work/motor_control/install/dynamixel_workbench_msgs/include/dynamixel_workbench_msgs/dynamixel_workbench_msgs/msg/detail/dynamixel_state__rosidl_typesupport_fastrtps_cpp.hpp
[1.691s] -- Symlinking: /home/darkdemon/work/motor_control/install/dynamixel_workbench_msgs/include/dynamixel_workbench_msgs/dynamixel_workbench_msgs/msg/detail/dynamixel_state_list__rosidl_typesupport_fastrtps_cpp.hpp
[1.696s] -- Symlinking: /home/darkdemon/work/motor_control/install/dynamixel_workbench_msgs/include/dynamixel_workbench_msgs/dynamixel_workbench_msgs/msg/detail/ex__rosidl_typesupport_fastrtps_cpp.hpp
[1.703s] -- Symlinking: /home/darkdemon/work/motor_control/install/dynamixel_workbench_msgs/include/dynamixel_workbench_msgs/dynamixel_workbench_msgs/msg/detail/mx2__rosidl_typesupport_fastrtps_cpp.hpp
[1.710s] -- Symlinking: /home/darkdemon/work/motor_control/install/dynamixel_workbench_msgs/include/dynamixel_workbench_msgs/dynamixel_workbench_msgs/msg/detail/mx2_ext__rosidl_typesupport_fastrtps_cpp.hpp
[1.717s] -- Symlinking: /home/darkdemon/work/motor_control/install/dynamixel_workbench_msgs/include/dynamixel_workbench_msgs/dynamixel_workbench_msgs/msg/detail/mx__rosidl_typesupport_fastrtps_cpp.hpp
[1.723s] -- Symlinking: /home/darkdemon/work/motor_control/install/dynamixel_workbench_msgs/include/dynamixel_workbench_msgs/dynamixel_workbench_msgs/msg/detail/mx_ext__rosidl_typesupport_fastrtps_cpp.hpp
[1.730s] -- Symlinking: /home/darkdemon/work/motor_control/install/dynamixel_workbench_msgs/include/dynamixel_workbench_msgs/dynamixel_workbench_msgs/msg/detail/pro__rosidl_typesupport_fastrtps_cpp.hpp
[1.735s] -- Symlinking: /home/darkdemon/work/motor_control/install/dynamixel_workbench_msgs/include/dynamixel_workbench_msgs/dynamixel_workbench_msgs/msg/detail/pro_ext__rosidl_typesupport_fastrtps_cpp.hpp
[1.741s] -- Symlinking: /home/darkdemon/work/motor_control/install/dynamixel_workbench_msgs/include/dynamixel_workbench_msgs/dynamixel_workbench_msgs/msg/detail/rx__rosidl_typesupport_fastrtps_cpp.hpp
[1.749s] -- Symlinking: /home/darkdemon/work/motor_control/install/dynamixel_workbench_msgs/include/dynamixel_workbench_msgs/dynamixel_workbench_msgs/msg/detail/xh__rosidl_typesupport_fastrtps_cpp.hpp
[1.755s] -- Symlinking: /home/darkdemon/work/motor_control/install/dynamixel_workbench_msgs/include/dynamixel_workbench_msgs/dynamixel_workbench_msgs/msg/detail/xl320__rosidl_typesupport_fastrtps_cpp.hpp
[1.763s] -- Symlinking: /home/darkdemon/work/motor_control/install/dynamixel_workbench_msgs/include/dynamixel_workbench_msgs/dynamixel_workbench_msgs/msg/detail/xl__rosidl_typesupport_fastrtps_cpp.hpp
[1.773s] -- Symlinking: /home/darkdemon/work/motor_control/install/dynamixel_workbench_msgs/include/dynamixel_workbench_msgs/dynamixel_workbench_msgs/msg/detail/xm__rosidl_typesupport_fastrtps_cpp.hpp
[1.781s] -- Symlinking: /home/darkdemon/work/motor_control/install/dynamixel_workbench_msgs/include/dynamixel_workbench_msgs/dynamixel_workbench_msgs/msg/detail/xm_ext__rosidl_typesupport_fastrtps_cpp.hpp
[1.792s] -- Symlinking: /home/darkdemon/work/motor_control/install/dynamixel_workbench_msgs/include/dynamixel_workbench_msgs/dynamixel_workbench_msgs/msg/rosidl_typesupport_fastrtps_cpp__visibility_control.h
[1.798s] -- Symlinking: /home/darkdemon/work/motor_control/install/dynamixel_workbench_msgs/include/dynamixel_workbench_msgs/dynamixel_workbench_msgs/srv/detail/dynamixel_command__rosidl_typesupport_fastrtps_cpp.hpp
[1.805s] -- Symlinking: /home/darkdemon/work/motor_control/install/dynamixel_workbench_msgs/include/dynamixel_workbench_msgs/dynamixel_workbench_msgs/srv/detail/get_dynamixel_info__rosidl_typesupport_fastrtps_cpp.hpp
[1.813s] -- Symlinking: /home/darkdemon/work/motor_control/install/dynamixel_workbench_msgs/include/dynamixel_workbench_msgs/dynamixel_workbench_msgs/msg/detail/ax__rosidl_typesupport_introspection_cpp.hpp
[1.822s] -- Symlinking: /home/darkdemon/work/motor_control/install/dynamixel_workbench_msgs/include/dynamixel_workbench_msgs/dynamixel_workbench_msgs/msg/detail/dynamixel_info__rosidl_typesupport_introspection_cpp.hpp
[1.831s] -- Symlinking: /home/darkdemon/work/motor_control/install/dynamixel_workbench_msgs/include/dynamixel_workbench_msgs/dynamixel_workbench_msgs/msg/detail/dynamixel_load_info__rosidl_typesupport_introspection_cpp.hpp
[1.841s] -- Symlinking: /home/darkdemon/work/motor_control/install/dynamixel_workbench_msgs/include/dynamixel_workbench_msgs/dynamixel_workbench_msgs/msg/detail/dynamixel_state__rosidl_typesupport_introspection_cpp.hpp
[1.850s] -- Symlinking: /home/darkdemon/work/motor_control/install/dynamixel_workbench_msgs/include/dynamixel_workbench_msgs/dynamixel_workbench_msgs/msg/detail/dynamixel_state_list__rosidl_typesupport_introspection_cpp.hpp
[1.857s] -- Symlinking: /home/darkdemon/work/motor_control/install/dynamixel_workbench_msgs/include/dynamixel_workbench_msgs/dynamixel_workbench_msgs/msg/detail/ex__rosidl_typesupport_introspection_cpp.hpp
[1.866s] -- Symlinking: /home/darkdemon/work/motor_control/install/dynamixel_workbench_msgs/include/dynamixel_workbench_msgs/dynamixel_workbench_msgs/msg/detail/mx2__rosidl_typesupport_introspection_cpp.hpp
[1.872s] -- Symlinking: /home/darkdemon/work/motor_control/install/dynamixel_workbench_msgs/include/dynamixel_workbench_msgs/dynamixel_workbench_msgs/msg/detail/mx2_ext__rosidl_typesupport_introspection_cpp.hpp
[1.878s] -- Symlinking: /home/darkdemon/work/motor_control/install/dynamixel_workbench_msgs/include/dynamixel_workbench_msgs/dynamixel_workbench_msgs/msg/detail/mx__rosidl_typesupport_introspection_cpp.hpp
[1.884s] -- Symlinking: /home/darkdemon/work/motor_control/install/dynamixel_workbench_msgs/include/dynamixel_workbench_msgs/dynamixel_workbench_msgs/msg/detail/mx_ext__rosidl_typesupport_introspection_cpp.hpp
[1.891s] -- Symlinking: /home/darkdemon/work/motor_control/install/dynamixel_workbench_msgs/include/dynamixel_workbench_msgs/dynamixel_workbench_msgs/msg/detail/pro__rosidl_typesupport_introspection_cpp.hpp
[1.900s] -- Symlinking: /home/darkdemon/work/motor_control/install/dynamixel_workbench_msgs/include/dynamixel_workbench_msgs/dynamixel_workbench_msgs/msg/detail/pro_ext__rosidl_typesupport_introspection_cpp.hpp
[1.906s] -- Symlinking: /home/darkdemon/work/motor_control/install/dynamixel_workbench_msgs/include/dynamixel_workbench_msgs/dynamixel_workbench_msgs/msg/detail/rx__rosidl_typesupport_introspection_cpp.hpp
[1.915s] -- Symlinking: /home/darkdemon/work/motor_control/install/dynamixel_workbench_msgs/include/dynamixel_workbench_msgs/dynamixel_workbench_msgs/msg/detail/xh__rosidl_typesupport_introspection_cpp.hpp
[1.921s] -- Symlinking: /home/darkdemon/work/motor_control/install/dynamixel_workbench_msgs/include/dynamixel_workbench_msgs/dynamixel_workbench_msgs/msg/detail/xl320__rosidl_typesupport_introspection_cpp.hpp
[1.927s] -- Symlinking: /home/darkdemon/work/motor_control/install/dynamixel_workbench_msgs/include/dynamixel_workbench_msgs/dynamixel_workbench_msgs/msg/detail/xl__rosidl_typesupport_introspection_cpp.hpp
[1.932s] -- Symlinking: /home/darkdemon/work/motor_control/install/dynamixel_workbench_msgs/include/dynamixel_workbench_msgs/dynamixel_workbench_msgs/msg/detail/xm__rosidl_typesupport_introspection_cpp.hpp
[1.938s] -- Symlinking: /home/darkdemon/work/motor_control/install/dynamixel_workbench_msgs/include/dynamixel_workbench_msgs/dynamixel_workbench_msgs/msg/detail/xm_ext__rosidl_typesupport_introspection_cpp.hpp
[1.944s] -- Symlinking: /home/darkdemon/work/motor_control/install/dynamixel_workbench_msgs/include/dynamixel_workbench_msgs/dynamixel_workbench_msgs/srv/detail/dynamixel_command__rosidl_typesupport_introspection_cpp.hpp
[1.950s] -- Symlinking: /home/darkdemon/work/motor_control/install/dynamixel_workbench_msgs/include/dynamixel_workbench_msgs/dynamixel_workbench_msgs/srv/detail/get_dynamixel_info__rosidl_typesupport_introspection_cpp.hpp
[1.956s] -- Symlinking: /home/darkdemon/work/motor_control/install/dynamixel_workbench_msgs/share/dynamixel_workbench_msgs/environment/pythonpath.sh
[1.963s] -- Symlinking: /home/darkdemon/work/motor_control/install/dynamixel_workbench_msgs/share/dynamixel_workbench_msgs/environment/pythonpath.dsv
[1.970s] -- Symlinking: /home/darkdemon/work/motor_control/install/dynamixel_workbench_msgs/local/lib/python3.10/dist-packages/dynamixel_workbench_msgs-2.0.3-py3.10.egg-info/PKG-INFO
[1.976s] -- Symlinking: /home/darkdemon/work/motor_control/install/dynamixel_workbench_msgs/local/lib/python3.10/dist-packages/dynamixel_workbench_msgs-2.0.3-py3.10.egg-info/SOURCES.txt
[1.983s] -- Symlinking: /home/darkdemon/work/motor_control/install/dynamixel_workbench_msgs/local/lib/python3.10/dist-packages/dynamixel_workbench_msgs-2.0.3-py3.10.egg-info/dependency_links.txt
[1.993s] -- Symlinking: /home/darkdemon/work/motor_control/install/dynamixel_workbench_msgs/local/lib/python3.10/dist-packages/dynamixel_workbench_msgs-2.0.3-py3.10.egg-info/top_level.txt
[2.004s] -- Symlinking: /home/darkdemon/work/motor_control/install/dynamixel_workbench_msgs/local/lib/python3.10/dist-packages/dynamixel_workbench_msgs/__init__.py
[2.010s] -- Symlinking: /home/darkdemon/work/motor_control/install/dynamixel_workbench_msgs/local/lib/python3.10/dist-packages/dynamixel_workbench_msgs/_dynamixel_workbench_msgs_s.ep.rosidl_typesupport_c.c
[2.019s] -- Symlinking: /home/darkdemon/work/motor_control/install/dynamixel_workbench_msgs/local/lib/python3.10/dist-packages/dynamixel_workbench_msgs/_dynamixel_workbench_msgs_s.ep.rosidl_typesupport_fastrtps_c.c
[2.025s] -- Symlinking: /home/darkdemon/work/motor_control/install/dynamixel_workbench_msgs/local/lib/python3.10/dist-packages/dynamixel_workbench_msgs/_dynamixel_workbench_msgs_s.ep.rosidl_typesupport_introspection_c.c
[2.031s] -- Symlinking: /home/darkdemon/work/motor_control/install/dynamixel_workbench_msgs/local/lib/python3.10/dist-packages/dynamixel_workbench_msgs/dynamixel_workbench_msgs_s__rosidl_typesupport_c.cpython-310-x86_64-linux-gnu.so
[2.037s] -- Symlinking: /home/darkdemon/work/motor_control/install/dynamixel_workbench_msgs/local/lib/python3.10/dist-packages/dynamixel_workbench_msgs/dynamixel_workbench_msgs_s__rosidl_typesupport_fastrtps_c.cpython-310-x86_64-linux-gnu.so
[2.043s] -- Symlinking: /home/darkdemon/work/motor_control/install/dynamixel_workbench_msgs/local/lib/python3.10/dist-packages/dynamixel_workbench_msgs/dynamixel_workbench_msgs_s__rosidl_typesupport_introspection_c.cpython-310-x86_64-linux-gnu.so
[2.049s] -- Symlinking: /home/darkdemon/work/motor_control/install/dynamixel_workbench_msgs/local/lib/python3.10/dist-packages/dynamixel_workbench_msgs/libdynamixel_workbench_msgs__rosidl_generator_py.so
[2.055s] -- Symlinking: /home/darkdemon/work/motor_control/install/dynamixel_workbench_msgs/local/lib/python3.10/dist-packages/dynamixel_workbench_msgs/msg/__init__.py
[2.061s] -- Symlinking: /home/darkdemon/work/motor_control/install/dynamixel_workbench_msgs/local/lib/python3.10/dist-packages/dynamixel_workbench_msgs/msg/_ax.py
[2.067s] -- Symlinking: /home/darkdemon/work/motor_control/install/dynamixel_workbench_msgs/local/lib/python3.10/dist-packages/dynamixel_workbench_msgs/msg/_ax_s.c
[2.074s] -- Symlinking: /home/darkdemon/work/motor_control/install/dynamixel_workbench_msgs/local/lib/python3.10/dist-packages/dynamixel_workbench_msgs/msg/_dynamixel_info.py
[2.079s] -- Symlinking: /home/darkdemon/work/motor_control/install/dynamixel_workbench_msgs/local/lib/python3.10/dist-packages/dynamixel_workbench_msgs/msg/_dynamixel_info_s.c
[2.085s] -- Symlinking: /home/darkdemon/work/motor_control/install/dynamixel_workbench_msgs/local/lib/python3.10/dist-packages/dynamixel_workbench_msgs/msg/_dynamixel_load_info.py
[2.091s] -- Symlinking: /home/darkdemon/work/motor_control/install/dynamixel_workbench_msgs/local/lib/python3.10/dist-packages/dynamixel_workbench_msgs/msg/_dynamixel_load_info_s.c
[2.099s] -- Symlinking: /home/darkdemon/work/motor_control/install/dynamixel_workbench_msgs/local/lib/python3.10/dist-packages/dynamixel_workbench_msgs/msg/_dynamixel_state.py
[2.108s] -- Symlinking: /home/darkdemon/work/motor_control/install/dynamixel_workbench_msgs/local/lib/python3.10/dist-packages/dynamixel_workbench_msgs/msg/_dynamixel_state_list.py
[2.114s] -- Symlinking: /home/darkdemon/work/motor_control/install/dynamixel_workbench_msgs/local/lib/python3.10/dist-packages/dynamixel_workbench_msgs/msg/_dynamixel_state_list_s.c
[2.123s] -- Symlinking: /home/darkdemon/work/motor_control/install/dynamixel_workbench_msgs/local/lib/python3.10/dist-packages/dynamixel_workbench_msgs/msg/_dynamixel_state_s.c
[2.130s] -- Symlinking: /home/darkdemon/work/motor_control/install/dynamixel_workbench_msgs/local/lib/python3.10/dist-packages/dynamixel_workbench_msgs/msg/_ex.py
[2.137s] -- Symlinking: /home/darkdemon/work/motor_control/install/dynamixel_workbench_msgs/local/lib/python3.10/dist-packages/dynamixel_workbench_msgs/msg/_ex_s.c
[2.144s] -- Symlinking: /home/darkdemon/work/motor_control/install/dynamixel_workbench_msgs/local/lib/python3.10/dist-packages/dynamixel_workbench_msgs/msg/_mx.py
[2.152s] -- Symlinking: /home/darkdemon/work/motor_control/install/dynamixel_workbench_msgs/local/lib/python3.10/dist-packages/dynamixel_workbench_msgs/msg/_mx2.py
[2.158s] -- Symlinking: /home/darkdemon/work/motor_control/install/dynamixel_workbench_msgs/local/lib/python3.10/dist-packages/dynamixel_workbench_msgs/msg/_mx2_ext.py
[2.165s] -- Symlinking: /home/darkdemon/work/motor_control/install/dynamixel_workbench_msgs/local/lib/python3.10/dist-packages/dynamixel_workbench_msgs/msg/_mx2_ext_s.c
[2.171s] -- Symlinking: /home/darkdemon/work/motor_control/install/dynamixel_workbench_msgs/local/lib/python3.10/dist-packages/dynamixel_workbench_msgs/msg/_mx2_s.c
[2.177s] -- Symlinking: /home/darkdemon/work/motor_control/install/dynamixel_workbench_msgs/local/lib/python3.10/dist-packages/dynamixel_workbench_msgs/msg/_mx_ext.py
[2.183s] -- Symlinking: /home/darkdemon/work/motor_control/install/dynamixel_workbench_msgs/local/lib/python3.10/dist-packages/dynamixel_workbench_msgs/msg/_mx_ext_s.c
[2.189s] -- Symlinking: /home/darkdemon/work/motor_control/install/dynamixel_workbench_msgs/local/lib/python3.10/dist-packages/dynamixel_workbench_msgs/msg/_mx_s.c
[2.197s] -- Symlinking: /home/darkdemon/work/motor_control/install/dynamixel_workbench_msgs/local/lib/python3.10/dist-packages/dynamixel_workbench_msgs/msg/_pro.py
[2.206s] -- Symlinking: /home/darkdemon/work/motor_control/install/dynamixel_workbench_msgs/local/lib/python3.10/dist-packages/dynamixel_workbench_msgs/msg/_pro_ext.py
[2.215s] -- Symlinking: /home/darkdemon/work/motor_control/install/dynamixel_workbench_msgs/local/lib/python3.10/dist-packages/dynamixel_workbench_msgs/msg/_pro_ext_s.c
[2.221s] -- Symlinking: /home/darkdemon/work/motor_control/install/dynamixel_workbench_msgs/local/lib/python3.10/dist-packages/dynamixel_workbench_msgs/msg/_pro_s.c
[2.227s] -- Symlinking: /home/darkdemon/work/motor_control/install/dynamixel_workbench_msgs/local/lib/python3.10/dist-packages/dynamixel_workbench_msgs/msg/_rx.py
[2.233s] -- Symlinking: /home/darkdemon/work/motor_control/install/dynamixel_workbench_msgs/local/lib/python3.10/dist-packages/dynamixel_workbench_msgs/msg/_rx_s.c
[2.239s] -- Symlinking: /home/darkdemon/work/motor_control/install/dynamixel_workbench_msgs/local/lib/python3.10/dist-packages/dynamixel_workbench_msgs/msg/_xh.py
[2.245s] -- Symlinking: /home/darkdemon/work/motor_control/install/dynamixel_workbench_msgs/local/lib/python3.10/dist-packages/dynamixel_workbench_msgs/msg/_xh_s.c
[2.251s] -- Symlinking: /home/darkdemon/work/motor_control/install/dynamixel_workbench_msgs/local/lib/python3.10/dist-packages/dynamixel_workbench_msgs/msg/_xl.py
[2.260s] -- Symlinking: /home/darkdemon/work/motor_control/install/dynamixel_workbench_msgs/local/lib/python3.10/dist-packages/dynamixel_workbench_msgs/msg/_xl320.py
[2.266s] -- Symlinking: /home/darkdemon/work/motor_control/install/dynamixel_workbench_msgs/local/lib/python3.10/dist-packages/dynamixel_workbench_msgs/msg/_xl320_s.c
[2.273s] -- Symlinking: /home/darkdemon/work/motor_control/install/dynamixel_workbench_msgs/local/lib/python3.10/dist-packages/dynamixel_workbench_msgs/msg/_xl_s.c
[2.279s] -- Symlinking: /home/darkdemon/work/motor_control/install/dynamixel_workbench_msgs/local/lib/python3.10/dist-packages/dynamixel_workbench_msgs/msg/_xm.py
[2.286s] -- Symlinking: /home/darkdemon/work/motor_control/install/dynamixel_workbench_msgs/local/lib/python3.10/dist-packages/dynamixel_workbench_msgs/msg/_xm_ext.py
[2.292s] -- Symlinking: /home/darkdemon/work/motor_control/install/dynamixel_workbench_msgs/local/lib/python3.10/dist-packages/dynamixel_workbench_msgs/msg/_xm_ext_s.c
[2.298s] -- Symlinking: /home/darkdemon/work/motor_control/install/dynamixel_workbench_msgs/local/lib/python3.10/dist-packages/dynamixel_workbench_msgs/msg/_xm_s.c
[2.304s] -- Symlinking: /home/darkdemon/work/motor_control/install/dynamixel_workbench_msgs/local/lib/python3.10/dist-packages/dynamixel_workbench_msgs/srv/__init__.py
[2.310s] -- Symlinking: /home/darkdemon/work/motor_control/install/dynamixel_workbench_msgs/local/lib/python3.10/dist-packages/dynamixel_workbench_msgs/srv/_dynamixel_command.py
[2.317s] -- Symlinking: /home/darkdemon/work/motor_control/install/dynamixel_workbench_msgs/local/lib/python3.10/dist-packages/dynamixel_workbench_msgs/srv/_dynamixel_command_s.c
[2.323s] -- Symlinking: /home/darkdemon/work/motor_control/install/dynamixel_workbench_msgs/local/lib/python3.10/dist-packages/dynamixel_workbench_msgs/srv/_get_dynamixel_info.py
[2.330s] -- Symlinking: /home/darkdemon/work/motor_control/install/dynamixel_workbench_msgs/local/lib/python3.10/dist-packages/dynamixel_workbench_msgs/srv/_get_dynamixel_info_s.c
[2.337s] -- Up-to-date symlink: /home/darkdemon/work/motor_control/install/dynamixel_workbench_msgs/local/lib/python3.10/dist-packages/dynamixel_workbench_msgs/dynamixel_workbench_msgs_s__rosidl_typesupport_fastrtps_c.cpython-310-x86_64-linux-gnu.so
[2.337s] -- Up-to-date symlink: /home/darkdemon/work/motor_control/install/dynamixel_workbench_msgs/local/lib/python3.10/dist-packages/dynamixel_workbench_msgs/dynamixel_workbench_msgs_s__rosidl_typesupport_introspection_c.cpython-310-x86_64-linux-gnu.so
[2.337s] -- Up-to-date symlink: /home/darkdemon/work/motor_control/install/dynamixel_workbench_msgs/local/lib/python3.10/dist-packages/dynamixel_workbench_msgs/dynamixel_workbench_msgs_s__rosidl_typesupport_c.cpython-310-x86_64-linux-gnu.so
[2.337s] -- Symlinking: /home/darkdemon/work/motor_control/install/dynamixel_workbench_msgs/share/dynamixel_workbench_msgs/msg/AX.idl
[2.344s] -- Symlinking: /home/darkdemon/work/motor_control/install/dynamixel_workbench_msgs/share/dynamixel_workbench_msgs/msg/EX.idl
[2.350s] -- Symlinking: /home/darkdemon/work/motor_control/install/dynamixel_workbench_msgs/share/dynamixel_workbench_msgs/msg/MX.idl
[2.359s] -- Symlinking: /home/darkdemon/work/motor_control/install/dynamixel_workbench_msgs/share/dynamixel_workbench_msgs/msg/MX2.idl
[2.365s] -- Symlinking: /home/darkdemon/work/motor_control/install/dynamixel_workbench_msgs/share/dynamixel_workbench_msgs/msg/MX2Ext.idl
[2.374s] -- Symlinking: /home/darkdemon/work/motor_control/install/dynamixel_workbench_msgs/share/dynamixel_workbench_msgs/msg/MXExt.idl
[2.384s] -- Symlinking: /home/darkdemon/work/motor_control/install/dynamixel_workbench_msgs/share/dynamixel_workbench_msgs/msg/PRO.idl
[2.390s] -- Symlinking: /home/darkdemon/work/motor_control/install/dynamixel_workbench_msgs/share/dynamixel_workbench_msgs/msg/PROExt.idl
[2.397s] -- Symlinking: /home/darkdemon/work/motor_control/install/dynamixel_workbench_msgs/share/dynamixel_workbench_msgs/msg/RX.idl
[2.405s] -- Symlinking: /home/darkdemon/work/motor_control/install/dynamixel_workbench_msgs/share/dynamixel_workbench_msgs/msg/XH.idl
[2.413s] -- Symlinking: /home/darkdemon/work/motor_control/install/dynamixel_workbench_msgs/share/dynamixel_workbench_msgs/msg/XL.idl
[2.420s] -- Symlinking: /home/darkdemon/work/motor_control/install/dynamixel_workbench_msgs/share/dynamixel_workbench_msgs/msg/XL320.idl
[2.430s] -- Symlinking: /home/darkdemon/work/motor_control/install/dynamixel_workbench_msgs/share/dynamixel_workbench_msgs/msg/XM.idl
[2.437s] -- Symlinking: /home/darkdemon/work/motor_control/install/dynamixel_workbench_msgs/share/dynamixel_workbench_msgs/msg/XMExt.idl
[2.444s] -- Symlinking: /home/darkdemon/work/motor_control/install/dynamixel_workbench_msgs/share/dynamixel_workbench_msgs/msg/DynamixelState.idl
[2.453s] -- Symlinking: /home/darkdemon/work/motor_control/install/dynamixel_workbench_msgs/share/dynamixel_workbench_msgs/msg/DynamixelStateList.idl
[2.463s] -- Symlinking: /home/darkdemon/work/motor_control/install/dynamixel_workbench_msgs/share/dynamixel_workbench_msgs/msg/DynamixelInfo.idl
[2.473s] -- Symlinking: /home/darkdemon/work/motor_control/install/dynamixel_workbench_msgs/share/dynamixel_workbench_msgs/msg/DynamixelLoadInfo.idl
[2.482s] -- Symlinking: /home/darkdemon/work/motor_control/install/dynamixel_workbench_msgs/share/dynamixel_workbench_msgs/srv/GetDynamixelInfo.idl
[2.489s] -- Symlinking: /home/darkdemon/work/motor_control/install/dynamixel_workbench_msgs/share/dynamixel_workbench_msgs/srv/DynamixelCommand.idl
[2.496s] -- Symlinking: /home/darkdemon/work/motor_control/install/dynamixel_workbench_msgs/share/dynamixel_workbench_msgs/msg/AX.msg
[2.503s] -- Symlinking: /home/darkdemon/work/motor_control/install/dynamixel_workbench_msgs/share/dynamixel_workbench_msgs/msg/EX.msg
[2.510s] -- Symlinking: /home/darkdemon/work/motor_control/install/dynamixel_workbench_msgs/share/dynamixel_workbench_msgs/msg/MX.msg
[2.520s] -- Symlinking: /home/darkdemon/work/motor_control/install/dynamixel_workbench_msgs/share/dynamixel_workbench_msgs/msg/MX2.msg
[2.528s] -- Symlinking: /home/darkdemon/work/motor_control/install/dynamixel_workbench_msgs/share/dynamixel_workbench_msgs/msg/MX2Ext.msg
[2.535s] -- Symlinking: /home/darkdemon/work/motor_control/install/dynamixel_workbench_msgs/share/dynamixel_workbench_msgs/msg/MXExt.msg
[2.542s] -- Symlinking: /home/darkdemon/work/motor_control/install/dynamixel_workbench_msgs/share/dynamixel_workbench_msgs/msg/PRO.msg
[2.548s] -- Symlinking: /home/darkdemon/work/motor_control/install/dynamixel_workbench_msgs/share/dynamixel_workbench_msgs/msg/PROExt.msg
[2.555s] -- Symlinking: /home/darkdemon/work/motor_control/install/dynamixel_workbench_msgs/share/dynamixel_workbench_msgs/msg/RX.msg
[2.561s] -- Symlinking: /home/darkdemon/work/motor_control/install/dynamixel_workbench_msgs/share/dynamixel_workbench_msgs/msg/XH.msg
[2.569s] -- Symlinking: /home/darkdemon/work/motor_control/install/dynamixel_workbench_msgs/share/dynamixel_workbench_msgs/msg/XL.msg
[2.576s] -- Symlinking: /home/darkdemon/work/motor_control/install/dynamixel_workbench_msgs/share/dynamixel_workbench_msgs/msg/XL320.msg
[2.585s] -- Symlinking: /home/darkdemon/work/motor_control/install/dynamixel_workbench_msgs/share/dynamixel_workbench_msgs/msg/XM.msg
[2.592s] -- Symlinking: /home/darkdemon/work/motor_control/install/dynamixel_workbench_msgs/share/dynamixel_workbench_msgs/msg/XMExt.msg
[2.598s] -- Symlinking: /home/darkdemon/work/motor_control/install/dynamixel_workbench_msgs/share/dynamixel_workbench_msgs/msg/DynamixelState.msg
[2.605s] -- Symlinking: /home/darkdemon/work/motor_control/install/dynamixel_workbench_msgs/share/dynamixel_workbench_msgs/msg/DynamixelStateList.msg
[2.611s] -- Symlinking: /home/darkdemon/work/motor_control/install/dynamixel_workbench_msgs/share/dynamixel_workbench_msgs/msg/DynamixelInfo.msg
[2.618s] -- Symlinking: /home/darkdemon/work/motor_control/install/dynamixel_workbench_msgs/share/dynamixel_workbench_msgs/msg/DynamixelLoadInfo.msg
[2.624s] -- Symlinking: /home/darkdemon/work/motor_control/install/dynamixel_workbench_msgs/share/dynamixel_workbench_msgs/srv/GetDynamixelInfo.srv
[2.631s] -- Symlinking: /home/darkdemon/work/motor_control/install/dynamixel_workbench_msgs/share/dynamixel_workbench_msgs/srv/GetDynamixelInfo_Request.msg
[2.638s] -- Symlinking: /home/darkdemon/work/motor_control/install/dynamixel_workbench_msgs/share/dynamixel_workbench_msgs/srv/GetDynamixelInfo_Response.msg
[2.645s] -- Symlinking: /home/darkdemon/work/motor_control/install/dynamixel_workbench_msgs/share/dynamixel_workbench_msgs/srv/DynamixelCommand.srv
[2.652s] -- Symlinking: /home/darkdemon/work/motor_control/install/dynamixel_workbench_msgs/share/dynamixel_workbench_msgs/srv/DynamixelCommand_Request.msg
[2.659s] -- Symlinking: /home/darkdemon/work/motor_control/install/dynamixel_workbench_msgs/share/dynamixel_workbench_msgs/srv/DynamixelCommand_Response.msg
[2.667s] -- Symlinking: /home/darkdemon/work/motor_control/install/dynamixel_workbench_msgs/share/ament_index/resource_index/package_run_dependencies/dynamixel_workbench_msgs
[2.675s] -- Symlinking: /home/darkdemon/work/motor_control/install/dynamixel_workbench_msgs/share/ament_index/resource_index/parent_prefix_path/dynamixel_workbench_msgs
[2.681s] -- Symlinking: /home/darkdemon/work/motor_control/install/dynamixel_workbench_msgs/share/dynamixel_workbench_msgs/environment/ament_prefix_path.sh
[2.690s] -- Symlinking: /home/darkdemon/work/motor_control/install/dynamixel_workbench_msgs/share/dynamixel_workbench_msgs/environment/ament_prefix_path.dsv
[2.698s] -- Symlinking: /home/darkdemon/work/motor_control/install/dynamixel_workbench_msgs/share/dynamixel_workbench_msgs/environment/path.sh
[2.706s] -- Symlinking: /home/darkdemon/work/motor_control/install/dynamixel_workbench_msgs/share/dynamixel_workbench_msgs/environment/path.dsv
[2.713s] -- Symlinking: /home/darkdemon/work/motor_control/install/dynamixel_workbench_msgs/share/dynamixel_workbench_msgs/local_setup.bash
[2.720s] -- Symlinking: /home/darkdemon/work/motor_control/install/dynamixel_workbench_msgs/share/dynamixel_workbench_msgs/local_setup.sh
[2.726s] -- Symlinking: /home/darkdemon/work/motor_control/install/dynamixel_workbench_msgs/share/dynamixel_workbench_msgs/local_setup.zsh
[2.734s] -- Symlinking: /home/darkdemon/work/motor_control/install/dynamixel_workbench_msgs/share/dynamixel_workbench_msgs/local_setup.dsv
[2.741s] -- Symlinking: /home/darkdemon/work/motor_control/install/dynamixel_workbench_msgs/share/dynamixel_workbench_msgs/package.dsv
[2.748s] -- Symlinking: /home/darkdemon/work/motor_control/install/dynamixel_workbench_msgs/share/ament_index/resource_index/packages/dynamixel_workbench_msgs
[2.755s] -- Symlinking: /home/darkdemon/work/motor_control/install/dynamixel_workbench_msgs/share/dynamixel_workbench_msgs/cmake/rosidl_cmake-extras.cmake
[2.762s] -- Symlinking: /home/darkdemon/work/motor_control/install/dynamixel_workbench_msgs/share/dynamixel_workbench_msgs/cmake/ament_cmake_export_dependencies-extras.cmake
[2.769s] -- Symlinking: /home/darkdemon/work/motor_control/install/dynamixel_workbench_msgs/share/dynamixel_workbench_msgs/cmake/ament_cmake_export_include_directories-extras.cmake
[2.776s] -- Symlinking: /home/darkdemon/work/motor_control/install/dynamixel_workbench_msgs/share/dynamixel_workbench_msgs/cmake/ament_cmake_export_libraries-extras.cmake
[2.782s] -- Symlinking: /home/darkdemon/work/motor_control/install/dynamixel_workbench_msgs/share/dynamixel_workbench_msgs/cmake/ament_cmake_export_targets-extras.cmake
[2.789s] -- Symlinking: /home/darkdemon/work/motor_control/install/dynamixel_workbench_msgs/share/dynamixel_workbench_msgs/cmake/rosidl_cmake_export_typesupport_targets-extras.cmake
[2.796s] -- Symlinking: /home/darkdemon/work/motor_control/install/dynamixel_workbench_msgs/share/dynamixel_workbench_msgs/cmake/rosidl_cmake_export_typesupport_libraries-extras.cmake
[2.803s] -- Symlinking: /home/darkdemon/work/motor_control/install/dynamixel_workbench_msgs/share/dynamixel_workbench_msgs/cmake/dynamixel_workbench_msgsConfig.cmake
[2.809s] -- Symlinking: /home/darkdemon/work/motor_control/install/dynamixel_workbench_msgs/share/dynamixel_workbench_msgs/cmake/dynamixel_workbench_msgsConfig-version.cmake
[2.817s] -- Symlinking: /home/darkdemon/work/motor_control/install/dynamixel_workbench_msgs/share/dynamixel_workbench_msgs/package.xml
[2.824s] -- Installing: /home/darkdemon/work/motor_control/install/dynamixel_workbench_msgs/lib/libdynamixel_workbench_msgs__rosidl_generator_c.so
[2.825s] -- Set runtime path of "/home/darkdemon/work/motor_control/install/dynamixel_workbench_msgs/lib/libdynamixel_workbench_msgs__rosidl_generator_c.so" to ""
[2.825s] -- Installing: /home/darkdemon/work/motor_control/install/dynamixel_workbench_msgs/lib/libdynamixel_workbench_msgs__rosidl_typesupport_fastrtps_c.so
[2.825s] -- Set runtime path of "/home/darkdemon/work/motor_control/install/dynamixel_workbench_msgs/lib/libdynamixel_workbench_msgs__rosidl_typesupport_fastrtps_c.so" to ""
[2.826s] -- Installing: /home/darkdemon/work/motor_control/install/dynamixel_workbench_msgs/lib/libdynamixel_workbench_msgs__rosidl_typesupport_introspection_c.so
[2.826s] -- Set runtime path of "/home/darkdemon/work/motor_control/install/dynamixel_workbench_msgs/lib/libdynamixel_workbench_msgs__rosidl_typesupport_introspection_c.so" to ""
[2.826s] -- Installing: /home/darkdemon/work/motor_control/install/dynamixel_workbench_msgs/lib/libdynamixel_workbench_msgs__rosidl_typesupport_c.so
[2.826s] -- Set runtime path of "/home/darkdemon/work/motor_control/install/dynamixel_workbench_msgs/lib/libdynamixel_workbench_msgs__rosidl_typesupport_c.so" to ""
[2.826s] -- Installing: /home/darkdemon/work/motor_control/install/dynamixel_workbench_msgs/lib/libdynamixel_workbench_msgs__rosidl_typesupport_fastrtps_cpp.so
[2.827s] -- Set runtime path of "/home/darkdemon/work/motor_control/install/dynamixel_workbench_msgs/lib/libdynamixel_workbench_msgs__rosidl_typesupport_fastrtps_cpp.so" to ""
[2.827s] -- Installing: /home/darkdemon/work/motor_control/install/dynamixel_workbench_msgs/lib/libdynamixel_workbench_msgs__rosidl_typesupport_introspection_cpp.so
[2.827s] -- Set runtime path of "/home/darkdemon/work/motor_control/install/dynamixel_workbench_msgs/lib/libdynamixel_workbench_msgs__rosidl_typesupport_introspection_cpp.so" to ""
[2.828s] -- Installing: /home/darkdemon/work/motor_control/install/dynamixel_workbench_msgs/lib/libdynamixel_workbench_msgs__rosidl_typesupport_cpp.so
[2.828s] -- Set runtime path of "/home/darkdemon/work/motor_control/install/dynamixel_workbench_msgs/lib/libdynamixel_workbench_msgs__rosidl_typesupport_cpp.so" to ""
[2.904s] Listing '/home/darkdemon/work/motor_control/install/dynamixel_workbench_msgs/local/lib/python3.10/dist-packages/dynamixel_workbench_msgs'...
[2.904s] Compiling '/home/darkdemon/work/motor_control/install/dynamixel_workbench_msgs/local/lib/python3.10/dist-packages/dynamixel_workbench_msgs/__init__.py'...
[2.904s] Listing '/home/darkdemon/work/motor_control/install/dynamixel_workbench_msgs/local/lib/python3.10/dist-packages/dynamixel_workbench_msgs/msg'...
[2.905s] Compiling '/home/darkdemon/work/motor_control/install/dynamixel_workbench_msgs/local/lib/python3.10/dist-packages/dynamixel_workbench_msgs/msg/__init__.py'...
[2.905s] Compiling '/home/darkdemon/work/motor_control/install/dynamixel_workbench_msgs/local/lib/python3.10/dist-packages/dynamixel_workbench_msgs/msg/_ax.py'...
[2.905s] Compiling '/home/darkdemon/work/motor_control/install/dynamixel_workbench_msgs/local/lib/python3.10/dist-packages/dynamixel_workbench_msgs/msg/_dynamixel_info.py'...
[2.905s] Compiling '/home/darkdemon/work/motor_control/install/dynamixel_workbench_msgs/local/lib/python3.10/dist-packages/dynamixel_workbench_msgs/msg/_dynamixel_load_info.py'...
[2.905s] Compiling '/home/darkdemon/work/motor_control/install/dynamixel_workbench_msgs/local/lib/python3.10/dist-packages/dynamixel_workbench_msgs/msg/_dynamixel_state.py'...
[2.905s] Compiling '/home/darkdemon/work/motor_control/install/dynamixel_workbench_msgs/local/lib/python3.10/dist-packages/dynamixel_workbench_msgs/msg/_dynamixel_state_list.py'...
[2.905s] Compiling '/home/darkdemon/work/motor_control/install/dynamixel_workbench_msgs/local/lib/python3.10/dist-packages/dynamixel_workbench_msgs/msg/_ex.py'...
[2.905s] Compiling '/home/darkdemon/work/motor_control/install/dynamixel_workbench_msgs/local/lib/python3.10/dist-packages/dynamixel_workbench_msgs/msg/_mx.py'...
[2.905s] Compiling '/home/darkdemon/work/motor_control/install/dynamixel_workbench_msgs/local/lib/python3.10/dist-packages/dynamixel_workbench_msgs/msg/_mx2.py'...
[2.905s] Compiling '/home/darkdemon/work/motor_control/install/dynamixel_workbench_msgs/local/lib/python3.10/dist-packages/dynamixel_workbench_msgs/msg/_mx2_ext.py'...
[2.905s] Compiling '/home/darkdemon/work/motor_control/install/dynamixel_workbench_msgs/local/lib/python3.10/dist-packages/dynamixel_workbench_msgs/msg/_mx_ext.py'...
[2.906s] Compiling '/home/darkdemon/work/motor_control/install/dynamixel_workbench_msgs/local/lib/python3.10/dist-packages/dynamixel_workbench_msgs/msg/_pro.py'...
[2.906s] Compiling '/home/darkdemon/work/motor_control/install/dynamixel_workbench_msgs/local/lib/python3.10/dist-packages/dynamixel_workbench_msgs/msg/_pro_ext.py'...
[2.906s] Compiling '/home/darkdemon/work/motor_control/install/dynamixel_workbench_msgs/local/lib/python3.10/dist-packages/dynamixel_workbench_msgs/msg/_rx.py'...
[2.906s] Compiling '/home/darkdemon/work/motor_control/install/dynamixel_workbench_msgs/local/lib/python3.10/dist-packages/dynamixel_workbench_msgs/msg/_xh.py'...
[2.906s] Compiling '/home/darkdemon/work/motor_control/install/dynamixel_workbench_msgs/local/lib/python3.10/dist-packages/dynamixel_workbench_msgs/msg/_xl.py'...
[2.906s] Compiling '/home/darkdemon/work/motor_control/install/dynamixel_workbench_msgs/local/lib/python3.10/dist-packages/dynamixel_workbench_msgs/msg/_xl320.py'...
[2.906s] Compiling '/home/darkdemon/work/motor_control/install/dynamixel_workbench_msgs/local/lib/python3.10/dist-packages/dynamixel_workbench_msgs/msg/_xm.py'...
[2.906s] Compiling '/home/darkdemon/work/motor_control/install/dynamixel_workbench_msgs/local/lib/python3.10/dist-packages/dynamixel_workbench_msgs/msg/_xm_ext.py'...
[2.906s] Listing '/home/darkdemon/work/motor_control/install/dynamixel_workbench_msgs/local/lib/python3.10/dist-packages/dynamixel_workbench_msgs/srv'...
[2.906s] Compiling '/home/darkdemon/work/motor_control/install/dynamixel_workbench_msgs/local/lib/python3.10/dist-packages/dynamixel_workbench_msgs/srv/__init__.py'...
[2.906s] Compiling '/home/darkdemon/work/motor_control/install/dynamixel_workbench_msgs/local/lib/python3.10/dist-packages/dynamixel_workbench_msgs/srv/_dynamixel_command.py'...
[2.906s] Compiling '/home/darkdemon/work/motor_control/install/dynamixel_workbench_msgs/local/lib/python3.10/dist-packages/dynamixel_workbench_msgs/srv/_get_dynamixel_info.py'...
[2.908s] -- Installing: /home/darkdemon/work/motor_control/install/dynamixel_workbench_msgs/lib/libdynamixel_workbench_msgs__rosidl_generator_py.so
[2.909s] -- Set runtime path of "/home/darkdemon/work/motor_control/install/dynamixel_workbench_msgs/lib/libdynamixel_workbench_msgs__rosidl_generator_py.so" to ""
[2.909s] -- Installing: /home/darkdemon/work/motor_control/install/dynamixel_workbench_msgs/share/dynamixel_workbench_msgs/cmake/export_dynamixel_workbench_msgs__rosidl_generator_cExport.cmake
[2.909s] -- Installing: /home/darkdemon/work/motor_control/install/dynamixel_workbench_msgs/share/dynamixel_workbench_msgs/cmake/export_dynamixel_workbench_msgs__rosidl_generator_cExport-noconfig.cmake
[2.910s] -- Installing: /home/darkdemon/work/motor_control/install/dynamixel_workbench_msgs/share/dynamixel_workbench_msgs/cmake/export_dynamixel_workbench_msgs__rosidl_typesupport_fastrtps_cExport.cmake
[2.910s] -- Installing: /home/darkdemon/work/motor_control/install/dynamixel_workbench_msgs/share/dynamixel_workbench_msgs/cmake/export_dynamixel_workbench_msgs__rosidl_typesupport_fastrtps_cExport-noconfig.cmake
[2.910s] -- Installing: /home/darkdemon/work/motor_control/install/dynamixel_workbench_msgs/share/dynamixel_workbench_msgs/cmake/dynamixel_workbench_msgs__rosidl_typesupport_introspection_cExport.cmake
[2.910s] -- Installing: /home/darkdemon/work/motor_control/install/dynamixel_workbench_msgs/share/dynamixel_workbench_msgs/cmake/dynamixel_workbench_msgs__rosidl_typesupport_introspection_cExport-noconfig.cmake
[2.910s] -- Installing: /home/darkdemon/work/motor_control/install/dynamixel_workbench_msgs/share/dynamixel_workbench_msgs/cmake/dynamixel_workbench_msgs__rosidl_typesupport_cExport.cmake
[2.910s] -- Installing: /home/darkdemon/work/motor_control/install/dynamixel_workbench_msgs/share/dynamixel_workbench_msgs/cmake/dynamixel_workbench_msgs__rosidl_typesupport_cExport-noconfig.cmake
[2.911s] -- Installing: /home/darkdemon/work/motor_control/install/dynamixel_workbench_msgs/share/dynamixel_workbench_msgs/cmake/export_dynamixel_workbench_msgs__rosidl_generator_cppExport.cmake
[2.911s] -- Installing: /home/darkdemon/work/motor_control/install/dynamixel_workbench_msgs/share/dynamixel_workbench_msgs/cmake/export_dynamixel_workbench_msgs__rosidl_typesupport_fastrtps_cppExport.cmake
[2.911s] -- Installing: /home/darkdemon/work/motor_control/install/dynamixel_workbench_msgs/share/dynamixel_workbench_msgs/cmake/export_dynamixel_workbench_msgs__rosidl_typesupport_fastrtps_cppExport-noconfig.cmake
[2.911s] -- Installing: /home/darkdemon/work/motor_control/install/dynamixel_workbench_msgs/share/dynamixel_workbench_msgs/cmake/dynamixel_workbench_msgs__rosidl_typesupport_introspection_cppExport.cmake
[2.911s] -- Installing: /home/darkdemon/work/motor_control/install/dynamixel_workbench_msgs/share/dynamixel_workbench_msgs/cmake/dynamixel_workbench_msgs__rosidl_typesupport_introspection_cppExport-noconfig.cmake
[2.911s] -- Installing: /home/darkdemon/work/motor_control/install/dynamixel_workbench_msgs/share/dynamixel_workbench_msgs/cmake/dynamixel_workbench_msgs__rosidl_typesupport_cppExport.cmake
[2.912s] -- Installing: /home/darkdemon/work/motor_control/install/dynamixel_workbench_msgs/share/dynamixel_workbench_msgs/cmake/dynamixel_workbench_msgs__rosidl_typesupport_cppExport-noconfig.cmake
[2.912s] -- Installing: /home/darkdemon/work/motor_control/install/dynamixel_workbench_msgs/share/dynamixel_workbench_msgs/cmake/export_dynamixel_workbench_msgs__rosidl_generator_pyExport.cmake
[2.912s] -- Installing: /home/darkdemon/work/motor_control/install/dynamixel_workbench_msgs/share/dynamixel_workbench_msgs/cmake/export_dynamixel_workbench_msgs__rosidl_generator_pyExport-noconfig.cmake
[2.915s] Invoked command in '/home/darkdemon/work/motor_control/build/dynamixel_workbench_msgs' returned '0': CMAKE_PREFIX_PATH=/opt/ros/humble /usr/bin/cmake --install /home/darkdemon/work/motor_control/build/dynamixel_workbench_msgs
