[0.728s] Invoking command in '/home/darkdemon/work/motor_control/src/realsense': PYTHONPATH=/home/darkdemon/work/motor_control/build/realsense/prefix_override:/usr/lib/python3/dist-packages/colcon_core/task/python/colcon_distutils_commands:/home/darkdemon/work/motor_control/install/realsense/lib/python3.10/site-packages:${PYTHONPATH} /usr/bin/python3 -W ignore:setup.py install is deprecated -W ignore:easy_install command is deprecated setup.py egg_info --egg-base ../../build/realsense build --build-base /home/darkdemon/work/motor_control/build/realsense/build install --record /home/darkdemon/work/motor_control/build/realsense/install.log --single-version-externally-managed install_data
[0.892s] running egg_info
[0.893s] writing ../../build/realsense/realsense.egg-info/PKG-INFO
[0.893s] writing dependency_links to ../../build/realsense/realsense.egg-info/dependency_links.txt
[0.893s] writing entry points to ../../build/realsense/realsense.egg-info/entry_points.txt
[0.893s] writing requirements to ../../build/realsense/realsense.egg-info/requires.txt
[0.893s] writing top-level names to ../../build/realsense/realsense.egg-info/top_level.txt
[0.894s] reading manifest file '../../build/realsense/realsense.egg-info/SOURCES.txt'
[0.895s] writing manifest file '../../build/realsense/realsense.egg-info/SOURCES.txt'
[0.895s] running build
[0.895s] running build_py
[0.895s] copying realsense/depth_calculate.py -> /home/darkdemon/work/motor_control/build/realsense/build/lib/realsense
[0.895s] running install
[0.896s] running install_lib
[0.896s] copying /home/darkdemon/work/motor_control/build/realsense/build/lib/realsense/depth_calculate.py -> /home/darkdemon/work/motor_control/install/realsense/lib/python3.10/site-packages/realsense
[0.896s] byte-compiling /home/darkdemon/work/motor_control/install/realsense/lib/python3.10/site-packages/realsense/depth_calculate.py to depth_calculate.cpython-310.pyc
[0.898s] running install_data
[0.898s] running install_egg_info
[0.900s] removing '/home/darkdemon/work/motor_control/install/realsense/lib/python3.10/site-packages/realsense-0.0.1-py3.10.egg-info' (and everything under it)
[0.900s] Copying ../../build/realsense/realsense.egg-info to /home/darkdemon/work/motor_control/install/realsense/lib/python3.10/site-packages/realsense-0.0.1-py3.10.egg-info
[0.900s] running install_scripts
[0.913s] Installing box_edge_detect script to /home/darkdemon/work/motor_control/install/realsense/lib/realsense
[0.914s] Installing color_detect script to /home/darkdemon/work/motor_control/install/realsense/lib/realsense
[0.914s] Installing color_range script to /home/darkdemon/work/motor_control/install/realsense/lib/realsense
[0.914s] Installing depth_calculate script to /home/darkdemon/work/motor_control/install/realsense/lib/realsense
[0.914s] Installing paddleorc script to /home/darkdemon/work/motor_control/install/realsense/lib/realsense
[0.914s] Installing realsense_read script to /home/darkdemon/work/motor_control/install/realsense/lib/realsense
[0.914s] Installing visiual script to /home/darkdemon/work/motor_control/install/realsense/lib/realsense
[0.914s] Installing yolo_number_detect script to /home/darkdemon/work/motor_control/install/realsense/lib/realsense
[0.914s] writing list of installed files to '/home/darkdemon/work/motor_control/build/realsense/install.log'
[0.929s] Invoked command in '/home/darkdemon/work/motor_control/src/realsense' returned '0': PYTHONPATH=/home/darkdemon/work/motor_control/build/realsense/prefix_override:/usr/lib/python3/dist-packages/colcon_core/task/python/colcon_distutils_commands:/home/darkdemon/work/motor_control/install/realsense/lib/python3.10/site-packages:${PYTHONPATH} /usr/bin/python3 -W ignore:setup.py install is deprecated -W ignore:easy_install command is deprecated setup.py egg_info --egg-base ../../build/realsense build --build-base /home/darkdemon/work/motor_control/build/realsense/build install --record /home/darkdemon/work/motor_control/build/realsense/install.log --single-version-externally-managed install_data
