[0.020s] Invoking command in '/home/darkdemon/work/motor_control/build/dynamixel_workbench_msgs': CMAKE_PREFIX_PATH=${CMAKE_PREFIX_PATH}:/home/darkdemon/work/motor_control/install/python_moveit2:/opt/ros/humble /usr/bin/cmake /home/darkdemon/work/motor_control/src/dynamixel-workbench-msgs/dynamixel_workbench_msgs -DCMAKE_EXPORT_COMPILE_COMMANDS=ON -DAMENT_CMAKE_SYMLINK_INSTALL=1 -DCMAKE_INSTALL_PREFIX=/home/darkdemon/work/motor_control/install/dynamixel_workbench_msgs
[0.265s] -- Found ament_cmake: 1.3.11 (/opt/ros/humble/share/ament_cmake/cmake)
[0.265s] -- Override CMake install command with custom implementation using symlinks instead of copying resources
[0.265s] -- Found rosidl_default_generators: 1.2.0 (/opt/ros/humble/share/rosidl_default_generators/cmake)
[0.265s] -- Using all available rosidl_typesupport_c: rosidl_typesupport_fastrtps_c;rosidl_typesupport_introspection_c
[0.265s] -- Found rosidl_adapter: 3.1.6 (/opt/ros/humble/share/rosidl_adapter/cmake)
[0.265s] -- Using all available rosidl_typesupport_cpp: rosidl_typesupport_fastrtps_cpp;rosidl_typesupport_introspection_cpp
[0.265s] -- Found std_msgs: 4.2.4 (/opt/ros/humble/share/std_msgs/cmake)
[0.667s] -- Found ament_cmake_cppcheck: 0.12.11 (/opt/ros/humble/share/ament_cmake_cppcheck/cmake)
[0.667s] -- Found ament_cmake_cpplint: 0.12.11 (/opt/ros/humble/share/ament_cmake_cpplint/cmake)
[0.667s] -- Found ament_cmake_uncrustify: 0.12.11 (/opt/ros/humble/share/ament_cmake_uncrustify/cmake)
[0.668s] -- Found ament_cmake_ros: 0.10.0 (/opt/ros/humble/share/ament_cmake_ros/cmake)
[0.883s] -- Using all available rosidl_typesupport_c: rosidl_typesupport_fastrtps_c;rosidl_typesupport_introspection_c
[1.170s] -- Using all available rosidl_typesupport_cpp: rosidl_typesupport_fastrtps_cpp;rosidl_typesupport_introspection_cpp
[1.191s] -- Found python_cmake_module: 0.10.0 (/opt/ros/humble/share/python_cmake_module/cmake)
[1.215s] -- Using PYTHON_EXECUTABLE: /usr/bin/python3
[1.215s] -- Using PYTHON_INCLUDE_DIRS: /usr/include/python3.10
[1.215s] -- Using PYTHON_LIBRARIES: /usr/lib/x86_64-linux-gnu/libpython3.10.so
[1.391s] -- Using numpy include directory: /usr/local/lib/python3.10/dist-packages/numpy/_core/include
[1.409s] -- Found ament_cmake_flake8: 0.12.11 (/opt/ros/humble/share/ament_cmake_flake8/cmake)
[1.410s] -- Found ament_cmake_pep257: 0.12.11 (/opt/ros/humble/share/ament_cmake_pep257/cmake)
[1.430s] -- Configuring done
[1.499s] -- Generating done
[1.517s] -- Build files have been written to: /home/darkdemon/work/motor_control/build/dynamixel_workbench_msgs
[1.526s] Invoked command in '/home/darkdemon/work/motor_control/build/dynamixel_workbench_msgs' returned '0': CMAKE_PREFIX_PATH=${CMAKE_PREFIX_PATH}:/home/darkdemon/work/motor_control/install/python_moveit2:/opt/ros/humble /usr/bin/cmake /home/darkdemon/work/motor_control/src/dynamixel-workbench-msgs/dynamixel_workbench_msgs -DCMAKE_EXPORT_COMPILE_COMMANDS=ON -DAMENT_CMAKE_SYMLINK_INSTALL=1 -DCMAKE_INSTALL_PREFIX=/home/darkdemon/work/motor_control/install/dynamixel_workbench_msgs
[1.528s] Invoking command in '/home/darkdemon/work/motor_control/build/dynamixel_workbench_msgs': CMAKE_PREFIX_PATH=${CMAKE_PREFIX_PATH}:/home/darkdemon/work/motor_control/install/python_moveit2:/opt/ros/humble /usr/bin/cmake --build /home/darkdemon/work/motor_control/build/dynamixel_workbench_msgs -- -j20 -l20
[1.592s] [35m[1mConsolidate compiler generated dependencies of target dynamixel_workbench_msgs__rosidl_generator_c[0m
[1.601s] [  0%] Built target dynamixel_workbench_msgs__cpp
[1.607s] [  0%] Built target ament_cmake_python_symlink_dynamixel_workbench_msgs
[1.611s] [ 12%] Built target dynamixel_workbench_msgs__rosidl_generator_c
[1.617s] [35m[1mConsolidate compiler generated dependencies of target dynamixel_workbench_msgs__rosidl_typesupport_cpp[0m
[1.617s] [35m[1mConsolidate compiler generated dependencies of target dynamixel_workbench_msgs__rosidl_typesupport_introspection_cpp[0m
[1.619s] [35m[1mConsolidate compiler generated dependencies of target dynamixel_workbench_msgs__rosidl_typesupport_fastrtps_cpp[0m
[1.628s] [35m[1mConsolidate compiler generated dependencies of target dynamixel_workbench_msgs__rosidl_typesupport_introspection_c[0m
[1.628s] [35m[1mConsolidate compiler generated dependencies of target dynamixel_workbench_msgs__rosidl_typesupport_c[0m
[1.629s] [35m[1mConsolidate compiler generated dependencies of target dynamixel_workbench_msgs__rosidl_typesupport_fastrtps_c[0m
[1.646s] [ 37%] Built target dynamixel_workbench_msgs__rosidl_typesupport_introspection_c
[1.646s] [ 37%] Built target dynamixel_workbench_msgs__rosidl_typesupport_introspection_cpp
[1.647s] [ 49%] Built target dynamixel_workbench_msgs__rosidl_typesupport_cpp
[1.653s] [ 73%] Built target dynamixel_workbench_msgs__rosidl_typesupport_c
[1.653s] [ 73%] Built target dynamixel_workbench_msgs__rosidl_typesupport_fastrtps_cpp
[1.660s] [ 85%] Built target dynamixel_workbench_msgs__rosidl_typesupport_fastrtps_c
[1.679s] [ 85%] Built target dynamixel_workbench_msgs
[1.701s] [ 86%] Built target dynamixel_workbench_msgs__py
[1.716s] [35m[1mConsolidate compiler generated dependencies of target dynamixel_workbench_msgs__rosidl_generator_py[0m
[1.744s] [ 97%] Built target dynamixel_workbench_msgs__rosidl_generator_py
[1.754s] [35m[1mConsolidate compiler generated dependencies of target dynamixel_workbench_msgs__rosidl_typesupport_c__pyext[0m
[1.755s] [35m[1mConsolidate compiler generated dependencies of target dynamixel_workbench_msgs__rosidl_typesupport_fastrtps_c__pyext[0m
[1.756s] [35m[1mConsolidate compiler generated dependencies of target dynamixel_workbench_msgs__rosidl_typesupport_introspection_c__pyext[0m
[1.771s] [ 98%] Built target dynamixel_workbench_msgs__rosidl_typesupport_c__pyext
[1.771s] [ 99%] Built target dynamixel_workbench_msgs__rosidl_typesupport_introspection_c__pyext
[1.772s] [100%] Built target dynamixel_workbench_msgs__rosidl_typesupport_fastrtps_c__pyext
[1.919s] running egg_info
[1.920s] writing dynamixel_workbench_msgs.egg-info/PKG-INFO
[1.921s] writing dependency_links to dynamixel_workbench_msgs.egg-info/dependency_links.txt
[1.921s] writing top-level names to dynamixel_workbench_msgs.egg-info/top_level.txt
[1.924s] reading manifest file 'dynamixel_workbench_msgs.egg-info/SOURCES.txt'
[1.926s] writing manifest file 'dynamixel_workbench_msgs.egg-info/SOURCES.txt'
[1.971s] [100%] Built target ament_cmake_python_build_dynamixel_workbench_msgs_egg
[1.989s] Invoked command in '/home/darkdemon/work/motor_control/build/dynamixel_workbench_msgs' returned '0': CMAKE_PREFIX_PATH=${CMAKE_PREFIX_PATH}:/home/darkdemon/work/motor_control/install/python_moveit2:/opt/ros/humble /usr/bin/cmake --build /home/darkdemon/work/motor_control/build/dynamixel_workbench_msgs -- -j20 -l20
[1.991s] Invoking command in '/home/darkdemon/work/motor_control/build/dynamixel_workbench_msgs': CMAKE_PREFIX_PATH=${CMAKE_PREFIX_PATH}:/home/darkdemon/work/motor_control/install/python_moveit2:/opt/ros/humble /usr/bin/cmake --install /home/darkdemon/work/motor_control/build/dynamixel_workbench_msgs
[1.998s] -- Install configuration: ""
[1.999s] -- Execute custom install script
[2.000s] -- Up-to-date symlink: /home/darkdemon/work/motor_control/install/dynamixel_workbench_msgs/share/ament_index/resource_index/rosidl_interfaces/dynamixel_workbench_msgs
[2.001s] -- Up-to-date symlink: /home/darkdemon/work/motor_control/install/dynamixel_workbench_msgs/include/dynamixel_workbench_msgs/dynamixel_workbench_msgs/msg/ax.h
[2.001s] -- Up-to-date symlink: /home/darkdemon/work/motor_control/install/dynamixel_workbench_msgs/include/dynamixel_workbench_msgs/dynamixel_workbench_msgs/msg/detail/ax__functions.h
[2.001s] -- Up-to-date symlink: /home/darkdemon/work/motor_control/install/dynamixel_workbench_msgs/include/dynamixel_workbench_msgs/dynamixel_workbench_msgs/msg/detail/ax__struct.h
[2.001s] -- Up-to-date symlink: /home/darkdemon/work/motor_control/install/dynamixel_workbench_msgs/include/dynamixel_workbench_msgs/dynamixel_workbench_msgs/msg/detail/ax__type_support.h
[2.001s] -- Up-to-date symlink: /home/darkdemon/work/motor_control/install/dynamixel_workbench_msgs/include/dynamixel_workbench_msgs/dynamixel_workbench_msgs/msg/detail/dynamixel_info__functions.h
[2.001s] -- Up-to-date symlink: /home/darkdemon/work/motor_control/install/dynamixel_workbench_msgs/include/dynamixel_workbench_msgs/dynamixel_workbench_msgs/msg/detail/dynamixel_info__struct.h
[2.002s] -- Up-to-date symlink: /home/darkdemon/work/motor_control/install/dynamixel_workbench_msgs/include/dynamixel_workbench_msgs/dynamixel_workbench_msgs/msg/detail/dynamixel_info__type_support.h
[2.002s] -- Up-to-date symlink: /home/darkdemon/work/motor_control/install/dynamixel_workbench_msgs/include/dynamixel_workbench_msgs/dynamixel_workbench_msgs/msg/detail/dynamixel_load_info__functions.h
[2.002s] -- Up-to-date symlink: /home/darkdemon/work/motor_control/install/dynamixel_workbench_msgs/include/dynamixel_workbench_msgs/dynamixel_workbench_msgs/msg/detail/dynamixel_load_info__struct.h
[2.002s] -- Up-to-date symlink: /home/darkdemon/work/motor_control/install/dynamixel_workbench_msgs/include/dynamixel_workbench_msgs/dynamixel_workbench_msgs/msg/detail/dynamixel_load_info__type_support.h
[2.002s] -- Up-to-date symlink: /home/darkdemon/work/motor_control/install/dynamixel_workbench_msgs/include/dynamixel_workbench_msgs/dynamixel_workbench_msgs/msg/detail/dynamixel_state__functions.h
[2.002s] -- Up-to-date symlink: /home/darkdemon/work/motor_control/install/dynamixel_workbench_msgs/include/dynamixel_workbench_msgs/dynamixel_workbench_msgs/msg/detail/dynamixel_state__struct.h
[2.002s] -- Up-to-date symlink: /home/darkdemon/work/motor_control/install/dynamixel_workbench_msgs/include/dynamixel_workbench_msgs/dynamixel_workbench_msgs/msg/detail/dynamixel_state__type_support.h
[2.002s] -- Up-to-date symlink: /home/darkdemon/work/motor_control/install/dynamixel_workbench_msgs/include/dynamixel_workbench_msgs/dynamixel_workbench_msgs/msg/detail/dynamixel_state_list__functions.h
[2.002s] -- Up-to-date symlink: /home/darkdemon/work/motor_control/install/dynamixel_workbench_msgs/include/dynamixel_workbench_msgs/dynamixel_workbench_msgs/msg/detail/dynamixel_state_list__struct.h
[2.003s] -- Up-to-date symlink: /home/darkdemon/work/motor_control/install/dynamixel_workbench_msgs/include/dynamixel_workbench_msgs/dynamixel_workbench_msgs/msg/detail/dynamixel_state_list__type_support.h
[2.003s] -- Up-to-date symlink: /home/darkdemon/work/motor_control/install/dynamixel_workbench_msgs/include/dynamixel_workbench_msgs/dynamixel_workbench_msgs/msg/detail/ex__functions.h
[2.003s] -- Up-to-date symlink: /home/darkdemon/work/motor_control/install/dynamixel_workbench_msgs/include/dynamixel_workbench_msgs/dynamixel_workbench_msgs/msg/detail/ex__struct.h
[2.003s] -- Up-to-date symlink: /home/darkdemon/work/motor_control/install/dynamixel_workbench_msgs/include/dynamixel_workbench_msgs/dynamixel_workbench_msgs/msg/detail/ex__type_support.h
[2.003s] -- Up-to-date symlink: /home/darkdemon/work/motor_control/install/dynamixel_workbench_msgs/include/dynamixel_workbench_msgs/dynamixel_workbench_msgs/msg/detail/mx2__functions.h
[2.003s] -- Up-to-date symlink: /home/darkdemon/work/motor_control/install/dynamixel_workbench_msgs/include/dynamixel_workbench_msgs/dynamixel_workbench_msgs/msg/detail/mx2__struct.h
[2.003s] -- Up-to-date symlink: /home/darkdemon/work/motor_control/install/dynamixel_workbench_msgs/include/dynamixel_workbench_msgs/dynamixel_workbench_msgs/msg/detail/mx2__type_support.h
[2.003s] -- Up-to-date symlink: /home/darkdemon/work/motor_control/install/dynamixel_workbench_msgs/include/dynamixel_workbench_msgs/dynamixel_workbench_msgs/msg/detail/mx2_ext__functions.h
[2.003s] -- Up-to-date symlink: /home/darkdemon/work/motor_control/install/dynamixel_workbench_msgs/include/dynamixel_workbench_msgs/dynamixel_workbench_msgs/msg/detail/mx2_ext__struct.h
[2.003s] -- Up-to-date symlink: /home/darkdemon/work/motor_control/install/dynamixel_workbench_msgs/include/dynamixel_workbench_msgs/dynamixel_workbench_msgs/msg/detail/mx2_ext__type_support.h
[2.004s] -- Up-to-date symlink: /home/darkdemon/work/motor_control/install/dynamixel_workbench_msgs/include/dynamixel_workbench_msgs/dynamixel_workbench_msgs/msg/detail/mx__functions.h
[2.004s] -- Up-to-date symlink: /home/darkdemon/work/motor_control/install/dynamixel_workbench_msgs/include/dynamixel_workbench_msgs/dynamixel_workbench_msgs/msg/detail/mx__struct.h
[2.004s] -- Up-to-date symlink: /home/darkdemon/work/motor_control/install/dynamixel_workbench_msgs/include/dynamixel_workbench_msgs/dynamixel_workbench_msgs/msg/detail/mx__type_support.h
[2.004s] -- Up-to-date symlink: /home/darkdemon/work/motor_control/install/dynamixel_workbench_msgs/include/dynamixel_workbench_msgs/dynamixel_workbench_msgs/msg/detail/mx_ext__functions.h
[2.004s] -- Up-to-date symlink: /home/darkdemon/work/motor_control/install/dynamixel_workbench_msgs/include/dynamixel_workbench_msgs/dynamixel_workbench_msgs/msg/detail/mx_ext__struct.h
[2.004s] -- Up-to-date symlink: /home/darkdemon/work/motor_control/install/dynamixel_workbench_msgs/include/dynamixel_workbench_msgs/dynamixel_workbench_msgs/msg/detail/mx_ext__type_support.h
[2.004s] -- Up-to-date symlink: /home/darkdemon/work/motor_control/install/dynamixel_workbench_msgs/include/dynamixel_workbench_msgs/dynamixel_workbench_msgs/msg/detail/pro__functions.h
[2.004s] -- Up-to-date symlink: /home/darkdemon/work/motor_control/install/dynamixel_workbench_msgs/include/dynamixel_workbench_msgs/dynamixel_workbench_msgs/msg/detail/pro__struct.h
[2.004s] -- Up-to-date symlink: /home/darkdemon/work/motor_control/install/dynamixel_workbench_msgs/include/dynamixel_workbench_msgs/dynamixel_workbench_msgs/msg/detail/pro__type_support.h
[2.004s] -- Up-to-date symlink: /home/darkdemon/work/motor_control/install/dynamixel_workbench_msgs/include/dynamixel_workbench_msgs/dynamixel_workbench_msgs/msg/detail/pro_ext__functions.h
[2.004s] -- Up-to-date symlink: /home/darkdemon/work/motor_control/install/dynamixel_workbench_msgs/include/dynamixel_workbench_msgs/dynamixel_workbench_msgs/msg/detail/pro_ext__struct.h
[2.004s] -- Up-to-date symlink: /home/darkdemon/work/motor_control/install/dynamixel_workbench_msgs/include/dynamixel_workbench_msgs/dynamixel_workbench_msgs/msg/detail/pro_ext__type_support.h
[2.004s] -- Up-to-date symlink: /home/darkdemon/work/motor_control/install/dynamixel_workbench_msgs/include/dynamixel_workbench_msgs/dynamixel_workbench_msgs/msg/detail/rx__functions.h
[2.005s] -- Up-to-date symlink: /home/darkdemon/work/motor_control/install/dynamixel_workbench_msgs/include/dynamixel_workbench_msgs/dynamixel_workbench_msgs/msg/detail/rx__struct.h
[2.005s] -- Up-to-date symlink: /home/darkdemon/work/motor_control/install/dynamixel_workbench_msgs/include/dynamixel_workbench_msgs/dynamixel_workbench_msgs/msg/detail/rx__type_support.h
[2.005s] -- Up-to-date symlink: /home/darkdemon/work/motor_control/install/dynamixel_workbench_msgs/include/dynamixel_workbench_msgs/dynamixel_workbench_msgs/msg/detail/xh__functions.h
[2.005s] -- Up-to-date symlink: /home/darkdemon/work/motor_control/install/dynamixel_workbench_msgs/include/dynamixel_workbench_msgs/dynamixel_workbench_msgs/msg/detail/xh__struct.h
[2.005s] -- Up-to-date symlink: /home/darkdemon/work/motor_control/install/dynamixel_workbench_msgs/include/dynamixel_workbench_msgs/dynamixel_workbench_msgs/msg/detail/xh__type_support.h
[2.005s] -- Up-to-date symlink: /home/darkdemon/work/motor_control/install/dynamixel_workbench_msgs/include/dynamixel_workbench_msgs/dynamixel_workbench_msgs/msg/detail/xl320__functions.h
[2.005s] -- Up-to-date symlink: /home/darkdemon/work/motor_control/install/dynamixel_workbench_msgs/include/dynamixel_workbench_msgs/dynamixel_workbench_msgs/msg/detail/xl320__struct.h
[2.005s] -- Up-to-date symlink: /home/darkdemon/work/motor_control/install/dynamixel_workbench_msgs/include/dynamixel_workbench_msgs/dynamixel_workbench_msgs/msg/detail/xl320__type_support.h
[2.005s] -- Up-to-date symlink: /home/darkdemon/work/motor_control/install/dynamixel_workbench_msgs/include/dynamixel_workbench_msgs/dynamixel_workbench_msgs/msg/detail/xl__functions.h
[2.005s] -- Up-to-date symlink: /home/darkdemon/work/motor_control/install/dynamixel_workbench_msgs/include/dynamixel_workbench_msgs/dynamixel_workbench_msgs/msg/detail/xl__struct.h
[2.005s] -- Up-to-date symlink: /home/darkdemon/work/motor_control/install/dynamixel_workbench_msgs/include/dynamixel_workbench_msgs/dynamixel_workbench_msgs/msg/detail/xl__type_support.h
[2.005s] -- Up-to-date symlink: /home/darkdemon/work/motor_control/install/dynamixel_workbench_msgs/include/dynamixel_workbench_msgs/dynamixel_workbench_msgs/msg/detail/xm__functions.h
[2.006s] -- Up-to-date symlink: /home/darkdemon/work/motor_control/install/dynamixel_workbench_msgs/include/dynamixel_workbench_msgs/dynamixel_workbench_msgs/msg/detail/xm__struct.h
[2.006s] -- Up-to-date symlink: /home/darkdemon/work/motor_control/install/dynamixel_workbench_msgs/include/dynamixel_workbench_msgs/dynamixel_workbench_msgs/msg/detail/xm__type_support.h
[2.006s] -- Up-to-date symlink: /home/darkdemon/work/motor_control/install/dynamixel_workbench_msgs/include/dynamixel_workbench_msgs/dynamixel_workbench_msgs/msg/detail/xm_ext__functions.h
[2.006s] -- Up-to-date symlink: /home/darkdemon/work/motor_control/install/dynamixel_workbench_msgs/include/dynamixel_workbench_msgs/dynamixel_workbench_msgs/msg/detail/xm_ext__struct.h
[2.006s] -- Up-to-date symlink: /home/darkdemon/work/motor_control/install/dynamixel_workbench_msgs/include/dynamixel_workbench_msgs/dynamixel_workbench_msgs/msg/detail/xm_ext__type_support.h
[2.006s] -- Up-to-date symlink: /home/darkdemon/work/motor_control/install/dynamixel_workbench_msgs/include/dynamixel_workbench_msgs/dynamixel_workbench_msgs/msg/dynamixel_info.h
[2.006s] -- Up-to-date symlink: /home/darkdemon/work/motor_control/install/dynamixel_workbench_msgs/include/dynamixel_workbench_msgs/dynamixel_workbench_msgs/msg/dynamixel_load_info.h
[2.007s] -- Up-to-date symlink: /home/darkdemon/work/motor_control/install/dynamixel_workbench_msgs/include/dynamixel_workbench_msgs/dynamixel_workbench_msgs/msg/dynamixel_state.h
[2.007s] -- Up-to-date symlink: /home/darkdemon/work/motor_control/install/dynamixel_workbench_msgs/include/dynamixel_workbench_msgs/dynamixel_workbench_msgs/msg/dynamixel_state_list.h
[2.007s] -- Up-to-date symlink: /home/darkdemon/work/motor_control/install/dynamixel_workbench_msgs/include/dynamixel_workbench_msgs/dynamixel_workbench_msgs/msg/ex.h
[2.007s] -- Up-to-date symlink: /home/darkdemon/work/motor_control/install/dynamixel_workbench_msgs/include/dynamixel_workbench_msgs/dynamixel_workbench_msgs/msg/mx.h
[2.007s] -- Up-to-date symlink: /home/darkdemon/work/motor_control/install/dynamixel_workbench_msgs/include/dynamixel_workbench_msgs/dynamixel_workbench_msgs/msg/mx2.h
[2.007s] -- Up-to-date symlink: /home/darkdemon/work/motor_control/install/dynamixel_workbench_msgs/include/dynamixel_workbench_msgs/dynamixel_workbench_msgs/msg/mx2_ext.h
[2.007s] -- Up-to-date symlink: /home/darkdemon/work/motor_control/install/dynamixel_workbench_msgs/include/dynamixel_workbench_msgs/dynamixel_workbench_msgs/msg/mx_ext.h
[2.008s] -- Up-to-date symlink: /home/darkdemon/work/motor_control/install/dynamixel_workbench_msgs/include/dynamixel_workbench_msgs/dynamixel_workbench_msgs/msg/pro.h
[2.008s] -- Up-to-date symlink: /home/darkdemon/work/motor_control/install/dynamixel_workbench_msgs/include/dynamixel_workbench_msgs/dynamixel_workbench_msgs/msg/pro_ext.h
[2.008s] -- Up-to-date symlink: /home/darkdemon/work/motor_control/install/dynamixel_workbench_msgs/include/dynamixel_workbench_msgs/dynamixel_workbench_msgs/msg/rosidl_generator_c__visibility_control.h
[2.008s] -- Up-to-date symlink: /home/darkdemon/work/motor_control/install/dynamixel_workbench_msgs/include/dynamixel_workbench_msgs/dynamixel_workbench_msgs/msg/rx.h
[2.008s] -- Up-to-date symlink: /home/darkdemon/work/motor_control/install/dynamixel_workbench_msgs/include/dynamixel_workbench_msgs/dynamixel_workbench_msgs/msg/xh.h
[2.008s] -- Up-to-date symlink: /home/darkdemon/work/motor_control/install/dynamixel_workbench_msgs/include/dynamixel_workbench_msgs/dynamixel_workbench_msgs/msg/xl.h
[2.008s] -- Up-to-date symlink: /home/darkdemon/work/motor_control/install/dynamixel_workbench_msgs/include/dynamixel_workbench_msgs/dynamixel_workbench_msgs/msg/xl320.h
[2.008s] -- Up-to-date symlink: /home/darkdemon/work/motor_control/install/dynamixel_workbench_msgs/include/dynamixel_workbench_msgs/dynamixel_workbench_msgs/msg/xm.h
[2.008s] -- Up-to-date symlink: /home/darkdemon/work/motor_control/install/dynamixel_workbench_msgs/include/dynamixel_workbench_msgs/dynamixel_workbench_msgs/msg/xm_ext.h
[2.008s] -- Up-to-date symlink: /home/darkdemon/work/motor_control/install/dynamixel_workbench_msgs/include/dynamixel_workbench_msgs/dynamixel_workbench_msgs/srv/detail/dynamixel_command__functions.h
[2.009s] -- Up-to-date symlink: /home/darkdemon/work/motor_control/install/dynamixel_workbench_msgs/include/dynamixel_workbench_msgs/dynamixel_workbench_msgs/srv/detail/dynamixel_command__struct.h
[2.009s] -- Up-to-date symlink: /home/darkdemon/work/motor_control/install/dynamixel_workbench_msgs/include/dynamixel_workbench_msgs/dynamixel_workbench_msgs/srv/detail/dynamixel_command__type_support.h
[2.009s] -- Up-to-date symlink: /home/darkdemon/work/motor_control/install/dynamixel_workbench_msgs/include/dynamixel_workbench_msgs/dynamixel_workbench_msgs/srv/detail/get_dynamixel_info__functions.h
[2.009s] -- Up-to-date symlink: /home/darkdemon/work/motor_control/install/dynamixel_workbench_msgs/include/dynamixel_workbench_msgs/dynamixel_workbench_msgs/srv/detail/get_dynamixel_info__struct.h
[2.009s] -- Up-to-date symlink: /home/darkdemon/work/motor_control/install/dynamixel_workbench_msgs/include/dynamixel_workbench_msgs/dynamixel_workbench_msgs/srv/detail/get_dynamixel_info__type_support.h
[2.009s] -- Up-to-date symlink: /home/darkdemon/work/motor_control/install/dynamixel_workbench_msgs/include/dynamixel_workbench_msgs/dynamixel_workbench_msgs/srv/dynamixel_command.h
[2.009s] -- Up-to-date symlink: /home/darkdemon/work/motor_control/install/dynamixel_workbench_msgs/include/dynamixel_workbench_msgs/dynamixel_workbench_msgs/srv/get_dynamixel_info.h
[2.009s] -- Up-to-date symlink: /home/darkdemon/work/motor_control/install/dynamixel_workbench_msgs/share/dynamixel_workbench_msgs/environment/library_path.sh
[2.009s] -- Up-to-date symlink: /home/darkdemon/work/motor_control/install/dynamixel_workbench_msgs/share/dynamixel_workbench_msgs/environment/library_path.dsv
[2.010s] -- Up-to-date symlink: /home/darkdemon/work/motor_control/install/dynamixel_workbench_msgs/include/dynamixel_workbench_msgs/dynamixel_workbench_msgs/msg/detail/ax__rosidl_typesupport_fastrtps_c.h
[2.010s] -- Up-to-date symlink: /home/darkdemon/work/motor_control/install/dynamixel_workbench_msgs/include/dynamixel_workbench_msgs/dynamixel_workbench_msgs/msg/detail/dynamixel_info__rosidl_typesupport_fastrtps_c.h
[2.010s] -- Up-to-date symlink: /home/darkdemon/work/motor_control/install/dynamixel_workbench_msgs/include/dynamixel_workbench_msgs/dynamixel_workbench_msgs/msg/detail/dynamixel_load_info__rosidl_typesupport_fastrtps_c.h
[2.010s] -- Up-to-date symlink: /home/darkdemon/work/motor_control/install/dynamixel_workbench_msgs/include/dynamixel_workbench_msgs/dynamixel_workbench_msgs/msg/detail/dynamixel_state__rosidl_typesupport_fastrtps_c.h
[2.010s] -- Up-to-date symlink: /home/darkdemon/work/motor_control/install/dynamixel_workbench_msgs/include/dynamixel_workbench_msgs/dynamixel_workbench_msgs/msg/detail/dynamixel_state_list__rosidl_typesupport_fastrtps_c.h
[2.010s] -- Up-to-date symlink: /home/darkdemon/work/motor_control/install/dynamixel_workbench_msgs/include/dynamixel_workbench_msgs/dynamixel_workbench_msgs/msg/detail/ex__rosidl_typesupport_fastrtps_c.h
[2.011s] -- Up-to-date symlink: /home/darkdemon/work/motor_control/install/dynamixel_workbench_msgs/include/dynamixel_workbench_msgs/dynamixel_workbench_msgs/msg/detail/mx2__rosidl_typesupport_fastrtps_c.h
[2.011s] -- Up-to-date symlink: /home/darkdemon/work/motor_control/install/dynamixel_workbench_msgs/include/dynamixel_workbench_msgs/dynamixel_workbench_msgs/msg/detail/mx2_ext__rosidl_typesupport_fastrtps_c.h
[2.011s] -- Up-to-date symlink: /home/darkdemon/work/motor_control/install/dynamixel_workbench_msgs/include/dynamixel_workbench_msgs/dynamixel_workbench_msgs/msg/detail/mx__rosidl_typesupport_fastrtps_c.h
[2.011s] -- Up-to-date symlink: /home/darkdemon/work/motor_control/install/dynamixel_workbench_msgs/include/dynamixel_workbench_msgs/dynamixel_workbench_msgs/msg/detail/mx_ext__rosidl_typesupport_fastrtps_c.h
[2.011s] -- Up-to-date symlink: /home/darkdemon/work/motor_control/install/dynamixel_workbench_msgs/include/dynamixel_workbench_msgs/dynamixel_workbench_msgs/msg/detail/pro__rosidl_typesupport_fastrtps_c.h
[2.011s] -- Up-to-date symlink: /home/darkdemon/work/motor_control/install/dynamixel_workbench_msgs/include/dynamixel_workbench_msgs/dynamixel_workbench_msgs/msg/detail/pro_ext__rosidl_typesupport_fastrtps_c.h
[2.011s] -- Up-to-date symlink: /home/darkdemon/work/motor_control/install/dynamixel_workbench_msgs/include/dynamixel_workbench_msgs/dynamixel_workbench_msgs/msg/detail/rx__rosidl_typesupport_fastrtps_c.h
[2.011s] -- Up-to-date symlink: /home/darkdemon/work/motor_control/install/dynamixel_workbench_msgs/include/dynamixel_workbench_msgs/dynamixel_workbench_msgs/msg/detail/xh__rosidl_typesupport_fastrtps_c.h
[2.011s] -- Up-to-date symlink: /home/darkdemon/work/motor_control/install/dynamixel_workbench_msgs/include/dynamixel_workbench_msgs/dynamixel_workbench_msgs/msg/detail/xl320__rosidl_typesupport_fastrtps_c.h
[2.012s] -- Up-to-date symlink: /home/darkdemon/work/motor_control/install/dynamixel_workbench_msgs/include/dynamixel_workbench_msgs/dynamixel_workbench_msgs/msg/detail/xl__rosidl_typesupport_fastrtps_c.h
[2.012s] -- Up-to-date symlink: /home/darkdemon/work/motor_control/install/dynamixel_workbench_msgs/include/dynamixel_workbench_msgs/dynamixel_workbench_msgs/msg/detail/xm__rosidl_typesupport_fastrtps_c.h
[2.012s] -- Up-to-date symlink: /home/darkdemon/work/motor_control/install/dynamixel_workbench_msgs/include/dynamixel_workbench_msgs/dynamixel_workbench_msgs/msg/detail/xm_ext__rosidl_typesupport_fastrtps_c.h
[2.012s] -- Up-to-date symlink: /home/darkdemon/work/motor_control/install/dynamixel_workbench_msgs/include/dynamixel_workbench_msgs/dynamixel_workbench_msgs/msg/rosidl_typesupport_fastrtps_c__visibility_control.h
[2.012s] -- Up-to-date symlink: /home/darkdemon/work/motor_control/install/dynamixel_workbench_msgs/include/dynamixel_workbench_msgs/dynamixel_workbench_msgs/srv/detail/dynamixel_command__rosidl_typesupport_fastrtps_c.h
[2.012s] -- Up-to-date symlink: /home/darkdemon/work/motor_control/install/dynamixel_workbench_msgs/include/dynamixel_workbench_msgs/dynamixel_workbench_msgs/srv/detail/get_dynamixel_info__rosidl_typesupport_fastrtps_c.h
[2.013s] -- Up-to-date symlink: /home/darkdemon/work/motor_control/install/dynamixel_workbench_msgs/include/dynamixel_workbench_msgs/dynamixel_workbench_msgs/msg/detail/ax__rosidl_typesupport_introspection_c.h
[2.013s] -- Up-to-date symlink: /home/darkdemon/work/motor_control/install/dynamixel_workbench_msgs/include/dynamixel_workbench_msgs/dynamixel_workbench_msgs/msg/detail/dynamixel_info__rosidl_typesupport_introspection_c.h
[2.013s] -- Up-to-date symlink: /home/darkdemon/work/motor_control/install/dynamixel_workbench_msgs/include/dynamixel_workbench_msgs/dynamixel_workbench_msgs/msg/detail/dynamixel_load_info__rosidl_typesupport_introspection_c.h
[2.013s] -- Up-to-date symlink: /home/darkdemon/work/motor_control/install/dynamixel_workbench_msgs/include/dynamixel_workbench_msgs/dynamixel_workbench_msgs/msg/detail/dynamixel_state__rosidl_typesupport_introspection_c.h
[2.013s] -- Up-to-date symlink: /home/darkdemon/work/motor_control/install/dynamixel_workbench_msgs/include/dynamixel_workbench_msgs/dynamixel_workbench_msgs/msg/detail/dynamixel_state_list__rosidl_typesupport_introspection_c.h
[2.013s] -- Up-to-date symlink: /home/darkdemon/work/motor_control/install/dynamixel_workbench_msgs/include/dynamixel_workbench_msgs/dynamixel_workbench_msgs/msg/detail/ex__rosidl_typesupport_introspection_c.h
[2.013s] -- Up-to-date symlink: /home/darkdemon/work/motor_control/install/dynamixel_workbench_msgs/include/dynamixel_workbench_msgs/dynamixel_workbench_msgs/msg/detail/mx2__rosidl_typesupport_introspection_c.h
[2.014s] -- Up-to-date symlink: /home/darkdemon/work/motor_control/install/dynamixel_workbench_msgs/include/dynamixel_workbench_msgs/dynamixel_workbench_msgs/msg/detail/mx2_ext__rosidl_typesupport_introspection_c.h
[2.014s] -- Up-to-date symlink: /home/darkdemon/work/motor_control/install/dynamixel_workbench_msgs/include/dynamixel_workbench_msgs/dynamixel_workbench_msgs/msg/detail/mx__rosidl_typesupport_introspection_c.h
[2.014s] -- Up-to-date symlink: /home/darkdemon/work/motor_control/install/dynamixel_workbench_msgs/include/dynamixel_workbench_msgs/dynamixel_workbench_msgs/msg/detail/mx_ext__rosidl_typesupport_introspection_c.h
[2.014s] -- Up-to-date symlink: /home/darkdemon/work/motor_control/install/dynamixel_workbench_msgs/include/dynamixel_workbench_msgs/dynamixel_workbench_msgs/msg/detail/pro__rosidl_typesupport_introspection_c.h
[2.014s] -- Up-to-date symlink: /home/darkdemon/work/motor_control/install/dynamixel_workbench_msgs/include/dynamixel_workbench_msgs/dynamixel_workbench_msgs/msg/detail/pro_ext__rosidl_typesupport_introspection_c.h
[2.014s] -- Up-to-date symlink: /home/darkdemon/work/motor_control/install/dynamixel_workbench_msgs/include/dynamixel_workbench_msgs/dynamixel_workbench_msgs/msg/detail/rx__rosidl_typesupport_introspection_c.h
[2.015s] -- Up-to-date symlink: /home/darkdemon/work/motor_control/install/dynamixel_workbench_msgs/include/dynamixel_workbench_msgs/dynamixel_workbench_msgs/msg/detail/xh__rosidl_typesupport_introspection_c.h
[2.015s] -- Up-to-date symlink: /home/darkdemon/work/motor_control/install/dynamixel_workbench_msgs/include/dynamixel_workbench_msgs/dynamixel_workbench_msgs/msg/detail/xl320__rosidl_typesupport_introspection_c.h
[2.015s] -- Up-to-date symlink: /home/darkdemon/work/motor_control/install/dynamixel_workbench_msgs/include/dynamixel_workbench_msgs/dynamixel_workbench_msgs/msg/detail/xl__rosidl_typesupport_introspection_c.h
[2.015s] -- Up-to-date symlink: /home/darkdemon/work/motor_control/install/dynamixel_workbench_msgs/include/dynamixel_workbench_msgs/dynamixel_workbench_msgs/msg/detail/xm__rosidl_typesupport_introspection_c.h
[2.015s] -- Up-to-date symlink: /home/darkdemon/work/motor_control/install/dynamixel_workbench_msgs/include/dynamixel_workbench_msgs/dynamixel_workbench_msgs/msg/detail/xm_ext__rosidl_typesupport_introspection_c.h
[2.015s] -- Up-to-date symlink: /home/darkdemon/work/motor_control/install/dynamixel_workbench_msgs/include/dynamixel_workbench_msgs/dynamixel_workbench_msgs/msg/rosidl_typesupport_introspection_c__visibility_control.h
[2.016s] -- Up-to-date symlink: /home/darkdemon/work/motor_control/install/dynamixel_workbench_msgs/include/dynamixel_workbench_msgs/dynamixel_workbench_msgs/srv/detail/dynamixel_command__rosidl_typesupport_introspection_c.h
[2.016s] -- Up-to-date symlink: /home/darkdemon/work/motor_control/install/dynamixel_workbench_msgs/include/dynamixel_workbench_msgs/dynamixel_workbench_msgs/srv/detail/get_dynamixel_info__rosidl_typesupport_introspection_c.h
[2.017s] -- Up-to-date symlink: /home/darkdemon/work/motor_control/install/dynamixel_workbench_msgs/include/dynamixel_workbench_msgs/dynamixel_workbench_msgs/msg/ax.hpp
[2.018s] -- Up-to-date symlink: /home/darkdemon/work/motor_control/install/dynamixel_workbench_msgs/include/dynamixel_workbench_msgs/dynamixel_workbench_msgs/msg/detail/ax__builder.hpp
[2.018s] -- Up-to-date symlink: /home/darkdemon/work/motor_control/install/dynamixel_workbench_msgs/include/dynamixel_workbench_msgs/dynamixel_workbench_msgs/msg/detail/ax__struct.hpp
[2.018s] -- Up-to-date symlink: /home/darkdemon/work/motor_control/install/dynamixel_workbench_msgs/include/dynamixel_workbench_msgs/dynamixel_workbench_msgs/msg/detail/ax__traits.hpp
[2.018s] -- Up-to-date symlink: /home/darkdemon/work/motor_control/install/dynamixel_workbench_msgs/include/dynamixel_workbench_msgs/dynamixel_workbench_msgs/msg/detail/ax__type_support.hpp
[2.018s] -- Up-to-date symlink: /home/darkdemon/work/motor_control/install/dynamixel_workbench_msgs/include/dynamixel_workbench_msgs/dynamixel_workbench_msgs/msg/detail/dynamixel_info__builder.hpp
[2.018s] -- Up-to-date symlink: /home/darkdemon/work/motor_control/install/dynamixel_workbench_msgs/include/dynamixel_workbench_msgs/dynamixel_workbench_msgs/msg/detail/dynamixel_info__struct.hpp
[2.018s] -- Up-to-date symlink: /home/darkdemon/work/motor_control/install/dynamixel_workbench_msgs/include/dynamixel_workbench_msgs/dynamixel_workbench_msgs/msg/detail/dynamixel_info__traits.hpp
[2.019s] -- Up-to-date symlink: /home/darkdemon/work/motor_control/install/dynamixel_workbench_msgs/include/dynamixel_workbench_msgs/dynamixel_workbench_msgs/msg/detail/dynamixel_info__type_support.hpp
[2.019s] -- Up-to-date symlink: /home/darkdemon/work/motor_control/install/dynamixel_workbench_msgs/include/dynamixel_workbench_msgs/dynamixel_workbench_msgs/msg/detail/dynamixel_load_info__builder.hpp
[2.019s] -- Up-to-date symlink: /home/darkdemon/work/motor_control/install/dynamixel_workbench_msgs/include/dynamixel_workbench_msgs/dynamixel_workbench_msgs/msg/detail/dynamixel_load_info__struct.hpp
[2.019s] -- Up-to-date symlink: /home/darkdemon/work/motor_control/install/dynamixel_workbench_msgs/include/dynamixel_workbench_msgs/dynamixel_workbench_msgs/msg/detail/dynamixel_load_info__traits.hpp
[2.019s] -- Up-to-date symlink: /home/darkdemon/work/motor_control/install/dynamixel_workbench_msgs/include/dynamixel_workbench_msgs/dynamixel_workbench_msgs/msg/detail/dynamixel_load_info__type_support.hpp
[2.019s] -- Up-to-date symlink: /home/darkdemon/work/motor_control/install/dynamixel_workbench_msgs/include/dynamixel_workbench_msgs/dynamixel_workbench_msgs/msg/detail/dynamixel_state__builder.hpp
[2.020s] -- Up-to-date symlink: /home/darkdemon/work/motor_control/install/dynamixel_workbench_msgs/include/dynamixel_workbench_msgs/dynamixel_workbench_msgs/msg/detail/dynamixel_state__struct.hpp
[2.020s] -- Up-to-date symlink: /home/darkdemon/work/motor_control/install/dynamixel_workbench_msgs/include/dynamixel_workbench_msgs/dynamixel_workbench_msgs/msg/detail/dynamixel_state__traits.hpp
[2.020s] -- Up-to-date symlink: /home/darkdemon/work/motor_control/install/dynamixel_workbench_msgs/include/dynamixel_workbench_msgs/dynamixel_workbench_msgs/msg/detail/dynamixel_state__type_support.hpp
[2.020s] -- Up-to-date symlink: /home/darkdemon/work/motor_control/install/dynamixel_workbench_msgs/include/dynamixel_workbench_msgs/dynamixel_workbench_msgs/msg/detail/dynamixel_state_list__builder.hpp
[2.020s] -- Up-to-date symlink: /home/darkdemon/work/motor_control/install/dynamixel_workbench_msgs/include/dynamixel_workbench_msgs/dynamixel_workbench_msgs/msg/detail/dynamixel_state_list__struct.hpp
[2.020s] -- Up-to-date symlink: /home/darkdemon/work/motor_control/install/dynamixel_workbench_msgs/include/dynamixel_workbench_msgs/dynamixel_workbench_msgs/msg/detail/dynamixel_state_list__traits.hpp
[2.021s] -- Up-to-date symlink: /home/darkdemon/work/motor_control/install/dynamixel_workbench_msgs/include/dynamixel_workbench_msgs/dynamixel_workbench_msgs/msg/detail/dynamixel_state_list__type_support.hpp
[2.021s] -- Up-to-date symlink: /home/darkdemon/work/motor_control/install/dynamixel_workbench_msgs/include/dynamixel_workbench_msgs/dynamixel_workbench_msgs/msg/detail/ex__builder.hpp
[2.021s] -- Up-to-date symlink: /home/darkdemon/work/motor_control/install/dynamixel_workbench_msgs/include/dynamixel_workbench_msgs/dynamixel_workbench_msgs/msg/detail/ex__struct.hpp
[2.021s] -- Up-to-date symlink: /home/darkdemon/work/motor_control/install/dynamixel_workbench_msgs/include/dynamixel_workbench_msgs/dynamixel_workbench_msgs/msg/detail/ex__traits.hpp
[2.021s] -- Up-to-date symlink: /home/darkdemon/work/motor_control/install/dynamixel_workbench_msgs/include/dynamixel_workbench_msgs/dynamixel_workbench_msgs/msg/detail/ex__type_support.hpp
[2.021s] -- Up-to-date symlink: /home/darkdemon/work/motor_control/install/dynamixel_workbench_msgs/include/dynamixel_workbench_msgs/dynamixel_workbench_msgs/msg/detail/mx2__builder.hpp
[2.021s] -- Up-to-date symlink: /home/darkdemon/work/motor_control/install/dynamixel_workbench_msgs/include/dynamixel_workbench_msgs/dynamixel_workbench_msgs/msg/detail/mx2__struct.hpp
[2.022s] -- Up-to-date symlink: /home/darkdemon/work/motor_control/install/dynamixel_workbench_msgs/include/dynamixel_workbench_msgs/dynamixel_workbench_msgs/msg/detail/mx2__traits.hpp
[2.022s] -- Up-to-date symlink: /home/darkdemon/work/motor_control/install/dynamixel_workbench_msgs/include/dynamixel_workbench_msgs/dynamixel_workbench_msgs/msg/detail/mx2__type_support.hpp
[2.022s] -- Up-to-date symlink: /home/darkdemon/work/motor_control/install/dynamixel_workbench_msgs/include/dynamixel_workbench_msgs/dynamixel_workbench_msgs/msg/detail/mx2_ext__builder.hpp
[2.022s] -- Up-to-date symlink: /home/darkdemon/work/motor_control/install/dynamixel_workbench_msgs/include/dynamixel_workbench_msgs/dynamixel_workbench_msgs/msg/detail/mx2_ext__struct.hpp
[2.022s] -- Up-to-date symlink: /home/darkdemon/work/motor_control/install/dynamixel_workbench_msgs/include/dynamixel_workbench_msgs/dynamixel_workbench_msgs/msg/detail/mx2_ext__traits.hpp
[2.022s] -- Up-to-date symlink: /home/darkdemon/work/motor_control/install/dynamixel_workbench_msgs/include/dynamixel_workbench_msgs/dynamixel_workbench_msgs/msg/detail/mx2_ext__type_support.hpp
[2.022s] -- Up-to-date symlink: /home/darkdemon/work/motor_control/install/dynamixel_workbench_msgs/include/dynamixel_workbench_msgs/dynamixel_workbench_msgs/msg/detail/mx__builder.hpp
[2.023s] -- Up-to-date symlink: /home/darkdemon/work/motor_control/install/dynamixel_workbench_msgs/include/dynamixel_workbench_msgs/dynamixel_workbench_msgs/msg/detail/mx__struct.hpp
[2.023s] -- Up-to-date symlink: /home/darkdemon/work/motor_control/install/dynamixel_workbench_msgs/include/dynamixel_workbench_msgs/dynamixel_workbench_msgs/msg/detail/mx__traits.hpp
[2.023s] -- Up-to-date symlink: /home/darkdemon/work/motor_control/install/dynamixel_workbench_msgs/include/dynamixel_workbench_msgs/dynamixel_workbench_msgs/msg/detail/mx__type_support.hpp
[2.023s] -- Up-to-date symlink: /home/darkdemon/work/motor_control/install/dynamixel_workbench_msgs/include/dynamixel_workbench_msgs/dynamixel_workbench_msgs/msg/detail/mx_ext__builder.hpp
[2.023s] -- Up-to-date symlink: /home/darkdemon/work/motor_control/install/dynamixel_workbench_msgs/include/dynamixel_workbench_msgs/dynamixel_workbench_msgs/msg/detail/mx_ext__struct.hpp
[2.023s] -- Up-to-date symlink: /home/darkdemon/work/motor_control/install/dynamixel_workbench_msgs/include/dynamixel_workbench_msgs/dynamixel_workbench_msgs/msg/detail/mx_ext__traits.hpp
[2.023s] -- Up-to-date symlink: /home/darkdemon/work/motor_control/install/dynamixel_workbench_msgs/include/dynamixel_workbench_msgs/dynamixel_workbench_msgs/msg/detail/mx_ext__type_support.hpp
[2.024s] -- Up-to-date symlink: /home/darkdemon/work/motor_control/install/dynamixel_workbench_msgs/include/dynamixel_workbench_msgs/dynamixel_workbench_msgs/msg/detail/pro__builder.hpp
[2.024s] -- Up-to-date symlink: /home/darkdemon/work/motor_control/install/dynamixel_workbench_msgs/include/dynamixel_workbench_msgs/dynamixel_workbench_msgs/msg/detail/pro__struct.hpp
[2.024s] -- Up-to-date symlink: /home/darkdemon/work/motor_control/install/dynamixel_workbench_msgs/include/dynamixel_workbench_msgs/dynamixel_workbench_msgs/msg/detail/pro__traits.hpp
[2.024s] -- Up-to-date symlink: /home/darkdemon/work/motor_control/install/dynamixel_workbench_msgs/include/dynamixel_workbench_msgs/dynamixel_workbench_msgs/msg/detail/pro__type_support.hpp
[2.024s] -- Up-to-date symlink: /home/darkdemon/work/motor_control/install/dynamixel_workbench_msgs/include/dynamixel_workbench_msgs/dynamixel_workbench_msgs/msg/detail/pro_ext__builder.hpp
[2.024s] -- Up-to-date symlink: /home/darkdemon/work/motor_control/install/dynamixel_workbench_msgs/include/dynamixel_workbench_msgs/dynamixel_workbench_msgs/msg/detail/pro_ext__struct.hpp
[2.024s] -- Up-to-date symlink: /home/darkdemon/work/motor_control/install/dynamixel_workbench_msgs/include/dynamixel_workbench_msgs/dynamixel_workbench_msgs/msg/detail/pro_ext__traits.hpp
[2.024s] -- Up-to-date symlink: /home/darkdemon/work/motor_control/install/dynamixel_workbench_msgs/include/dynamixel_workbench_msgs/dynamixel_workbench_msgs/msg/detail/pro_ext__type_support.hpp
[2.025s] -- Up-to-date symlink: /home/darkdemon/work/motor_control/install/dynamixel_workbench_msgs/include/dynamixel_workbench_msgs/dynamixel_workbench_msgs/msg/detail/rx__builder.hpp
[2.025s] -- Up-to-date symlink: /home/darkdemon/work/motor_control/install/dynamixel_workbench_msgs/include/dynamixel_workbench_msgs/dynamixel_workbench_msgs/msg/detail/rx__struct.hpp
[2.025s] -- Up-to-date symlink: /home/darkdemon/work/motor_control/install/dynamixel_workbench_msgs/include/dynamixel_workbench_msgs/dynamixel_workbench_msgs/msg/detail/rx__traits.hpp
[2.025s] -- Up-to-date symlink: /home/darkdemon/work/motor_control/install/dynamixel_workbench_msgs/include/dynamixel_workbench_msgs/dynamixel_workbench_msgs/msg/detail/rx__type_support.hpp
[2.025s] -- Up-to-date symlink: /home/darkdemon/work/motor_control/install/dynamixel_workbench_msgs/include/dynamixel_workbench_msgs/dynamixel_workbench_msgs/msg/detail/xh__builder.hpp
[2.025s] -- Up-to-date symlink: /home/darkdemon/work/motor_control/install/dynamixel_workbench_msgs/include/dynamixel_workbench_msgs/dynamixel_workbench_msgs/msg/detail/xh__struct.hpp
[2.025s] -- Up-to-date symlink: /home/darkdemon/work/motor_control/install/dynamixel_workbench_msgs/include/dynamixel_workbench_msgs/dynamixel_workbench_msgs/msg/detail/xh__traits.hpp
[2.026s] -- Up-to-date symlink: /home/darkdemon/work/motor_control/install/dynamixel_workbench_msgs/include/dynamixel_workbench_msgs/dynamixel_workbench_msgs/msg/detail/xh__type_support.hpp
[2.026s] -- Up-to-date symlink: /home/darkdemon/work/motor_control/install/dynamixel_workbench_msgs/include/dynamixel_workbench_msgs/dynamixel_workbench_msgs/msg/detail/xl320__builder.hpp
[2.026s] -- Up-to-date symlink: /home/darkdemon/work/motor_control/install/dynamixel_workbench_msgs/include/dynamixel_workbench_msgs/dynamixel_workbench_msgs/msg/detail/xl320__struct.hpp
[2.026s] -- Up-to-date symlink: /home/darkdemon/work/motor_control/install/dynamixel_workbench_msgs/include/dynamixel_workbench_msgs/dynamixel_workbench_msgs/msg/detail/xl320__traits.hpp
[2.026s] -- Up-to-date symlink: /home/darkdemon/work/motor_control/install/dynamixel_workbench_msgs/include/dynamixel_workbench_msgs/dynamixel_workbench_msgs/msg/detail/xl320__type_support.hpp
[2.026s] -- Up-to-date symlink: /home/darkdemon/work/motor_control/install/dynamixel_workbench_msgs/include/dynamixel_workbench_msgs/dynamixel_workbench_msgs/msg/detail/xl__builder.hpp
[2.026s] -- Up-to-date symlink: /home/darkdemon/work/motor_control/install/dynamixel_workbench_msgs/include/dynamixel_workbench_msgs/dynamixel_workbench_msgs/msg/detail/xl__struct.hpp
[2.026s] -- Up-to-date symlink: /home/darkdemon/work/motor_control/install/dynamixel_workbench_msgs/include/dynamixel_workbench_msgs/dynamixel_workbench_msgs/msg/detail/xl__traits.hpp
[2.027s] -- Up-to-date symlink: /home/darkdemon/work/motor_control/install/dynamixel_workbench_msgs/include/dynamixel_workbench_msgs/dynamixel_workbench_msgs/msg/detail/xl__type_support.hpp
[2.027s] -- Up-to-date symlink: /home/darkdemon/work/motor_control/install/dynamixel_workbench_msgs/include/dynamixel_workbench_msgs/dynamixel_workbench_msgs/msg/detail/xm__builder.hpp
[2.027s] -- Up-to-date symlink: /home/darkdemon/work/motor_control/install/dynamixel_workbench_msgs/include/dynamixel_workbench_msgs/dynamixel_workbench_msgs/msg/detail/xm__struct.hpp
[2.027s] -- Up-to-date symlink: /home/darkdemon/work/motor_control/install/dynamixel_workbench_msgs/include/dynamixel_workbench_msgs/dynamixel_workbench_msgs/msg/detail/xm__traits.hpp
[2.027s] -- Up-to-date symlink: /home/darkdemon/work/motor_control/install/dynamixel_workbench_msgs/include/dynamixel_workbench_msgs/dynamixel_workbench_msgs/msg/detail/xm__type_support.hpp
[2.027s] -- Up-to-date symlink: /home/darkdemon/work/motor_control/install/dynamixel_workbench_msgs/include/dynamixel_workbench_msgs/dynamixel_workbench_msgs/msg/detail/xm_ext__builder.hpp
[2.027s] -- Up-to-date symlink: /home/darkdemon/work/motor_control/install/dynamixel_workbench_msgs/include/dynamixel_workbench_msgs/dynamixel_workbench_msgs/msg/detail/xm_ext__struct.hpp
[2.028s] -- Up-to-date symlink: /home/darkdemon/work/motor_control/install/dynamixel_workbench_msgs/include/dynamixel_workbench_msgs/dynamixel_workbench_msgs/msg/detail/xm_ext__traits.hpp
[2.028s] -- Up-to-date symlink: /home/darkdemon/work/motor_control/install/dynamixel_workbench_msgs/include/dynamixel_workbench_msgs/dynamixel_workbench_msgs/msg/detail/xm_ext__type_support.hpp
[2.028s] -- Up-to-date symlink: /home/darkdemon/work/motor_control/install/dynamixel_workbench_msgs/include/dynamixel_workbench_msgs/dynamixel_workbench_msgs/msg/dynamixel_info.hpp
[2.028s] -- Up-to-date symlink: /home/darkdemon/work/motor_control/install/dynamixel_workbench_msgs/include/dynamixel_workbench_msgs/dynamixel_workbench_msgs/msg/dynamixel_load_info.hpp
[2.028s] -- Up-to-date symlink: /home/darkdemon/work/motor_control/install/dynamixel_workbench_msgs/include/dynamixel_workbench_msgs/dynamixel_workbench_msgs/msg/dynamixel_state.hpp
[2.028s] -- Up-to-date symlink: /home/darkdemon/work/motor_control/install/dynamixel_workbench_msgs/include/dynamixel_workbench_msgs/dynamixel_workbench_msgs/msg/dynamixel_state_list.hpp
[2.028s] -- Up-to-date symlink: /home/darkdemon/work/motor_control/install/dynamixel_workbench_msgs/include/dynamixel_workbench_msgs/dynamixel_workbench_msgs/msg/ex.hpp
[2.028s] -- Up-to-date symlink: /home/darkdemon/work/motor_control/install/dynamixel_workbench_msgs/include/dynamixel_workbench_msgs/dynamixel_workbench_msgs/msg/mx.hpp
[2.029s] -- Up-to-date symlink: /home/darkdemon/work/motor_control/install/dynamixel_workbench_msgs/include/dynamixel_workbench_msgs/dynamixel_workbench_msgs/msg/mx2.hpp
[2.029s] -- Up-to-date symlink: /home/darkdemon/work/motor_control/install/dynamixel_workbench_msgs/include/dynamixel_workbench_msgs/dynamixel_workbench_msgs/msg/mx2_ext.hpp
[2.029s] -- Up-to-date symlink: /home/darkdemon/work/motor_control/install/dynamixel_workbench_msgs/include/dynamixel_workbench_msgs/dynamixel_workbench_msgs/msg/mx_ext.hpp
[2.029s] -- Up-to-date symlink: /home/darkdemon/work/motor_control/install/dynamixel_workbench_msgs/include/dynamixel_workbench_msgs/dynamixel_workbench_msgs/msg/pro.hpp
[2.029s] -- Up-to-date symlink: /home/darkdemon/work/motor_control/install/dynamixel_workbench_msgs/include/dynamixel_workbench_msgs/dynamixel_workbench_msgs/msg/pro_ext.hpp
[2.029s] -- Up-to-date symlink: /home/darkdemon/work/motor_control/install/dynamixel_workbench_msgs/include/dynamixel_workbench_msgs/dynamixel_workbench_msgs/msg/rosidl_generator_cpp__visibility_control.hpp
[2.029s] -- Up-to-date symlink: /home/darkdemon/work/motor_control/install/dynamixel_workbench_msgs/include/dynamixel_workbench_msgs/dynamixel_workbench_msgs/msg/rx.hpp
[2.030s] -- Up-to-date symlink: /home/darkdemon/work/motor_control/install/dynamixel_workbench_msgs/include/dynamixel_workbench_msgs/dynamixel_workbench_msgs/msg/xh.hpp
[2.030s] -- Up-to-date symlink: /home/darkdemon/work/motor_control/install/dynamixel_workbench_msgs/include/dynamixel_workbench_msgs/dynamixel_workbench_msgs/msg/xl.hpp
[2.030s] -- Up-to-date symlink: /home/darkdemon/work/motor_control/install/dynamixel_workbench_msgs/include/dynamixel_workbench_msgs/dynamixel_workbench_msgs/msg/xl320.hpp
[2.030s] -- Up-to-date symlink: /home/darkdemon/work/motor_control/install/dynamixel_workbench_msgs/include/dynamixel_workbench_msgs/dynamixel_workbench_msgs/msg/xm.hpp
[2.030s] -- Up-to-date symlink: /home/darkdemon/work/motor_control/install/dynamixel_workbench_msgs/include/dynamixel_workbench_msgs/dynamixel_workbench_msgs/msg/xm_ext.hpp
[2.030s] -- Up-to-date symlink: /home/darkdemon/work/motor_control/install/dynamixel_workbench_msgs/include/dynamixel_workbench_msgs/dynamixel_workbench_msgs/srv/detail/dynamixel_command__builder.hpp
[2.030s] -- Up-to-date symlink: /home/darkdemon/work/motor_control/install/dynamixel_workbench_msgs/include/dynamixel_workbench_msgs/dynamixel_workbench_msgs/srv/detail/dynamixel_command__struct.hpp
[2.030s] -- Up-to-date symlink: /home/darkdemon/work/motor_control/install/dynamixel_workbench_msgs/include/dynamixel_workbench_msgs/dynamixel_workbench_msgs/srv/detail/dynamixel_command__traits.hpp
[2.031s] -- Up-to-date symlink: /home/darkdemon/work/motor_control/install/dynamixel_workbench_msgs/include/dynamixel_workbench_msgs/dynamixel_workbench_msgs/srv/detail/dynamixel_command__type_support.hpp
[2.031s] -- Up-to-date symlink: /home/darkdemon/work/motor_control/install/dynamixel_workbench_msgs/include/dynamixel_workbench_msgs/dynamixel_workbench_msgs/srv/detail/get_dynamixel_info__builder.hpp
[2.031s] -- Up-to-date symlink: /home/darkdemon/work/motor_control/install/dynamixel_workbench_msgs/include/dynamixel_workbench_msgs/dynamixel_workbench_msgs/srv/detail/get_dynamixel_info__struct.hpp
[2.031s] -- Up-to-date symlink: /home/darkdemon/work/motor_control/install/dynamixel_workbench_msgs/include/dynamixel_workbench_msgs/dynamixel_workbench_msgs/srv/detail/get_dynamixel_info__traits.hpp
[2.031s] -- Up-to-date symlink: /home/darkdemon/work/motor_control/install/dynamixel_workbench_msgs/include/dynamixel_workbench_msgs/dynamixel_workbench_msgs/srv/detail/get_dynamixel_info__type_support.hpp
[2.031s] -- Up-to-date symlink: /home/darkdemon/work/motor_control/install/dynamixel_workbench_msgs/include/dynamixel_workbench_msgs/dynamixel_workbench_msgs/srv/dynamixel_command.hpp
[2.031s] -- Up-to-date symlink: /home/darkdemon/work/motor_control/install/dynamixel_workbench_msgs/include/dynamixel_workbench_msgs/dynamixel_workbench_msgs/srv/get_dynamixel_info.hpp
[2.033s] -- Up-to-date symlink: /home/darkdemon/work/motor_control/install/dynamixel_workbench_msgs/include/dynamixel_workbench_msgs/dynamixel_workbench_msgs/msg/detail/ax__rosidl_typesupport_fastrtps_cpp.hpp
[2.033s] -- Up-to-date symlink: /home/darkdemon/work/motor_control/install/dynamixel_workbench_msgs/include/dynamixel_workbench_msgs/dynamixel_workbench_msgs/msg/detail/dynamixel_info__rosidl_typesupport_fastrtps_cpp.hpp
[2.033s] -- Up-to-date symlink: /home/darkdemon/work/motor_control/install/dynamixel_workbench_msgs/include/dynamixel_workbench_msgs/dynamixel_workbench_msgs/msg/detail/dynamixel_load_info__rosidl_typesupport_fastrtps_cpp.hpp
[2.033s] -- Up-to-date symlink: /home/darkdemon/work/motor_control/install/dynamixel_workbench_msgs/include/dynamixel_workbench_msgs/dynamixel_workbench_msgs/msg/detail/dynamixel_state__rosidl_typesupport_fastrtps_cpp.hpp
[2.033s] -- Up-to-date symlink: /home/darkdemon/work/motor_control/install/dynamixel_workbench_msgs/include/dynamixel_workbench_msgs/dynamixel_workbench_msgs/msg/detail/dynamixel_state_list__rosidl_typesupport_fastrtps_cpp.hpp
[2.033s] -- Up-to-date symlink: /home/darkdemon/work/motor_control/install/dynamixel_workbench_msgs/include/dynamixel_workbench_msgs/dynamixel_workbench_msgs/msg/detail/ex__rosidl_typesupport_fastrtps_cpp.hpp
[2.034s] -- Up-to-date symlink: /home/darkdemon/work/motor_control/install/dynamixel_workbench_msgs/include/dynamixel_workbench_msgs/dynamixel_workbench_msgs/msg/detail/mx2__rosidl_typesupport_fastrtps_cpp.hpp
[2.034s] -- Up-to-date symlink: /home/darkdemon/work/motor_control/install/dynamixel_workbench_msgs/include/dynamixel_workbench_msgs/dynamixel_workbench_msgs/msg/detail/mx2_ext__rosidl_typesupport_fastrtps_cpp.hpp
[2.034s] -- Up-to-date symlink: /home/darkdemon/work/motor_control/install/dynamixel_workbench_msgs/include/dynamixel_workbench_msgs/dynamixel_workbench_msgs/msg/detail/mx__rosidl_typesupport_fastrtps_cpp.hpp
[2.034s] -- Up-to-date symlink: /home/darkdemon/work/motor_control/install/dynamixel_workbench_msgs/include/dynamixel_workbench_msgs/dynamixel_workbench_msgs/msg/detail/mx_ext__rosidl_typesupport_fastrtps_cpp.hpp
[2.034s] -- Up-to-date symlink: /home/darkdemon/work/motor_control/install/dynamixel_workbench_msgs/include/dynamixel_workbench_msgs/dynamixel_workbench_msgs/msg/detail/pro__rosidl_typesupport_fastrtps_cpp.hpp
[2.034s] -- Up-to-date symlink: /home/darkdemon/work/motor_control/install/dynamixel_workbench_msgs/include/dynamixel_workbench_msgs/dynamixel_workbench_msgs/msg/detail/pro_ext__rosidl_typesupport_fastrtps_cpp.hpp
[2.034s] -- Up-to-date symlink: /home/darkdemon/work/motor_control/install/dynamixel_workbench_msgs/include/dynamixel_workbench_msgs/dynamixel_workbench_msgs/msg/detail/rx__rosidl_typesupport_fastrtps_cpp.hpp
[2.034s] -- Up-to-date symlink: /home/darkdemon/work/motor_control/install/dynamixel_workbench_msgs/include/dynamixel_workbench_msgs/dynamixel_workbench_msgs/msg/detail/xh__rosidl_typesupport_fastrtps_cpp.hpp
[2.035s] -- Up-to-date symlink: /home/darkdemon/work/motor_control/install/dynamixel_workbench_msgs/include/dynamixel_workbench_msgs/dynamixel_workbench_msgs/msg/detail/xl320__rosidl_typesupport_fastrtps_cpp.hpp
[2.035s] -- Up-to-date symlink: /home/darkdemon/work/motor_control/install/dynamixel_workbench_msgs/include/dynamixel_workbench_msgs/dynamixel_workbench_msgs/msg/detail/xl__rosidl_typesupport_fastrtps_cpp.hpp
[2.035s] -- Up-to-date symlink: /home/darkdemon/work/motor_control/install/dynamixel_workbench_msgs/include/dynamixel_workbench_msgs/dynamixel_workbench_msgs/msg/detail/xm__rosidl_typesupport_fastrtps_cpp.hpp
[2.035s] -- Up-to-date symlink: /home/darkdemon/work/motor_control/install/dynamixel_workbench_msgs/include/dynamixel_workbench_msgs/dynamixel_workbench_msgs/msg/detail/xm_ext__rosidl_typesupport_fastrtps_cpp.hpp
[2.035s] -- Up-to-date symlink: /home/darkdemon/work/motor_control/install/dynamixel_workbench_msgs/include/dynamixel_workbench_msgs/dynamixel_workbench_msgs/msg/rosidl_typesupport_fastrtps_cpp__visibility_control.h
[2.035s] -- Up-to-date symlink: /home/darkdemon/work/motor_control/install/dynamixel_workbench_msgs/include/dynamixel_workbench_msgs/dynamixel_workbench_msgs/srv/detail/dynamixel_command__rosidl_typesupport_fastrtps_cpp.hpp
[2.035s] -- Up-to-date symlink: /home/darkdemon/work/motor_control/install/dynamixel_workbench_msgs/include/dynamixel_workbench_msgs/dynamixel_workbench_msgs/srv/detail/get_dynamixel_info__rosidl_typesupport_fastrtps_cpp.hpp
[2.036s] -- Up-to-date symlink: /home/darkdemon/work/motor_control/install/dynamixel_workbench_msgs/include/dynamixel_workbench_msgs/dynamixel_workbench_msgs/msg/detail/ax__rosidl_typesupport_introspection_cpp.hpp
[2.036s] -- Up-to-date symlink: /home/darkdemon/work/motor_control/install/dynamixel_workbench_msgs/include/dynamixel_workbench_msgs/dynamixel_workbench_msgs/msg/detail/dynamixel_info__rosidl_typesupport_introspection_cpp.hpp
[2.036s] -- Up-to-date symlink: /home/darkdemon/work/motor_control/install/dynamixel_workbench_msgs/include/dynamixel_workbench_msgs/dynamixel_workbench_msgs/msg/detail/dynamixel_load_info__rosidl_typesupport_introspection_cpp.hpp
[2.037s] -- Up-to-date symlink: /home/darkdemon/work/motor_control/install/dynamixel_workbench_msgs/include/dynamixel_workbench_msgs/dynamixel_workbench_msgs/msg/detail/dynamixel_state__rosidl_typesupport_introspection_cpp.hpp
[2.037s] -- Up-to-date symlink: /home/darkdemon/work/motor_control/install/dynamixel_workbench_msgs/include/dynamixel_workbench_msgs/dynamixel_workbench_msgs/msg/detail/dynamixel_state_list__rosidl_typesupport_introspection_cpp.hpp
[2.037s] -- Up-to-date symlink: /home/darkdemon/work/motor_control/install/dynamixel_workbench_msgs/include/dynamixel_workbench_msgs/dynamixel_workbench_msgs/msg/detail/ex__rosidl_typesupport_introspection_cpp.hpp
[2.037s] -- Up-to-date symlink: /home/darkdemon/work/motor_control/install/dynamixel_workbench_msgs/include/dynamixel_workbench_msgs/dynamixel_workbench_msgs/msg/detail/mx2__rosidl_typesupport_introspection_cpp.hpp
[2.037s] -- Up-to-date symlink: /home/darkdemon/work/motor_control/install/dynamixel_workbench_msgs/include/dynamixel_workbench_msgs/dynamixel_workbench_msgs/msg/detail/mx2_ext__rosidl_typesupport_introspection_cpp.hpp
[2.037s] -- Up-to-date symlink: /home/darkdemon/work/motor_control/install/dynamixel_workbench_msgs/include/dynamixel_workbench_msgs/dynamixel_workbench_msgs/msg/detail/mx__rosidl_typesupport_introspection_cpp.hpp
[2.037s] -- Up-to-date symlink: /home/darkdemon/work/motor_control/install/dynamixel_workbench_msgs/include/dynamixel_workbench_msgs/dynamixel_workbench_msgs/msg/detail/mx_ext__rosidl_typesupport_introspection_cpp.hpp
[2.038s] -- Up-to-date symlink: /home/darkdemon/work/motor_control/install/dynamixel_workbench_msgs/include/dynamixel_workbench_msgs/dynamixel_workbench_msgs/msg/detail/pro__rosidl_typesupport_introspection_cpp.hpp
[2.038s] -- Up-to-date symlink: /home/darkdemon/work/motor_control/install/dynamixel_workbench_msgs/include/dynamixel_workbench_msgs/dynamixel_workbench_msgs/msg/detail/pro_ext__rosidl_typesupport_introspection_cpp.hpp
[2.038s] -- Up-to-date symlink: /home/darkdemon/work/motor_control/install/dynamixel_workbench_msgs/include/dynamixel_workbench_msgs/dynamixel_workbench_msgs/msg/detail/rx__rosidl_typesupport_introspection_cpp.hpp
[2.038s] -- Up-to-date symlink: /home/darkdemon/work/motor_control/install/dynamixel_workbench_msgs/include/dynamixel_workbench_msgs/dynamixel_workbench_msgs/msg/detail/xh__rosidl_typesupport_introspection_cpp.hpp
[2.038s] -- Up-to-date symlink: /home/darkdemon/work/motor_control/install/dynamixel_workbench_msgs/include/dynamixel_workbench_msgs/dynamixel_workbench_msgs/msg/detail/xl320__rosidl_typesupport_introspection_cpp.hpp
[2.038s] -- Up-to-date symlink: /home/darkdemon/work/motor_control/install/dynamixel_workbench_msgs/include/dynamixel_workbench_msgs/dynamixel_workbench_msgs/msg/detail/xl__rosidl_typesupport_introspection_cpp.hpp
[2.038s] -- Up-to-date symlink: /home/darkdemon/work/motor_control/install/dynamixel_workbench_msgs/include/dynamixel_workbench_msgs/dynamixel_workbench_msgs/msg/detail/xm__rosidl_typesupport_introspection_cpp.hpp
[2.039s] -- Up-to-date symlink: /home/darkdemon/work/motor_control/install/dynamixel_workbench_msgs/include/dynamixel_workbench_msgs/dynamixel_workbench_msgs/msg/detail/xm_ext__rosidl_typesupport_introspection_cpp.hpp
[2.039s] -- Up-to-date symlink: /home/darkdemon/work/motor_control/install/dynamixel_workbench_msgs/include/dynamixel_workbench_msgs/dynamixel_workbench_msgs/srv/detail/dynamixel_command__rosidl_typesupport_introspection_cpp.hpp
[2.039s] -- Up-to-date symlink: /home/darkdemon/work/motor_control/install/dynamixel_workbench_msgs/include/dynamixel_workbench_msgs/dynamixel_workbench_msgs/srv/detail/get_dynamixel_info__rosidl_typesupport_introspection_cpp.hpp
[2.039s] -- Up-to-date symlink: /home/darkdemon/work/motor_control/install/dynamixel_workbench_msgs/share/dynamixel_workbench_msgs/environment/pythonpath.sh
[2.039s] -- Up-to-date symlink: /home/darkdemon/work/motor_control/install/dynamixel_workbench_msgs/share/dynamixel_workbench_msgs/environment/pythonpath.dsv
[2.040s] -- Up-to-date symlink: /home/darkdemon/work/motor_control/install/dynamixel_workbench_msgs/local/lib/python3.10/dist-packages/dynamixel_workbench_msgs-2.0.3-py3.10.egg-info/PKG-INFO
[2.040s] -- Up-to-date symlink: /home/darkdemon/work/motor_control/install/dynamixel_workbench_msgs/local/lib/python3.10/dist-packages/dynamixel_workbench_msgs-2.0.3-py3.10.egg-info/SOURCES.txt
[2.040s] -- Up-to-date symlink: /home/darkdemon/work/motor_control/install/dynamixel_workbench_msgs/local/lib/python3.10/dist-packages/dynamixel_workbench_msgs-2.0.3-py3.10.egg-info/dependency_links.txt
[2.040s] -- Up-to-date symlink: /home/darkdemon/work/motor_control/install/dynamixel_workbench_msgs/local/lib/python3.10/dist-packages/dynamixel_workbench_msgs-2.0.3-py3.10.egg-info/top_level.txt
[2.042s] -- Up-to-date symlink: /home/darkdemon/work/motor_control/install/dynamixel_workbench_msgs/local/lib/python3.10/dist-packages/dynamixel_workbench_msgs/__init__.py
[2.042s] -- Up-to-date symlink: /home/darkdemon/work/motor_control/install/dynamixel_workbench_msgs/local/lib/python3.10/dist-packages/dynamixel_workbench_msgs/_dynamixel_workbench_msgs_s.ep.rosidl_typesupport_c.c
[2.042s] -- Up-to-date symlink: /home/darkdemon/work/motor_control/install/dynamixel_workbench_msgs/local/lib/python3.10/dist-packages/dynamixel_workbench_msgs/_dynamixel_workbench_msgs_s.ep.rosidl_typesupport_fastrtps_c.c
[2.042s] -- Up-to-date symlink: /home/darkdemon/work/motor_control/install/dynamixel_workbench_msgs/local/lib/python3.10/dist-packages/dynamixel_workbench_msgs/_dynamixel_workbench_msgs_s.ep.rosidl_typesupport_introspection_c.c
[2.042s] -- Up-to-date symlink: /home/darkdemon/work/motor_control/install/dynamixel_workbench_msgs/local/lib/python3.10/dist-packages/dynamixel_workbench_msgs/dynamixel_workbench_msgs_s__rosidl_typesupport_c.cpython-310-x86_64-linux-gnu.so
[2.042s] -- Up-to-date symlink: /home/darkdemon/work/motor_control/install/dynamixel_workbench_msgs/local/lib/python3.10/dist-packages/dynamixel_workbench_msgs/dynamixel_workbench_msgs_s__rosidl_typesupport_fastrtps_c.cpython-310-x86_64-linux-gnu.so
[2.042s] -- Up-to-date symlink: /home/darkdemon/work/motor_control/install/dynamixel_workbench_msgs/local/lib/python3.10/dist-packages/dynamixel_workbench_msgs/dynamixel_workbench_msgs_s__rosidl_typesupport_introspection_c.cpython-310-x86_64-linux-gnu.so
[2.042s] -- Up-to-date symlink: /home/darkdemon/work/motor_control/install/dynamixel_workbench_msgs/local/lib/python3.10/dist-packages/dynamixel_workbench_msgs/libdynamixel_workbench_msgs__rosidl_generator_py.so
[2.043s] -- Up-to-date symlink: /home/darkdemon/work/motor_control/install/dynamixel_workbench_msgs/local/lib/python3.10/dist-packages/dynamixel_workbench_msgs/msg/__init__.py
[2.043s] -- Up-to-date symlink: /home/darkdemon/work/motor_control/install/dynamixel_workbench_msgs/local/lib/python3.10/dist-packages/dynamixel_workbench_msgs/msg/_ax.py
[2.043s] -- Up-to-date symlink: /home/darkdemon/work/motor_control/install/dynamixel_workbench_msgs/local/lib/python3.10/dist-packages/dynamixel_workbench_msgs/msg/_ax_s.c
[2.043s] -- Up-to-date symlink: /home/darkdemon/work/motor_control/install/dynamixel_workbench_msgs/local/lib/python3.10/dist-packages/dynamixel_workbench_msgs/msg/_dynamixel_info.py
[2.043s] -- Up-to-date symlink: /home/darkdemon/work/motor_control/install/dynamixel_workbench_msgs/local/lib/python3.10/dist-packages/dynamixel_workbench_msgs/msg/_dynamixel_info_s.c
[2.043s] -- Up-to-date symlink: /home/darkdemon/work/motor_control/install/dynamixel_workbench_msgs/local/lib/python3.10/dist-packages/dynamixel_workbench_msgs/msg/_dynamixel_load_info.py
[2.043s] -- Up-to-date symlink: /home/darkdemon/work/motor_control/install/dynamixel_workbench_msgs/local/lib/python3.10/dist-packages/dynamixel_workbench_msgs/msg/_dynamixel_load_info_s.c
[2.044s] -- Up-to-date symlink: /home/darkdemon/work/motor_control/install/dynamixel_workbench_msgs/local/lib/python3.10/dist-packages/dynamixel_workbench_msgs/msg/_dynamixel_state.py
[2.044s] -- Up-to-date symlink: /home/darkdemon/work/motor_control/install/dynamixel_workbench_msgs/local/lib/python3.10/dist-packages/dynamixel_workbench_msgs/msg/_dynamixel_state_list.py
[2.044s] -- Up-to-date symlink: /home/darkdemon/work/motor_control/install/dynamixel_workbench_msgs/local/lib/python3.10/dist-packages/dynamixel_workbench_msgs/msg/_dynamixel_state_list_s.c
[2.044s] -- Up-to-date symlink: /home/darkdemon/work/motor_control/install/dynamixel_workbench_msgs/local/lib/python3.10/dist-packages/dynamixel_workbench_msgs/msg/_dynamixel_state_s.c
[2.044s] -- Up-to-date symlink: /home/darkdemon/work/motor_control/install/dynamixel_workbench_msgs/local/lib/python3.10/dist-packages/dynamixel_workbench_msgs/msg/_ex.py
[2.044s] -- Up-to-date symlink: /home/darkdemon/work/motor_control/install/dynamixel_workbench_msgs/local/lib/python3.10/dist-packages/dynamixel_workbench_msgs/msg/_ex_s.c
[2.044s] -- Up-to-date symlink: /home/darkdemon/work/motor_control/install/dynamixel_workbench_msgs/local/lib/python3.10/dist-packages/dynamixel_workbench_msgs/msg/_mx.py
[2.044s] -- Up-to-date symlink: /home/darkdemon/work/motor_control/install/dynamixel_workbench_msgs/local/lib/python3.10/dist-packages/dynamixel_workbench_msgs/msg/_mx2.py
[2.045s] -- Up-to-date symlink: /home/darkdemon/work/motor_control/install/dynamixel_workbench_msgs/local/lib/python3.10/dist-packages/dynamixel_workbench_msgs/msg/_mx2_ext.py
[2.045s] -- Up-to-date symlink: /home/darkdemon/work/motor_control/install/dynamixel_workbench_msgs/local/lib/python3.10/dist-packages/dynamixel_workbench_msgs/msg/_mx2_ext_s.c
[2.045s] -- Up-to-date symlink: /home/darkdemon/work/motor_control/install/dynamixel_workbench_msgs/local/lib/python3.10/dist-packages/dynamixel_workbench_msgs/msg/_mx2_s.c
[2.045s] -- Up-to-date symlink: /home/darkdemon/work/motor_control/install/dynamixel_workbench_msgs/local/lib/python3.10/dist-packages/dynamixel_workbench_msgs/msg/_mx_ext.py
[2.045s] -- Up-to-date symlink: /home/darkdemon/work/motor_control/install/dynamixel_workbench_msgs/local/lib/python3.10/dist-packages/dynamixel_workbench_msgs/msg/_mx_ext_s.c
[2.045s] -- Up-to-date symlink: /home/darkdemon/work/motor_control/install/dynamixel_workbench_msgs/local/lib/python3.10/dist-packages/dynamixel_workbench_msgs/msg/_mx_s.c
[2.045s] -- Up-to-date symlink: /home/darkdemon/work/motor_control/install/dynamixel_workbench_msgs/local/lib/python3.10/dist-packages/dynamixel_workbench_msgs/msg/_pro.py
[2.045s] -- Up-to-date symlink: /home/darkdemon/work/motor_control/install/dynamixel_workbench_msgs/local/lib/python3.10/dist-packages/dynamixel_workbench_msgs/msg/_pro_ext.py
[2.046s] -- Up-to-date symlink: /home/darkdemon/work/motor_control/install/dynamixel_workbench_msgs/local/lib/python3.10/dist-packages/dynamixel_workbench_msgs/msg/_pro_ext_s.c
[2.046s] -- Up-to-date symlink: /home/darkdemon/work/motor_control/install/dynamixel_workbench_msgs/local/lib/python3.10/dist-packages/dynamixel_workbench_msgs/msg/_pro_s.c
[2.046s] -- Up-to-date symlink: /home/darkdemon/work/motor_control/install/dynamixel_workbench_msgs/local/lib/python3.10/dist-packages/dynamixel_workbench_msgs/msg/_rx.py
[2.046s] -- Up-to-date symlink: /home/darkdemon/work/motor_control/install/dynamixel_workbench_msgs/local/lib/python3.10/dist-packages/dynamixel_workbench_msgs/msg/_rx_s.c
[2.046s] -- Up-to-date symlink: /home/darkdemon/work/motor_control/install/dynamixel_workbench_msgs/local/lib/python3.10/dist-packages/dynamixel_workbench_msgs/msg/_xh.py
[2.046s] -- Up-to-date symlink: /home/darkdemon/work/motor_control/install/dynamixel_workbench_msgs/local/lib/python3.10/dist-packages/dynamixel_workbench_msgs/msg/_xh_s.c
[2.046s] -- Up-to-date symlink: /home/darkdemon/work/motor_control/install/dynamixel_workbench_msgs/local/lib/python3.10/dist-packages/dynamixel_workbench_msgs/msg/_xl.py
[2.046s] -- Up-to-date symlink: /home/darkdemon/work/motor_control/install/dynamixel_workbench_msgs/local/lib/python3.10/dist-packages/dynamixel_workbench_msgs/msg/_xl320.py
[2.047s] -- Up-to-date symlink: /home/darkdemon/work/motor_control/install/dynamixel_workbench_msgs/local/lib/python3.10/dist-packages/dynamixel_workbench_msgs/msg/_xl320_s.c
[2.047s] -- Up-to-date symlink: /home/darkdemon/work/motor_control/install/dynamixel_workbench_msgs/local/lib/python3.10/dist-packages/dynamixel_workbench_msgs/msg/_xl_s.c
[2.047s] -- Up-to-date symlink: /home/darkdemon/work/motor_control/install/dynamixel_workbench_msgs/local/lib/python3.10/dist-packages/dynamixel_workbench_msgs/msg/_xm.py
[2.047s] -- Up-to-date symlink: /home/darkdemon/work/motor_control/install/dynamixel_workbench_msgs/local/lib/python3.10/dist-packages/dynamixel_workbench_msgs/msg/_xm_ext.py
[2.047s] -- Up-to-date symlink: /home/darkdemon/work/motor_control/install/dynamixel_workbench_msgs/local/lib/python3.10/dist-packages/dynamixel_workbench_msgs/msg/_xm_ext_s.c
[2.047s] -- Up-to-date symlink: /home/darkdemon/work/motor_control/install/dynamixel_workbench_msgs/local/lib/python3.10/dist-packages/dynamixel_workbench_msgs/msg/_xm_s.c
[2.047s] -- Up-to-date symlink: /home/darkdemon/work/motor_control/install/dynamixel_workbench_msgs/local/lib/python3.10/dist-packages/dynamixel_workbench_msgs/srv/__init__.py
[2.047s] -- Up-to-date symlink: /home/darkdemon/work/motor_control/install/dynamixel_workbench_msgs/local/lib/python3.10/dist-packages/dynamixel_workbench_msgs/srv/_dynamixel_command.py
[2.048s] -- Up-to-date symlink: /home/darkdemon/work/motor_control/install/dynamixel_workbench_msgs/local/lib/python3.10/dist-packages/dynamixel_workbench_msgs/srv/_dynamixel_command_s.c
[2.048s] -- Up-to-date symlink: /home/darkdemon/work/motor_control/install/dynamixel_workbench_msgs/local/lib/python3.10/dist-packages/dynamixel_workbench_msgs/srv/_get_dynamixel_info.py
[2.048s] -- Up-to-date symlink: /home/darkdemon/work/motor_control/install/dynamixel_workbench_msgs/local/lib/python3.10/dist-packages/dynamixel_workbench_msgs/srv/_get_dynamixel_info_s.c
[2.048s] -- Up-to-date symlink: /home/darkdemon/work/motor_control/install/dynamixel_workbench_msgs/local/lib/python3.10/dist-packages/dynamixel_workbench_msgs/dynamixel_workbench_msgs_s__rosidl_typesupport_fastrtps_c.cpython-310-x86_64-linux-gnu.so
[2.049s] -- Up-to-date symlink: /home/darkdemon/work/motor_control/install/dynamixel_workbench_msgs/local/lib/python3.10/dist-packages/dynamixel_workbench_msgs/dynamixel_workbench_msgs_s__rosidl_typesupport_introspection_c.cpython-310-x86_64-linux-gnu.so
[2.049s] -- Up-to-date symlink: /home/darkdemon/work/motor_control/install/dynamixel_workbench_msgs/local/lib/python3.10/dist-packages/dynamixel_workbench_msgs/dynamixel_workbench_msgs_s__rosidl_typesupport_c.cpython-310-x86_64-linux-gnu.so
[2.049s] -- Up-to-date symlink: /home/darkdemon/work/motor_control/install/dynamixel_workbench_msgs/share/dynamixel_workbench_msgs/msg/AX.idl
[2.049s] -- Up-to-date symlink: /home/darkdemon/work/motor_control/install/dynamixel_workbench_msgs/share/dynamixel_workbench_msgs/msg/EX.idl
[2.049s] -- Up-to-date symlink: /home/darkdemon/work/motor_control/install/dynamixel_workbench_msgs/share/dynamixel_workbench_msgs/msg/MX.idl
[2.050s] -- Up-to-date symlink: /home/darkdemon/work/motor_control/install/dynamixel_workbench_msgs/share/dynamixel_workbench_msgs/msg/MX2.idl
[2.050s] -- Up-to-date symlink: /home/darkdemon/work/motor_control/install/dynamixel_workbench_msgs/share/dynamixel_workbench_msgs/msg/MX2Ext.idl
[2.050s] -- Up-to-date symlink: /home/darkdemon/work/motor_control/install/dynamixel_workbench_msgs/share/dynamixel_workbench_msgs/msg/MXExt.idl
[2.050s] -- Up-to-date symlink: /home/darkdemon/work/motor_control/install/dynamixel_workbench_msgs/share/dynamixel_workbench_msgs/msg/PRO.idl
[2.050s] -- Up-to-date symlink: /home/darkdemon/work/motor_control/install/dynamixel_workbench_msgs/share/dynamixel_workbench_msgs/msg/PROExt.idl
[2.050s] -- Up-to-date symlink: /home/darkdemon/work/motor_control/install/dynamixel_workbench_msgs/share/dynamixel_workbench_msgs/msg/RX.idl
[2.051s] -- Up-to-date symlink: /home/darkdemon/work/motor_control/install/dynamixel_workbench_msgs/share/dynamixel_workbench_msgs/msg/XH.idl
[2.051s] -- Up-to-date symlink: /home/darkdemon/work/motor_control/install/dynamixel_workbench_msgs/share/dynamixel_workbench_msgs/msg/XL.idl
[2.051s] -- Up-to-date symlink: /home/darkdemon/work/motor_control/install/dynamixel_workbench_msgs/share/dynamixel_workbench_msgs/msg/XL320.idl
[2.051s] -- Up-to-date symlink: /home/darkdemon/work/motor_control/install/dynamixel_workbench_msgs/share/dynamixel_workbench_msgs/msg/XM.idl
[2.051s] -- Up-to-date symlink: /home/darkdemon/work/motor_control/install/dynamixel_workbench_msgs/share/dynamixel_workbench_msgs/msg/XMExt.idl
[2.051s] -- Up-to-date symlink: /home/darkdemon/work/motor_control/install/dynamixel_workbench_msgs/share/dynamixel_workbench_msgs/msg/DynamixelState.idl
[2.052s] -- Up-to-date symlink: /home/darkdemon/work/motor_control/install/dynamixel_workbench_msgs/share/dynamixel_workbench_msgs/msg/DynamixelStateList.idl
[2.052s] -- Up-to-date symlink: /home/darkdemon/work/motor_control/install/dynamixel_workbench_msgs/share/dynamixel_workbench_msgs/msg/DynamixelInfo.idl
[2.052s] -- Up-to-date symlink: /home/darkdemon/work/motor_control/install/dynamixel_workbench_msgs/share/dynamixel_workbench_msgs/msg/DynamixelLoadInfo.idl
[2.052s] -- Up-to-date symlink: /home/darkdemon/work/motor_control/install/dynamixel_workbench_msgs/share/dynamixel_workbench_msgs/srv/GetDynamixelInfo.idl
[2.052s] -- Up-to-date symlink: /home/darkdemon/work/motor_control/install/dynamixel_workbench_msgs/share/dynamixel_workbench_msgs/srv/DynamixelCommand.idl
[2.052s] -- Up-to-date symlink: /home/darkdemon/work/motor_control/install/dynamixel_workbench_msgs/share/dynamixel_workbench_msgs/msg/AX.msg
[2.053s] -- Up-to-date symlink: /home/darkdemon/work/motor_control/install/dynamixel_workbench_msgs/share/dynamixel_workbench_msgs/msg/EX.msg
[2.053s] -- Up-to-date symlink: /home/darkdemon/work/motor_control/install/dynamixel_workbench_msgs/share/dynamixel_workbench_msgs/msg/MX.msg
[2.053s] -- Up-to-date symlink: /home/darkdemon/work/motor_control/install/dynamixel_workbench_msgs/share/dynamixel_workbench_msgs/msg/MX2.msg
[2.053s] -- Up-to-date symlink: /home/darkdemon/work/motor_control/install/dynamixel_workbench_msgs/share/dynamixel_workbench_msgs/msg/MX2Ext.msg
[2.053s] -- Up-to-date symlink: /home/darkdemon/work/motor_control/install/dynamixel_workbench_msgs/share/dynamixel_workbench_msgs/msg/MXExt.msg
[2.053s] -- Up-to-date symlink: /home/darkdemon/work/motor_control/install/dynamixel_workbench_msgs/share/dynamixel_workbench_msgs/msg/PRO.msg
[2.054s] -- Up-to-date symlink: /home/darkdemon/work/motor_control/install/dynamixel_workbench_msgs/share/dynamixel_workbench_msgs/msg/PROExt.msg
[2.054s] -- Up-to-date symlink: /home/darkdemon/work/motor_control/install/dynamixel_workbench_msgs/share/dynamixel_workbench_msgs/msg/RX.msg
[2.054s] -- Up-to-date symlink: /home/darkdemon/work/motor_control/install/dynamixel_workbench_msgs/share/dynamixel_workbench_msgs/msg/XH.msg
[2.054s] -- Up-to-date symlink: /home/darkdemon/work/motor_control/install/dynamixel_workbench_msgs/share/dynamixel_workbench_msgs/msg/XL.msg
[2.054s] -- Up-to-date symlink: /home/darkdemon/work/motor_control/install/dynamixel_workbench_msgs/share/dynamixel_workbench_msgs/msg/XL320.msg
[2.054s] -- Up-to-date symlink: /home/darkdemon/work/motor_control/install/dynamixel_workbench_msgs/share/dynamixel_workbench_msgs/msg/XM.msg
[2.055s] -- Up-to-date symlink: /home/darkdemon/work/motor_control/install/dynamixel_workbench_msgs/share/dynamixel_workbench_msgs/msg/XMExt.msg
[2.055s] -- Up-to-date symlink: /home/darkdemon/work/motor_control/install/dynamixel_workbench_msgs/share/dynamixel_workbench_msgs/msg/DynamixelState.msg
[2.055s] -- Up-to-date symlink: /home/darkdemon/work/motor_control/install/dynamixel_workbench_msgs/share/dynamixel_workbench_msgs/msg/DynamixelStateList.msg
[2.055s] -- Up-to-date symlink: /home/darkdemon/work/motor_control/install/dynamixel_workbench_msgs/share/dynamixel_workbench_msgs/msg/DynamixelInfo.msg
[2.055s] -- Up-to-date symlink: /home/darkdemon/work/motor_control/install/dynamixel_workbench_msgs/share/dynamixel_workbench_msgs/msg/DynamixelLoadInfo.msg
[2.055s] -- Up-to-date symlink: /home/darkdemon/work/motor_control/install/dynamixel_workbench_msgs/share/dynamixel_workbench_msgs/srv/GetDynamixelInfo.srv
[2.056s] -- Up-to-date symlink: /home/darkdemon/work/motor_control/install/dynamixel_workbench_msgs/share/dynamixel_workbench_msgs/srv/GetDynamixelInfo_Request.msg
[2.056s] -- Up-to-date symlink: /home/darkdemon/work/motor_control/install/dynamixel_workbench_msgs/share/dynamixel_workbench_msgs/srv/GetDynamixelInfo_Response.msg
[2.056s] -- Up-to-date symlink: /home/darkdemon/work/motor_control/install/dynamixel_workbench_msgs/share/dynamixel_workbench_msgs/srv/DynamixelCommand.srv
[2.056s] -- Up-to-date symlink: /home/darkdemon/work/motor_control/install/dynamixel_workbench_msgs/share/dynamixel_workbench_msgs/srv/DynamixelCommand_Request.msg
[2.056s] -- Up-to-date symlink: /home/darkdemon/work/motor_control/install/dynamixel_workbench_msgs/share/dynamixel_workbench_msgs/srv/DynamixelCommand_Response.msg
[2.057s] -- Up-to-date symlink: /home/darkdemon/work/motor_control/install/dynamixel_workbench_msgs/share/ament_index/resource_index/package_run_dependencies/dynamixel_workbench_msgs
[2.057s] -- Up-to-date symlink: /home/darkdemon/work/motor_control/install/dynamixel_workbench_msgs/share/ament_index/resource_index/parent_prefix_path/dynamixel_workbench_msgs
[2.057s] -- Up-to-date symlink: /home/darkdemon/work/motor_control/install/dynamixel_workbench_msgs/share/dynamixel_workbench_msgs/environment/ament_prefix_path.sh
[2.057s] -- Up-to-date symlink: /home/darkdemon/work/motor_control/install/dynamixel_workbench_msgs/share/dynamixel_workbench_msgs/environment/ament_prefix_path.dsv
[2.057s] -- Up-to-date symlink: /home/darkdemon/work/motor_control/install/dynamixel_workbench_msgs/share/dynamixel_workbench_msgs/environment/path.sh
[2.057s] -- Up-to-date symlink: /home/darkdemon/work/motor_control/install/dynamixel_workbench_msgs/share/dynamixel_workbench_msgs/environment/path.dsv
[2.058s] -- Up-to-date symlink: /home/darkdemon/work/motor_control/install/dynamixel_workbench_msgs/share/dynamixel_workbench_msgs/local_setup.bash
[2.058s] -- Up-to-date symlink: /home/darkdemon/work/motor_control/install/dynamixel_workbench_msgs/share/dynamixel_workbench_msgs/local_setup.sh
[2.058s] -- Up-to-date symlink: /home/darkdemon/work/motor_control/install/dynamixel_workbench_msgs/share/dynamixel_workbench_msgs/local_setup.zsh
[2.058s] -- Up-to-date symlink: /home/darkdemon/work/motor_control/install/dynamixel_workbench_msgs/share/dynamixel_workbench_msgs/local_setup.dsv
[2.058s] -- Symlinking: /home/darkdemon/work/motor_control/install/dynamixel_workbench_msgs/share/dynamixel_workbench_msgs/package.dsv
[2.069s] -- Up-to-date symlink: /home/darkdemon/work/motor_control/install/dynamixel_workbench_msgs/share/ament_index/resource_index/packages/dynamixel_workbench_msgs
[2.069s] -- Up-to-date symlink: /home/darkdemon/work/motor_control/install/dynamixel_workbench_msgs/share/dynamixel_workbench_msgs/cmake/rosidl_cmake-extras.cmake
[2.069s] -- Up-to-date symlink: /home/darkdemon/work/motor_control/install/dynamixel_workbench_msgs/share/dynamixel_workbench_msgs/cmake/ament_cmake_export_dependencies-extras.cmake
[2.069s] -- Up-to-date symlink: /home/darkdemon/work/motor_control/install/dynamixel_workbench_msgs/share/dynamixel_workbench_msgs/cmake/ament_cmake_export_include_directories-extras.cmake
[2.070s] -- Up-to-date symlink: /home/darkdemon/work/motor_control/install/dynamixel_workbench_msgs/share/dynamixel_workbench_msgs/cmake/ament_cmake_export_libraries-extras.cmake
[2.070s] -- Up-to-date symlink: /home/darkdemon/work/motor_control/install/dynamixel_workbench_msgs/share/dynamixel_workbench_msgs/cmake/ament_cmake_export_targets-extras.cmake
[2.070s] -- Up-to-date symlink: /home/darkdemon/work/motor_control/install/dynamixel_workbench_msgs/share/dynamixel_workbench_msgs/cmake/rosidl_cmake_export_typesupport_targets-extras.cmake
[2.070s] -- Up-to-date symlink: /home/darkdemon/work/motor_control/install/dynamixel_workbench_msgs/share/dynamixel_workbench_msgs/cmake/rosidl_cmake_export_typesupport_libraries-extras.cmake
[2.070s] -- Up-to-date symlink: /home/darkdemon/work/motor_control/install/dynamixel_workbench_msgs/share/dynamixel_workbench_msgs/cmake/dynamixel_workbench_msgsConfig.cmake
[2.070s] -- Up-to-date symlink: /home/darkdemon/work/motor_control/install/dynamixel_workbench_msgs/share/dynamixel_workbench_msgs/cmake/dynamixel_workbench_msgsConfig-version.cmake
[2.071s] -- Up-to-date symlink: /home/darkdemon/work/motor_control/install/dynamixel_workbench_msgs/share/dynamixel_workbench_msgs/package.xml
[2.071s] -- Up-to-date: /home/darkdemon/work/motor_control/install/dynamixel_workbench_msgs/lib/libdynamixel_workbench_msgs__rosidl_generator_c.so
[2.071s] -- Up-to-date: /home/darkdemon/work/motor_control/install/dynamixel_workbench_msgs/lib/libdynamixel_workbench_msgs__rosidl_typesupport_fastrtps_c.so
[2.071s] -- Up-to-date: /home/darkdemon/work/motor_control/install/dynamixel_workbench_msgs/lib/libdynamixel_workbench_msgs__rosidl_typesupport_introspection_c.so
[2.072s] -- Up-to-date: /home/darkdemon/work/motor_control/install/dynamixel_workbench_msgs/lib/libdynamixel_workbench_msgs__rosidl_typesupport_c.so
[2.072s] -- Up-to-date: /home/darkdemon/work/motor_control/install/dynamixel_workbench_msgs/lib/libdynamixel_workbench_msgs__rosidl_typesupport_fastrtps_cpp.so
[2.072s] -- Up-to-date: /home/darkdemon/work/motor_control/install/dynamixel_workbench_msgs/lib/libdynamixel_workbench_msgs__rosidl_typesupport_introspection_cpp.so
[2.072s] -- Up-to-date: /home/darkdemon/work/motor_control/install/dynamixel_workbench_msgs/lib/libdynamixel_workbench_msgs__rosidl_typesupport_cpp.so
[2.104s] Listing '/home/darkdemon/work/motor_control/install/dynamixel_workbench_msgs/local/lib/python3.10/dist-packages/dynamixel_workbench_msgs'...
[2.104s] Compiling '/home/darkdemon/work/motor_control/install/dynamixel_workbench_msgs/local/lib/python3.10/dist-packages/dynamixel_workbench_msgs/__init__.py'...
[2.104s] Listing '/home/darkdemon/work/motor_control/install/dynamixel_workbench_msgs/local/lib/python3.10/dist-packages/dynamixel_workbench_msgs/msg'...
[2.105s] Listing '/home/darkdemon/work/motor_control/install/dynamixel_workbench_msgs/local/lib/python3.10/dist-packages/dynamixel_workbench_msgs/srv'...
[2.110s] -- Up-to-date: /home/darkdemon/work/motor_control/install/dynamixel_workbench_msgs/lib/libdynamixel_workbench_msgs__rosidl_generator_py.so
[2.110s] -- Up-to-date: /home/darkdemon/work/motor_control/install/dynamixel_workbench_msgs/share/dynamixel_workbench_msgs/cmake/export_dynamixel_workbench_msgs__rosidl_generator_cExport.cmake
[2.110s] -- Up-to-date: /home/darkdemon/work/motor_control/install/dynamixel_workbench_msgs/share/dynamixel_workbench_msgs/cmake/export_dynamixel_workbench_msgs__rosidl_generator_cExport-noconfig.cmake
[2.110s] -- Up-to-date: /home/darkdemon/work/motor_control/install/dynamixel_workbench_msgs/share/dynamixel_workbench_msgs/cmake/export_dynamixel_workbench_msgs__rosidl_typesupport_fastrtps_cExport.cmake
[2.110s] -- Up-to-date: /home/darkdemon/work/motor_control/install/dynamixel_workbench_msgs/share/dynamixel_workbench_msgs/cmake/export_dynamixel_workbench_msgs__rosidl_typesupport_fastrtps_cExport-noconfig.cmake
[2.110s] -- Up-to-date: /home/darkdemon/work/motor_control/install/dynamixel_workbench_msgs/share/dynamixel_workbench_msgs/cmake/dynamixel_workbench_msgs__rosidl_typesupport_introspection_cExport.cmake
[2.111s] -- Up-to-date: /home/darkdemon/work/motor_control/install/dynamixel_workbench_msgs/share/dynamixel_workbench_msgs/cmake/dynamixel_workbench_msgs__rosidl_typesupport_introspection_cExport-noconfig.cmake
[2.111s] -- Up-to-date: /home/darkdemon/work/motor_control/install/dynamixel_workbench_msgs/share/dynamixel_workbench_msgs/cmake/dynamixel_workbench_msgs__rosidl_typesupport_cExport.cmake
[2.111s] -- Up-to-date: /home/darkdemon/work/motor_control/install/dynamixel_workbench_msgs/share/dynamixel_workbench_msgs/cmake/dynamixel_workbench_msgs__rosidl_typesupport_cExport-noconfig.cmake
[2.111s] -- Up-to-date: /home/darkdemon/work/motor_control/install/dynamixel_workbench_msgs/share/dynamixel_workbench_msgs/cmake/export_dynamixel_workbench_msgs__rosidl_generator_cppExport.cmake
[2.111s] -- Up-to-date: /home/darkdemon/work/motor_control/install/dynamixel_workbench_msgs/share/dynamixel_workbench_msgs/cmake/export_dynamixel_workbench_msgs__rosidl_typesupport_fastrtps_cppExport.cmake
[2.111s] -- Up-to-date: /home/darkdemon/work/motor_control/install/dynamixel_workbench_msgs/share/dynamixel_workbench_msgs/cmake/export_dynamixel_workbench_msgs__rosidl_typesupport_fastrtps_cppExport-noconfig.cmake
[2.111s] -- Up-to-date: /home/darkdemon/work/motor_control/install/dynamixel_workbench_msgs/share/dynamixel_workbench_msgs/cmake/dynamixel_workbench_msgs__rosidl_typesupport_introspection_cppExport.cmake
[2.111s] -- Up-to-date: /home/darkdemon/work/motor_control/install/dynamixel_workbench_msgs/share/dynamixel_workbench_msgs/cmake/dynamixel_workbench_msgs__rosidl_typesupport_introspection_cppExport-noconfig.cmake
[2.111s] -- Up-to-date: /home/darkdemon/work/motor_control/install/dynamixel_workbench_msgs/share/dynamixel_workbench_msgs/cmake/dynamixel_workbench_msgs__rosidl_typesupport_cppExport.cmake
[2.111s] -- Up-to-date: /home/darkdemon/work/motor_control/install/dynamixel_workbench_msgs/share/dynamixel_workbench_msgs/cmake/dynamixel_workbench_msgs__rosidl_typesupport_cppExport-noconfig.cmake
[2.111s] -- Up-to-date: /home/darkdemon/work/motor_control/install/dynamixel_workbench_msgs/share/dynamixel_workbench_msgs/cmake/export_dynamixel_workbench_msgs__rosidl_generator_pyExport.cmake
[2.112s] -- Up-to-date: /home/darkdemon/work/motor_control/install/dynamixel_workbench_msgs/share/dynamixel_workbench_msgs/cmake/export_dynamixel_workbench_msgs__rosidl_generator_pyExport-noconfig.cmake
[2.113s] Invoked command in '/home/darkdemon/work/motor_control/build/dynamixel_workbench_msgs' returned '0': CMAKE_PREFIX_PATH=${CMAKE_PREFIX_PATH}:/home/darkdemon/work/motor_control/install/python_moveit2:/opt/ros/humble /usr/bin/cmake --install /home/darkdemon/work/motor_control/build/dynamixel_workbench_msgs
