[1.553s] Invoking command in '/home/darkdemon/work/motor_control/src/realsense': PYTHONPATH=/home/darkdemon/work/motor_control/build/realsense/prefix_override:/usr/lib/python3/dist-packages/colcon_core/task/python/colcon_distutils_commands:/home/darkdemon/work/motor_control/install/realsense/lib/python3.10/site-packages:${PYTHONPATH} /usr/bin/python3 -W ignore:setup.py install is deprecated -W ignore:easy_install command is deprecated setup.py egg_info --egg-base ../../build/realsense build --build-base /home/darkdemon/work/motor_control/build/realsense/build install --record /home/darkdemon/work/motor_control/build/realsense/install.log --single-version-externally-managed install_data
[1.666s] Traceback (most recent call last):
[1.666s]   File "/home/darkdemon/work/motor_control/src/realsense/setup.py", line 1, in <module>
[1.666s]     from setuptools import find_packages, setup
[1.666s]   File "/usr/lib/python3/dist-packages/setuptools/__init__.py", line 16, in <module>
[1.666s]     import setuptools.version
[1.666s]   File "/usr/lib/python3/dist-packages/setuptools/version.py", line 1, in <module>
[1.666s]     import pkg_resources
[1.666s]   File "/usr/lib/python3/dist-packages/pkg_resources/__init__.py", line 3267, in <module>
[1.669s]     def _initialize_master_working_set():
[1.669s]   File "/usr/lib/python3/dist-packages/pkg_resources/__init__.py", line 3241, in _call_aside
[1.669s]     f(*args, **kwargs)
[1.669s]   File "/usr/lib/python3/dist-packages/pkg_resources/__init__.py", line 3279, in _initialize_master_working_set
[1.669s]     working_set = WorkingSet._build_master()
[1.669s]   File "/usr/lib/python3/dist-packages/pkg_resources/__init__.py", line 564, in _build_master
[1.670s]     ws = cls()
[1.670s]   File "/usr/lib/python3/dist-packages/pkg_resources/__init__.py", line 557, in __init__
[1.670s]     self.add_entry(entry)
[1.670s]   File "/usr/lib/python3/dist-packages/pkg_resources/__init__.py", line 613, in add_entry
[1.670s]     for dist in find_distributions(entry, True):
[1.670s]   File "/usr/lib/python3/dist-packages/pkg_resources/__init__.py", line 2077, in find_on_path
[1.670s]     for dist in factory(fullpath):
[1.670s]   File "/usr/lib/python3/dist-packages/pkg_resources/__init__.py", line 2142, in distributions_from_metadata
[1.670s]     yield Distribution.from_location(
[1.670s]   File "/usr/lib/python3/dist-packages/pkg_resources/__init__.py", line 2606, in from_location
[1.670s]     )._reload_version()
[1.670s]   File "/usr/lib/python3/dist-packages/pkg_resources/__init__.py", line 3004, in _reload_version
[1.671s]     md_version = self._get_version()
[1.671s]   File "/usr/lib/python3/dist-packages/pkg_resources/__init__.py", line 2785, in _get_version
[1.671s]     version = _version_from_file(lines)
[1.671s]   File "/usr/lib/python3/dist-packages/pkg_resources/__init__.py", line 2569, in _version_from_file
[1.671s]     line = next(iter(version_lines), '')
[1.671s]   File "/usr/lib/python3/dist-packages/pkg_resources/__init__.py", line 2780, in _get_metadata
[1.672s]     for line in self.get_metadata_lines(name):
[1.672s]   File "/usr/lib/python3/dist-packages/pkg_resources/__init__.py", line 1422, in get_metadata_lines
[1.672s]     return yield_lines(self.get_metadata(name))
[1.672s]   File "/usr/lib/python3/dist-packages/pkg_resources/__init__.py", line 1412, in get_metadata
[1.672s]     value = self._get(path)
[1.672s]   File "/usr/lib/python3/dist-packages/pkg_resources/__init__.py", line 1616, in _get
[1.672s]     with open(path, 'rb') as stream:
[1.672s] FileNotFoundError: [Errno 2] No such file or directory: '/home/darkdemon/work/motor_control/install/map_tool/lib/python3.10/site-packages/map_tool-0.0.0-py3.10.egg-info/PKG-INFO'
[1.690s] Invoked command in '/home/darkdemon/work/motor_control/src/realsense' returned '1': PYTHONPATH=/home/darkdemon/work/motor_control/build/realsense/prefix_override:/usr/lib/python3/dist-packages/colcon_core/task/python/colcon_distutils_commands:/home/darkdemon/work/motor_control/install/realsense/lib/python3.10/site-packages:${PYTHONPATH} /usr/bin/python3 -W ignore:setup.py install is deprecated -W ignore:easy_install command is deprecated setup.py egg_info --egg-base ../../build/realsense build --build-base /home/darkdemon/work/motor_control/build/realsense/build install --record /home/darkdemon/work/motor_control/build/realsense/install.log --single-version-externally-managed install_data
