[0.006s] Invoking command in '/home/darkdemon/work/motor_control/build/dynamixel_hardware': AMENT_PREFIX_PATH=/home/darkdemon/work/motor_control/install/dynamixel_workbench_toolbox:${AMENT_PREFIX_PATH} CMAKE_PREFIX_PATH=/home/darkdemon/work/motor_control/install/dynamixel_workbench_toolbox:/opt/ros/humble LD_LIBRARY_PATH=/home/darkdemon/work/motor_control/install/dynamixel_workbench_toolbox/lib:${LD_LIBRARY_PATH} /usr/bin/cmake /home/darkdemon/work/motor_control/src/tb4_arm_ros2/dynamixel_hardware -DCMAKE_INSTALL_PREFIX=/home/darkdemon/work/motor_control/install/dynamixel_hardware
[0.050s] -- The C compiler identification is GNU 11.4.0
[0.104s] -- The CXX compiler identification is GNU 11.4.0
[0.110s] -- Detecting C compiler ABI info
[0.193s] -- Detecting C compiler ABI info - done
[0.198s] -- Check for working C compiler: /usr/bin/cc - skipped
[0.198s] -- Detecting C compile features
[0.198s] -- Detecting C compile features - done
[0.200s] -- Detecting CXX compiler ABI info
[0.266s] -- Detecting CXX compiler ABI info - done
[0.271s] -- Check for working CXX compiler: /usr/bin/g++ - skipped
[0.271s] -- Detecting CXX compile features
[0.271s] -- Detecting CXX compile features - done
[0.273s] -- Found ament_cmake: 1.3.11 (/opt/ros/humble/share/ament_cmake/cmake)
[0.387s] -- Found Python3: /usr/bin/python3 (found version "3.10.12") found components: Interpreter 
[0.477s] -- Found rclcpp: 16.0.11 (/opt/ros/humble/share/rclcpp/cmake)
[0.509s] -- Found rosidl_generator_c: 3.1.6 (/opt/ros/humble/share/rosidl_generator_c/cmake)
[0.513s] -- Found rosidl_adapter: 3.1.6 (/opt/ros/humble/share/rosidl_adapter/cmake)
[0.520s] -- Found rosidl_generator_cpp: 3.1.6 (/opt/ros/humble/share/rosidl_generator_cpp/cmake)
[0.529s] -- Using all available rosidl_typesupport_c: rosidl_typesupport_fastrtps_c;rosidl_typesupport_introspection_c
[0.541s] -- Using all available rosidl_typesupport_cpp: rosidl_typesupport_fastrtps_cpp;rosidl_typesupport_introspection_cpp
[0.575s] -- Found rmw_implementation_cmake: 6.1.2 (/opt/ros/humble/share/rmw_implementation_cmake/cmake)
[0.577s] -- Found rmw_cyclonedds_cpp: 1.3.4 (/opt/ros/humble/share/rmw_cyclonedds_cpp/cmake)
[0.592s] -- Using RMW implementation 'rmw_cyclonedds_cpp' as default
[0.600s] -- Looking for pthread.h
[0.659s] -- Looking for pthread.h - found
[0.659s] -- Performing Test CMAKE_HAVE_LIBC_PTHREAD
[0.713s] -- Performing Test CMAKE_HAVE_LIBC_PTHREAD - Success
[0.713s] -- Found Threads: TRUE  
[0.749s] -- Found rclcpp_lifecycle: 16.0.11 (/opt/ros/humble/share/rclcpp_lifecycle/cmake)
[0.764s] -- Found hardware_interface: 2.48.0 (/opt/ros/humble/share/hardware_interface/cmake)
[0.860s] -- Found dynamixel_workbench_toolbox: 2.2.3 (/home/darkdemon/work/motor_control/install/dynamixel_workbench_toolbox/share/dynamixel_workbench_toolbox/cmake)
[0.868s] -- Found ament_lint_auto: 0.12.11 (/opt/ros/humble/share/ament_lint_auto/cmake)
[0.947s] -- Added test 'copyright' to check source files copyright and LICENSE
[0.947s] -- Added test 'cppcheck' to perform static code analysis on C / C++ code
[0.947s] -- Configured cppcheck include dirs: /home/darkdemon/work/motor_control/src/tb4_arm_ros2/dynamixel_hardware/include
[0.948s] -- Configured cppcheck exclude dirs and/or files: 
[0.948s] -- Added test 'cpplint' to check C / C++ code against the Google style
[0.948s] -- Configured cpplint exclude dirs and/or files: 
[0.948s] -- Added test 'lint_cmake' to check CMake code style
[0.949s] -- Added test 'uncrustify' to check C / C++ code style
[0.949s] -- Configured uncrustify additional arguments: 
[0.949s] -- Added test 'xmllint' to check XML markup files
[0.951s] -- Configuring done
[0.993s] -- Generating done
[0.997s] -- Build files have been written to: /home/darkdemon/work/motor_control/build/dynamixel_hardware
[1.003s] Invoked command in '/home/darkdemon/work/motor_control/build/dynamixel_hardware' returned '0': AMENT_PREFIX_PATH=/home/darkdemon/work/motor_control/install/dynamixel_workbench_toolbox:${AMENT_PREFIX_PATH} CMAKE_PREFIX_PATH=/home/darkdemon/work/motor_control/install/dynamixel_workbench_toolbox:/opt/ros/humble LD_LIBRARY_PATH=/home/darkdemon/work/motor_control/install/dynamixel_workbench_toolbox/lib:${LD_LIBRARY_PATH} /usr/bin/cmake /home/darkdemon/work/motor_control/src/tb4_arm_ros2/dynamixel_hardware -DCMAKE_INSTALL_PREFIX=/home/darkdemon/work/motor_control/install/dynamixel_hardware
[1.004s] Invoking command in '/home/darkdemon/work/motor_control/build/dynamixel_hardware': AMENT_PREFIX_PATH=/home/darkdemon/work/motor_control/install/dynamixel_workbench_toolbox:${AMENT_PREFIX_PATH} CMAKE_PREFIX_PATH=/home/darkdemon/work/motor_control/install/dynamixel_workbench_toolbox:/opt/ros/humble LD_LIBRARY_PATH=/home/darkdemon/work/motor_control/install/dynamixel_workbench_toolbox/lib:${LD_LIBRARY_PATH} /usr/bin/cmake --build /home/darkdemon/work/motor_control/build/dynamixel_hardware -- -j20 -l20
[1.050s] [ 50%] [32mBuilding CXX object CMakeFiles/dynamixel_hardware.dir/src/dynamixel_hardware.cpp.o[0m
[5.479s] [100%] [32m[1mLinking CXX shared library libdynamixel_hardware.so[0m
[5.630s] [100%] Built target dynamixel_hardware
[5.640s] Invoked command in '/home/darkdemon/work/motor_control/build/dynamixel_hardware' returned '0': AMENT_PREFIX_PATH=/home/darkdemon/work/motor_control/install/dynamixel_workbench_toolbox:${AMENT_PREFIX_PATH} CMAKE_PREFIX_PATH=/home/darkdemon/work/motor_control/install/dynamixel_workbench_toolbox:/opt/ros/humble LD_LIBRARY_PATH=/home/darkdemon/work/motor_control/install/dynamixel_workbench_toolbox/lib:${LD_LIBRARY_PATH} /usr/bin/cmake --build /home/darkdemon/work/motor_control/build/dynamixel_hardware -- -j20 -l20
[5.641s] Invoking command in '/home/darkdemon/work/motor_control/build/dynamixel_hardware': AMENT_PREFIX_PATH=/home/darkdemon/work/motor_control/install/dynamixel_workbench_toolbox:${AMENT_PREFIX_PATH} CMAKE_PREFIX_PATH=/home/darkdemon/work/motor_control/install/dynamixel_workbench_toolbox:/opt/ros/humble LD_LIBRARY_PATH=/home/darkdemon/work/motor_control/install/dynamixel_workbench_toolbox/lib:${LD_LIBRARY_PATH} /usr/bin/cmake --install /home/darkdemon/work/motor_control/build/dynamixel_hardware
[5.649s] -- Install configuration: ""
[5.650s] -- Installing: /home/darkdemon/work/motor_control/install/dynamixel_hardware/share/dynamixel_hardware/dynamixel_hardware.xml
[5.650s] -- Installing: /home/darkdemon/work/motor_control/install/dynamixel_hardware/lib/libdynamixel_hardware.so
[5.652s] -- Set runtime path of "/home/darkdemon/work/motor_control/install/dynamixel_hardware/lib/libdynamixel_hardware.so" to ""
[5.652s] -- Installing: /home/darkdemon/work/motor_control/install/dynamixel_hardware/include
[5.652s] -- Installing: /home/darkdemon/work/motor_control/install/dynamixel_hardware/include/dynamixel_hardware
[5.652s] -- Installing: /home/darkdemon/work/motor_control/install/dynamixel_hardware/include/dynamixel_hardware/dynamixel_hardware.hpp
[5.652s] -- Installing: /home/darkdemon/work/motor_control/install/dynamixel_hardware/include/dynamixel_hardware/visiblity_control.h
[5.652s] -- Installing: /home/darkdemon/work/motor_control/install/dynamixel_hardware/share/dynamixel_hardware/environment/library_path.sh
[5.652s] -- Installing: /home/darkdemon/work/motor_control/install/dynamixel_hardware/share/dynamixel_hardware/environment/library_path.dsv
[5.652s] -- Installing: /home/darkdemon/work/motor_control/install/dynamixel_hardware/share/ament_index/resource_index/package_run_dependencies/dynamixel_hardware
[5.653s] -- Installing: /home/darkdemon/work/motor_control/install/dynamixel_hardware/share/ament_index/resource_index/parent_prefix_path/dynamixel_hardware
[5.653s] -- Installing: /home/darkdemon/work/motor_control/install/dynamixel_hardware/share/dynamixel_hardware/environment/ament_prefix_path.sh
[5.653s] -- Installing: /home/darkdemon/work/motor_control/install/dynamixel_hardware/share/dynamixel_hardware/environment/ament_prefix_path.dsv
[5.653s] -- Installing: /home/darkdemon/work/motor_control/install/dynamixel_hardware/share/dynamixel_hardware/environment/path.sh
[5.653s] -- Installing: /home/darkdemon/work/motor_control/install/dynamixel_hardware/share/dynamixel_hardware/environment/path.dsv
[5.653s] -- Installing: /home/darkdemon/work/motor_control/install/dynamixel_hardware/share/dynamixel_hardware/local_setup.bash
[5.654s] -- Installing: /home/darkdemon/work/motor_control/install/dynamixel_hardware/share/dynamixel_hardware/local_setup.sh
[5.654s] -- Installing: /home/darkdemon/work/motor_control/install/dynamixel_hardware/share/dynamixel_hardware/local_setup.zsh
[5.654s] -- Installing: /home/darkdemon/work/motor_control/install/dynamixel_hardware/share/dynamixel_hardware/local_setup.dsv
[5.654s] -- Installing: /home/darkdemon/work/motor_control/install/dynamixel_hardware/share/dynamixel_hardware/package.dsv
[5.654s] -- Installing: /home/darkdemon/work/motor_control/install/dynamixel_hardware/share/ament_index/resource_index/packages/dynamixel_hardware
[5.654s] -- Installing: /home/darkdemon/work/motor_control/install/dynamixel_hardware/share/ament_index/resource_index/hardware_interface__pluginlib__plugin/dynamixel_hardware
[5.655s] -- Installing: /home/darkdemon/work/motor_control/install/dynamixel_hardware/share/dynamixel_hardware/cmake/ament_cmake_export_include_directories-extras.cmake
[5.655s] -- Installing: /home/darkdemon/work/motor_control/install/dynamixel_hardware/share/dynamixel_hardware/cmake/ament_cmake_export_libraries-extras.cmake
[5.655s] -- Installing: /home/darkdemon/work/motor_control/install/dynamixel_hardware/share/dynamixel_hardware/cmake/ament_cmake_export_dependencies-extras.cmake
[5.655s] -- Installing: /home/darkdemon/work/motor_control/install/dynamixel_hardware/share/dynamixel_hardware/cmake/dynamixel_hardwareConfig.cmake
[5.655s] -- Installing: /home/darkdemon/work/motor_control/install/dynamixel_hardware/share/dynamixel_hardware/cmake/dynamixel_hardwareConfig-version.cmake
[5.655s] -- Installing: /home/darkdemon/work/motor_control/install/dynamixel_hardware/share/dynamixel_hardware/package.xml
[5.658s] Invoked command in '/home/darkdemon/work/motor_control/build/dynamixel_hardware' returned '0': AMENT_PREFIX_PATH=/home/darkdemon/work/motor_control/install/dynamixel_workbench_toolbox:${AMENT_PREFIX_PATH} CMAKE_PREFIX_PATH=/home/darkdemon/work/motor_control/install/dynamixel_workbench_toolbox:/opt/ros/humble LD_LIBRARY_PATH=/home/darkdemon/work/motor_control/install/dynamixel_workbench_toolbox/lib:${LD_LIBRARY_PATH} /usr/bin/cmake --install /home/darkdemon/work/motor_control/build/dynamixel_hardware
