[1.638s] Invoking command in '/home/darkdemon/work/motor_control/src/tb4_arm_ros2/python_moveit2': PYTHONPATH=/home/darkdemon/work/motor_control/build/python_moveit2/prefix_override:/usr/lib/python3/dist-packages/colcon_core/task/python/colcon_distutils_commands:/home/darkdemon/work/motor_control/install/python_moveit2/lib/python3.10/site-packages:${PYTHONPATH} /usr/bin/python3 -W ignore:setup.py install is deprecated -W ignore:easy_install command is deprecated setup.py egg_info --egg-base ../../../build/python_moveit2 build --build-base /home/darkdemon/work/motor_control/build/python_moveit2/build install --record /home/darkdemon/work/motor_control/build/python_moveit2/install.log --single-version-externally-managed install_data
[1.968s] running egg_info
[1.970s] writing ../../../build/python_moveit2/python_moveit2.egg-info/PKG-INFO
[1.971s] writing dependency_links to ../../../build/python_moveit2/python_moveit2.egg-info/dependency_links.txt
[1.972s] writing entry points to ../../../build/python_moveit2/python_moveit2.egg-info/entry_points.txt
[1.973s] writing requirements to ../../../build/python_moveit2/python_moveit2.egg-info/requires.txt
[1.973s] writing top-level names to ../../../build/python_moveit2/python_moveit2.egg-info/top_level.txt
[1.976s] reading manifest file '../../../build/python_moveit2/python_moveit2.egg-info/SOURCES.txt'
[1.978s] writing manifest file '../../../build/python_moveit2/python_moveit2.egg-info/SOURCES.txt'
[1.979s] running build
[1.979s] running build_py
[1.981s] running install
[1.987s] running install_lib
[1.989s] running install_data
[1.989s] running install_egg_info
[1.993s] removing '/home/darkdemon/work/motor_control/install/python_moveit2/lib/python3.10/site-packages/python_moveit2-0.0.0-py3.10.egg-info' (and everything under it)
[1.999s] Copying ../../../build/python_moveit2/python_moveit2.egg-info to /home/darkdemon/work/motor_control/install/python_moveit2/lib/python3.10/site-packages/python_moveit2-0.0.0-py3.10.egg-info
[2.006s] running install_scripts
[2.034s] Installing arm_test script to /home/darkdemon/work/motor_control/install/python_moveit2/lib/python_moveit2
[2.034s] Installing main_control script to /home/darkdemon/work/motor_control/install/python_moveit2/lib/python_moveit2
[2.035s] writing list of installed files to '/home/darkdemon/work/motor_control/build/python_moveit2/install.log'
[2.065s] Invoked command in '/home/darkdemon/work/motor_control/src/tb4_arm_ros2/python_moveit2' returned '0': PYTHONPATH=/home/darkdemon/work/motor_control/build/python_moveit2/prefix_override:/usr/lib/python3/dist-packages/colcon_core/task/python/colcon_distutils_commands:/home/darkdemon/work/motor_control/install/python_moveit2/lib/python3.10/site-packages:${PYTHONPATH} /usr/bin/python3 -W ignore:setup.py install is deprecated -W ignore:easy_install command is deprecated setup.py egg_info --egg-base ../../../build/python_moveit2 build --build-base /home/darkdemon/work/motor_control/build/python_moveit2/build install --record /home/darkdemon/work/motor_control/build/python_moveit2/install.log --single-version-externally-managed install_data
