[35m[1mConsolidate compiler generated dependencies of target named_goal[0m
[  5%] [32m[1mLinking CXX executable joint_goal[0m
[ 10%] [32m[1mLinking CXX executable gripper_joint_value[0m
[ 20%] Built target eye_hand_pose
[ 25%] [32mBuilding CXX object CMakeFiles/pose_goal.dir/src/pose_goal.cpp.o[0m
[ 35%] Built target ee_pose_in_base
[ 40%] [32mBuilding CXX object CMakeFiles/cartesian_path.dir/src/cartesian_path.cpp.o[0m
[ 50%] Built target gripper_open
[01m[Kcc1plus:[m[K [01;31m[Kfatal error: [m[K/home/darkdemon/work/motor_control/src/tb4_arm_ros2/small_arm_moveit_cpp/src/pose_goal.cpp: No such file or directory
compilation terminated.
[ 55%] [32mBuilding CXX object CMakeFiles/pliz_move.dir/src/pliz_move.cpp.o[0m
gmake[2]: *** [CMakeFiles/pose_goal.dir/build.make:76: CMakeFiles/pose_goal.dir/src/pose_goal.cpp.o] Error 1
gmake[1]: *** [CMakeFiles/Makefile2:155: CMakeFiles/pose_goal.dir/all] Error 2
gmake[1]: *** Waiting for unfinished jobs....
[ 60%] [32mBuilding CXX object CMakeFiles/tool_move.dir/src/tool_coordinate_move.cpp.o[0m
[01m[Kcc1plus:[m[K [01;31m[Kfatal error: [m[K/home/darkdemon/work/motor_control/src/tb4_arm_ros2/small_arm_moveit_cpp/src/cartesian_path.cpp: No such file or directory
compilation terminated.
gmake[2]: *** [CMakeFiles/cartesian_path.dir/build.make:76: CMakeFiles/cartesian_path.dir/src/cartesian_path.cpp.o] Error 1
gmake[1]: *** [CMakeFiles/Makefile2:207: CMakeFiles/cartesian_path.dir/all] Error 2
[01m[Kcc1plus:[m[K [01;31m[Kfatal error: [m[K/home/darkdemon/work/motor_control/src/tb4_arm_ros2/small_arm_moveit_cpp/src/pliz_move.cpp: No such file or directory
compilation terminated.
[01m[Kcc1plus:[m[K [01;31m[Kfatal error: [m[K/home/darkdemon/work/motor_control/src/tb4_arm_ros2/small_arm_moveit_cpp/src/tool_coordinate_move.cpp: No such file or directory
compilation terminated.
gmake[2]: *** [CMakeFiles/pliz_move.dir/build.make:76: CMakeFiles/pliz_move.dir/src/pliz_move.cpp.o] Error 1
gmake[1]: *** [CMakeFiles/Makefile2:311: CMakeFiles/pliz_move.dir/all] Error 2
gmake[2]: *** [CMakeFiles/tool_move.dir/build.make:76: CMakeFiles/tool_move.dir/src/tool_coordinate_move.cpp.o] Error 1
gmake[1]: *** [CMakeFiles/Makefile2:337: CMakeFiles/tool_move.dir/all] Error 2
[ 65%] [32mBuilding CXX object CMakeFiles/named_goal.dir/src/named_goal.cpp.o[0m
/usr/bin/ld: /usr/lib/gcc/x86_64-linux-gnu/11/../../../x86_64-linux-gnu/Scrt1.o: in function `_start':
(.text+0x1b): undefined reference to `main'
collect2: error: ld returned 1 exit status
gmake[2]: *** [CMakeFiles/gripper_joint_value.dir/build.make:355: gripper_joint_value] Error 1
gmake[1]: *** [CMakeFiles/Makefile2:285: CMakeFiles/gripper_joint_value.dir/all] Error 2
/usr/bin/ld: /usr/lib/gcc/x86_64-linux-gnu/11/../../../x86_64-linux-gnu/Scrt1.o: in function `_start':
(.text+0x1b): undefined reference to `main'
collect2: error: ld returned 1 exit status
gmake[2]: *** [CMakeFiles/joint_goal.dir/build.make:355: joint_goal] Error 1
gmake[1]: *** [CMakeFiles/Makefile2:181: CMakeFiles/joint_goal.dir/all] Error 2
[ 70%] [32m[1mLinking CXX executable named_goal[0m
[ 70%] Built target named_goal
gmake: *** [Makefile:146: all] Error 2
