[1.805s] Invoking command in '/home/darkdemon/work/motor_control/src/RobotSot/src/visual': PYTHONPATH=/home/darkdemon/work/motor_control/build/visual/prefix_override:/usr/lib/python3/dist-packages/colcon_core/task/python/colcon_distutils_commands:/home/darkdemon/work/motor_control/install/visual/lib/python3.10/site-packages:${PYTHONPATH} /usr/bin/python3 -W ignore:setup.py install is deprecated -W ignore:easy_install command is deprecated setup.py egg_info --egg-base ../../../../build/visual build --build-base /home/darkdemon/work/motor_control/build/visual/build install --record /home/darkdemon/work/motor_control/build/visual/install.log --single-version-externally-managed install_data
[2.024s] running egg_info
[2.026s] writing ../../../../build/visual/visual.egg-info/PKG-INFO
[2.026s] writing dependency_links to ../../../../build/visual/visual.egg-info/dependency_links.txt
[2.027s] writing entry points to ../../../../build/visual/visual.egg-info/entry_points.txt
[2.027s] writing requirements to ../../../../build/visual/visual.egg-info/requires.txt
[2.027s] writing top-level names to ../../../../build/visual/visual.egg-info/top_level.txt
[2.029s] reading manifest file '../../../../build/visual/visual.egg-info/SOURCES.txt'
[2.030s] writing manifest file '../../../../build/visual/visual.egg-info/SOURCES.txt'
[2.030s] running build
[2.030s] running build_py
[2.030s] running install
[2.030s] running install_lib
[2.032s] running install_data
[2.032s] running install_egg_info
[2.035s] removing '/home/darkdemon/work/motor_control/install/visual/lib/python3.10/site-packages/visual-0.0.0-py3.10.egg-info' (and everything under it)
[2.035s] Copying ../../../../build/visual/visual.egg-info to /home/darkdemon/work/motor_control/install/visual/lib/python3.10/site-packages/visual-0.0.0-py3.10.egg-info
[2.036s] running install_scripts
[2.054s] Installing main script to /home/darkdemon/work/motor_control/install/visual/lib/visual
[2.054s] Installing slave script to /home/darkdemon/work/motor_control/install/visual/lib/visual
[2.054s] writing list of installed files to '/home/darkdemon/work/motor_control/build/visual/install.log'
[2.079s] Invoked command in '/home/darkdemon/work/motor_control/src/RobotSot/src/visual' returned '0': PYTHONPATH=/home/darkdemon/work/motor_control/build/visual/prefix_override:/usr/lib/python3/dist-packages/colcon_core/task/python/colcon_distutils_commands:/home/darkdemon/work/motor_control/install/visual/lib/python3.10/site-packages:${PYTHONPATH} /usr/bin/python3 -W ignore:setup.py install is deprecated -W ignore:easy_install command is deprecated setup.py egg_info --egg-base ../../../../build/visual build --build-base /home/darkdemon/work/motor_control/build/visual/build install --record /home/darkdemon/work/motor_control/build/visual/install.log --single-version-externally-managed install_data
