[0.007s] Invoking command in '/home/darkdemon/work/motor_control/build/dynamixel_workbench': AMENT_PREFIX_PATH=/home/darkdemon/work/motor_control/install/dynamixel_workbench_toolbox:${AMENT_PREFIX_PATH} CMAKE_PREFIX_PATH=/home/darkdemon/work/motor_control/install/dynamixel_workbench_toolbox:/opt/ros/humble LD_LIBRARY_PATH=/home/darkdemon/work/motor_control/install/dynamixel_workbench_toolbox/lib:${LD_LIBRARY_PATH} /usr/bin/cmake /home/darkdemon/work/motor_control/src/dynamixel-workbench/dynamixel_workbench -DCMAKE_EXPORT_COMPILE_COMMANDS=ON -DAMENT_CMAKE_SYMLINK_INSTALL=1 -DCMAKE_INSTALL_PREFIX=/home/darkdemon/work/motor_control/install/dynamixel_workbench
[0.015s] -- Found ament_cmake: 1.3.11 (/opt/ros/humble/share/ament_cmake/cmake)
[0.092s] -- Override CMake install command with custom implementation using symlinks instead of copying resources
[0.139s] -- Configuring done
[0.142s] -- Generating done
[0.143s] -- Build files have been written to: /home/darkdemon/work/motor_control/build/dynamixel_workbench
[0.144s] Invoked command in '/home/darkdemon/work/motor_control/build/dynamixel_workbench' returned '0': AMENT_PREFIX_PATH=/home/darkdemon/work/motor_control/install/dynamixel_workbench_toolbox:${AMENT_PREFIX_PATH} CMAKE_PREFIX_PATH=/home/darkdemon/work/motor_control/install/dynamixel_workbench_toolbox:/opt/ros/humble LD_LIBRARY_PATH=/home/darkdemon/work/motor_control/install/dynamixel_workbench_toolbox/lib:${LD_LIBRARY_PATH} /usr/bin/cmake /home/darkdemon/work/motor_control/src/dynamixel-workbench/dynamixel_workbench -DCMAKE_EXPORT_COMPILE_COMMANDS=ON -DAMENT_CMAKE_SYMLINK_INSTALL=1 -DCMAKE_INSTALL_PREFIX=/home/darkdemon/work/motor_control/install/dynamixel_workbench
[0.146s] Invoking command in '/home/darkdemon/work/motor_control/build/dynamixel_workbench': AMENT_PREFIX_PATH=/home/darkdemon/work/motor_control/install/dynamixel_workbench_toolbox:${AMENT_PREFIX_PATH} CMAKE_PREFIX_PATH=/home/darkdemon/work/motor_control/install/dynamixel_workbench_toolbox:/opt/ros/humble LD_LIBRARY_PATH=/home/darkdemon/work/motor_control/install/dynamixel_workbench_toolbox/lib:${LD_LIBRARY_PATH} /usr/bin/cmake --build /home/darkdemon/work/motor_control/build/dynamixel_workbench -- -j20 -l20
[0.172s] Invoked command in '/home/darkdemon/work/motor_control/build/dynamixel_workbench' returned '0': AMENT_PREFIX_PATH=/home/darkdemon/work/motor_control/install/dynamixel_workbench_toolbox:${AMENT_PREFIX_PATH} CMAKE_PREFIX_PATH=/home/darkdemon/work/motor_control/install/dynamixel_workbench_toolbox:/opt/ros/humble LD_LIBRARY_PATH=/home/darkdemon/work/motor_control/install/dynamixel_workbench_toolbox/lib:${LD_LIBRARY_PATH} /usr/bin/cmake --build /home/darkdemon/work/motor_control/build/dynamixel_workbench -- -j20 -l20
[0.173s] Invoking command in '/home/darkdemon/work/motor_control/build/dynamixel_workbench': AMENT_PREFIX_PATH=/home/darkdemon/work/motor_control/install/dynamixel_workbench_toolbox:${AMENT_PREFIX_PATH} CMAKE_PREFIX_PATH=/home/darkdemon/work/motor_control/install/dynamixel_workbench_toolbox:/opt/ros/humble LD_LIBRARY_PATH=/home/darkdemon/work/motor_control/install/dynamixel_workbench_toolbox/lib:${LD_LIBRARY_PATH} /usr/bin/cmake --install /home/darkdemon/work/motor_control/build/dynamixel_workbench
[0.178s] -- Install configuration: ""
[0.179s] -- Execute custom install script
[0.180s] -- Up-to-date symlink: /home/darkdemon/work/motor_control/install/dynamixel_workbench/share/ament_index/resource_index/package_run_dependencies/dynamixel_workbench
[0.180s] -- Up-to-date symlink: /home/darkdemon/work/motor_control/install/dynamixel_workbench/share/ament_index/resource_index/parent_prefix_path/dynamixel_workbench
[0.181s] -- Up-to-date symlink: /home/darkdemon/work/motor_control/install/dynamixel_workbench/share/dynamixel_workbench/environment/ament_prefix_path.sh
[0.181s] -- Up-to-date symlink: /home/darkdemon/work/motor_control/install/dynamixel_workbench/share/dynamixel_workbench/environment/ament_prefix_path.dsv
[0.181s] -- Up-to-date symlink: /home/darkdemon/work/motor_control/install/dynamixel_workbench/share/dynamixel_workbench/environment/path.sh
[0.181s] -- Up-to-date symlink: /home/darkdemon/work/motor_control/install/dynamixel_workbench/share/dynamixel_workbench/environment/path.dsv
[0.181s] -- Up-to-date symlink: /home/darkdemon/work/motor_control/install/dynamixel_workbench/share/dynamixel_workbench/local_setup.bash
[0.182s] -- Up-to-date symlink: /home/darkdemon/work/motor_control/install/dynamixel_workbench/share/dynamixel_workbench/local_setup.sh
[0.182s] -- Up-to-date symlink: /home/darkdemon/work/motor_control/install/dynamixel_workbench/share/dynamixel_workbench/local_setup.zsh
[0.182s] -- Up-to-date symlink: /home/darkdemon/work/motor_control/install/dynamixel_workbench/share/dynamixel_workbench/local_setup.dsv
[0.182s] -- Symlinking: /home/darkdemon/work/motor_control/install/dynamixel_workbench/share/dynamixel_workbench/package.dsv
[0.190s] -- Up-to-date symlink: /home/darkdemon/work/motor_control/install/dynamixel_workbench/share/ament_index/resource_index/packages/dynamixel_workbench
[0.190s] -- Up-to-date symlink: /home/darkdemon/work/motor_control/install/dynamixel_workbench/share/dynamixel_workbench/cmake/dynamixel_workbenchConfig.cmake
[0.190s] -- Up-to-date symlink: /home/darkdemon/work/motor_control/install/dynamixel_workbench/share/dynamixel_workbench/cmake/dynamixel_workbenchConfig-version.cmake
[0.191s] -- Up-to-date symlink: /home/darkdemon/work/motor_control/install/dynamixel_workbench/share/dynamixel_workbench/package.xml
[0.193s] Invoked command in '/home/darkdemon/work/motor_control/build/dynamixel_workbench' returned '0': AMENT_PREFIX_PATH=/home/darkdemon/work/motor_control/install/dynamixel_workbench_toolbox:${AMENT_PREFIX_PATH} CMAKE_PREFIX_PATH=/home/darkdemon/work/motor_control/install/dynamixel_workbench_toolbox:/opt/ros/humble LD_LIBRARY_PATH=/home/darkdemon/work/motor_control/install/dynamixel_workbench_toolbox/lib:${LD_LIBRARY_PATH} /usr/bin/cmake --install /home/darkdemon/work/motor_control/build/dynamixel_workbench
