[1.368s] Invoking command in '/home/darkdemon/work/motor_control/src/RobotSot/src/lidar_filter': PYTHONPATH=/home/darkdemon/work/motor_control/build/lidar_filter/prefix_override:/usr/lib/python3/dist-packages/colcon_core/task/python/colcon_distutils_commands:/home/darkdemon/work/motor_control/install/lidar_filter/lib/python3.10/site-packages:${PYTHONPATH} /usr/bin/python3 -W ignore:setup.py install is deprecated -W ignore:easy_install command is deprecated setup.py egg_info --egg-base ../../../../build/lidar_filter build --build-base /home/darkdemon/work/motor_control/build/lidar_filter/build install --record /home/darkdemon/work/motor_control/build/lidar_filter/install.log --single-version-externally-managed install_data
[1.539s] running egg_info
[1.540s] writing ../../../../build/lidar_filter/lidar_filter.egg-info/PKG-INFO
[1.540s] writing dependency_links to ../../../../build/lidar_filter/lidar_filter.egg-info/dependency_links.txt
[1.540s] writing entry points to ../../../../build/lidar_filter/lidar_filter.egg-info/entry_points.txt
[1.540s] writing requirements to ../../../../build/lidar_filter/lidar_filter.egg-info/requires.txt
[1.541s] writing top-level names to ../../../../build/lidar_filter/lidar_filter.egg-info/top_level.txt
[1.542s] reading manifest file '../../../../build/lidar_filter/lidar_filter.egg-info/SOURCES.txt'
[1.543s] writing manifest file '../../../../build/lidar_filter/lidar_filter.egg-info/SOURCES.txt'
[1.543s] running build
[1.543s] running build_py
[1.543s] running install
[1.543s] running install_lib
[1.544s] running install_data
[1.544s] running install_egg_info
[1.546s] removing '/home/darkdemon/work/motor_control/install/lidar_filter/lib/python3.10/site-packages/lidar_filter-0.0.0-py3.10.egg-info' (and everything under it)
[1.547s] Copying ../../../../build/lidar_filter/lidar_filter.egg-info to /home/darkdemon/work/motor_control/install/lidar_filter/lib/python3.10/site-packages/lidar_filter-0.0.0-py3.10.egg-info
[1.547s] running install_scripts
[1.562s] Installing filter script to /home/darkdemon/work/motor_control/install/lidar_filter/lib/lidar_filter
[1.562s] writing list of installed files to '/home/darkdemon/work/motor_control/build/lidar_filter/install.log'
[1.581s] Invoked command in '/home/darkdemon/work/motor_control/src/RobotSot/src/lidar_filter' returned '0': PYTHONPATH=/home/darkdemon/work/motor_control/build/lidar_filter/prefix_override:/usr/lib/python3/dist-packages/colcon_core/task/python/colcon_distutils_commands:/home/darkdemon/work/motor_control/install/lidar_filter/lib/python3.10/site-packages:${PYTHONPATH} /usr/bin/python3 -W ignore:setup.py install is deprecated -W ignore:easy_install command is deprecated setup.py egg_info --egg-base ../../../../build/lidar_filter build --build-base /home/darkdemon/work/motor_control/build/lidar_filter/build install --record /home/darkdemon/work/motor_control/build/lidar_filter/install.log --single-version-externally-managed install_data
