[35m[1mConsolidate compiler generated dependencies of target dynamixel_workbench_msgs__rosidl_generator_c[0m
[  0%] Built target dynamixel_workbench_msgs__cpp
[ 12%] Built target dynamixel_workbench_msgs__rosidl_generator_c
[ 12%] Built target ament_cmake_python_copy_dynamixel_workbench_msgs
[35m[1mConsolidate compiler generated dependencies of target dynamixel_workbench_msgs__rosidl_typesupport_introspection_cpp[0m
[35m[1mConsolidate compiler generated dependencies of target dynamixel_workbench_msgs__rosidl_typesupport_fastrtps_cpp[0m
[35m[1mConsolidate compiler generated dependencies of target dynamixel_workbench_msgs__rosidl_typesupport_cpp[0m
[35m[1mConsolidate compiler generated dependencies of target dynamixel_workbench_msgs__rosidl_typesupport_c[0m
[35m[1mConsolidate compiler generated dependencies of target dynamixel_workbench_msgs__rosidl_typesupport_introspection_c[0m
[35m[1mConsolidate compiler generated dependencies of target dynamixel_workbench_msgs__rosidl_typesupport_fastrtps_c[0m
[ 24%] Built target dynamixel_workbench_msgs__rosidl_typesupport_c
[ 37%] Built target dynamixel_workbench_msgs__rosidl_typesupport_introspection_cpp
[ 49%] Built target dynamixel_workbench_msgs__rosidl_typesupport_fastrtps_cpp
[ 61%] Built target dynamixel_workbench_msgs__rosidl_typesupport_introspection_c
[ 73%] Built target dynamixel_workbench_msgs__rosidl_typesupport_cpp
[ 85%] Built target dynamixel_workbench_msgs__rosidl_typesupport_fastrtps_c
[ 85%] Built target dynamixel_workbench_msgs
[ 86%] Built target dynamixel_workbench_msgs__py
[35m[1mConsolidate compiler generated dependencies of target dynamixel_workbench_msgs__rosidl_generator_py[0m
[ 97%] Built target dynamixel_workbench_msgs__rosidl_generator_py
[35m[1mConsolidate compiler generated dependencies of target dynamixel_workbench_msgs__rosidl_typesupport_fastrtps_c__pyext[0m
[35m[1mConsolidate compiler generated dependencies of target dynamixel_workbench_msgs__rosidl_typesupport_c__pyext[0m
[35m[1mConsolidate compiler generated dependencies of target dynamixel_workbench_msgs__rosidl_typesupport_introspection_c__pyext[0m
[ 98%] Built target dynamixel_workbench_msgs__rosidl_typesupport_fastrtps_c__pyext
[ 99%] Built target dynamixel_workbench_msgs__rosidl_typesupport_introspection_c__pyext
[100%] Built target dynamixel_workbench_msgs__rosidl_typesupport_c__pyext
running egg_info
writing dynamixel_workbench_msgs.egg-info/PKG-INFO
writing dependency_links to dynamixel_workbench_msgs.egg-info/dependency_links.txt
writing top-level names to dynamixel_workbench_msgs.egg-info/top_level.txt
reading manifest file 'dynamixel_workbench_msgs.egg-info/SOURCES.txt'
writing manifest file 'dynamixel_workbench_msgs.egg-info/SOURCES.txt'
[100%] Built target ament_cmake_python_build_dynamixel_workbench_msgs_egg
-- Install configuration: ""
-- Installing: /home/darkdemon/work/motor_control/install/dynamixel_workbench_msgs/share/ament_index/resource_index/rosidl_interfaces/dynamixel_workbench_msgs
-- Installing: /home/darkdemon/work/motor_control/install/dynamixel_workbench_msgs/include/dynamixel_workbench_msgs/dynamixel_workbench_msgs
-- Installing: /home/darkdemon/work/motor_control/install/dynamixel_workbench_msgs/include/dynamixel_workbench_msgs/dynamixel_workbench_msgs/msg
-- Installing: /home/darkdemon/work/motor_control/install/dynamixel_workbench_msgs/include/dynamixel_workbench_msgs/dynamixel_workbench_msgs/msg/detail
-- Installing: /home/darkdemon/work/motor_control/install/dynamixel_workbench_msgs/include/dynamixel_workbench_msgs/dynamixel_workbench_msgs/msg/detail/xh__struct.h
-- Installing: /home/darkdemon/work/motor_control/install/dynamixel_workbench_msgs/include/dynamixel_workbench_msgs/dynamixel_workbench_msgs/msg/detail/mx2_ext__struct.h
-- Installing: /home/darkdemon/work/motor_control/install/dynamixel_workbench_msgs/include/dynamixel_workbench_msgs/dynamixel_workbench_msgs/msg/detail/xh__functions.h
-- Installing: /home/darkdemon/work/motor_control/install/dynamixel_workbench_msgs/include/dynamixel_workbench_msgs/dynamixel_workbench_msgs/msg/detail/mx2__functions.c
-- Installing: /home/darkdemon/work/motor_control/install/dynamixel_workbench_msgs/include/dynamixel_workbench_msgs/dynamixel_workbench_msgs/msg/detail/xl__functions.h
-- Installing: /home/darkdemon/work/motor_control/install/dynamixel_workbench_msgs/include/dynamixel_workbench_msgs/dynamixel_workbench_msgs/msg/detail/dynamixel_state__functions.h
-- Installing: /home/darkdemon/work/motor_control/install/dynamixel_workbench_msgs/include/dynamixel_workbench_msgs/dynamixel_workbench_msgs/msg/detail/mx2__struct.h
-- Installing: /home/darkdemon/work/motor_control/install/dynamixel_workbench_msgs/include/dynamixel_workbench_msgs/dynamixel_workbench_msgs/msg/detail/xh__type_support.h
-- Installing: /home/darkdemon/work/motor_control/install/dynamixel_workbench_msgs/include/dynamixel_workbench_msgs/dynamixel_workbench_msgs/msg/detail/xl320__type_support.h
-- Installing: /home/darkdemon/work/motor_control/install/dynamixel_workbench_msgs/include/dynamixel_workbench_msgs/dynamixel_workbench_msgs/msg/detail/xl__type_support.h
-- Installing: /home/darkdemon/work/motor_control/install/dynamixel_workbench_msgs/include/dynamixel_workbench_msgs/dynamixel_workbench_msgs/msg/detail/dynamixel_state_list__type_support.h
-- Installing: /home/darkdemon/work/motor_control/install/dynamixel_workbench_msgs/include/dynamixel_workbench_msgs/dynamixel_workbench_msgs/msg/detail/pro_ext__type_support.h
-- Installing: /home/darkdemon/work/motor_control/install/dynamixel_workbench_msgs/include/dynamixel_workbench_msgs/dynamixel_workbench_msgs/msg/detail/xm_ext__functions.c
-- Installing: /home/darkdemon/work/motor_control/install/dynamixel_workbench_msgs/include/dynamixel_workbench_msgs/dynamixel_workbench_msgs/msg/detail/ax__functions.h
-- Installing: /home/darkdemon/work/motor_control/install/dynamixel_workbench_msgs/include/dynamixel_workbench_msgs/dynamixel_workbench_msgs/msg/detail/xl320__struct.h
-- Installing: /home/darkdemon/work/motor_control/install/dynamixel_workbench_msgs/include/dynamixel_workbench_msgs/dynamixel_workbench_msgs/msg/detail/mx__functions.c
-- Installing: /home/darkdemon/work/motor_control/install/dynamixel_workbench_msgs/include/dynamixel_workbench_msgs/dynamixel_workbench_msgs/msg/detail/dynamixel_state_list__struct.h
-- Installing: /home/darkdemon/work/motor_control/install/dynamixel_workbench_msgs/include/dynamixel_workbench_msgs/dynamixel_workbench_msgs/msg/detail/dynamixel_load_info__type_support.h
-- Installing: /home/darkdemon/work/motor_control/install/dynamixel_workbench_msgs/include/dynamixel_workbench_msgs/dynamixel_workbench_msgs/msg/detail/rx__functions.h
-- Installing: /home/darkdemon/work/motor_control/install/dynamixel_workbench_msgs/include/dynamixel_workbench_msgs/dynamixel_workbench_msgs/msg/detail/mx__functions.h
-- Installing: /home/darkdemon/work/motor_control/install/dynamixel_workbench_msgs/include/dynamixel_workbench_msgs/dynamixel_workbench_msgs/msg/detail/pro_ext__functions.c
-- Installing: /home/darkdemon/work/motor_control/install/dynamixel_workbench_msgs/include/dynamixel_workbench_msgs/dynamixel_workbench_msgs/msg/detail/xl__functions.c
-- Installing: /home/darkdemon/work/motor_control/install/dynamixel_workbench_msgs/include/dynamixel_workbench_msgs/dynamixel_workbench_msgs/msg/detail/xl320__functions.h
-- Installing: /home/darkdemon/work/motor_control/install/dynamixel_workbench_msgs/include/dynamixel_workbench_msgs/dynamixel_workbench_msgs/msg/detail/ax__type_support.h
-- Installing: /home/darkdemon/work/motor_control/install/dynamixel_workbench_msgs/include/dynamixel_workbench_msgs/dynamixel_workbench_msgs/msg/detail/xm__functions.h
-- Installing: /home/darkdemon/work/motor_control/install/dynamixel_workbench_msgs/include/dynamixel_workbench_msgs/dynamixel_workbench_msgs/msg/detail/ex__type_support.h
-- Installing: /home/darkdemon/work/motor_control/install/dynamixel_workbench_msgs/include/dynamixel_workbench_msgs/dynamixel_workbench_msgs/msg/detail/dynamixel_state__type_support.h
-- Installing: /home/darkdemon/work/motor_control/install/dynamixel_workbench_msgs/include/dynamixel_workbench_msgs/dynamixel_workbench_msgs/msg/detail/rx__struct.h
-- Installing: /home/darkdemon/work/motor_control/install/dynamixel_workbench_msgs/include/dynamixel_workbench_msgs/dynamixel_workbench_msgs/msg/detail/mx_ext__struct.h
-- Installing: /home/darkdemon/work/motor_control/install/dynamixel_workbench_msgs/include/dynamixel_workbench_msgs/dynamixel_workbench_msgs/msg/detail/xm_ext__struct.h
-- Installing: /home/darkdemon/work/motor_control/install/dynamixel_workbench_msgs/include/dynamixel_workbench_msgs/dynamixel_workbench_msgs/msg/detail/ex__functions.c
-- Installing: /home/darkdemon/work/motor_control/install/dynamixel_workbench_msgs/include/dynamixel_workbench_msgs/dynamixel_workbench_msgs/msg/detail/ex__functions.h
-- Installing: /home/darkdemon/work/motor_control/install/dynamixel_workbench_msgs/include/dynamixel_workbench_msgs/dynamixel_workbench_msgs/msg/detail/mx2__type_support.h
-- Installing: /home/darkdemon/work/motor_control/install/dynamixel_workbench_msgs/include/dynamixel_workbench_msgs/dynamixel_workbench_msgs/msg/detail/mx2_ext__functions.h
-- Installing: /home/darkdemon/work/motor_control/install/dynamixel_workbench_msgs/include/dynamixel_workbench_msgs/dynamixel_workbench_msgs/msg/detail/dynamixel_state_list__functions.c
-- Installing: /home/darkdemon/work/motor_control/install/dynamixel_workbench_msgs/include/dynamixel_workbench_msgs/dynamixel_workbench_msgs/msg/detail/dynamixel_state__functions.c
-- Installing: /home/darkdemon/work/motor_control/install/dynamixel_workbench_msgs/include/dynamixel_workbench_msgs/dynamixel_workbench_msgs/msg/detail/mx_ext__functions.c
-- Installing: /home/darkdemon/work/motor_control/install/dynamixel_workbench_msgs/include/dynamixel_workbench_msgs/dynamixel_workbench_msgs/msg/detail/pro__functions.h
-- Installing: /home/darkdemon/work/motor_control/install/dynamixel_workbench_msgs/include/dynamixel_workbench_msgs/dynamixel_workbench_msgs/msg/detail/mx2_ext__type_support.h
-- Installing: /home/darkdemon/work/motor_control/install/dynamixel_workbench_msgs/include/dynamixel_workbench_msgs/dynamixel_workbench_msgs/msg/detail/dynamixel_info__type_support.h
-- Installing: /home/darkdemon/work/motor_control/install/dynamixel_workbench_msgs/include/dynamixel_workbench_msgs/dynamixel_workbench_msgs/msg/detail/ex__struct.h
-- Installing: /home/darkdemon/work/motor_control/install/dynamixel_workbench_msgs/include/dynamixel_workbench_msgs/dynamixel_workbench_msgs/msg/detail/xm__struct.h
-- Installing: /home/darkdemon/work/motor_control/install/dynamixel_workbench_msgs/include/dynamixel_workbench_msgs/dynamixel_workbench_msgs/msg/detail/xm__functions.c
-- Installing: /home/darkdemon/work/motor_control/install/dynamixel_workbench_msgs/include/dynamixel_workbench_msgs/dynamixel_workbench_msgs/msg/detail/pro_ext__functions.h
-- Installing: /home/darkdemon/work/motor_control/install/dynamixel_workbench_msgs/include/dynamixel_workbench_msgs/dynamixel_workbench_msgs/msg/detail/pro__type_support.h
-- Installing: /home/darkdemon/work/motor_control/install/dynamixel_workbench_msgs/include/dynamixel_workbench_msgs/dynamixel_workbench_msgs/msg/detail/xm_ext__functions.h
-- Installing: /home/darkdemon/work/motor_control/install/dynamixel_workbench_msgs/include/dynamixel_workbench_msgs/dynamixel_workbench_msgs/msg/detail/mx__type_support.h
-- Installing: /home/darkdemon/work/motor_control/install/dynamixel_workbench_msgs/include/dynamixel_workbench_msgs/dynamixel_workbench_msgs/msg/detail/pro__struct.h
-- Installing: /home/darkdemon/work/motor_control/install/dynamixel_workbench_msgs/include/dynamixel_workbench_msgs/dynamixel_workbench_msgs/msg/detail/dynamixel_info__struct.h
-- Installing: /home/darkdemon/work/motor_control/install/dynamixel_workbench_msgs/include/dynamixel_workbench_msgs/dynamixel_workbench_msgs/msg/detail/mx_ext__type_support.h
-- Installing: /home/darkdemon/work/motor_control/install/dynamixel_workbench_msgs/include/dynamixel_workbench_msgs/dynamixel_workbench_msgs/msg/detail/xm__type_support.h
-- Installing: /home/darkdemon/work/motor_control/install/dynamixel_workbench_msgs/include/dynamixel_workbench_msgs/dynamixel_workbench_msgs/msg/detail/mx__struct.h
-- Installing: /home/darkdemon/work/motor_control/install/dynamixel_workbench_msgs/include/dynamixel_workbench_msgs/dynamixel_workbench_msgs/msg/detail/dynamixel_load_info__struct.h
-- Installing: /home/darkdemon/work/motor_control/install/dynamixel_workbench_msgs/include/dynamixel_workbench_msgs/dynamixel_workbench_msgs/msg/detail/pro__functions.c
-- Installing: /home/darkdemon/work/motor_control/install/dynamixel_workbench_msgs/include/dynamixel_workbench_msgs/dynamixel_workbench_msgs/msg/detail/mx_ext__functions.h
-- Installing: /home/darkdemon/work/motor_control/install/dynamixel_workbench_msgs/include/dynamixel_workbench_msgs/dynamixel_workbench_msgs/msg/detail/mx2_ext__functions.c
-- Installing: /home/darkdemon/work/motor_control/install/dynamixel_workbench_msgs/include/dynamixel_workbench_msgs/dynamixel_workbench_msgs/msg/detail/ax__functions.c
-- Installing: /home/darkdemon/work/motor_control/install/dynamixel_workbench_msgs/include/dynamixel_workbench_msgs/dynamixel_workbench_msgs/msg/detail/xl320__functions.c
-- Installing: /home/darkdemon/work/motor_control/install/dynamixel_workbench_msgs/include/dynamixel_workbench_msgs/dynamixel_workbench_msgs/msg/detail/ax__struct.h
-- Installing: /home/darkdemon/work/motor_control/install/dynamixel_workbench_msgs/include/dynamixel_workbench_msgs/dynamixel_workbench_msgs/msg/detail/dynamixel_load_info__functions.h
-- Installing: /home/darkdemon/work/motor_control/install/dynamixel_workbench_msgs/include/dynamixel_workbench_msgs/dynamixel_workbench_msgs/msg/detail/pro_ext__struct.h
-- Installing: /home/darkdemon/work/motor_control/install/dynamixel_workbench_msgs/include/dynamixel_workbench_msgs/dynamixel_workbench_msgs/msg/detail/xm_ext__type_support.h
-- Installing: /home/darkdemon/work/motor_control/install/dynamixel_workbench_msgs/include/dynamixel_workbench_msgs/dynamixel_workbench_msgs/msg/detail/dynamixel_info__functions.h
-- Installing: /home/darkdemon/work/motor_control/install/dynamixel_workbench_msgs/include/dynamixel_workbench_msgs/dynamixel_workbench_msgs/msg/detail/mx2__functions.h
-- Installing: /home/darkdemon/work/motor_control/install/dynamixel_workbench_msgs/include/dynamixel_workbench_msgs/dynamixel_workbench_msgs/msg/detail/dynamixel_state_list__functions.h
-- Installing: /home/darkdemon/work/motor_control/install/dynamixel_workbench_msgs/include/dynamixel_workbench_msgs/dynamixel_workbench_msgs/msg/detail/xh__functions.c
-- Installing: /home/darkdemon/work/motor_control/install/dynamixel_workbench_msgs/include/dynamixel_workbench_msgs/dynamixel_workbench_msgs/msg/detail/dynamixel_state__struct.h
-- Installing: /home/darkdemon/work/motor_control/install/dynamixel_workbench_msgs/include/dynamixel_workbench_msgs/dynamixel_workbench_msgs/msg/detail/rx__functions.c
-- Installing: /home/darkdemon/work/motor_control/install/dynamixel_workbench_msgs/include/dynamixel_workbench_msgs/dynamixel_workbench_msgs/msg/detail/dynamixel_load_info__functions.c
-- Installing: /home/darkdemon/work/motor_control/install/dynamixel_workbench_msgs/include/dynamixel_workbench_msgs/dynamixel_workbench_msgs/msg/detail/rx__type_support.h
-- Installing: /home/darkdemon/work/motor_control/install/dynamixel_workbench_msgs/include/dynamixel_workbench_msgs/dynamixel_workbench_msgs/msg/detail/dynamixel_info__functions.c
-- Installing: /home/darkdemon/work/motor_control/install/dynamixel_workbench_msgs/include/dynamixel_workbench_msgs/dynamixel_workbench_msgs/msg/detail/xl__struct.h
-- Installing: /home/darkdemon/work/motor_control/install/dynamixel_workbench_msgs/include/dynamixel_workbench_msgs/dynamixel_workbench_msgs/msg/pro.h
-- Installing: /home/darkdemon/work/motor_control/install/dynamixel_workbench_msgs/include/dynamixel_workbench_msgs/dynamixel_workbench_msgs/msg/xh.h
-- Installing: /home/darkdemon/work/motor_control/install/dynamixel_workbench_msgs/include/dynamixel_workbench_msgs/dynamixel_workbench_msgs/msg/xl.h
-- Installing: /home/darkdemon/work/motor_control/install/dynamixel_workbench_msgs/include/dynamixel_workbench_msgs/dynamixel_workbench_msgs/msg/rosidl_generator_c__visibility_control.h
-- Installing: /home/darkdemon/work/motor_control/install/dynamixel_workbench_msgs/include/dynamixel_workbench_msgs/dynamixel_workbench_msgs/msg/mx2_ext.h
-- Installing: /home/darkdemon/work/motor_control/install/dynamixel_workbench_msgs/include/dynamixel_workbench_msgs/dynamixel_workbench_msgs/msg/xm_ext.h
-- Installing: /home/darkdemon/work/motor_control/install/dynamixel_workbench_msgs/include/dynamixel_workbench_msgs/dynamixel_workbench_msgs/msg/xm.h
-- Installing: /home/darkdemon/work/motor_control/install/dynamixel_workbench_msgs/include/dynamixel_workbench_msgs/dynamixel_workbench_msgs/msg/mx.h
-- Installing: /home/darkdemon/work/motor_control/install/dynamixel_workbench_msgs/include/dynamixel_workbench_msgs/dynamixel_workbench_msgs/msg/dynamixel_info.h
-- Installing: /home/darkdemon/work/motor_control/install/dynamixel_workbench_msgs/include/dynamixel_workbench_msgs/dynamixel_workbench_msgs/msg/pro_ext.h
-- Installing: /home/darkdemon/work/motor_control/install/dynamixel_workbench_msgs/include/dynamixel_workbench_msgs/dynamixel_workbench_msgs/msg/mx2.h
-- Installing: /home/darkdemon/work/motor_control/install/dynamixel_workbench_msgs/include/dynamixel_workbench_msgs/dynamixel_workbench_msgs/msg/xl320.h
-- Installing: /home/darkdemon/work/motor_control/install/dynamixel_workbench_msgs/include/dynamixel_workbench_msgs/dynamixel_workbench_msgs/msg/ax.h
-- Installing: /home/darkdemon/work/motor_control/install/dynamixel_workbench_msgs/include/dynamixel_workbench_msgs/dynamixel_workbench_msgs/msg/dynamixel_state.h
-- Installing: /home/darkdemon/work/motor_control/install/dynamixel_workbench_msgs/include/dynamixel_workbench_msgs/dynamixel_workbench_msgs/msg/dynamixel_load_info.h
-- Installing: /home/darkdemon/work/motor_control/install/dynamixel_workbench_msgs/include/dynamixel_workbench_msgs/dynamixel_workbench_msgs/msg/dynamixel_state_list.h
-- Installing: /home/darkdemon/work/motor_control/install/dynamixel_workbench_msgs/include/dynamixel_workbench_msgs/dynamixel_workbench_msgs/msg/ex.h
-- Installing: /home/darkdemon/work/motor_control/install/dynamixel_workbench_msgs/include/dynamixel_workbench_msgs/dynamixel_workbench_msgs/msg/mx_ext.h
-- Installing: /home/darkdemon/work/motor_control/install/dynamixel_workbench_msgs/include/dynamixel_workbench_msgs/dynamixel_workbench_msgs/msg/rx.h
-- Installing: /home/darkdemon/work/motor_control/install/dynamixel_workbench_msgs/include/dynamixel_workbench_msgs/dynamixel_workbench_msgs/srv
-- Installing: /home/darkdemon/work/motor_control/install/dynamixel_workbench_msgs/include/dynamixel_workbench_msgs/dynamixel_workbench_msgs/srv/detail
-- Installing: /home/darkdemon/work/motor_control/install/dynamixel_workbench_msgs/include/dynamixel_workbench_msgs/dynamixel_workbench_msgs/srv/detail/dynamixel_command__struct.h
-- Installing: /home/darkdemon/work/motor_control/install/dynamixel_workbench_msgs/include/dynamixel_workbench_msgs/dynamixel_workbench_msgs/srv/detail/dynamixel_command__functions.c
-- Installing: /home/darkdemon/work/motor_control/install/dynamixel_workbench_msgs/include/dynamixel_workbench_msgs/dynamixel_workbench_msgs/srv/detail/get_dynamixel_info__type_support.h
-- Installing: /home/darkdemon/work/motor_control/install/dynamixel_workbench_msgs/include/dynamixel_workbench_msgs/dynamixel_workbench_msgs/srv/detail/dynamixel_command__functions.h
-- Installing: /home/darkdemon/work/motor_control/install/dynamixel_workbench_msgs/include/dynamixel_workbench_msgs/dynamixel_workbench_msgs/srv/detail/get_dynamixel_info__functions.h
-- Installing: /home/darkdemon/work/motor_control/install/dynamixel_workbench_msgs/include/dynamixel_workbench_msgs/dynamixel_workbench_msgs/srv/detail/dynamixel_command__type_support.h
-- Installing: /home/darkdemon/work/motor_control/install/dynamixel_workbench_msgs/include/dynamixel_workbench_msgs/dynamixel_workbench_msgs/srv/detail/get_dynamixel_info__struct.h
-- Installing: /home/darkdemon/work/motor_control/install/dynamixel_workbench_msgs/include/dynamixel_workbench_msgs/dynamixel_workbench_msgs/srv/detail/get_dynamixel_info__functions.c
-- Installing: /home/darkdemon/work/motor_control/install/dynamixel_workbench_msgs/include/dynamixel_workbench_msgs/dynamixel_workbench_msgs/srv/get_dynamixel_info.h
-- Installing: /home/darkdemon/work/motor_control/install/dynamixel_workbench_msgs/include/dynamixel_workbench_msgs/dynamixel_workbench_msgs/srv/dynamixel_command.h
-- Installing: /home/darkdemon/work/motor_control/install/dynamixel_workbench_msgs/share/dynamixel_workbench_msgs/environment/library_path.sh
-- Installing: /home/darkdemon/work/motor_control/install/dynamixel_workbench_msgs/share/dynamixel_workbench_msgs/environment/library_path.dsv
-- Installing: /home/darkdemon/work/motor_control/install/dynamixel_workbench_msgs/lib/libdynamixel_workbench_msgs__rosidl_generator_c.so
-- Set runtime path of "/home/darkdemon/work/motor_control/install/dynamixel_workbench_msgs/lib/libdynamixel_workbench_msgs__rosidl_generator_c.so" to ""
-- Up-to-date: /home/darkdemon/work/motor_control/install/dynamixel_workbench_msgs/include/dynamixel_workbench_msgs/dynamixel_workbench_msgs
-- Up-to-date: /home/darkdemon/work/motor_control/install/dynamixel_workbench_msgs/include/dynamixel_workbench_msgs/dynamixel_workbench_msgs/msg
-- Up-to-date: /home/darkdemon/work/motor_control/install/dynamixel_workbench_msgs/include/dynamixel_workbench_msgs/dynamixel_workbench_msgs/msg/detail
-- Installing: /home/darkdemon/work/motor_control/install/dynamixel_workbench_msgs/include/dynamixel_workbench_msgs/dynamixel_workbench_msgs/msg/detail/dynamixel_info__rosidl_typesupport_fastrtps_c.h
-- Installing: /home/darkdemon/work/motor_control/install/dynamixel_workbench_msgs/include/dynamixel_workbench_msgs/dynamixel_workbench_msgs/msg/detail/mx2_ext__rosidl_typesupport_fastrtps_c.h
-- Installing: /home/darkdemon/work/motor_control/install/dynamixel_workbench_msgs/include/dynamixel_workbench_msgs/dynamixel_workbench_msgs/msg/detail/pro__rosidl_typesupport_fastrtps_c.h
-- Installing: /home/darkdemon/work/motor_control/install/dynamixel_workbench_msgs/include/dynamixel_workbench_msgs/dynamixel_workbench_msgs/msg/detail/dynamixel_load_info__rosidl_typesupport_fastrtps_c.h
-- Installing: /home/darkdemon/work/motor_control/install/dynamixel_workbench_msgs/include/dynamixel_workbench_msgs/dynamixel_workbench_msgs/msg/detail/dynamixel_state_list__rosidl_typesupport_fastrtps_c.h
-- Installing: /home/darkdemon/work/motor_control/install/dynamixel_workbench_msgs/include/dynamixel_workbench_msgs/dynamixel_workbench_msgs/msg/detail/mx2__rosidl_typesupport_fastrtps_c.h
-- Installing: /home/darkdemon/work/motor_control/install/dynamixel_workbench_msgs/include/dynamixel_workbench_msgs/dynamixel_workbench_msgs/msg/detail/xl320__rosidl_typesupport_fastrtps_c.h
-- Installing: /home/darkdemon/work/motor_control/install/dynamixel_workbench_msgs/include/dynamixel_workbench_msgs/dynamixel_workbench_msgs/msg/detail/xl__rosidl_typesupport_fastrtps_c.h
-- Installing: /home/darkdemon/work/motor_control/install/dynamixel_workbench_msgs/include/dynamixel_workbench_msgs/dynamixel_workbench_msgs/msg/detail/rx__rosidl_typesupport_fastrtps_c.h
-- Installing: /home/darkdemon/work/motor_control/install/dynamixel_workbench_msgs/include/dynamixel_workbench_msgs/dynamixel_workbench_msgs/msg/detail/ax__rosidl_typesupport_fastrtps_c.h
-- Installing: /home/darkdemon/work/motor_control/install/dynamixel_workbench_msgs/include/dynamixel_workbench_msgs/dynamixel_workbench_msgs/msg/detail/xh__rosidl_typesupport_fastrtps_c.h
-- Installing: /home/darkdemon/work/motor_control/install/dynamixel_workbench_msgs/include/dynamixel_workbench_msgs/dynamixel_workbench_msgs/msg/detail/mx_ext__rosidl_typesupport_fastrtps_c.h
-- Installing: /home/darkdemon/work/motor_control/install/dynamixel_workbench_msgs/include/dynamixel_workbench_msgs/dynamixel_workbench_msgs/msg/detail/mx__rosidl_typesupport_fastrtps_c.h
-- Installing: /home/darkdemon/work/motor_control/install/dynamixel_workbench_msgs/include/dynamixel_workbench_msgs/dynamixel_workbench_msgs/msg/detail/pro_ext__rosidl_typesupport_fastrtps_c.h
-- Installing: /home/darkdemon/work/motor_control/install/dynamixel_workbench_msgs/include/dynamixel_workbench_msgs/dynamixel_workbench_msgs/msg/detail/ex__rosidl_typesupport_fastrtps_c.h
-- Installing: /home/darkdemon/work/motor_control/install/dynamixel_workbench_msgs/include/dynamixel_workbench_msgs/dynamixel_workbench_msgs/msg/detail/xm_ext__rosidl_typesupport_fastrtps_c.h
-- Installing: /home/darkdemon/work/motor_control/install/dynamixel_workbench_msgs/include/dynamixel_workbench_msgs/dynamixel_workbench_msgs/msg/detail/xm__rosidl_typesupport_fastrtps_c.h
-- Installing: /home/darkdemon/work/motor_control/install/dynamixel_workbench_msgs/include/dynamixel_workbench_msgs/dynamixel_workbench_msgs/msg/detail/dynamixel_state__rosidl_typesupport_fastrtps_c.h
-- Installing: /home/darkdemon/work/motor_control/install/dynamixel_workbench_msgs/include/dynamixel_workbench_msgs/dynamixel_workbench_msgs/msg/rosidl_typesupport_fastrtps_c__visibility_control.h
-- Up-to-date: /home/darkdemon/work/motor_control/install/dynamixel_workbench_msgs/include/dynamixel_workbench_msgs/dynamixel_workbench_msgs/srv
-- Up-to-date: /home/darkdemon/work/motor_control/install/dynamixel_workbench_msgs/include/dynamixel_workbench_msgs/dynamixel_workbench_msgs/srv/detail
-- Installing: /home/darkdemon/work/motor_control/install/dynamixel_workbench_msgs/include/dynamixel_workbench_msgs/dynamixel_workbench_msgs/srv/detail/get_dynamixel_info__rosidl_typesupport_fastrtps_c.h
-- Installing: /home/darkdemon/work/motor_control/install/dynamixel_workbench_msgs/include/dynamixel_workbench_msgs/dynamixel_workbench_msgs/srv/detail/dynamixel_command__rosidl_typesupport_fastrtps_c.h
-- Installing: /home/darkdemon/work/motor_control/install/dynamixel_workbench_msgs/lib/libdynamixel_workbench_msgs__rosidl_typesupport_fastrtps_c.so
-- Set runtime path of "/home/darkdemon/work/motor_control/install/dynamixel_workbench_msgs/lib/libdynamixel_workbench_msgs__rosidl_typesupport_fastrtps_c.so" to ""
-- Up-to-date: /home/darkdemon/work/motor_control/install/dynamixel_workbench_msgs/include/dynamixel_workbench_msgs/dynamixel_workbench_msgs
-- Up-to-date: /home/darkdemon/work/motor_control/install/dynamixel_workbench_msgs/include/dynamixel_workbench_msgs/dynamixel_workbench_msgs/msg
-- Up-to-date: /home/darkdemon/work/motor_control/install/dynamixel_workbench_msgs/include/dynamixel_workbench_msgs/dynamixel_workbench_msgs/msg/detail
-- Installing: /home/darkdemon/work/motor_control/install/dynamixel_workbench_msgs/include/dynamixel_workbench_msgs/dynamixel_workbench_msgs/msg/detail/mx__rosidl_typesupport_introspection_c.h
-- Installing: /home/darkdemon/work/motor_control/install/dynamixel_workbench_msgs/include/dynamixel_workbench_msgs/dynamixel_workbench_msgs/msg/detail/dynamixel_state__rosidl_typesupport_introspection_c.h
-- Installing: /home/darkdemon/work/motor_control/install/dynamixel_workbench_msgs/include/dynamixel_workbench_msgs/dynamixel_workbench_msgs/msg/detail/xm__type_support.c
-- Installing: /home/darkdemon/work/motor_control/install/dynamixel_workbench_msgs/include/dynamixel_workbench_msgs/dynamixel_workbench_msgs/msg/detail/rx__type_support.c
-- Installing: /home/darkdemon/work/motor_control/install/dynamixel_workbench_msgs/include/dynamixel_workbench_msgs/dynamixel_workbench_msgs/msg/detail/xl__type_support.c
-- Installing: /home/darkdemon/work/motor_control/install/dynamixel_workbench_msgs/include/dynamixel_workbench_msgs/dynamixel_workbench_msgs/msg/detail/xh__type_support.c
-- Installing: /home/darkdemon/work/motor_control/install/dynamixel_workbench_msgs/include/dynamixel_workbench_msgs/dynamixel_workbench_msgs/msg/detail/dynamixel_state_list__type_support.c
-- Installing: /home/darkdemon/work/motor_control/install/dynamixel_workbench_msgs/include/dynamixel_workbench_msgs/dynamixel_workbench_msgs/msg/detail/pro_ext__rosidl_typesupport_introspection_c.h
-- Installing: /home/darkdemon/work/motor_control/install/dynamixel_workbench_msgs/include/dynamixel_workbench_msgs/dynamixel_workbench_msgs/msg/detail/pro__type_support.c
-- Installing: /home/darkdemon/work/motor_control/install/dynamixel_workbench_msgs/include/dynamixel_workbench_msgs/dynamixel_workbench_msgs/msg/detail/mx_ext__type_support.c
-- Installing: /home/darkdemon/work/motor_control/install/dynamixel_workbench_msgs/include/dynamixel_workbench_msgs/dynamixel_workbench_msgs/msg/detail/ex__rosidl_typesupport_introspection_c.h
-- Installing: /home/darkdemon/work/motor_control/install/dynamixel_workbench_msgs/include/dynamixel_workbench_msgs/dynamixel_workbench_msgs/msg/detail/dynamixel_info__type_support.c
-- Installing: /home/darkdemon/work/motor_control/install/dynamixel_workbench_msgs/include/dynamixel_workbench_msgs/dynamixel_workbench_msgs/msg/detail/dynamixel_load_info__type_support.c
-- Installing: /home/darkdemon/work/motor_control/install/dynamixel_workbench_msgs/include/dynamixel_workbench_msgs/dynamixel_workbench_msgs/msg/detail/xl320__type_support.c
-- Installing: /home/darkdemon/work/motor_control/install/dynamixel_workbench_msgs/include/dynamixel_workbench_msgs/dynamixel_workbench_msgs/msg/detail/xm_ext__type_support.c
-- Installing: /home/darkdemon/work/motor_control/install/dynamixel_workbench_msgs/include/dynamixel_workbench_msgs/dynamixel_workbench_msgs/msg/detail/rx__rosidl_typesupport_introspection_c.h
-- Installing: /home/darkdemon/work/motor_control/install/dynamixel_workbench_msgs/include/dynamixel_workbench_msgs/dynamixel_workbench_msgs/msg/detail/dynamixel_state__type_support.c
-- Installing: /home/darkdemon/work/motor_control/install/dynamixel_workbench_msgs/include/dynamixel_workbench_msgs/dynamixel_workbench_msgs/msg/detail/dynamixel_load_info__rosidl_typesupport_introspection_c.h
-- Installing: /home/darkdemon/work/motor_control/install/dynamixel_workbench_msgs/include/dynamixel_workbench_msgs/dynamixel_workbench_msgs/msg/detail/ax__type_support.c
-- Installing: /home/darkdemon/work/motor_control/install/dynamixel_workbench_msgs/include/dynamixel_workbench_msgs/dynamixel_workbench_msgs/msg/detail/dynamixel_info__rosidl_typesupport_introspection_c.h
-- Installing: /home/darkdemon/work/motor_control/install/dynamixel_workbench_msgs/include/dynamixel_workbench_msgs/dynamixel_workbench_msgs/msg/detail/mx2__rosidl_typesupport_introspection_c.h
-- Installing: /home/darkdemon/work/motor_control/install/dynamixel_workbench_msgs/include/dynamixel_workbench_msgs/dynamixel_workbench_msgs/msg/detail/xh__rosidl_typesupport_introspection_c.h
-- Installing: /home/darkdemon/work/motor_control/install/dynamixel_workbench_msgs/include/dynamixel_workbench_msgs/dynamixel_workbench_msgs/msg/detail/ex__type_support.c
-- Installing: /home/darkdemon/work/motor_control/install/dynamixel_workbench_msgs/include/dynamixel_workbench_msgs/dynamixel_workbench_msgs/msg/detail/xl__rosidl_typesupport_introspection_c.h
-- Installing: /home/darkdemon/work/motor_control/install/dynamixel_workbench_msgs/include/dynamixel_workbench_msgs/dynamixel_workbench_msgs/msg/detail/mx__type_support.c
-- Installing: /home/darkdemon/work/motor_control/install/dynamixel_workbench_msgs/include/dynamixel_workbench_msgs/dynamixel_workbench_msgs/msg/detail/xm_ext__rosidl_typesupport_introspection_c.h
-- Installing: /home/darkdemon/work/motor_control/install/dynamixel_workbench_msgs/include/dynamixel_workbench_msgs/dynamixel_workbench_msgs/msg/detail/mx2_ext__type_support.c
-- Installing: /home/darkdemon/work/motor_control/install/dynamixel_workbench_msgs/include/dynamixel_workbench_msgs/dynamixel_workbench_msgs/msg/detail/mx2_ext__rosidl_typesupport_introspection_c.h
-- Installing: /home/darkdemon/work/motor_control/install/dynamixel_workbench_msgs/include/dynamixel_workbench_msgs/dynamixel_workbench_msgs/msg/detail/xl320__rosidl_typesupport_introspection_c.h
-- Installing: /home/darkdemon/work/motor_control/install/dynamixel_workbench_msgs/include/dynamixel_workbench_msgs/dynamixel_workbench_msgs/msg/detail/mx2__type_support.c
-- Installing: /home/darkdemon/work/motor_control/install/dynamixel_workbench_msgs/include/dynamixel_workbench_msgs/dynamixel_workbench_msgs/msg/detail/dynamixel_state_list__rosidl_typesupport_introspection_c.h
-- Installing: /home/darkdemon/work/motor_control/install/dynamixel_workbench_msgs/include/dynamixel_workbench_msgs/dynamixel_workbench_msgs/msg/detail/pro__rosidl_typesupport_introspection_c.h
-- Installing: /home/darkdemon/work/motor_control/install/dynamixel_workbench_msgs/include/dynamixel_workbench_msgs/dynamixel_workbench_msgs/msg/detail/mx_ext__rosidl_typesupport_introspection_c.h
-- Installing: /home/darkdemon/work/motor_control/install/dynamixel_workbench_msgs/include/dynamixel_workbench_msgs/dynamixel_workbench_msgs/msg/detail/ax__rosidl_typesupport_introspection_c.h
-- Installing: /home/darkdemon/work/motor_control/install/dynamixel_workbench_msgs/include/dynamixel_workbench_msgs/dynamixel_workbench_msgs/msg/detail/xm__rosidl_typesupport_introspection_c.h
-- Installing: /home/darkdemon/work/motor_control/install/dynamixel_workbench_msgs/include/dynamixel_workbench_msgs/dynamixel_workbench_msgs/msg/detail/pro_ext__type_support.c
-- Installing: /home/darkdemon/work/motor_control/install/dynamixel_workbench_msgs/include/dynamixel_workbench_msgs/dynamixel_workbench_msgs/msg/rosidl_typesupport_introspection_c__visibility_control.h
-- Up-to-date: /home/darkdemon/work/motor_control/install/dynamixel_workbench_msgs/include/dynamixel_workbench_msgs/dynamixel_workbench_msgs/srv
-- Up-to-date: /home/darkdemon/work/motor_control/install/dynamixel_workbench_msgs/include/dynamixel_workbench_msgs/dynamixel_workbench_msgs/srv/detail
-- Installing: /home/darkdemon/work/motor_control/install/dynamixel_workbench_msgs/include/dynamixel_workbench_msgs/dynamixel_workbench_msgs/srv/detail/dynamixel_command__rosidl_typesupport_introspection_c.h
-- Installing: /home/darkdemon/work/motor_control/install/dynamixel_workbench_msgs/include/dynamixel_workbench_msgs/dynamixel_workbench_msgs/srv/detail/dynamixel_command__type_support.c
-- Installing: /home/darkdemon/work/motor_control/install/dynamixel_workbench_msgs/include/dynamixel_workbench_msgs/dynamixel_workbench_msgs/srv/detail/get_dynamixel_info__type_support.c
-- Installing: /home/darkdemon/work/motor_control/install/dynamixel_workbench_msgs/include/dynamixel_workbench_msgs/dynamixel_workbench_msgs/srv/detail/get_dynamixel_info__rosidl_typesupport_introspection_c.h
-- Installing: /home/darkdemon/work/motor_control/install/dynamixel_workbench_msgs/lib/libdynamixel_workbench_msgs__rosidl_typesupport_introspection_c.so
-- Set runtime path of "/home/darkdemon/work/motor_control/install/dynamixel_workbench_msgs/lib/libdynamixel_workbench_msgs__rosidl_typesupport_introspection_c.so" to ""
-- Installing: /home/darkdemon/work/motor_control/install/dynamixel_workbench_msgs/lib/libdynamixel_workbench_msgs__rosidl_typesupport_c.so
-- Set runtime path of "/home/darkdemon/work/motor_control/install/dynamixel_workbench_msgs/lib/libdynamixel_workbench_msgs__rosidl_typesupport_c.so" to ""
-- Up-to-date: /home/darkdemon/work/motor_control/install/dynamixel_workbench_msgs/include/dynamixel_workbench_msgs/dynamixel_workbench_msgs
-- Up-to-date: /home/darkdemon/work/motor_control/install/dynamixel_workbench_msgs/include/dynamixel_workbench_msgs/dynamixel_workbench_msgs/msg
-- Installing: /home/darkdemon/work/motor_control/install/dynamixel_workbench_msgs/include/dynamixel_workbench_msgs/dynamixel_workbench_msgs/msg/mx2.hpp
-- Installing: /home/darkdemon/work/motor_control/install/dynamixel_workbench_msgs/include/dynamixel_workbench_msgs/dynamixel_workbench_msgs/msg/ex.hpp
-- Up-to-date: /home/darkdemon/work/motor_control/install/dynamixel_workbench_msgs/include/dynamixel_workbench_msgs/dynamixel_workbench_msgs/msg/detail
-- Installing: /home/darkdemon/work/motor_control/install/dynamixel_workbench_msgs/include/dynamixel_workbench_msgs/dynamixel_workbench_msgs/msg/detail/mx_ext__type_support.hpp
-- Installing: /home/darkdemon/work/motor_control/install/dynamixel_workbench_msgs/include/dynamixel_workbench_msgs/dynamixel_workbench_msgs/msg/detail/pro_ext__struct.hpp
-- Installing: /home/darkdemon/work/motor_control/install/dynamixel_workbench_msgs/include/dynamixel_workbench_msgs/dynamixel_workbench_msgs/msg/detail/mx__struct.hpp
-- Installing: /home/darkdemon/work/motor_control/install/dynamixel_workbench_msgs/include/dynamixel_workbench_msgs/dynamixel_workbench_msgs/msg/detail/mx2_ext__struct.hpp
-- Installing: /home/darkdemon/work/motor_control/install/dynamixel_workbench_msgs/include/dynamixel_workbench_msgs/dynamixel_workbench_msgs/msg/detail/xm_ext__builder.hpp
-- Installing: /home/darkdemon/work/motor_control/install/dynamixel_workbench_msgs/include/dynamixel_workbench_msgs/dynamixel_workbench_msgs/msg/detail/mx_ext__builder.hpp
-- Installing: /home/darkdemon/work/motor_control/install/dynamixel_workbench_msgs/include/dynamixel_workbench_msgs/dynamixel_workbench_msgs/msg/detail/dynamixel_state_list__type_support.hpp
-- Installing: /home/darkdemon/work/motor_control/install/dynamixel_workbench_msgs/include/dynamixel_workbench_msgs/dynamixel_workbench_msgs/msg/detail/xm__builder.hpp
-- Installing: /home/darkdemon/work/motor_control/install/dynamixel_workbench_msgs/include/dynamixel_workbench_msgs/dynamixel_workbench_msgs/msg/detail/xl320__builder.hpp
-- Installing: /home/darkdemon/work/motor_control/install/dynamixel_workbench_msgs/include/dynamixel_workbench_msgs/dynamixel_workbench_msgs/msg/detail/ax__type_support.hpp
-- Installing: /home/darkdemon/work/motor_control/install/dynamixel_workbench_msgs/include/dynamixel_workbench_msgs/dynamixel_workbench_msgs/msg/detail/rx__type_support.hpp
-- Installing: /home/darkdemon/work/motor_control/install/dynamixel_workbench_msgs/include/dynamixel_workbench_msgs/dynamixel_workbench_msgs/msg/detail/mx__builder.hpp
-- Installing: /home/darkdemon/work/motor_control/install/dynamixel_workbench_msgs/include/dynamixel_workbench_msgs/dynamixel_workbench_msgs/msg/detail/ax__struct.hpp
-- Installing: /home/darkdemon/work/motor_control/install/dynamixel_workbench_msgs/include/dynamixel_workbench_msgs/dynamixel_workbench_msgs/msg/detail/dynamixel_load_info__struct.hpp
-- Installing: /home/darkdemon/work/motor_control/install/dynamixel_workbench_msgs/include/dynamixel_workbench_msgs/dynamixel_workbench_msgs/msg/detail/rx__traits.hpp
-- Installing: /home/darkdemon/work/motor_control/install/dynamixel_workbench_msgs/include/dynamixel_workbench_msgs/dynamixel_workbench_msgs/msg/detail/mx__traits.hpp
-- Installing: /home/darkdemon/work/motor_control/install/dynamixel_workbench_msgs/include/dynamixel_workbench_msgs/dynamixel_workbench_msgs/msg/detail/xh__type_support.hpp
-- Installing: /home/darkdemon/work/motor_control/install/dynamixel_workbench_msgs/include/dynamixel_workbench_msgs/dynamixel_workbench_msgs/msg/detail/ax__traits.hpp
-- Installing: /home/darkdemon/work/motor_control/install/dynamixel_workbench_msgs/include/dynamixel_workbench_msgs/dynamixel_workbench_msgs/msg/detail/dynamixel_state_list__struct.hpp
-- Installing: /home/darkdemon/work/motor_control/install/dynamixel_workbench_msgs/include/dynamixel_workbench_msgs/dynamixel_workbench_msgs/msg/detail/dynamixel_state__builder.hpp
-- Installing: /home/darkdemon/work/motor_control/install/dynamixel_workbench_msgs/include/dynamixel_workbench_msgs/dynamixel_workbench_msgs/msg/detail/pro__struct.hpp
-- Installing: /home/darkdemon/work/motor_control/install/dynamixel_workbench_msgs/include/dynamixel_workbench_msgs/dynamixel_workbench_msgs/msg/detail/xl__type_support.hpp
-- Installing: /home/darkdemon/work/motor_control/install/dynamixel_workbench_msgs/include/dynamixel_workbench_msgs/dynamixel_workbench_msgs/msg/detail/dynamixel_state__struct.hpp
-- Installing: /home/darkdemon/work/motor_control/install/dynamixel_workbench_msgs/include/dynamixel_workbench_msgs/dynamixel_workbench_msgs/msg/detail/xl320__struct.hpp
-- Installing: /home/darkdemon/work/motor_control/install/dynamixel_workbench_msgs/include/dynamixel_workbench_msgs/dynamixel_workbench_msgs/msg/detail/xm_ext__type_support.hpp
-- Installing: /home/darkdemon/work/motor_control/install/dynamixel_workbench_msgs/include/dynamixel_workbench_msgs/dynamixel_workbench_msgs/msg/detail/dynamixel_state_list__builder.hpp
-- Installing: /home/darkdemon/work/motor_control/install/dynamixel_workbench_msgs/include/dynamixel_workbench_msgs/dynamixel_workbench_msgs/msg/detail/ex__struct.hpp
-- Installing: /home/darkdemon/work/motor_control/install/dynamixel_workbench_msgs/include/dynamixel_workbench_msgs/dynamixel_workbench_msgs/msg/detail/ex__builder.hpp
-- Installing: /home/darkdemon/work/motor_control/install/dynamixel_workbench_msgs/include/dynamixel_workbench_msgs/dynamixel_workbench_msgs/msg/detail/mx2_ext__traits.hpp
-- Installing: /home/darkdemon/work/motor_control/install/dynamixel_workbench_msgs/include/dynamixel_workbench_msgs/dynamixel_workbench_msgs/msg/detail/dynamixel_info__builder.hpp
-- Installing: /home/darkdemon/work/motor_control/install/dynamixel_workbench_msgs/include/dynamixel_workbench_msgs/dynamixel_workbench_msgs/msg/detail/pro_ext__type_support.hpp
-- Installing: /home/darkdemon/work/motor_control/install/dynamixel_workbench_msgs/include/dynamixel_workbench_msgs/dynamixel_workbench_msgs/msg/detail/pro__builder.hpp
-- Installing: /home/darkdemon/work/motor_control/install/dynamixel_workbench_msgs/include/dynamixel_workbench_msgs/dynamixel_workbench_msgs/msg/detail/mx_ext__struct.hpp
-- Installing: /home/darkdemon/work/motor_control/install/dynamixel_workbench_msgs/include/dynamixel_workbench_msgs/dynamixel_workbench_msgs/msg/detail/dynamixel_state_list__traits.hpp
-- Installing: /home/darkdemon/work/motor_control/install/dynamixel_workbench_msgs/include/dynamixel_workbench_msgs/dynamixel_workbench_msgs/msg/detail/mx_ext__traits.hpp
-- Installing: /home/darkdemon/work/motor_control/install/dynamixel_workbench_msgs/include/dynamixel_workbench_msgs/dynamixel_workbench_msgs/msg/detail/rx__builder.hpp
-- Installing: /home/darkdemon/work/motor_control/install/dynamixel_workbench_msgs/include/dynamixel_workbench_msgs/dynamixel_workbench_msgs/msg/detail/dynamixel_load_info__type_support.hpp
-- Installing: /home/darkdemon/work/motor_control/install/dynamixel_workbench_msgs/include/dynamixel_workbench_msgs/dynamixel_workbench_msgs/msg/detail/dynamixel_info__struct.hpp
-- Installing: /home/darkdemon/work/motor_control/install/dynamixel_workbench_msgs/include/dynamixel_workbench_msgs/dynamixel_workbench_msgs/msg/detail/xm_ext__traits.hpp
-- Installing: /home/darkdemon/work/motor_control/install/dynamixel_workbench_msgs/include/dynamixel_workbench_msgs/dynamixel_workbench_msgs/msg/detail/xh__builder.hpp
-- Installing: /home/darkdemon/work/motor_control/install/dynamixel_workbench_msgs/include/dynamixel_workbench_msgs/dynamixel_workbench_msgs/msg/detail/dynamixel_load_info__traits.hpp
-- Installing: /home/darkdemon/work/motor_control/install/dynamixel_workbench_msgs/include/dynamixel_workbench_msgs/dynamixel_workbench_msgs/msg/detail/dynamixel_load_info__builder.hpp
-- Installing: /home/darkdemon/work/motor_control/install/dynamixel_workbench_msgs/include/dynamixel_workbench_msgs/dynamixel_workbench_msgs/msg/detail/pro__type_support.hpp
-- Installing: /home/darkdemon/work/motor_control/install/dynamixel_workbench_msgs/include/dynamixel_workbench_msgs/dynamixel_workbench_msgs/msg/detail/xm__traits.hpp
-- Installing: /home/darkdemon/work/motor_control/install/dynamixel_workbench_msgs/include/dynamixel_workbench_msgs/dynamixel_workbench_msgs/msg/detail/ex__type_support.hpp
-- Installing: /home/darkdemon/work/motor_control/install/dynamixel_workbench_msgs/include/dynamixel_workbench_msgs/dynamixel_workbench_msgs/msg/detail/pro__traits.hpp
-- Installing: /home/darkdemon/work/motor_control/install/dynamixel_workbench_msgs/include/dynamixel_workbench_msgs/dynamixel_workbench_msgs/msg/detail/xl320__type_support.hpp
-- Installing: /home/darkdemon/work/motor_control/install/dynamixel_workbench_msgs/include/dynamixel_workbench_msgs/dynamixel_workbench_msgs/msg/detail/xl__struct.hpp
-- Installing: /home/darkdemon/work/motor_control/install/dynamixel_workbench_msgs/include/dynamixel_workbench_msgs/dynamixel_workbench_msgs/msg/detail/mx2__struct.hpp
-- Installing: /home/darkdemon/work/motor_control/install/dynamixel_workbench_msgs/include/dynamixel_workbench_msgs/dynamixel_workbench_msgs/msg/detail/xm__type_support.hpp
-- Installing: /home/darkdemon/work/motor_control/install/dynamixel_workbench_msgs/include/dynamixel_workbench_msgs/dynamixel_workbench_msgs/msg/detail/mx__type_support.hpp
-- Installing: /home/darkdemon/work/motor_control/install/dynamixel_workbench_msgs/include/dynamixel_workbench_msgs/dynamixel_workbench_msgs/msg/detail/xh__struct.hpp
-- Installing: /home/darkdemon/work/motor_control/install/dynamixel_workbench_msgs/include/dynamixel_workbench_msgs/dynamixel_workbench_msgs/msg/detail/xm_ext__struct.hpp
-- Installing: /home/darkdemon/work/motor_control/install/dynamixel_workbench_msgs/include/dynamixel_workbench_msgs/dynamixel_workbench_msgs/msg/detail/ex__traits.hpp
-- Installing: /home/darkdemon/work/motor_control/install/dynamixel_workbench_msgs/include/dynamixel_workbench_msgs/dynamixel_workbench_msgs/msg/detail/dynamixel_info__type_support.hpp
-- Installing: /home/darkdemon/work/motor_control/install/dynamixel_workbench_msgs/include/dynamixel_workbench_msgs/dynamixel_workbench_msgs/msg/detail/xl__traits.hpp
-- Installing: /home/darkdemon/work/motor_control/install/dynamixel_workbench_msgs/include/dynamixel_workbench_msgs/dynamixel_workbench_msgs/msg/detail/xl__builder.hpp
-- Installing: /home/darkdemon/work/motor_control/install/dynamixel_workbench_msgs/include/dynamixel_workbench_msgs/dynamixel_workbench_msgs/msg/detail/dynamixel_state__type_support.hpp
-- Installing: /home/darkdemon/work/motor_control/install/dynamixel_workbench_msgs/include/dynamixel_workbench_msgs/dynamixel_workbench_msgs/msg/detail/mx2__traits.hpp
-- Installing: /home/darkdemon/work/motor_control/install/dynamixel_workbench_msgs/include/dynamixel_workbench_msgs/dynamixel_workbench_msgs/msg/detail/pro_ext__builder.hpp
-- Installing: /home/darkdemon/work/motor_control/install/dynamixel_workbench_msgs/include/dynamixel_workbench_msgs/dynamixel_workbench_msgs/msg/detail/mx2__type_support.hpp
-- Installing: /home/darkdemon/work/motor_control/install/dynamixel_workbench_msgs/include/dynamixel_workbench_msgs/dynamixel_workbench_msgs/msg/detail/xl320__traits.hpp
-- Installing: /home/darkdemon/work/motor_control/install/dynamixel_workbench_msgs/include/dynamixel_workbench_msgs/dynamixel_workbench_msgs/msg/detail/ax__builder.hpp
-- Installing: /home/darkdemon/work/motor_control/install/dynamixel_workbench_msgs/include/dynamixel_workbench_msgs/dynamixel_workbench_msgs/msg/detail/xh__traits.hpp
-- Installing: /home/darkdemon/work/motor_control/install/dynamixel_workbench_msgs/include/dynamixel_workbench_msgs/dynamixel_workbench_msgs/msg/detail/mx2_ext__type_support.hpp
-- Installing: /home/darkdemon/work/motor_control/install/dynamixel_workbench_msgs/include/dynamixel_workbench_msgs/dynamixel_workbench_msgs/msg/detail/mx2__builder.hpp
-- Installing: /home/darkdemon/work/motor_control/install/dynamixel_workbench_msgs/include/dynamixel_workbench_msgs/dynamixel_workbench_msgs/msg/detail/pro_ext__traits.hpp
-- Installing: /home/darkdemon/work/motor_control/install/dynamixel_workbench_msgs/include/dynamixel_workbench_msgs/dynamixel_workbench_msgs/msg/detail/rx__struct.hpp
-- Installing: /home/darkdemon/work/motor_control/install/dynamixel_workbench_msgs/include/dynamixel_workbench_msgs/dynamixel_workbench_msgs/msg/detail/dynamixel_state__traits.hpp
-- Installing: /home/darkdemon/work/motor_control/install/dynamixel_workbench_msgs/include/dynamixel_workbench_msgs/dynamixel_workbench_msgs/msg/detail/mx2_ext__builder.hpp
-- Installing: /home/darkdemon/work/motor_control/install/dynamixel_workbench_msgs/include/dynamixel_workbench_msgs/dynamixel_workbench_msgs/msg/detail/dynamixel_info__traits.hpp
-- Installing: /home/darkdemon/work/motor_control/install/dynamixel_workbench_msgs/include/dynamixel_workbench_msgs/dynamixel_workbench_msgs/msg/detail/xm__struct.hpp
-- Installing: /home/darkdemon/work/motor_control/install/dynamixel_workbench_msgs/include/dynamixel_workbench_msgs/dynamixel_workbench_msgs/msg/dynamixel_info.hpp
-- Installing: /home/darkdemon/work/motor_control/install/dynamixel_workbench_msgs/include/dynamixel_workbench_msgs/dynamixel_workbench_msgs/msg/xl.hpp
-- Installing: /home/darkdemon/work/motor_control/install/dynamixel_workbench_msgs/include/dynamixel_workbench_msgs/dynamixel_workbench_msgs/msg/pro.hpp
-- Installing: /home/darkdemon/work/motor_control/install/dynamixel_workbench_msgs/include/dynamixel_workbench_msgs/dynamixel_workbench_msgs/msg/pro_ext.hpp
-- Installing: /home/darkdemon/work/motor_control/install/dynamixel_workbench_msgs/include/dynamixel_workbench_msgs/dynamixel_workbench_msgs/msg/dynamixel_state_list.hpp
-- Installing: /home/darkdemon/work/motor_control/install/dynamixel_workbench_msgs/include/dynamixel_workbench_msgs/dynamixel_workbench_msgs/msg/mx2_ext.hpp
-- Installing: /home/darkdemon/work/motor_control/install/dynamixel_workbench_msgs/include/dynamixel_workbench_msgs/dynamixel_workbench_msgs/msg/dynamixel_load_info.hpp
-- Installing: /home/darkdemon/work/motor_control/install/dynamixel_workbench_msgs/include/dynamixel_workbench_msgs/dynamixel_workbench_msgs/msg/mx.hpp
-- Installing: /home/darkdemon/work/motor_control/install/dynamixel_workbench_msgs/include/dynamixel_workbench_msgs/dynamixel_workbench_msgs/msg/mx_ext.hpp
-- Installing: /home/darkdemon/work/motor_control/install/dynamixel_workbench_msgs/include/dynamixel_workbench_msgs/dynamixel_workbench_msgs/msg/rosidl_generator_cpp__visibility_control.hpp
-- Installing: /home/darkdemon/work/motor_control/install/dynamixel_workbench_msgs/include/dynamixel_workbench_msgs/dynamixel_workbench_msgs/msg/ax.hpp
-- Installing: /home/darkdemon/work/motor_control/install/dynamixel_workbench_msgs/include/dynamixel_workbench_msgs/dynamixel_workbench_msgs/msg/xh.hpp
-- Installing: /home/darkdemon/work/motor_control/install/dynamixel_workbench_msgs/include/dynamixel_workbench_msgs/dynamixel_workbench_msgs/msg/xm_ext.hpp
-- Installing: /home/darkdemon/work/motor_control/install/dynamixel_workbench_msgs/include/dynamixel_workbench_msgs/dynamixel_workbench_msgs/msg/rx.hpp
-- Installing: /home/darkdemon/work/motor_control/install/dynamixel_workbench_msgs/include/dynamixel_workbench_msgs/dynamixel_workbench_msgs/msg/xm.hpp
-- Installing: /home/darkdemon/work/motor_control/install/dynamixel_workbench_msgs/include/dynamixel_workbench_msgs/dynamixel_workbench_msgs/msg/xl320.hpp
-- Installing: /home/darkdemon/work/motor_control/install/dynamixel_workbench_msgs/include/dynamixel_workbench_msgs/dynamixel_workbench_msgs/msg/dynamixel_state.hpp
-- Up-to-date: /home/darkdemon/work/motor_control/install/dynamixel_workbench_msgs/include/dynamixel_workbench_msgs/dynamixel_workbench_msgs/srv
-- Up-to-date: /home/darkdemon/work/motor_control/install/dynamixel_workbench_msgs/include/dynamixel_workbench_msgs/dynamixel_workbench_msgs/srv/detail
-- Installing: /home/darkdemon/work/motor_control/install/dynamixel_workbench_msgs/include/dynamixel_workbench_msgs/dynamixel_workbench_msgs/srv/detail/dynamixel_command__builder.hpp
-- Installing: /home/darkdemon/work/motor_control/install/dynamixel_workbench_msgs/include/dynamixel_workbench_msgs/dynamixel_workbench_msgs/srv/detail/get_dynamixel_info__traits.hpp
-- Installing: /home/darkdemon/work/motor_control/install/dynamixel_workbench_msgs/include/dynamixel_workbench_msgs/dynamixel_workbench_msgs/srv/detail/get_dynamixel_info__type_support.hpp
-- Installing: /home/darkdemon/work/motor_control/install/dynamixel_workbench_msgs/include/dynamixel_workbench_msgs/dynamixel_workbench_msgs/srv/detail/dynamixel_command__struct.hpp
-- Installing: /home/darkdemon/work/motor_control/install/dynamixel_workbench_msgs/include/dynamixel_workbench_msgs/dynamixel_workbench_msgs/srv/detail/dynamixel_command__type_support.hpp
-- Installing: /home/darkdemon/work/motor_control/install/dynamixel_workbench_msgs/include/dynamixel_workbench_msgs/dynamixel_workbench_msgs/srv/detail/get_dynamixel_info__builder.hpp
-- Installing: /home/darkdemon/work/motor_control/install/dynamixel_workbench_msgs/include/dynamixel_workbench_msgs/dynamixel_workbench_msgs/srv/detail/dynamixel_command__traits.hpp
-- Installing: /home/darkdemon/work/motor_control/install/dynamixel_workbench_msgs/include/dynamixel_workbench_msgs/dynamixel_workbench_msgs/srv/detail/get_dynamixel_info__struct.hpp
-- Installing: /home/darkdemon/work/motor_control/install/dynamixel_workbench_msgs/include/dynamixel_workbench_msgs/dynamixel_workbench_msgs/srv/dynamixel_command.hpp
-- Installing: /home/darkdemon/work/motor_control/install/dynamixel_workbench_msgs/include/dynamixel_workbench_msgs/dynamixel_workbench_msgs/srv/get_dynamixel_info.hpp
-- Up-to-date: /home/darkdemon/work/motor_control/install/dynamixel_workbench_msgs/include/dynamixel_workbench_msgs/dynamixel_workbench_msgs
-- Up-to-date: /home/darkdemon/work/motor_control/install/dynamixel_workbench_msgs/include/dynamixel_workbench_msgs/dynamixel_workbench_msgs/msg
-- Up-to-date: /home/darkdemon/work/motor_control/install/dynamixel_workbench_msgs/include/dynamixel_workbench_msgs/dynamixel_workbench_msgs/msg/detail
-- Installing: /home/darkdemon/work/motor_control/install/dynamixel_workbench_msgs/include/dynamixel_workbench_msgs/dynamixel_workbench_msgs/msg/detail/xh__rosidl_typesupport_fastrtps_cpp.hpp
-- Installing: /home/darkdemon/work/motor_control/install/dynamixel_workbench_msgs/include/dynamixel_workbench_msgs/dynamixel_workbench_msgs/msg/detail/pro_ext__rosidl_typesupport_fastrtps_cpp.hpp
-- Installing: /home/darkdemon/work/motor_control/install/dynamixel_workbench_msgs/include/dynamixel_workbench_msgs/dynamixel_workbench_msgs/msg/detail/mx__rosidl_typesupport_fastrtps_cpp.hpp
-- Installing: /home/darkdemon/work/motor_control/install/dynamixel_workbench_msgs/include/dynamixel_workbench_msgs/dynamixel_workbench_msgs/msg/detail/xl__rosidl_typesupport_fastrtps_cpp.hpp
-- Installing: /home/darkdemon/work/motor_control/install/dynamixel_workbench_msgs/include/dynamixel_workbench_msgs/dynamixel_workbench_msgs/msg/detail/dynamixel_state__rosidl_typesupport_fastrtps_cpp.hpp
-- Installing: /home/darkdemon/work/motor_control/install/dynamixel_workbench_msgs/include/dynamixel_workbench_msgs/dynamixel_workbench_msgs/msg/detail/pro__rosidl_typesupport_fastrtps_cpp.hpp
-- Installing: /home/darkdemon/work/motor_control/install/dynamixel_workbench_msgs/include/dynamixel_workbench_msgs/dynamixel_workbench_msgs/msg/detail/ax__rosidl_typesupport_fastrtps_cpp.hpp
-- Installing: /home/darkdemon/work/motor_control/install/dynamixel_workbench_msgs/include/dynamixel_workbench_msgs/dynamixel_workbench_msgs/msg/detail/dynamixel_load_info__rosidl_typesupport_fastrtps_cpp.hpp
-- Installing: /home/darkdemon/work/motor_control/install/dynamixel_workbench_msgs/include/dynamixel_workbench_msgs/dynamixel_workbench_msgs/msg/detail/ex__rosidl_typesupport_fastrtps_cpp.hpp
-- Installing: /home/darkdemon/work/motor_control/install/dynamixel_workbench_msgs/include/dynamixel_workbench_msgs/dynamixel_workbench_msgs/msg/detail/mx2_ext__rosidl_typesupport_fastrtps_cpp.hpp
-- Installing: /home/darkdemon/work/motor_control/install/dynamixel_workbench_msgs/include/dynamixel_workbench_msgs/dynamixel_workbench_msgs/msg/detail/dynamixel_info__rosidl_typesupport_fastrtps_cpp.hpp
-- Installing: /home/darkdemon/work/motor_control/install/dynamixel_workbench_msgs/include/dynamixel_workbench_msgs/dynamixel_workbench_msgs/msg/detail/xl320__rosidl_typesupport_fastrtps_cpp.hpp
-- Installing: /home/darkdemon/work/motor_control/install/dynamixel_workbench_msgs/include/dynamixel_workbench_msgs/dynamixel_workbench_msgs/msg/detail/rx__rosidl_typesupport_fastrtps_cpp.hpp
-- Installing: /home/darkdemon/work/motor_control/install/dynamixel_workbench_msgs/include/dynamixel_workbench_msgs/dynamixel_workbench_msgs/msg/detail/dynamixel_state_list__rosidl_typesupport_fastrtps_cpp.hpp
-- Installing: /home/darkdemon/work/motor_control/install/dynamixel_workbench_msgs/include/dynamixel_workbench_msgs/dynamixel_workbench_msgs/msg/detail/xm__rosidl_typesupport_fastrtps_cpp.hpp
-- Installing: /home/darkdemon/work/motor_control/install/dynamixel_workbench_msgs/include/dynamixel_workbench_msgs/dynamixel_workbench_msgs/msg/detail/dds_fastrtps
-- Installing: /home/darkdemon/work/motor_control/install/dynamixel_workbench_msgs/include/dynamixel_workbench_msgs/dynamixel_workbench_msgs/msg/detail/xm_ext__rosidl_typesupport_fastrtps_cpp.hpp
-- Installing: /home/darkdemon/work/motor_control/install/dynamixel_workbench_msgs/include/dynamixel_workbench_msgs/dynamixel_workbench_msgs/msg/detail/mx2__rosidl_typesupport_fastrtps_cpp.hpp
-- Installing: /home/darkdemon/work/motor_control/install/dynamixel_workbench_msgs/include/dynamixel_workbench_msgs/dynamixel_workbench_msgs/msg/detail/mx_ext__rosidl_typesupport_fastrtps_cpp.hpp
-- Installing: /home/darkdemon/work/motor_control/install/dynamixel_workbench_msgs/include/dynamixel_workbench_msgs/dynamixel_workbench_msgs/msg/rosidl_typesupport_fastrtps_cpp__visibility_control.h
-- Up-to-date: /home/darkdemon/work/motor_control/install/dynamixel_workbench_msgs/include/dynamixel_workbench_msgs/dynamixel_workbench_msgs/srv
-- Up-to-date: /home/darkdemon/work/motor_control/install/dynamixel_workbench_msgs/include/dynamixel_workbench_msgs/dynamixel_workbench_msgs/srv/detail
-- Installing: /home/darkdemon/work/motor_control/install/dynamixel_workbench_msgs/include/dynamixel_workbench_msgs/dynamixel_workbench_msgs/srv/detail/get_dynamixel_info__rosidl_typesupport_fastrtps_cpp.hpp
-- Installing: /home/darkdemon/work/motor_control/install/dynamixel_workbench_msgs/include/dynamixel_workbench_msgs/dynamixel_workbench_msgs/srv/detail/dynamixel_command__rosidl_typesupport_fastrtps_cpp.hpp
-- Installing: /home/darkdemon/work/motor_control/install/dynamixel_workbench_msgs/include/dynamixel_workbench_msgs/dynamixel_workbench_msgs/srv/detail/dds_fastrtps
-- Installing: /home/darkdemon/work/motor_control/install/dynamixel_workbench_msgs/lib/libdynamixel_workbench_msgs__rosidl_typesupport_fastrtps_cpp.so
-- Set runtime path of "/home/darkdemon/work/motor_control/install/dynamixel_workbench_msgs/lib/libdynamixel_workbench_msgs__rosidl_typesupport_fastrtps_cpp.so" to ""
-- Up-to-date: /home/darkdemon/work/motor_control/install/dynamixel_workbench_msgs/include/dynamixel_workbench_msgs/dynamixel_workbench_msgs
-- Up-to-date: /home/darkdemon/work/motor_control/install/dynamixel_workbench_msgs/include/dynamixel_workbench_msgs/dynamixel_workbench_msgs/msg
-- Up-to-date: /home/darkdemon/work/motor_control/install/dynamixel_workbench_msgs/include/dynamixel_workbench_msgs/dynamixel_workbench_msgs/msg/detail
-- Installing: /home/darkdemon/work/motor_control/install/dynamixel_workbench_msgs/include/dynamixel_workbench_msgs/dynamixel_workbench_msgs/msg/detail/rx__type_support.cpp
-- Installing: /home/darkdemon/work/motor_control/install/dynamixel_workbench_msgs/include/dynamixel_workbench_msgs/dynamixel_workbench_msgs/msg/detail/xh__rosidl_typesupport_introspection_cpp.hpp
-- Installing: /home/darkdemon/work/motor_control/install/dynamixel_workbench_msgs/include/dynamixel_workbench_msgs/dynamixel_workbench_msgs/msg/detail/dynamixel_info__rosidl_typesupport_introspection_cpp.hpp
-- Installing: /home/darkdemon/work/motor_control/install/dynamixel_workbench_msgs/include/dynamixel_workbench_msgs/dynamixel_workbench_msgs/msg/detail/mx2__rosidl_typesupport_introspection_cpp.hpp
-- Installing: /home/darkdemon/work/motor_control/install/dynamixel_workbench_msgs/include/dynamixel_workbench_msgs/dynamixel_workbench_msgs/msg/detail/xl__rosidl_typesupport_introspection_cpp.hpp
-- Installing: /home/darkdemon/work/motor_control/install/dynamixel_workbench_msgs/include/dynamixel_workbench_msgs/dynamixel_workbench_msgs/msg/detail/mx__type_support.cpp
-- Installing: /home/darkdemon/work/motor_control/install/dynamixel_workbench_msgs/include/dynamixel_workbench_msgs/dynamixel_workbench_msgs/msg/detail/xm_ext__rosidl_typesupport_introspection_cpp.hpp
-- Installing: /home/darkdemon/work/motor_control/install/dynamixel_workbench_msgs/include/dynamixel_workbench_msgs/dynamixel_workbench_msgs/msg/detail/mx_ext__type_support.cpp
-- Installing: /home/darkdemon/work/motor_control/install/dynamixel_workbench_msgs/include/dynamixel_workbench_msgs/dynamixel_workbench_msgs/msg/detail/xm__type_support.cpp
-- Installing: /home/darkdemon/work/motor_control/install/dynamixel_workbench_msgs/include/dynamixel_workbench_msgs/dynamixel_workbench_msgs/msg/detail/ax__type_support.cpp
-- Installing: /home/darkdemon/work/motor_control/install/dynamixel_workbench_msgs/include/dynamixel_workbench_msgs/dynamixel_workbench_msgs/msg/detail/xl320__type_support.cpp
-- Installing: /home/darkdemon/work/motor_control/install/dynamixel_workbench_msgs/include/dynamixel_workbench_msgs/dynamixel_workbench_msgs/msg/detail/rx__rosidl_typesupport_introspection_cpp.hpp
-- Installing: /home/darkdemon/work/motor_control/install/dynamixel_workbench_msgs/include/dynamixel_workbench_msgs/dynamixel_workbench_msgs/msg/detail/mx2_ext__rosidl_typesupport_introspection_cpp.hpp
-- Installing: /home/darkdemon/work/motor_control/install/dynamixel_workbench_msgs/include/dynamixel_workbench_msgs/dynamixel_workbench_msgs/msg/detail/dynamixel_load_info__type_support.cpp
-- Installing: /home/darkdemon/work/motor_control/install/dynamixel_workbench_msgs/include/dynamixel_workbench_msgs/dynamixel_workbench_msgs/msg/detail/dynamixel_state_list__rosidl_typesupport_introspection_cpp.hpp
-- Installing: /home/darkdemon/work/motor_control/install/dynamixel_workbench_msgs/include/dynamixel_workbench_msgs/dynamixel_workbench_msgs/msg/detail/pro_ext__rosidl_typesupport_introspection_cpp.hpp
-- Installing: /home/darkdemon/work/motor_control/install/dynamixel_workbench_msgs/include/dynamixel_workbench_msgs/dynamixel_workbench_msgs/msg/detail/xl320__rosidl_typesupport_introspection_cpp.hpp
-- Installing: /home/darkdemon/work/motor_control/install/dynamixel_workbench_msgs/include/dynamixel_workbench_msgs/dynamixel_workbench_msgs/msg/detail/dynamixel_info__type_support.cpp
-- Installing: /home/darkdemon/work/motor_control/install/dynamixel_workbench_msgs/include/dynamixel_workbench_msgs/dynamixel_workbench_msgs/msg/detail/xm_ext__type_support.cpp
-- Installing: /home/darkdemon/work/motor_control/install/dynamixel_workbench_msgs/include/dynamixel_workbench_msgs/dynamixel_workbench_msgs/msg/detail/pro__rosidl_typesupport_introspection_cpp.hpp
-- Installing: /home/darkdemon/work/motor_control/install/dynamixel_workbench_msgs/include/dynamixel_workbench_msgs/dynamixel_workbench_msgs/msg/detail/dynamixel_state__type_support.cpp
-- Installing: /home/darkdemon/work/motor_control/install/dynamixel_workbench_msgs/include/dynamixel_workbench_msgs/dynamixel_workbench_msgs/msg/detail/mx__rosidl_typesupport_introspection_cpp.hpp
-- Installing: /home/darkdemon/work/motor_control/install/dynamixel_workbench_msgs/include/dynamixel_workbench_msgs/dynamixel_workbench_msgs/msg/detail/mx2__type_support.cpp
-- Installing: /home/darkdemon/work/motor_control/install/dynamixel_workbench_msgs/include/dynamixel_workbench_msgs/dynamixel_workbench_msgs/msg/detail/dynamixel_state__rosidl_typesupport_introspection_cpp.hpp
-- Installing: /home/darkdemon/work/motor_control/install/dynamixel_workbench_msgs/include/dynamixel_workbench_msgs/dynamixel_workbench_msgs/msg/detail/pro__type_support.cpp
-- Installing: /home/darkdemon/work/motor_control/install/dynamixel_workbench_msgs/include/dynamixel_workbench_msgs/dynamixel_workbench_msgs/msg/detail/pro_ext__type_support.cpp
-- Installing: /home/darkdemon/work/motor_control/install/dynamixel_workbench_msgs/include/dynamixel_workbench_msgs/dynamixel_workbench_msgs/msg/detail/mx2_ext__type_support.cpp
-- Installing: /home/darkdemon/work/motor_control/install/dynamixel_workbench_msgs/include/dynamixel_workbench_msgs/dynamixel_workbench_msgs/msg/detail/ax__rosidl_typesupport_introspection_cpp.hpp
-- Installing: /home/darkdemon/work/motor_control/install/dynamixel_workbench_msgs/include/dynamixel_workbench_msgs/dynamixel_workbench_msgs/msg/detail/xh__type_support.cpp
-- Installing: /home/darkdemon/work/motor_control/install/dynamixel_workbench_msgs/include/dynamixel_workbench_msgs/dynamixel_workbench_msgs/msg/detail/dynamixel_state_list__type_support.cpp
-- Installing: /home/darkdemon/work/motor_control/install/dynamixel_workbench_msgs/include/dynamixel_workbench_msgs/dynamixel_workbench_msgs/msg/detail/ex__type_support.cpp
-- Installing: /home/darkdemon/work/motor_control/install/dynamixel_workbench_msgs/include/dynamixel_workbench_msgs/dynamixel_workbench_msgs/msg/detail/dynamixel_load_info__rosidl_typesupport_introspection_cpp.hpp
-- Installing: /home/darkdemon/work/motor_control/install/dynamixel_workbench_msgs/include/dynamixel_workbench_msgs/dynamixel_workbench_msgs/msg/detail/ex__rosidl_typesupport_introspection_cpp.hpp
-- Installing: /home/darkdemon/work/motor_control/install/dynamixel_workbench_msgs/include/dynamixel_workbench_msgs/dynamixel_workbench_msgs/msg/detail/xm__rosidl_typesupport_introspection_cpp.hpp
-- Installing: /home/darkdemon/work/motor_control/install/dynamixel_workbench_msgs/include/dynamixel_workbench_msgs/dynamixel_workbench_msgs/msg/detail/mx_ext__rosidl_typesupport_introspection_cpp.hpp
-- Installing: /home/darkdemon/work/motor_control/install/dynamixel_workbench_msgs/include/dynamixel_workbench_msgs/dynamixel_workbench_msgs/msg/detail/xl__type_support.cpp
-- Up-to-date: /home/darkdemon/work/motor_control/install/dynamixel_workbench_msgs/include/dynamixel_workbench_msgs/dynamixel_workbench_msgs/srv
-- Up-to-date: /home/darkdemon/work/motor_control/install/dynamixel_workbench_msgs/include/dynamixel_workbench_msgs/dynamixel_workbench_msgs/srv/detail
-- Installing: /home/darkdemon/work/motor_control/install/dynamixel_workbench_msgs/include/dynamixel_workbench_msgs/dynamixel_workbench_msgs/srv/detail/dynamixel_command__rosidl_typesupport_introspection_cpp.hpp
-- Installing: /home/darkdemon/work/motor_control/install/dynamixel_workbench_msgs/include/dynamixel_workbench_msgs/dynamixel_workbench_msgs/srv/detail/dynamixel_command__type_support.cpp
-- Installing: /home/darkdemon/work/motor_control/install/dynamixel_workbench_msgs/include/dynamixel_workbench_msgs/dynamixel_workbench_msgs/srv/detail/get_dynamixel_info__rosidl_typesupport_introspection_cpp.hpp
-- Installing: /home/darkdemon/work/motor_control/install/dynamixel_workbench_msgs/include/dynamixel_workbench_msgs/dynamixel_workbench_msgs/srv/detail/get_dynamixel_info__type_support.cpp
-- Installing: /home/darkdemon/work/motor_control/install/dynamixel_workbench_msgs/lib/libdynamixel_workbench_msgs__rosidl_typesupport_introspection_cpp.so
-- Set runtime path of "/home/darkdemon/work/motor_control/install/dynamixel_workbench_msgs/lib/libdynamixel_workbench_msgs__rosidl_typesupport_introspection_cpp.so" to ""
-- Installing: /home/darkdemon/work/motor_control/install/dynamixel_workbench_msgs/lib/libdynamixel_workbench_msgs__rosidl_typesupport_cpp.so
-- Set runtime path of "/home/darkdemon/work/motor_control/install/dynamixel_workbench_msgs/lib/libdynamixel_workbench_msgs__rosidl_typesupport_cpp.so" to ""
-- Installing: /home/darkdemon/work/motor_control/install/dynamixel_workbench_msgs/share/dynamixel_workbench_msgs/environment/pythonpath.sh
-- Installing: /home/darkdemon/work/motor_control/install/dynamixel_workbench_msgs/share/dynamixel_workbench_msgs/environment/pythonpath.dsv
-- Installing: /home/darkdemon/work/motor_control/install/dynamixel_workbench_msgs/local/lib/python3.10/dist-packages/dynamixel_workbench_msgs-2.0.3-py3.10.egg-info
-- Installing: /home/darkdemon/work/motor_control/install/dynamixel_workbench_msgs/local/lib/python3.10/dist-packages/dynamixel_workbench_msgs-2.0.3-py3.10.egg-info/top_level.txt
-- Installing: /home/darkdemon/work/motor_control/install/dynamixel_workbench_msgs/local/lib/python3.10/dist-packages/dynamixel_workbench_msgs-2.0.3-py3.10.egg-info/PKG-INFO
-- Installing: /home/darkdemon/work/motor_control/install/dynamixel_workbench_msgs/local/lib/python3.10/dist-packages/dynamixel_workbench_msgs-2.0.3-py3.10.egg-info/dependency_links.txt
-- Installing: /home/darkdemon/work/motor_control/install/dynamixel_workbench_msgs/local/lib/python3.10/dist-packages/dynamixel_workbench_msgs-2.0.3-py3.10.egg-info/SOURCES.txt
-- Installing: /home/darkdemon/work/motor_control/install/dynamixel_workbench_msgs/local/lib/python3.10/dist-packages/dynamixel_workbench_msgs
-- Installing: /home/darkdemon/work/motor_control/install/dynamixel_workbench_msgs/local/lib/python3.10/dist-packages/dynamixel_workbench_msgs/_dynamixel_workbench_msgs_s.ep.rosidl_typesupport_fastrtps_c.c
-- Installing: /home/darkdemon/work/motor_control/install/dynamixel_workbench_msgs/local/lib/python3.10/dist-packages/dynamixel_workbench_msgs/libdynamixel_workbench_msgs__rosidl_generator_py.so
-- Installing: /home/darkdemon/work/motor_control/install/dynamixel_workbench_msgs/local/lib/python3.10/dist-packages/dynamixel_workbench_msgs/dynamixel_workbench_msgs_s__rosidl_typesupport_introspection_c.cpython-310-x86_64-linux-gnu.so
-- Installing: /home/darkdemon/work/motor_control/install/dynamixel_workbench_msgs/local/lib/python3.10/dist-packages/dynamixel_workbench_msgs/msg
-- Installing: /home/darkdemon/work/motor_control/install/dynamixel_workbench_msgs/local/lib/python3.10/dist-packages/dynamixel_workbench_msgs/msg/_dynamixel_load_info_s.c
-- Installing: /home/darkdemon/work/motor_control/install/dynamixel_workbench_msgs/local/lib/python3.10/dist-packages/dynamixel_workbench_msgs/msg/_pro.py
-- Installing: /home/darkdemon/work/motor_control/install/dynamixel_workbench_msgs/local/lib/python3.10/dist-packages/dynamixel_workbench_msgs/msg/_ax.py
-- Installing: /home/darkdemon/work/motor_control/install/dynamixel_workbench_msgs/local/lib/python3.10/dist-packages/dynamixel_workbench_msgs/msg/_mx2_ext.py
-- Installing: /home/darkdemon/work/motor_control/install/dynamixel_workbench_msgs/local/lib/python3.10/dist-packages/dynamixel_workbench_msgs/msg/_rx.py
-- Installing: /home/darkdemon/work/motor_control/install/dynamixel_workbench_msgs/local/lib/python3.10/dist-packages/dynamixel_workbench_msgs/msg/_xm_s.c
-- Installing: /home/darkdemon/work/motor_control/install/dynamixel_workbench_msgs/local/lib/python3.10/dist-packages/dynamixel_workbench_msgs/msg/_dynamixel_state_list_s.c
-- Installing: /home/darkdemon/work/motor_control/install/dynamixel_workbench_msgs/local/lib/python3.10/dist-packages/dynamixel_workbench_msgs/msg/_dynamixel_load_info.py
-- Installing: /home/darkdemon/work/motor_control/install/dynamixel_workbench_msgs/local/lib/python3.10/dist-packages/dynamixel_workbench_msgs/msg/__init__.py
-- Installing: /home/darkdemon/work/motor_control/install/dynamixel_workbench_msgs/local/lib/python3.10/dist-packages/dynamixel_workbench_msgs/msg/_xl_s.c
-- Installing: /home/darkdemon/work/motor_control/install/dynamixel_workbench_msgs/local/lib/python3.10/dist-packages/dynamixel_workbench_msgs/msg/_xm_ext.py
-- Installing: /home/darkdemon/work/motor_control/install/dynamixel_workbench_msgs/local/lib/python3.10/dist-packages/dynamixel_workbench_msgs/msg/_dynamixel_state_s.c
-- Installing: /home/darkdemon/work/motor_control/install/dynamixel_workbench_msgs/local/lib/python3.10/dist-packages/dynamixel_workbench_msgs/msg/_xm.py
-- Installing: /home/darkdemon/work/motor_control/install/dynamixel_workbench_msgs/local/lib/python3.10/dist-packages/dynamixel_workbench_msgs/msg/_mx2_ext_s.c
-- Installing: /home/darkdemon/work/motor_control/install/dynamixel_workbench_msgs/local/lib/python3.10/dist-packages/dynamixel_workbench_msgs/msg/_mx_ext_s.c
-- Installing: /home/darkdemon/work/motor_control/install/dynamixel_workbench_msgs/local/lib/python3.10/dist-packages/dynamixel_workbench_msgs/msg/_ax_s.c
-- Installing: /home/darkdemon/work/motor_control/install/dynamixel_workbench_msgs/local/lib/python3.10/dist-packages/dynamixel_workbench_msgs/msg/_ex_s.c
-- Installing: /home/darkdemon/work/motor_control/install/dynamixel_workbench_msgs/local/lib/python3.10/dist-packages/dynamixel_workbench_msgs/msg/_pro_ext_s.c
-- Installing: /home/darkdemon/work/motor_control/install/dynamixel_workbench_msgs/local/lib/python3.10/dist-packages/dynamixel_workbench_msgs/msg/_mx.py
-- Installing: /home/darkdemon/work/motor_control/install/dynamixel_workbench_msgs/local/lib/python3.10/dist-packages/dynamixel_workbench_msgs/msg/_xl.py
-- Installing: /home/darkdemon/work/motor_control/install/dynamixel_workbench_msgs/local/lib/python3.10/dist-packages/dynamixel_workbench_msgs/msg/_rx_s.c
-- Installing: /home/darkdemon/work/motor_control/install/dynamixel_workbench_msgs/local/lib/python3.10/dist-packages/dynamixel_workbench_msgs/msg/_pro_s.c
-- Installing: /home/darkdemon/work/motor_control/install/dynamixel_workbench_msgs/local/lib/python3.10/dist-packages/dynamixel_workbench_msgs/msg/_xh_s.c
-- Installing: /home/darkdemon/work/motor_control/install/dynamixel_workbench_msgs/local/lib/python3.10/dist-packages/dynamixel_workbench_msgs/msg/_xl320_s.c
-- Installing: /home/darkdemon/work/motor_control/install/dynamixel_workbench_msgs/local/lib/python3.10/dist-packages/dynamixel_workbench_msgs/msg/_xl320.py
-- Installing: /home/darkdemon/work/motor_control/install/dynamixel_workbench_msgs/local/lib/python3.10/dist-packages/dynamixel_workbench_msgs/msg/_mx2_s.c
-- Installing: /home/darkdemon/work/motor_control/install/dynamixel_workbench_msgs/local/lib/python3.10/dist-packages/dynamixel_workbench_msgs/msg/_pro_ext.py
-- Installing: /home/darkdemon/work/motor_control/install/dynamixel_workbench_msgs/local/lib/python3.10/dist-packages/dynamixel_workbench_msgs/msg/_dynamixel_state.py
-- Installing: /home/darkdemon/work/motor_control/install/dynamixel_workbench_msgs/local/lib/python3.10/dist-packages/dynamixel_workbench_msgs/msg/_ex.py
-- Installing: /home/darkdemon/work/motor_control/install/dynamixel_workbench_msgs/local/lib/python3.10/dist-packages/dynamixel_workbench_msgs/msg/_mx2.py
-- Installing: /home/darkdemon/work/motor_control/install/dynamixel_workbench_msgs/local/lib/python3.10/dist-packages/dynamixel_workbench_msgs/msg/_xm_ext_s.c
-- Installing: /home/darkdemon/work/motor_control/install/dynamixel_workbench_msgs/local/lib/python3.10/dist-packages/dynamixel_workbench_msgs/msg/_xh.py
-- Installing: /home/darkdemon/work/motor_control/install/dynamixel_workbench_msgs/local/lib/python3.10/dist-packages/dynamixel_workbench_msgs/msg/_dynamixel_info_s.c
-- Installing: /home/darkdemon/work/motor_control/install/dynamixel_workbench_msgs/local/lib/python3.10/dist-packages/dynamixel_workbench_msgs/msg/_dynamixel_info.py
-- Installing: /home/darkdemon/work/motor_control/install/dynamixel_workbench_msgs/local/lib/python3.10/dist-packages/dynamixel_workbench_msgs/msg/_mx_ext.py
-- Installing: /home/darkdemon/work/motor_control/install/dynamixel_workbench_msgs/local/lib/python3.10/dist-packages/dynamixel_workbench_msgs/msg/_dynamixel_state_list.py
-- Installing: /home/darkdemon/work/motor_control/install/dynamixel_workbench_msgs/local/lib/python3.10/dist-packages/dynamixel_workbench_msgs/msg/_mx_s.c
-- Installing: /home/darkdemon/work/motor_control/install/dynamixel_workbench_msgs/local/lib/python3.10/dist-packages/dynamixel_workbench_msgs/_dynamixel_workbench_msgs_s.ep.rosidl_typesupport_introspection_c.c
-- Installing: /home/darkdemon/work/motor_control/install/dynamixel_workbench_msgs/local/lib/python3.10/dist-packages/dynamixel_workbench_msgs/__init__.py
-- Installing: /home/darkdemon/work/motor_control/install/dynamixel_workbench_msgs/local/lib/python3.10/dist-packages/dynamixel_workbench_msgs/srv
-- Installing: /home/darkdemon/work/motor_control/install/dynamixel_workbench_msgs/local/lib/python3.10/dist-packages/dynamixel_workbench_msgs/srv/__init__.py
-- Installing: /home/darkdemon/work/motor_control/install/dynamixel_workbench_msgs/local/lib/python3.10/dist-packages/dynamixel_workbench_msgs/srv/_get_dynamixel_info.py
-- Installing: /home/darkdemon/work/motor_control/install/dynamixel_workbench_msgs/local/lib/python3.10/dist-packages/dynamixel_workbench_msgs/srv/_dynamixel_command_s.c
-- Installing: /home/darkdemon/work/motor_control/install/dynamixel_workbench_msgs/local/lib/python3.10/dist-packages/dynamixel_workbench_msgs/srv/_get_dynamixel_info_s.c
-- Installing: /home/darkdemon/work/motor_control/install/dynamixel_workbench_msgs/local/lib/python3.10/dist-packages/dynamixel_workbench_msgs/srv/_dynamixel_command.py
-- Installing: /home/darkdemon/work/motor_control/install/dynamixel_workbench_msgs/local/lib/python3.10/dist-packages/dynamixel_workbench_msgs/dynamixel_workbench_msgs_s__rosidl_typesupport_c.cpython-310-x86_64-linux-gnu.so
-- Installing: /home/darkdemon/work/motor_control/install/dynamixel_workbench_msgs/local/lib/python3.10/dist-packages/dynamixel_workbench_msgs/dynamixel_workbench_msgs_s__rosidl_typesupport_fastrtps_c.cpython-310-x86_64-linux-gnu.so
-- Installing: /home/darkdemon/work/motor_control/install/dynamixel_workbench_msgs/local/lib/python3.10/dist-packages/dynamixel_workbench_msgs/_dynamixel_workbench_msgs_s.ep.rosidl_typesupport_c.c
Listing '/home/darkdemon/work/motor_control/install/dynamixel_workbench_msgs/local/lib/python3.10/dist-packages/dynamixel_workbench_msgs'...
Compiling '/home/darkdemon/work/motor_control/install/dynamixel_workbench_msgs/local/lib/python3.10/dist-packages/dynamixel_workbench_msgs/__init__.py'...
Listing '/home/darkdemon/work/motor_control/install/dynamixel_workbench_msgs/local/lib/python3.10/dist-packages/dynamixel_workbench_msgs/msg'...
Compiling '/home/darkdemon/work/motor_control/install/dynamixel_workbench_msgs/local/lib/python3.10/dist-packages/dynamixel_workbench_msgs/msg/__init__.py'...
Compiling '/home/darkdemon/work/motor_control/install/dynamixel_workbench_msgs/local/lib/python3.10/dist-packages/dynamixel_workbench_msgs/msg/_ax.py'...
Compiling '/home/darkdemon/work/motor_control/install/dynamixel_workbench_msgs/local/lib/python3.10/dist-packages/dynamixel_workbench_msgs/msg/_dynamixel_info.py'...
Compiling '/home/darkdemon/work/motor_control/install/dynamixel_workbench_msgs/local/lib/python3.10/dist-packages/dynamixel_workbench_msgs/msg/_dynamixel_load_info.py'...
Compiling '/home/darkdemon/work/motor_control/install/dynamixel_workbench_msgs/local/lib/python3.10/dist-packages/dynamixel_workbench_msgs/msg/_dynamixel_state.py'...
Compiling '/home/darkdemon/work/motor_control/install/dynamixel_workbench_msgs/local/lib/python3.10/dist-packages/dynamixel_workbench_msgs/msg/_dynamixel_state_list.py'...
Compiling '/home/darkdemon/work/motor_control/install/dynamixel_workbench_msgs/local/lib/python3.10/dist-packages/dynamixel_workbench_msgs/msg/_ex.py'...
Compiling '/home/darkdemon/work/motor_control/install/dynamixel_workbench_msgs/local/lib/python3.10/dist-packages/dynamixel_workbench_msgs/msg/_mx.py'...
Compiling '/home/darkdemon/work/motor_control/install/dynamixel_workbench_msgs/local/lib/python3.10/dist-packages/dynamixel_workbench_msgs/msg/_mx2.py'...
Compiling '/home/darkdemon/work/motor_control/install/dynamixel_workbench_msgs/local/lib/python3.10/dist-packages/dynamixel_workbench_msgs/msg/_mx2_ext.py'...
Compiling '/home/darkdemon/work/motor_control/install/dynamixel_workbench_msgs/local/lib/python3.10/dist-packages/dynamixel_workbench_msgs/msg/_mx_ext.py'...
Compiling '/home/darkdemon/work/motor_control/install/dynamixel_workbench_msgs/local/lib/python3.10/dist-packages/dynamixel_workbench_msgs/msg/_pro.py'...
Compiling '/home/darkdemon/work/motor_control/install/dynamixel_workbench_msgs/local/lib/python3.10/dist-packages/dynamixel_workbench_msgs/msg/_pro_ext.py'...
Compiling '/home/darkdemon/work/motor_control/install/dynamixel_workbench_msgs/local/lib/python3.10/dist-packages/dynamixel_workbench_msgs/msg/_rx.py'...
Compiling '/home/darkdemon/work/motor_control/install/dynamixel_workbench_msgs/local/lib/python3.10/dist-packages/dynamixel_workbench_msgs/msg/_xh.py'...
Compiling '/home/darkdemon/work/motor_control/install/dynamixel_workbench_msgs/local/lib/python3.10/dist-packages/dynamixel_workbench_msgs/msg/_xl.py'...
Compiling '/home/darkdemon/work/motor_control/install/dynamixel_workbench_msgs/local/lib/python3.10/dist-packages/dynamixel_workbench_msgs/msg/_xl320.py'...
Compiling '/home/darkdemon/work/motor_control/install/dynamixel_workbench_msgs/local/lib/python3.10/dist-packages/dynamixel_workbench_msgs/msg/_xm.py'...
Compiling '/home/darkdemon/work/motor_control/install/dynamixel_workbench_msgs/local/lib/python3.10/dist-packages/dynamixel_workbench_msgs/msg/_xm_ext.py'...
Listing '/home/darkdemon/work/motor_control/install/dynamixel_workbench_msgs/local/lib/python3.10/dist-packages/dynamixel_workbench_msgs/srv'...
Compiling '/home/darkdemon/work/motor_control/install/dynamixel_workbench_msgs/local/lib/python3.10/dist-packages/dynamixel_workbench_msgs/srv/__init__.py'...
Compiling '/home/darkdemon/work/motor_control/install/dynamixel_workbench_msgs/local/lib/python3.10/dist-packages/dynamixel_workbench_msgs/srv/_dynamixel_command.py'...
Compiling '/home/darkdemon/work/motor_control/install/dynamixel_workbench_msgs/local/lib/python3.10/dist-packages/dynamixel_workbench_msgs/srv/_get_dynamixel_info.py'...
-- Installing: /home/darkdemon/work/motor_control/install/dynamixel_workbench_msgs/local/lib/python3.10/dist-packages/dynamixel_workbench_msgs/dynamixel_workbench_msgs_s__rosidl_typesupport_fastrtps_c.cpython-310-x86_64-linux-gnu.so
-- Set runtime path of "/home/darkdemon/work/motor_control/install/dynamixel_workbench_msgs/local/lib/python3.10/dist-packages/dynamixel_workbench_msgs/dynamixel_workbench_msgs_s__rosidl_typesupport_fastrtps_c.cpython-310-x86_64-linux-gnu.so" to ""
-- Installing: /home/darkdemon/work/motor_control/install/dynamixel_workbench_msgs/local/lib/python3.10/dist-packages/dynamixel_workbench_msgs/dynamixel_workbench_msgs_s__rosidl_typesupport_introspection_c.cpython-310-x86_64-linux-gnu.so
-- Set runtime path of "/home/darkdemon/work/motor_control/install/dynamixel_workbench_msgs/local/lib/python3.10/dist-packages/dynamixel_workbench_msgs/dynamixel_workbench_msgs_s__rosidl_typesupport_introspection_c.cpython-310-x86_64-linux-gnu.so" to ""
-- Installing: /home/darkdemon/work/motor_control/install/dynamixel_workbench_msgs/local/lib/python3.10/dist-packages/dynamixel_workbench_msgs/dynamixel_workbench_msgs_s__rosidl_typesupport_c.cpython-310-x86_64-linux-gnu.so
-- Set runtime path of "/home/darkdemon/work/motor_control/install/dynamixel_workbench_msgs/local/lib/python3.10/dist-packages/dynamixel_workbench_msgs/dynamixel_workbench_msgs_s__rosidl_typesupport_c.cpython-310-x86_64-linux-gnu.so" to ""
-- Installing: /home/darkdemon/work/motor_control/install/dynamixel_workbench_msgs/lib/libdynamixel_workbench_msgs__rosidl_generator_py.so
-- Set runtime path of "/home/darkdemon/work/motor_control/install/dynamixel_workbench_msgs/lib/libdynamixel_workbench_msgs__rosidl_generator_py.so" to ""
-- Installing: /home/darkdemon/work/motor_control/install/dynamixel_workbench_msgs/share/dynamixel_workbench_msgs/msg/AX.idl
-- Installing: /home/darkdemon/work/motor_control/install/dynamixel_workbench_msgs/share/dynamixel_workbench_msgs/msg/EX.idl
-- Installing: /home/darkdemon/work/motor_control/install/dynamixel_workbench_msgs/share/dynamixel_workbench_msgs/msg/MX.idl
-- Installing: /home/darkdemon/work/motor_control/install/dynamixel_workbench_msgs/share/dynamixel_workbench_msgs/msg/MX2.idl
-- Installing: /home/darkdemon/work/motor_control/install/dynamixel_workbench_msgs/share/dynamixel_workbench_msgs/msg/MX2Ext.idl
-- Installing: /home/darkdemon/work/motor_control/install/dynamixel_workbench_msgs/share/dynamixel_workbench_msgs/msg/MXExt.idl
-- Installing: /home/darkdemon/work/motor_control/install/dynamixel_workbench_msgs/share/dynamixel_workbench_msgs/msg/PRO.idl
-- Installing: /home/darkdemon/work/motor_control/install/dynamixel_workbench_msgs/share/dynamixel_workbench_msgs/msg/PROExt.idl
-- Installing: /home/darkdemon/work/motor_control/install/dynamixel_workbench_msgs/share/dynamixel_workbench_msgs/msg/RX.idl
-- Installing: /home/darkdemon/work/motor_control/install/dynamixel_workbench_msgs/share/dynamixel_workbench_msgs/msg/XH.idl
-- Installing: /home/darkdemon/work/motor_control/install/dynamixel_workbench_msgs/share/dynamixel_workbench_msgs/msg/XL.idl
-- Installing: /home/darkdemon/work/motor_control/install/dynamixel_workbench_msgs/share/dynamixel_workbench_msgs/msg/XL320.idl
-- Installing: /home/darkdemon/work/motor_control/install/dynamixel_workbench_msgs/share/dynamixel_workbench_msgs/msg/XM.idl
-- Installing: /home/darkdemon/work/motor_control/install/dynamixel_workbench_msgs/share/dynamixel_workbench_msgs/msg/XMExt.idl
-- Installing: /home/darkdemon/work/motor_control/install/dynamixel_workbench_msgs/share/dynamixel_workbench_msgs/msg/DynamixelState.idl
-- Installing: /home/darkdemon/work/motor_control/install/dynamixel_workbench_msgs/share/dynamixel_workbench_msgs/msg/DynamixelStateList.idl
-- Installing: /home/darkdemon/work/motor_control/install/dynamixel_workbench_msgs/share/dynamixel_workbench_msgs/msg/DynamixelInfo.idl
-- Installing: /home/darkdemon/work/motor_control/install/dynamixel_workbench_msgs/share/dynamixel_workbench_msgs/msg/DynamixelLoadInfo.idl
-- Installing: /home/darkdemon/work/motor_control/install/dynamixel_workbench_msgs/share/dynamixel_workbench_msgs/srv/GetDynamixelInfo.idl
-- Installing: /home/darkdemon/work/motor_control/install/dynamixel_workbench_msgs/share/dynamixel_workbench_msgs/srv/DynamixelCommand.idl
-- Installing: /home/darkdemon/work/motor_control/install/dynamixel_workbench_msgs/share/dynamixel_workbench_msgs/msg/AX.msg
-- Installing: /home/darkdemon/work/motor_control/install/dynamixel_workbench_msgs/share/dynamixel_workbench_msgs/msg/EX.msg
-- Installing: /home/darkdemon/work/motor_control/install/dynamixel_workbench_msgs/share/dynamixel_workbench_msgs/msg/MX.msg
-- Installing: /home/darkdemon/work/motor_control/install/dynamixel_workbench_msgs/share/dynamixel_workbench_msgs/msg/MX2.msg
-- Installing: /home/darkdemon/work/motor_control/install/dynamixel_workbench_msgs/share/dynamixel_workbench_msgs/msg/MX2Ext.msg
-- Installing: /home/darkdemon/work/motor_control/install/dynamixel_workbench_msgs/share/dynamixel_workbench_msgs/msg/MXExt.msg
-- Installing: /home/darkdemon/work/motor_control/install/dynamixel_workbench_msgs/share/dynamixel_workbench_msgs/msg/PRO.msg
-- Installing: /home/darkdemon/work/motor_control/install/dynamixel_workbench_msgs/share/dynamixel_workbench_msgs/msg/PROExt.msg
-- Installing: /home/darkdemon/work/motor_control/install/dynamixel_workbench_msgs/share/dynamixel_workbench_msgs/msg/RX.msg
-- Installing: /home/darkdemon/work/motor_control/install/dynamixel_workbench_msgs/share/dynamixel_workbench_msgs/msg/XH.msg
-- Installing: /home/darkdemon/work/motor_control/install/dynamixel_workbench_msgs/share/dynamixel_workbench_msgs/msg/XL.msg
-- Installing: /home/darkdemon/work/motor_control/install/dynamixel_workbench_msgs/share/dynamixel_workbench_msgs/msg/XL320.msg
-- Installing: /home/darkdemon/work/motor_control/install/dynamixel_workbench_msgs/share/dynamixel_workbench_msgs/msg/XM.msg
-- Installing: /home/darkdemon/work/motor_control/install/dynamixel_workbench_msgs/share/dynamixel_workbench_msgs/msg/XMExt.msg
-- Installing: /home/darkdemon/work/motor_control/install/dynamixel_workbench_msgs/share/dynamixel_workbench_msgs/msg/DynamixelState.msg
-- Installing: /home/darkdemon/work/motor_control/install/dynamixel_workbench_msgs/share/dynamixel_workbench_msgs/msg/DynamixelStateList.msg
-- Installing: /home/darkdemon/work/motor_control/install/dynamixel_workbench_msgs/share/dynamixel_workbench_msgs/msg/DynamixelInfo.msg
-- Installing: /home/darkdemon/work/motor_control/install/dynamixel_workbench_msgs/share/dynamixel_workbench_msgs/msg/DynamixelLoadInfo.msg
-- Installing: /home/darkdemon/work/motor_control/install/dynamixel_workbench_msgs/share/dynamixel_workbench_msgs/srv/GetDynamixelInfo.srv
-- Installing: /home/darkdemon/work/motor_control/install/dynamixel_workbench_msgs/share/dynamixel_workbench_msgs/srv/GetDynamixelInfo_Request.msg
-- Installing: /home/darkdemon/work/motor_control/install/dynamixel_workbench_msgs/share/dynamixel_workbench_msgs/srv/GetDynamixelInfo_Response.msg
-- Installing: /home/darkdemon/work/motor_control/install/dynamixel_workbench_msgs/share/dynamixel_workbench_msgs/srv/DynamixelCommand.srv
-- Installing: /home/darkdemon/work/motor_control/install/dynamixel_workbench_msgs/share/dynamixel_workbench_msgs/srv/DynamixelCommand_Request.msg
-- Installing: /home/darkdemon/work/motor_control/install/dynamixel_workbench_msgs/share/dynamixel_workbench_msgs/srv/DynamixelCommand_Response.msg
-- Installing: /home/darkdemon/work/motor_control/install/dynamixel_workbench_msgs/share/ament_index/resource_index/package_run_dependencies/dynamixel_workbench_msgs
-- Installing: /home/darkdemon/work/motor_control/install/dynamixel_workbench_msgs/share/ament_index/resource_index/parent_prefix_path/dynamixel_workbench_msgs
-- Installing: /home/darkdemon/work/motor_control/install/dynamixel_workbench_msgs/share/dynamixel_workbench_msgs/environment/ament_prefix_path.sh
-- Installing: /home/darkdemon/work/motor_control/install/dynamixel_workbench_msgs/share/dynamixel_workbench_msgs/environment/ament_prefix_path.dsv
-- Installing: /home/darkdemon/work/motor_control/install/dynamixel_workbench_msgs/share/dynamixel_workbench_msgs/environment/path.sh
-- Installing: /home/darkdemon/work/motor_control/install/dynamixel_workbench_msgs/share/dynamixel_workbench_msgs/environment/path.dsv
-- Installing: /home/darkdemon/work/motor_control/install/dynamixel_workbench_msgs/share/dynamixel_workbench_msgs/local_setup.bash
-- Installing: /home/darkdemon/work/motor_control/install/dynamixel_workbench_msgs/share/dynamixel_workbench_msgs/local_setup.sh
-- Installing: /home/darkdemon/work/motor_control/install/dynamixel_workbench_msgs/share/dynamixel_workbench_msgs/local_setup.zsh
-- Installing: /home/darkdemon/work/motor_control/install/dynamixel_workbench_msgs/share/dynamixel_workbench_msgs/local_setup.dsv
-- Installing: /home/darkdemon/work/motor_control/install/dynamixel_workbench_msgs/share/dynamixel_workbench_msgs/package.dsv
-- Installing: /home/darkdemon/work/motor_control/install/dynamixel_workbench_msgs/share/ament_index/resource_index/packages/dynamixel_workbench_msgs
-- Installing: /home/darkdemon/work/motor_control/install/dynamixel_workbench_msgs/share/dynamixel_workbench_msgs/cmake/export_dynamixel_workbench_msgs__rosidl_generator_cExport.cmake
-- Installing: /home/darkdemon/work/motor_control/install/dynamixel_workbench_msgs/share/dynamixel_workbench_msgs/cmake/export_dynamixel_workbench_msgs__rosidl_generator_cExport-noconfig.cmake
-- Installing: /home/darkdemon/work/motor_control/install/dynamixel_workbench_msgs/share/dynamixel_workbench_msgs/cmake/export_dynamixel_workbench_msgs__rosidl_typesupport_fastrtps_cExport.cmake
-- Installing: /home/darkdemon/work/motor_control/install/dynamixel_workbench_msgs/share/dynamixel_workbench_msgs/cmake/export_dynamixel_workbench_msgs__rosidl_typesupport_fastrtps_cExport-noconfig.cmake
-- Installing: /home/darkdemon/work/motor_control/install/dynamixel_workbench_msgs/share/dynamixel_workbench_msgs/cmake/dynamixel_workbench_msgs__rosidl_typesupport_introspection_cExport.cmake
-- Installing: /home/darkdemon/work/motor_control/install/dynamixel_workbench_msgs/share/dynamixel_workbench_msgs/cmake/dynamixel_workbench_msgs__rosidl_typesupport_introspection_cExport-noconfig.cmake
-- Installing: /home/darkdemon/work/motor_control/install/dynamixel_workbench_msgs/share/dynamixel_workbench_msgs/cmake/dynamixel_workbench_msgs__rosidl_typesupport_cExport.cmake
-- Installing: /home/darkdemon/work/motor_control/install/dynamixel_workbench_msgs/share/dynamixel_workbench_msgs/cmake/dynamixel_workbench_msgs__rosidl_typesupport_cExport-noconfig.cmake
-- Installing: /home/darkdemon/work/motor_control/install/dynamixel_workbench_msgs/share/dynamixel_workbench_msgs/cmake/export_dynamixel_workbench_msgs__rosidl_generator_cppExport.cmake
-- Installing: /home/darkdemon/work/motor_control/install/dynamixel_workbench_msgs/share/dynamixel_workbench_msgs/cmake/export_dynamixel_workbench_msgs__rosidl_typesupport_fastrtps_cppExport.cmake
-- Installing: /home/darkdemon/work/motor_control/install/dynamixel_workbench_msgs/share/dynamixel_workbench_msgs/cmake/export_dynamixel_workbench_msgs__rosidl_typesupport_fastrtps_cppExport-noconfig.cmake
-- Installing: /home/darkdemon/work/motor_control/install/dynamixel_workbench_msgs/share/dynamixel_workbench_msgs/cmake/dynamixel_workbench_msgs__rosidl_typesupport_introspection_cppExport.cmake
-- Installing: /home/darkdemon/work/motor_control/install/dynamixel_workbench_msgs/share/dynamixel_workbench_msgs/cmake/dynamixel_workbench_msgs__rosidl_typesupport_introspection_cppExport-noconfig.cmake
-- Installing: /home/darkdemon/work/motor_control/install/dynamixel_workbench_msgs/share/dynamixel_workbench_msgs/cmake/dynamixel_workbench_msgs__rosidl_typesupport_cppExport.cmake
-- Installing: /home/darkdemon/work/motor_control/install/dynamixel_workbench_msgs/share/dynamixel_workbench_msgs/cmake/dynamixel_workbench_msgs__rosidl_typesupport_cppExport-noconfig.cmake
-- Installing: /home/darkdemon/work/motor_control/install/dynamixel_workbench_msgs/share/dynamixel_workbench_msgs/cmake/export_dynamixel_workbench_msgs__rosidl_generator_pyExport.cmake
-- Installing: /home/darkdemon/work/motor_control/install/dynamixel_workbench_msgs/share/dynamixel_workbench_msgs/cmake/export_dynamixel_workbench_msgs__rosidl_generator_pyExport-noconfig.cmake
-- Installing: /home/darkdemon/work/motor_control/install/dynamixel_workbench_msgs/share/dynamixel_workbench_msgs/cmake/rosidl_cmake-extras.cmake
-- Installing: /home/darkdemon/work/motor_control/install/dynamixel_workbench_msgs/share/dynamixel_workbench_msgs/cmake/ament_cmake_export_dependencies-extras.cmake
-- Installing: /home/darkdemon/work/motor_control/install/dynamixel_workbench_msgs/share/dynamixel_workbench_msgs/cmake/ament_cmake_export_include_directories-extras.cmake
-- Installing: /home/darkdemon/work/motor_control/install/dynamixel_workbench_msgs/share/dynamixel_workbench_msgs/cmake/ament_cmake_export_libraries-extras.cmake
-- Installing: /home/darkdemon/work/motor_control/install/dynamixel_workbench_msgs/share/dynamixel_workbench_msgs/cmake/ament_cmake_export_targets-extras.cmake
-- Installing: /home/darkdemon/work/motor_control/install/dynamixel_workbench_msgs/share/dynamixel_workbench_msgs/cmake/rosidl_cmake_export_typesupport_targets-extras.cmake
-- Installing: /home/darkdemon/work/motor_control/install/dynamixel_workbench_msgs/share/dynamixel_workbench_msgs/cmake/rosidl_cmake_export_typesupport_libraries-extras.cmake
-- Installing: /home/darkdemon/work/motor_control/install/dynamixel_workbench_msgs/share/dynamixel_workbench_msgs/cmake/dynamixel_workbench_msgsConfig.cmake
-- Installing: /home/darkdemon/work/motor_control/install/dynamixel_workbench_msgs/share/dynamixel_workbench_msgs/cmake/dynamixel_workbench_msgsConfig-version.cmake
-- Installing: /home/darkdemon/work/motor_control/install/dynamixel_workbench_msgs/share/dynamixel_workbench_msgs/package.xml
