[0.023s] Invoking command in '/home/darkdemon/work/motor_control/build/dynamixel_workbench_msgs': CMAKE_PREFIX_PATH=/opt/ros/humble /usr/bin/cmake --build /home/darkdemon/work/motor_control/build/dynamixel_workbench_msgs -- -j20 -l20
[0.315s] [  0%] Built target dynamixel_workbench_msgs__cpp
[0.315s] [ 12%] Built target dynamixel_workbench_msgs__rosidl_generator_c
[0.315s] [ 12%] Built target ament_cmake_python_symlink_dynamixel_workbench_msgs
[0.315s] [ 25%] Built target dynamixel_workbench_msgs__rosidl_typesupport_introspection_cpp
[0.315s] [ 37%] Built target dynamixel_workbench_msgs__rosidl_typesupport_fastrtps_cpp
[0.315s] [ 49%] Built target dynamixel_workbench_msgs__rosidl_typesupport_introspection_c
[0.315s] [ 61%] Built target dynamixel_workbench_msgs__rosidl_typesupport_cpp
[0.315s] [ 73%] Built target dynamixel_workbench_msgs__rosidl_typesupport_c
[0.315s] [ 85%] Built target dynamixel_workbench_msgs__rosidl_typesupport_fastrtps_c
[0.315s] [ 85%] Built target dynamixel_workbench_msgs
[0.315s] [ 86%] Built target dynamixel_workbench_msgs__py
[0.315s] [ 97%] Built target dynamixel_workbench_msgs__rosidl_generator_py
[0.316s] [100%] Built target dynamixel_workbench_msgs__rosidl_typesupport_introspection_c__pyext
[0.316s] [100%] Built target dynamixel_workbench_msgs__rosidl_typesupport_c__pyext
[0.316s] [100%] Built target dynamixel_workbench_msgs__rosidl_typesupport_fastrtps_c__pyext
[0.432s] running egg_info
[0.433s] writing dynamixel_workbench_msgs.egg-info/PKG-INFO
[0.433s] writing dependency_links to dynamixel_workbench_msgs.egg-info/dependency_links.txt
[0.434s] writing top-level names to dynamixel_workbench_msgs.egg-info/top_level.txt
[0.438s] reading manifest file 'dynamixel_workbench_msgs.egg-info/SOURCES.txt'
[0.440s] writing manifest file 'dynamixel_workbench_msgs.egg-info/SOURCES.txt'
[0.474s] [100%] Built target ament_cmake_python_build_dynamixel_workbench_msgs_egg
