[0.205s] Invoking command in '/home/darkdemon/work/motor_control/build/small_arm_moveit_cpp': CMAKE_PREFIX_PATH=${CMAKE_PREFIX_PATH}:/home/darkdemon/work/motor_control/install/python_moveit2:/opt/ros/humble /usr/bin/cmake --build /home/darkdemon/work/motor_control/build/small_arm_moveit_cpp -- -j20 -l20
[0.254s] [35m[1mConsolidate compiler generated dependencies of target pose_goal[0m
[0.268s] [ 15%] Built target ee_pose_in_base
[0.268s] [ 20%] Built target gripper_open
[0.271s] [ 30%] Built target joint_goal
[0.272s] [ 40%] Built target pliz_move
[0.272s] [ 50%] Built target cartesian_path
[0.272s] [ 60%] Built target named_goal
[0.273s] [ 70%] Built target gripper_joint_value
[0.274s] [ 80%] Built target eye_hand_pose
[0.274s] [ 85%] [32mBuilding CXX object CMakeFiles/pose_goal.dir/src/pose_goal.cpp.o[0m
[0.282s] [ 95%] Built target tool_move
[3.751s] [01m[K/home/darkdemon/work/motor_control/src/tb4_arm_ros2/small_arm_moveit_cpp/src/pose_goal.cpp:[m[K In function ‘[01m[Kint main(int, char**)[m[K’:
[3.751s] [01m[K/home/darkdemon/work/motor_control/src/tb4_arm_ros2/small_arm_moveit_cpp/src/pose_goal.cpp:25:3:[m[K [01;31m[Kerror: [m[K‘[01m[Kx[m[K’ was not declared in this scope
[3.751s]    25 |   [01;31m[Kx[m[K=-0.065, y=0.195, z=0.242
[3.751s]       |   [01;31m[K^[m[K
[3.755s] [01m[K/home/darkdemon/work/motor_control/src/tb4_arm_ros2/small_arm_moveit_cpp/src/pose_goal.cpp:25:13:[m[K [01;31m[Kerror: [m[K‘[01m[Ky[m[K’ was not declared in this scope; did you mean ‘[01m[Kyn[m[K’?
[3.755s]    25 |   x=-0.065, [01;31m[Ky[m[K=0.195, z=0.242
[3.755s]       |             [01;31m[K^[m[K
[3.755s]       |             [32m[Kyn[m[K
[3.758s] [01m[K/home/darkdemon/work/motor_control/src/tb4_arm_ros2/small_arm_moveit_cpp/src/pose_goal.cpp:25:22:[m[K [01;31m[Kerror: [m[K‘[01m[Kz[m[K’ was not declared in this scope
[3.758s]    25 |   x=-0.065, y=0.195, [01;31m[Kz[m[K=0.242
[3.758s]       |                      [01;31m[K^[m[K
[5.669s] gmake[2]: *** [CMakeFiles/pose_goal.dir/build.make:76: CMakeFiles/pose_goal.dir/src/pose_goal.cpp.o] Error 1
[5.669s] gmake[1]: *** [CMakeFiles/Makefile2:155: CMakeFiles/pose_goal.dir/all] Error 2
[5.669s] gmake: *** [Makefile:146: all] Error 2
[5.671s] Invoked command in '/home/darkdemon/work/motor_control/build/small_arm_moveit_cpp' returned '2': CMAKE_PREFIX_PATH=${CMAKE_PREFIX_PATH}:/home/darkdemon/work/motor_control/install/python_moveit2:/opt/ros/humble /usr/bin/cmake --build /home/darkdemon/work/motor_control/build/small_arm_moveit_cpp -- -j20 -l20
