[1.529s] Invoking command in '/home/darkdemon/work/motor_control/src/tb4_arm_ros2/python_moveit2': PYTHONPATH=/home/darkdemon/work/motor_control/build/python_moveit2/prefix_override:/usr/lib/python3/dist-packages/colcon_core/task/python/colcon_distutils_commands:/home/darkdemon/work/motor_control/install/python_moveit2/lib/python3.10/site-packages:${PYTHONPATH} /usr/bin/python3 -W ignore:setup.py install is deprecated -W ignore:easy_install command is deprecated setup.py egg_info --egg-base ../../../build/python_moveit2 build --build-base /home/darkdemon/work/motor_control/build/python_moveit2/build install --record /home/darkdemon/work/motor_control/build/python_moveit2/install.log --single-version-externally-managed install_data
[1.775s] running egg_info
[1.775s] writing ../../../build/python_moveit2/python_moveit2.egg-info/PKG-INFO
[1.775s] writing dependency_links to ../../../build/python_moveit2/python_moveit2.egg-info/dependency_links.txt
[1.776s] writing entry points to ../../../build/python_moveit2/python_moveit2.egg-info/entry_points.txt
[1.776s] writing requirements to ../../../build/python_moveit2/python_moveit2.egg-info/requires.txt
[1.776s] writing top-level names to ../../../build/python_moveit2/python_moveit2.egg-info/top_level.txt
[1.777s] reading manifest file '../../../build/python_moveit2/python_moveit2.egg-info/SOURCES.txt'
[1.777s] writing manifest file '../../../build/python_moveit2/python_moveit2.egg-info/SOURCES.txt'
[1.778s] running build
[1.778s] running build_py
[1.778s] running install
[1.778s] running install_lib
[1.779s] running install_data
[1.779s] running install_egg_info
[1.781s] removing '/home/darkdemon/work/motor_control/install/python_moveit2/lib/python3.10/site-packages/python_moveit2-0.0.0-py3.10.egg-info' (and everything under it)
[1.781s] Copying ../../../build/python_moveit2/python_moveit2.egg-info to /home/darkdemon/work/motor_control/install/python_moveit2/lib/python3.10/site-packages/python_moveit2-0.0.0-py3.10.egg-info
[1.782s] running install_scripts
[1.806s] Installing arm_test script to /home/darkdemon/work/motor_control/install/python_moveit2/lib/python_moveit2
[1.806s] Installing main_control script to /home/darkdemon/work/motor_control/install/python_moveit2/lib/python_moveit2
[1.807s] writing list of installed files to '/home/darkdemon/work/motor_control/build/python_moveit2/install.log'
[1.826s] Invoked command in '/home/darkdemon/work/motor_control/src/tb4_arm_ros2/python_moveit2' returned '0': PYTHONPATH=/home/darkdemon/work/motor_control/build/python_moveit2/prefix_override:/usr/lib/python3/dist-packages/colcon_core/task/python/colcon_distutils_commands:/home/darkdemon/work/motor_control/install/python_moveit2/lib/python3.10/site-packages:${PYTHONPATH} /usr/bin/python3 -W ignore:setup.py install is deprecated -W ignore:easy_install command is deprecated setup.py egg_info --egg-base ../../../build/python_moveit2 build --build-base /home/darkdemon/work/motor_control/build/python_moveit2/build install --record /home/darkdemon/work/motor_control/build/python_moveit2/install.log --single-version-externally-managed install_data
