running egg_info
creating ../../../build/python_moveit2/python_moveit2.egg-info
writing ../../../build/python_moveit2/python_moveit2.egg-info/PKG-INFO
writing dependency_links to ../../../build/python_moveit2/python_moveit2.egg-info/dependency_links.txt
writing entry points to ../../../build/python_moveit2/python_moveit2.egg-info/entry_points.txt
writing requirements to ../../../build/python_moveit2/python_moveit2.egg-info/requires.txt
writing top-level names to ../../../build/python_moveit2/python_moveit2.egg-info/top_level.txt
writing manifest file '../../../build/python_moveit2/python_moveit2.egg-info/SOURCES.txt'
reading manifest file '../../../build/python_moveit2/python_moveit2.egg-info/SOURCES.txt'
writing manifest file '../../../build/python_moveit2/python_moveit2.egg-info/SOURCES.txt'
running build
running build_py
creating /home/darkdemon/work/motor_control/build/python_moveit2/build
creating /home/darkdemon/work/motor_control/build/python_moveit2/build/lib
creating /home/darkdemon/work/motor_control/build/python_moveit2/build/lib/python_moveit2
copying python_moveit2/__init__.py -> /home/darkdemon/work/motor_control/build/python_moveit2/build/lib/python_moveit2
copying python_moveit2/main_control.py -> /home/darkdemon/work/motor_control/build/python_moveit2/build/lib/python_moveit2
copying python_moveit2/arm_test.py -> /home/darkdemon/work/motor_control/build/python_moveit2/build/lib/python_moveit2
running install
running install_lib
creating /home/darkdemon/work/motor_control/install/python_moveit2/lib/python3.10/site-packages/python_moveit2
copying /home/darkdemon/work/motor_control/build/python_moveit2/build/lib/python_moveit2/__init__.py -> /home/darkdemon/work/motor_control/install/python_moveit2/lib/python3.10/site-packages/python_moveit2
copying /home/darkdemon/work/motor_control/build/python_moveit2/build/lib/python_moveit2/main_control.py -> /home/darkdemon/work/motor_control/install/python_moveit2/lib/python3.10/site-packages/python_moveit2
copying /home/darkdemon/work/motor_control/build/python_moveit2/build/lib/python_moveit2/arm_test.py -> /home/darkdemon/work/motor_control/install/python_moveit2/lib/python3.10/site-packages/python_moveit2
byte-compiling /home/darkdemon/work/motor_control/install/python_moveit2/lib/python3.10/site-packages/python_moveit2/__init__.py to __init__.cpython-310.pyc
byte-compiling /home/darkdemon/work/motor_control/install/python_moveit2/lib/python3.10/site-packages/python_moveit2/main_control.py to main_control.cpython-310.pyc
byte-compiling /home/darkdemon/work/motor_control/install/python_moveit2/lib/python3.10/site-packages/python_moveit2/arm_test.py to arm_test.cpython-310.pyc
running install_data
creating /home/darkdemon/work/motor_control/install/python_moveit2/share/ament_index
creating /home/darkdemon/work/motor_control/install/python_moveit2/share/ament_index/resource_index
creating /home/darkdemon/work/motor_control/install/python_moveit2/share/ament_index/resource_index/packages
error: can't copy 'resource/python_moveit2': doesn't exist or not a regular file
