[0.439s] Invoking command in '/home/darkdemon/work/motor_control/build/python_moveit_interface': /usr/bin/cmake --build /home/darkdemon/work/motor_control/build/python_moveit_interface -- -j20 -l20
[0.827s] [  1%] Built target python_moveit_interface__cpp
[0.827s] [  1%] Built target ament_cmake_python_copy_python_moveit_interface
[0.827s] [ 12%] Built target python_moveit_interface__rosidl_typesupport_introspection_cpp
[0.962s] running egg_info
[0.962s] writing python_moveit_interface.egg-info/PKG-INFO
[0.963s] writing dependency_links to python_moveit_interface.egg-info/dependency_links.txt
[0.963s] writing top-level names to python_moveit_interface.egg-info/top_level.txt
[0.965s] reading manifest file 'python_moveit_interface.egg-info/SOURCES.txt'
[0.966s] writing manifest file 'python_moveit_interface.egg-info/SOURCES.txt'
[1.005s] [ 12%] Built target ament_cmake_python_build_python_moveit_interface_egg
[1.057s] [ 23%] Built target python_moveit_interface__rosidl_typesupport_fastrtps_cpp
[1.106s] [ 34%] Built target python_moveit_interface__rosidl_typesupport_cpp
[1.146s] [ 45%] Built target python_moveit_interface__rosidl_generator_c
[1.205s] [ 56%] Built target python_moveit_interface__rosidl_typesupport_fastrtps_c
[1.246s] [ 67%] Built target python_moveit_interface__rosidl_typesupport_c
[1.275s] [ 78%] Built target python_moveit_interface__rosidl_typesupport_introspection_c
[1.307s] [ 78%] Built target python_moveit_interface
[1.368s] [ 80%] Built target python_moveit_interface__py
[1.423s] [ 89%] Built target python_moveit_interface__rosidl_generator_py
[1.461s] [ 92%] Built target python_moveit_interface__rosidl_typesupport_fastrtps_c__pyext
[1.502s] [ 96%] Built target python_moveit_interface__rosidl_typesupport_c__pyext
[1.555s] [100%] Built target python_moveit_interface__rosidl_typesupport_introspection_c__pyext
[1.566s] Invoked command in '/home/darkdemon/work/motor_control/build/python_moveit_interface' returned '0': /usr/bin/cmake --build /home/darkdemon/work/motor_control/build/python_moveit_interface -- -j20 -l20
[1.567s] Invoking command in '/home/darkdemon/work/motor_control/build/python_moveit_interface': /usr/bin/cmake --install /home/darkdemon/work/motor_control/build/python_moveit_interface
[1.593s] -- Install configuration: ""
[1.599s] -- Up-to-date: /home/darkdemon/work/motor_control/install/python_moveit_interface/share/ament_index/resource_index/rosidl_interfaces/python_moveit_interface
[1.599s] -- Up-to-date: /home/darkdemon/work/motor_control/install/python_moveit_interface/include/python_moveit_interface/python_moveit_interface
[1.599s] -- Up-to-date: /home/darkdemon/work/motor_control/install/python_moveit_interface/include/python_moveit_interface/python_moveit_interface/msg
[1.599s] -- Up-to-date: /home/darkdemon/work/motor_control/install/python_moveit_interface/include/python_moveit_interface/python_moveit_interface/msg/rosidl_generator_c__visibility_control.h
[1.599s] -- Up-to-date: /home/darkdemon/work/motor_control/install/python_moveit_interface/include/python_moveit_interface/python_moveit_interface/srv
[1.599s] -- Up-to-date: /home/darkdemon/work/motor_control/install/python_moveit_interface/include/python_moveit_interface/python_moveit_interface/srv/detail
[1.599s] -- Up-to-date: /home/darkdemon/work/motor_control/install/python_moveit_interface/include/python_moveit_interface/python_moveit_interface/srv/detail/gripper_control__functions.h
[1.599s] -- Up-to-date: /home/darkdemon/work/motor_control/install/python_moveit_interface/include/python_moveit_interface/python_moveit_interface/srv/detail/detect_pose__functions.h
[1.600s] -- Up-to-date: /home/darkdemon/work/motor_control/install/python_moveit_interface/include/python_moveit_interface/python_moveit_interface/srv/detail/detect_pose__functions.c
[1.600s] -- Up-to-date: /home/darkdemon/work/motor_control/install/python_moveit_interface/include/python_moveit_interface/python_moveit_interface/srv/detail/arm_control__type_support.h
[1.600s] -- Up-to-date: /home/darkdemon/work/motor_control/install/python_moveit_interface/include/python_moveit_interface/python_moveit_interface/srv/detail/gripper_control__struct.h
[1.600s] -- Up-to-date: /home/darkdemon/work/motor_control/install/python_moveit_interface/include/python_moveit_interface/python_moveit_interface/srv/detail/gripper_control__functions.c
[1.600s] -- Up-to-date: /home/darkdemon/work/motor_control/install/python_moveit_interface/include/python_moveit_interface/python_moveit_interface/srv/detail/arm_control__struct.h
[1.600s] -- Up-to-date: /home/darkdemon/work/motor_control/install/python_moveit_interface/include/python_moveit_interface/python_moveit_interface/srv/detail/pose_request__struct.h
[1.600s] -- Up-to-date: /home/darkdemon/work/motor_control/install/python_moveit_interface/include/python_moveit_interface/python_moveit_interface/srv/detail/pose_request__functions.h
[1.600s] -- Up-to-date: /home/darkdemon/work/motor_control/install/python_moveit_interface/include/python_moveit_interface/python_moveit_interface/srv/detail/gripper_control__type_support.h
[1.600s] -- Up-to-date: /home/darkdemon/work/motor_control/install/python_moveit_interface/include/python_moveit_interface/python_moveit_interface/srv/detail/arm_control__functions.h
[1.600s] -- Up-to-date: /home/darkdemon/work/motor_control/install/python_moveit_interface/include/python_moveit_interface/python_moveit_interface/srv/detail/pose_request__functions.c
[1.600s] -- Up-to-date: /home/darkdemon/work/motor_control/install/python_moveit_interface/include/python_moveit_interface/python_moveit_interface/srv/detail/detect_pose__type_support.h
[1.600s] -- Up-to-date: /home/darkdemon/work/motor_control/install/python_moveit_interface/include/python_moveit_interface/python_moveit_interface/srv/detail/arm_control__functions.c
[1.600s] -- Up-to-date: /home/darkdemon/work/motor_control/install/python_moveit_interface/include/python_moveit_interface/python_moveit_interface/srv/detail/pose_request__type_support.h
[1.600s] -- Up-to-date: /home/darkdemon/work/motor_control/install/python_moveit_interface/include/python_moveit_interface/python_moveit_interface/srv/detail/detect_pose__struct.h
[1.600s] -- Up-to-date: /home/darkdemon/work/motor_control/install/python_moveit_interface/include/python_moveit_interface/python_moveit_interface/srv/arm_control.h
[1.600s] -- Up-to-date: /home/darkdemon/work/motor_control/install/python_moveit_interface/include/python_moveit_interface/python_moveit_interface/srv/gripper_control.h
[1.600s] -- Up-to-date: /home/darkdemon/work/motor_control/install/python_moveit_interface/include/python_moveit_interface/python_moveit_interface/srv/pose_request.h
[1.600s] -- Up-to-date: /home/darkdemon/work/motor_control/install/python_moveit_interface/include/python_moveit_interface/python_moveit_interface/srv/detect_pose.h
[1.600s] -- Up-to-date: /home/darkdemon/work/motor_control/install/python_moveit_interface/share/python_moveit_interface/environment/library_path.sh
[1.600s] -- Up-to-date: /home/darkdemon/work/motor_control/install/python_moveit_interface/share/python_moveit_interface/environment/library_path.dsv
[1.600s] -- Up-to-date: /home/darkdemon/work/motor_control/install/python_moveit_interface/lib/libpython_moveit_interface__rosidl_generator_c.so
[1.600s] -- Up-to-date: /home/darkdemon/work/motor_control/install/python_moveit_interface/include/python_moveit_interface/python_moveit_interface
[1.601s] -- Up-to-date: /home/darkdemon/work/motor_control/install/python_moveit_interface/include/python_moveit_interface/python_moveit_interface/msg
[1.601s] -- Up-to-date: /home/darkdemon/work/motor_control/install/python_moveit_interface/include/python_moveit_interface/python_moveit_interface/msg/rosidl_typesupport_fastrtps_c__visibility_control.h
[1.601s] -- Up-to-date: /home/darkdemon/work/motor_control/install/python_moveit_interface/include/python_moveit_interface/python_moveit_interface/srv
[1.601s] -- Up-to-date: /home/darkdemon/work/motor_control/install/python_moveit_interface/include/python_moveit_interface/python_moveit_interface/srv/detail
[1.601s] -- Up-to-date: /home/darkdemon/work/motor_control/install/python_moveit_interface/include/python_moveit_interface/python_moveit_interface/srv/detail/gripper_control__rosidl_typesupport_fastrtps_c.h
[1.601s] -- Up-to-date: /home/darkdemon/work/motor_control/install/python_moveit_interface/include/python_moveit_interface/python_moveit_interface/srv/detail/arm_control__rosidl_typesupport_fastrtps_c.h
[1.601s] -- Up-to-date: /home/darkdemon/work/motor_control/install/python_moveit_interface/include/python_moveit_interface/python_moveit_interface/srv/detail/pose_request__rosidl_typesupport_fastrtps_c.h
[1.601s] -- Up-to-date: /home/darkdemon/work/motor_control/install/python_moveit_interface/include/python_moveit_interface/python_moveit_interface/srv/detail/detect_pose__rosidl_typesupport_fastrtps_c.h
[1.601s] -- Up-to-date: /home/darkdemon/work/motor_control/install/python_moveit_interface/lib/libpython_moveit_interface__rosidl_typesupport_fastrtps_c.so
[1.601s] -- Up-to-date: /home/darkdemon/work/motor_control/install/python_moveit_interface/include/python_moveit_interface/python_moveit_interface
[1.601s] -- Up-to-date: /home/darkdemon/work/motor_control/install/python_moveit_interface/include/python_moveit_interface/python_moveit_interface/msg
[1.601s] -- Up-to-date: /home/darkdemon/work/motor_control/install/python_moveit_interface/include/python_moveit_interface/python_moveit_interface/msg/rosidl_typesupport_introspection_c__visibility_control.h
[1.601s] -- Up-to-date: /home/darkdemon/work/motor_control/install/python_moveit_interface/include/python_moveit_interface/python_moveit_interface/srv
[1.601s] -- Up-to-date: /home/darkdemon/work/motor_control/install/python_moveit_interface/include/python_moveit_interface/python_moveit_interface/srv/detail
[1.601s] -- Up-to-date: /home/darkdemon/work/motor_control/install/python_moveit_interface/include/python_moveit_interface/python_moveit_interface/srv/detail/gripper_control__type_support.c
[1.601s] -- Up-to-date: /home/darkdemon/work/motor_control/install/python_moveit_interface/include/python_moveit_interface/python_moveit_interface/srv/detail/arm_control__rosidl_typesupport_introspection_c.h
[1.601s] -- Up-to-date: /home/darkdemon/work/motor_control/install/python_moveit_interface/include/python_moveit_interface/python_moveit_interface/srv/detail/detect_pose__type_support.c
[1.601s] -- Up-to-date: /home/darkdemon/work/motor_control/install/python_moveit_interface/include/python_moveit_interface/python_moveit_interface/srv/detail/detect_pose__rosidl_typesupport_introspection_c.h
[1.601s] -- Up-to-date: /home/darkdemon/work/motor_control/install/python_moveit_interface/include/python_moveit_interface/python_moveit_interface/srv/detail/pose_request__type_support.c
[1.601s] -- Up-to-date: /home/darkdemon/work/motor_control/install/python_moveit_interface/include/python_moveit_interface/python_moveit_interface/srv/detail/gripper_control__rosidl_typesupport_introspection_c.h
[1.601s] -- Up-to-date: /home/darkdemon/work/motor_control/install/python_moveit_interface/include/python_moveit_interface/python_moveit_interface/srv/detail/pose_request__rosidl_typesupport_introspection_c.h
[1.601s] -- Up-to-date: /home/darkdemon/work/motor_control/install/python_moveit_interface/include/python_moveit_interface/python_moveit_interface/srv/detail/arm_control__type_support.c
[1.601s] -- Up-to-date: /home/darkdemon/work/motor_control/install/python_moveit_interface/lib/libpython_moveit_interface__rosidl_typesupport_introspection_c.so
[1.602s] -- Up-to-date: /home/darkdemon/work/motor_control/install/python_moveit_interface/lib/libpython_moveit_interface__rosidl_typesupport_c.so
[1.602s] -- Up-to-date: /home/darkdemon/work/motor_control/install/python_moveit_interface/include/python_moveit_interface/python_moveit_interface
[1.602s] -- Up-to-date: /home/darkdemon/work/motor_control/install/python_moveit_interface/include/python_moveit_interface/python_moveit_interface/msg
[1.603s] -- Up-to-date: /home/darkdemon/work/motor_control/install/python_moveit_interface/include/python_moveit_interface/python_moveit_interface/msg/rosidl_generator_cpp__visibility_control.hpp
[1.603s] -- Up-to-date: /home/darkdemon/work/motor_control/install/python_moveit_interface/include/python_moveit_interface/python_moveit_interface/srv
[1.603s] -- Up-to-date: /home/darkdemon/work/motor_control/install/python_moveit_interface/include/python_moveit_interface/python_moveit_interface/srv/detail
[1.603s] -- Up-to-date: /home/darkdemon/work/motor_control/install/python_moveit_interface/include/python_moveit_interface/python_moveit_interface/srv/detail/arm_control__type_support.hpp
[1.604s] -- Up-to-date: /home/darkdemon/work/motor_control/install/python_moveit_interface/include/python_moveit_interface/python_moveit_interface/srv/detail/arm_control__traits.hpp
[1.604s] -- Up-to-date: /home/darkdemon/work/motor_control/install/python_moveit_interface/include/python_moveit_interface/python_moveit_interface/srv/detail/detect_pose__type_support.hpp
[1.604s] -- Up-to-date: /home/darkdemon/work/motor_control/install/python_moveit_interface/include/python_moveit_interface/python_moveit_interface/srv/detail/gripper_control__type_support.hpp
[1.604s] -- Up-to-date: /home/darkdemon/work/motor_control/install/python_moveit_interface/include/python_moveit_interface/python_moveit_interface/srv/detail/detect_pose__builder.hpp
[1.604s] -- Up-to-date: /home/darkdemon/work/motor_control/install/python_moveit_interface/include/python_moveit_interface/python_moveit_interface/srv/detail/detect_pose__struct.hpp
[1.605s] -- Up-to-date: /home/darkdemon/work/motor_control/install/python_moveit_interface/include/python_moveit_interface/python_moveit_interface/srv/detail/gripper_control__struct.hpp
[1.605s] -- Up-to-date: /home/darkdemon/work/motor_control/install/python_moveit_interface/include/python_moveit_interface/python_moveit_interface/srv/detail/gripper_control__builder.hpp
[1.605s] -- Up-to-date: /home/darkdemon/work/motor_control/install/python_moveit_interface/include/python_moveit_interface/python_moveit_interface/srv/detail/arm_control__builder.hpp
[1.605s] -- Up-to-date: /home/darkdemon/work/motor_control/install/python_moveit_interface/include/python_moveit_interface/python_moveit_interface/srv/detail/pose_request__type_support.hpp
[1.605s] -- Up-to-date: /home/darkdemon/work/motor_control/install/python_moveit_interface/include/python_moveit_interface/python_moveit_interface/srv/detail/gripper_control__traits.hpp
[1.605s] -- Up-to-date: /home/darkdemon/work/motor_control/install/python_moveit_interface/include/python_moveit_interface/python_moveit_interface/srv/detail/arm_control__struct.hpp
[1.605s] -- Up-to-date: /home/darkdemon/work/motor_control/install/python_moveit_interface/include/python_moveit_interface/python_moveit_interface/srv/detail/pose_request__struct.hpp
[1.605s] -- Up-to-date: /home/darkdemon/work/motor_control/install/python_moveit_interface/include/python_moveit_interface/python_moveit_interface/srv/detail/detect_pose__traits.hpp
[1.606s] -- Up-to-date: /home/darkdemon/work/motor_control/install/python_moveit_interface/include/python_moveit_interface/python_moveit_interface/srv/detail/pose_request__traits.hpp
[1.606s] -- Up-to-date: /home/darkdemon/work/motor_control/install/python_moveit_interface/include/python_moveit_interface/python_moveit_interface/srv/detail/pose_request__builder.hpp
[1.606s] -- Up-to-date: /home/darkdemon/work/motor_control/install/python_moveit_interface/include/python_moveit_interface/python_moveit_interface/srv/arm_control.hpp
[1.606s] -- Up-to-date: /home/darkdemon/work/motor_control/install/python_moveit_interface/include/python_moveit_interface/python_moveit_interface/srv/gripper_control.hpp
[1.606s] -- Up-to-date: /home/darkdemon/work/motor_control/install/python_moveit_interface/include/python_moveit_interface/python_moveit_interface/srv/pose_request.hpp
[1.606s] -- Up-to-date: /home/darkdemon/work/motor_control/install/python_moveit_interface/include/python_moveit_interface/python_moveit_interface/srv/detect_pose.hpp
[1.606s] -- Up-to-date: /home/darkdemon/work/motor_control/install/python_moveit_interface/include/python_moveit_interface/python_moveit_interface
[1.606s] -- Up-to-date: /home/darkdemon/work/motor_control/install/python_moveit_interface/include/python_moveit_interface/python_moveit_interface/msg
[1.606s] -- Up-to-date: /home/darkdemon/work/motor_control/install/python_moveit_interface/include/python_moveit_interface/python_moveit_interface/msg/rosidl_typesupport_fastrtps_cpp__visibility_control.h
[1.606s] -- Up-to-date: /home/darkdemon/work/motor_control/install/python_moveit_interface/include/python_moveit_interface/python_moveit_interface/srv
[1.606s] -- Up-to-date: /home/darkdemon/work/motor_control/install/python_moveit_interface/include/python_moveit_interface/python_moveit_interface/srv/detail
[1.606s] -- Up-to-date: /home/darkdemon/work/motor_control/install/python_moveit_interface/include/python_moveit_interface/python_moveit_interface/srv/detail/arm_control__rosidl_typesupport_fastrtps_cpp.hpp
[1.606s] -- Up-to-date: /home/darkdemon/work/motor_control/install/python_moveit_interface/include/python_moveit_interface/python_moveit_interface/srv/detail/gripper_control__rosidl_typesupport_fastrtps_cpp.hpp
[1.606s] -- Up-to-date: /home/darkdemon/work/motor_control/install/python_moveit_interface/include/python_moveit_interface/python_moveit_interface/srv/detail/pose_request__rosidl_typesupport_fastrtps_cpp.hpp
[1.606s] -- Up-to-date: /home/darkdemon/work/motor_control/install/python_moveit_interface/include/python_moveit_interface/python_moveit_interface/srv/detail/detect_pose__rosidl_typesupport_fastrtps_cpp.hpp
[1.606s] -- Up-to-date: /home/darkdemon/work/motor_control/install/python_moveit_interface/include/python_moveit_interface/python_moveit_interface/srv/detail/dds_fastrtps
[1.606s] -- Up-to-date: /home/darkdemon/work/motor_control/install/python_moveit_interface/lib/libpython_moveit_interface__rosidl_typesupport_fastrtps_cpp.so
[1.616s] -- Up-to-date: /home/darkdemon/work/motor_control/install/python_moveit_interface/include/python_moveit_interface/python_moveit_interface
[1.616s] -- Up-to-date: /home/darkdemon/work/motor_control/install/python_moveit_interface/include/python_moveit_interface/python_moveit_interface/srv
[1.616s] -- Up-to-date: /home/darkdemon/work/motor_control/install/python_moveit_interface/include/python_moveit_interface/python_moveit_interface/srv/detail
[1.616s] -- Up-to-date: /home/darkdemon/work/motor_control/install/python_moveit_interface/include/python_moveit_interface/python_moveit_interface/srv/detail/gripper_control__type_support.cpp
[1.616s] -- Up-to-date: /home/darkdemon/work/motor_control/install/python_moveit_interface/include/python_moveit_interface/python_moveit_interface/srv/detail/arm_control__rosidl_typesupport_introspection_cpp.hpp
[1.616s] -- Up-to-date: /home/darkdemon/work/motor_control/install/python_moveit_interface/include/python_moveit_interface/python_moveit_interface/srv/detail/detect_pose__rosidl_typesupport_introspection_cpp.hpp
[1.617s] -- Up-to-date: /home/darkdemon/work/motor_control/install/python_moveit_interface/include/python_moveit_interface/python_moveit_interface/srv/detail/pose_request__rosidl_typesupport_introspection_cpp.hpp
[1.617s] -- Up-to-date: /home/darkdemon/work/motor_control/install/python_moveit_interface/include/python_moveit_interface/python_moveit_interface/srv/detail/gripper_control__rosidl_typesupport_introspection_cpp.hpp
[1.617s] -- Up-to-date: /home/darkdemon/work/motor_control/install/python_moveit_interface/include/python_moveit_interface/python_moveit_interface/srv/detail/detect_pose__type_support.cpp
[1.617s] -- Up-to-date: /home/darkdemon/work/motor_control/install/python_moveit_interface/include/python_moveit_interface/python_moveit_interface/srv/detail/pose_request__type_support.cpp
[1.620s] -- Up-to-date: /home/darkdemon/work/motor_control/install/python_moveit_interface/include/python_moveit_interface/python_moveit_interface/srv/detail/arm_control__type_support.cpp
[1.620s] -- Up-to-date: /home/darkdemon/work/motor_control/install/python_moveit_interface/lib/libpython_moveit_interface__rosidl_typesupport_introspection_cpp.so
[1.620s] -- Up-to-date: /home/darkdemon/work/motor_control/install/python_moveit_interface/lib/libpython_moveit_interface__rosidl_typesupport_cpp.so
[1.620s] -- Up-to-date: /home/darkdemon/work/motor_control/install/python_moveit_interface/share/python_moveit_interface/environment/pythonpath.sh
[1.621s] -- Up-to-date: /home/darkdemon/work/motor_control/install/python_moveit_interface/share/python_moveit_interface/environment/pythonpath.dsv
[1.621s] -- Up-to-date: /home/darkdemon/work/motor_control/install/python_moveit_interface/local/lib/python3.10/dist-packages/python_moveit_interface-0.0.0-py3.10.egg-info
[1.621s] -- Installing: /home/darkdemon/work/motor_control/install/python_moveit_interface/local/lib/python3.10/dist-packages/python_moveit_interface-0.0.0-py3.10.egg-info/top_level.txt
[1.628s] -- Installing: /home/darkdemon/work/motor_control/install/python_moveit_interface/local/lib/python3.10/dist-packages/python_moveit_interface-0.0.0-py3.10.egg-info/PKG-INFO
[1.628s] -- Installing: /home/darkdemon/work/motor_control/install/python_moveit_interface/local/lib/python3.10/dist-packages/python_moveit_interface-0.0.0-py3.10.egg-info/dependency_links.txt
[1.628s] -- Installing: /home/darkdemon/work/motor_control/install/python_moveit_interface/local/lib/python3.10/dist-packages/python_moveit_interface-0.0.0-py3.10.egg-info/SOURCES.txt
[1.628s] -- Up-to-date: /home/darkdemon/work/motor_control/install/python_moveit_interface/local/lib/python3.10/dist-packages/python_moveit_interface
[1.629s] -- Up-to-date: /home/darkdemon/work/motor_control/install/python_moveit_interface/local/lib/python3.10/dist-packages/python_moveit_interface/python_moveit_interface_s__rosidl_typesupport_fastrtps_c.cpython-310-x86_64-linux-gnu.so
[1.629s] -- Up-to-date: /home/darkdemon/work/motor_control/install/python_moveit_interface/local/lib/python3.10/dist-packages/python_moveit_interface/_python_moveit_interface_s.ep.rosidl_typesupport_c.c
[1.629s] -- Up-to-date: /home/darkdemon/work/motor_control/install/python_moveit_interface/local/lib/python3.10/dist-packages/python_moveit_interface/python_moveit_interface_s__rosidl_typesupport_c.cpython-310-x86_64-linux-gnu.so
[1.629s] -- Up-to-date: /home/darkdemon/work/motor_control/install/python_moveit_interface/local/lib/python3.10/dist-packages/python_moveit_interface/_python_moveit_interface_s.ep.rosidl_typesupport_fastrtps_c.c
[1.630s] -- Up-to-date: /home/darkdemon/work/motor_control/install/python_moveit_interface/local/lib/python3.10/dist-packages/python_moveit_interface/__init__.py
[1.630s] -- Up-to-date: /home/darkdemon/work/motor_control/install/python_moveit_interface/local/lib/python3.10/dist-packages/python_moveit_interface/srv
[1.630s] -- Up-to-date: /home/darkdemon/work/motor_control/install/python_moveit_interface/local/lib/python3.10/dist-packages/python_moveit_interface/srv/_arm_control_s.c
[1.630s] -- Up-to-date: /home/darkdemon/work/motor_control/install/python_moveit_interface/local/lib/python3.10/dist-packages/python_moveit_interface/srv/_detect_pose_s.c
[1.630s] -- Up-to-date: /home/darkdemon/work/motor_control/install/python_moveit_interface/local/lib/python3.10/dist-packages/python_moveit_interface/srv/_arm_control.py
[1.630s] -- Up-to-date: /home/darkdemon/work/motor_control/install/python_moveit_interface/local/lib/python3.10/dist-packages/python_moveit_interface/srv/__init__.py
[1.630s] -- Up-to-date: /home/darkdemon/work/motor_control/install/python_moveit_interface/local/lib/python3.10/dist-packages/python_moveit_interface/srv/_detect_pose.py
[1.630s] -- Up-to-date: /home/darkdemon/work/motor_control/install/python_moveit_interface/local/lib/python3.10/dist-packages/python_moveit_interface/srv/_gripper_control_s.c
[1.631s] -- Up-to-date: /home/darkdemon/work/motor_control/install/python_moveit_interface/local/lib/python3.10/dist-packages/python_moveit_interface/srv/_pose_request.py
[1.632s] -- Up-to-date: /home/darkdemon/work/motor_control/install/python_moveit_interface/local/lib/python3.10/dist-packages/python_moveit_interface/srv/_gripper_control.py
[1.632s] -- Up-to-date: /home/darkdemon/work/motor_control/install/python_moveit_interface/local/lib/python3.10/dist-packages/python_moveit_interface/srv/_pose_request_s.c
[1.632s] -- Up-to-date: /home/darkdemon/work/motor_control/install/python_moveit_interface/local/lib/python3.10/dist-packages/python_moveit_interface/python_moveit_interface_s__rosidl_typesupport_introspection_c.cpython-310-x86_64-linux-gnu.so
[1.632s] -- Up-to-date: /home/darkdemon/work/motor_control/install/python_moveit_interface/local/lib/python3.10/dist-packages/python_moveit_interface/_python_moveit_interface_s.ep.rosidl_typesupport_introspection_c.c
[1.633s] -- Up-to-date: /home/darkdemon/work/motor_control/install/python_moveit_interface/local/lib/python3.10/dist-packages/python_moveit_interface/libpython_moveit_interface__rosidl_generator_py.so
[1.647s] Listing '/home/darkdemon/work/motor_control/install/python_moveit_interface/local/lib/python3.10/dist-packages/python_moveit_interface'...
[1.648s] Listing '/home/darkdemon/work/motor_control/install/python_moveit_interface/local/lib/python3.10/dist-packages/python_moveit_interface/srv'...
[1.656s] -- Up-to-date: /home/darkdemon/work/motor_control/install/python_moveit_interface/local/lib/python3.10/dist-packages/python_moveit_interface/python_moveit_interface_s__rosidl_typesupport_fastrtps_c.cpython-310-x86_64-linux-gnu.so
[1.656s] -- Up-to-date: /home/darkdemon/work/motor_control/install/python_moveit_interface/local/lib/python3.10/dist-packages/python_moveit_interface/python_moveit_interface_s__rosidl_typesupport_introspection_c.cpython-310-x86_64-linux-gnu.so
[1.656s] -- Up-to-date: /home/darkdemon/work/motor_control/install/python_moveit_interface/local/lib/python3.10/dist-packages/python_moveit_interface/python_moveit_interface_s__rosidl_typesupport_c.cpython-310-x86_64-linux-gnu.so
[1.656s] -- Up-to-date: /home/darkdemon/work/motor_control/install/python_moveit_interface/lib/libpython_moveit_interface__rosidl_generator_py.so
[1.656s] -- Up-to-date: /home/darkdemon/work/motor_control/install/python_moveit_interface/share/python_moveit_interface/srv/PoseRequest.idl
[1.657s] -- Up-to-date: /home/darkdemon/work/motor_control/install/python_moveit_interface/share/python_moveit_interface/srv/GripperControl.idl
[1.657s] -- Up-to-date: /home/darkdemon/work/motor_control/install/python_moveit_interface/share/python_moveit_interface/srv/DetectPose.idl
[1.657s] -- Up-to-date: /home/darkdemon/work/motor_control/install/python_moveit_interface/share/python_moveit_interface/srv/ArmControl.idl
[1.657s] -- Up-to-date: /home/darkdemon/work/motor_control/install/python_moveit_interface/share/python_moveit_interface/srv/PoseRequest.srv
[1.657s] -- Up-to-date: /home/darkdemon/work/motor_control/install/python_moveit_interface/share/python_moveit_interface/srv/PoseRequest_Request.msg
[1.658s] -- Up-to-date: /home/darkdemon/work/motor_control/install/python_moveit_interface/share/python_moveit_interface/srv/PoseRequest_Response.msg
[1.658s] -- Up-to-date: /home/darkdemon/work/motor_control/install/python_moveit_interface/share/python_moveit_interface/srv/GripperControl.srv
[1.658s] -- Up-to-date: /home/darkdemon/work/motor_control/install/python_moveit_interface/share/python_moveit_interface/srv/GripperControl_Request.msg
[1.658s] -- Up-to-date: /home/darkdemon/work/motor_control/install/python_moveit_interface/share/python_moveit_interface/srv/GripperControl_Response.msg
[1.658s] -- Up-to-date: /home/darkdemon/work/motor_control/install/python_moveit_interface/share/python_moveit_interface/srv/DetectPose.srv
[1.658s] -- Up-to-date: /home/darkdemon/work/motor_control/install/python_moveit_interface/share/python_moveit_interface/srv/DetectPose_Request.msg
[1.658s] -- Up-to-date: /home/darkdemon/work/motor_control/install/python_moveit_interface/share/python_moveit_interface/srv/DetectPose_Response.msg
[1.658s] -- Up-to-date: /home/darkdemon/work/motor_control/install/python_moveit_interface/share/python_moveit_interface/srv/ArmControl.srv
[1.658s] -- Up-to-date: /home/darkdemon/work/motor_control/install/python_moveit_interface/share/python_moveit_interface/srv/ArmControl_Request.msg
[1.658s] -- Up-to-date: /home/darkdemon/work/motor_control/install/python_moveit_interface/share/python_moveit_interface/srv/ArmControl_Response.msg
[1.658s] -- Up-to-date: /home/darkdemon/work/motor_control/install/python_moveit_interface/share/ament_index/resource_index/package_run_dependencies/python_moveit_interface
[1.658s] -- Up-to-date: /home/darkdemon/work/motor_control/install/python_moveit_interface/share/ament_index/resource_index/parent_prefix_path/python_moveit_interface
[1.659s] -- Up-to-date: /home/darkdemon/work/motor_control/install/python_moveit_interface/share/python_moveit_interface/environment/ament_prefix_path.sh
[1.659s] -- Up-to-date: /home/darkdemon/work/motor_control/install/python_moveit_interface/share/python_moveit_interface/environment/ament_prefix_path.dsv
[1.659s] -- Up-to-date: /home/darkdemon/work/motor_control/install/python_moveit_interface/share/python_moveit_interface/environment/path.sh
[1.659s] -- Up-to-date: /home/darkdemon/work/motor_control/install/python_moveit_interface/share/python_moveit_interface/environment/path.dsv
[1.659s] -- Up-to-date: /home/darkdemon/work/motor_control/install/python_moveit_interface/share/python_moveit_interface/local_setup.bash
[1.659s] -- Up-to-date: /home/darkdemon/work/motor_control/install/python_moveit_interface/share/python_moveit_interface/local_setup.sh
[1.660s] -- Up-to-date: /home/darkdemon/work/motor_control/install/python_moveit_interface/share/python_moveit_interface/local_setup.zsh
[1.660s] -- Up-to-date: /home/darkdemon/work/motor_control/install/python_moveit_interface/share/python_moveit_interface/local_setup.dsv
[1.660s] -- Installing: /home/darkdemon/work/motor_control/install/python_moveit_interface/share/python_moveit_interface/package.dsv
[1.660s] -- Up-to-date: /home/darkdemon/work/motor_control/install/python_moveit_interface/share/ament_index/resource_index/packages/python_moveit_interface
[1.660s] -- Up-to-date: /home/darkdemon/work/motor_control/install/python_moveit_interface/share/python_moveit_interface/cmake/export_python_moveit_interface__rosidl_generator_cExport.cmake
[1.661s] -- Up-to-date: /home/darkdemon/work/motor_control/install/python_moveit_interface/share/python_moveit_interface/cmake/export_python_moveit_interface__rosidl_generator_cExport-noconfig.cmake
[1.661s] -- Up-to-date: /home/darkdemon/work/motor_control/install/python_moveit_interface/share/python_moveit_interface/cmake/export_python_moveit_interface__rosidl_typesupport_fastrtps_cExport.cmake
[1.661s] -- Up-to-date: /home/darkdemon/work/motor_control/install/python_moveit_interface/share/python_moveit_interface/cmake/export_python_moveit_interface__rosidl_typesupport_fastrtps_cExport-noconfig.cmake
[1.661s] -- Up-to-date: /home/darkdemon/work/motor_control/install/python_moveit_interface/share/python_moveit_interface/cmake/python_moveit_interface__rosidl_typesupport_introspection_cExport.cmake
[1.661s] -- Up-to-date: /home/darkdemon/work/motor_control/install/python_moveit_interface/share/python_moveit_interface/cmake/python_moveit_interface__rosidl_typesupport_introspection_cExport-noconfig.cmake
[1.661s] -- Up-to-date: /home/darkdemon/work/motor_control/install/python_moveit_interface/share/python_moveit_interface/cmake/python_moveit_interface__rosidl_typesupport_cExport.cmake
[1.662s] -- Up-to-date: /home/darkdemon/work/motor_control/install/python_moveit_interface/share/python_moveit_interface/cmake/python_moveit_interface__rosidl_typesupport_cExport-noconfig.cmake
[1.662s] -- Up-to-date: /home/darkdemon/work/motor_control/install/python_moveit_interface/share/python_moveit_interface/cmake/export_python_moveit_interface__rosidl_generator_cppExport.cmake
[1.662s] -- Up-to-date: /home/darkdemon/work/motor_control/install/python_moveit_interface/share/python_moveit_interface/cmake/export_python_moveit_interface__rosidl_typesupport_fastrtps_cppExport.cmake
[1.662s] -- Up-to-date: /home/darkdemon/work/motor_control/install/python_moveit_interface/share/python_moveit_interface/cmake/export_python_moveit_interface__rosidl_typesupport_fastrtps_cppExport-noconfig.cmake
[1.662s] -- Up-to-date: /home/darkdemon/work/motor_control/install/python_moveit_interface/share/python_moveit_interface/cmake/python_moveit_interface__rosidl_typesupport_introspection_cppExport.cmake
[1.662s] -- Up-to-date: /home/darkdemon/work/motor_control/install/python_moveit_interface/share/python_moveit_interface/cmake/python_moveit_interface__rosidl_typesupport_introspection_cppExport-noconfig.cmake
[1.662s] -- Up-to-date: /home/darkdemon/work/motor_control/install/python_moveit_interface/share/python_moveit_interface/cmake/python_moveit_interface__rosidl_typesupport_cppExport.cmake
[1.663s] -- Up-to-date: /home/darkdemon/work/motor_control/install/python_moveit_interface/share/python_moveit_interface/cmake/python_moveit_interface__rosidl_typesupport_cppExport-noconfig.cmake
[1.663s] -- Up-to-date: /home/darkdemon/work/motor_control/install/python_moveit_interface/share/python_moveit_interface/cmake/export_python_moveit_interface__rosidl_generator_pyExport.cmake
[1.663s] -- Up-to-date: /home/darkdemon/work/motor_control/install/python_moveit_interface/share/python_moveit_interface/cmake/export_python_moveit_interface__rosidl_generator_pyExport-noconfig.cmake
[1.663s] -- Up-to-date: /home/darkdemon/work/motor_control/install/python_moveit_interface/share/python_moveit_interface/cmake/rosidl_cmake-extras.cmake
[1.663s] -- Up-to-date: /home/darkdemon/work/motor_control/install/python_moveit_interface/share/python_moveit_interface/cmake/ament_cmake_export_dependencies-extras.cmake
[1.664s] -- Up-to-date: /home/darkdemon/work/motor_control/install/python_moveit_interface/share/python_moveit_interface/cmake/ament_cmake_export_include_directories-extras.cmake
[1.664s] -- Up-to-date: /home/darkdemon/work/motor_control/install/python_moveit_interface/share/python_moveit_interface/cmake/ament_cmake_export_libraries-extras.cmake
[1.664s] -- Up-to-date: /home/darkdemon/work/motor_control/install/python_moveit_interface/share/python_moveit_interface/cmake/ament_cmake_export_targets-extras.cmake
[1.665s] -- Up-to-date: /home/darkdemon/work/motor_control/install/python_moveit_interface/share/python_moveit_interface/cmake/rosidl_cmake_export_typesupport_targets-extras.cmake
[1.665s] -- Up-to-date: /home/darkdemon/work/motor_control/install/python_moveit_interface/share/python_moveit_interface/cmake/rosidl_cmake_export_typesupport_libraries-extras.cmake
[1.665s] -- Up-to-date: /home/darkdemon/work/motor_control/install/python_moveit_interface/share/python_moveit_interface/cmake/python_moveit_interfaceConfig.cmake
[1.665s] -- Up-to-date: /home/darkdemon/work/motor_control/install/python_moveit_interface/share/python_moveit_interface/cmake/python_moveit_interfaceConfig-version.cmake
[1.666s] -- Up-to-date: /home/darkdemon/work/motor_control/install/python_moveit_interface/share/python_moveit_interface/package.xml
[1.672s] Invoked command in '/home/darkdemon/work/motor_control/build/python_moveit_interface' returned '0': /usr/bin/cmake --install /home/darkdemon/work/motor_control/build/python_moveit_interface
