[0.012s] Invoking command in '/home/darkdemon/work/motor_control/build/dynamixel_workbench': AMENT_PREFIX_PATH=/home/darkdemon/work/motor_control/install/dynamixel_workbench_toolbox:${AMENT_PREFIX_PATH} CMAKE_PREFIX_PATH=/home/darkdemon/work/motor_control/install/dynamixel_workbench_toolbox:/opt/ros/humble LD_LIBRARY_PATH=/home/darkdemon/work/motor_control/install/dynamixel_workbench_toolbox/lib:${LD_LIBRARY_PATH} /usr/bin/cmake --build /home/darkdemon/work/motor_control/build/dynamixel_workbench -- -j20 -l20
[0.056s] Invoked command in '/home/darkdemon/work/motor_control/build/dynamixel_workbench' returned '0': AMENT_PREFIX_PATH=/home/darkdemon/work/motor_control/install/dynamixel_workbench_toolbox:${AMENT_PREFIX_PATH} CMAKE_PREFIX_PATH=/home/darkdemon/work/motor_control/install/dynamixel_workbench_toolbox:/opt/ros/humble LD_LIBRARY_PATH=/home/darkdemon/work/motor_control/install/dynamixel_workbench_toolbox/lib:${LD_LIBRARY_PATH} /usr/bin/cmake --build /home/darkdemon/work/motor_control/build/dynamixel_workbench -- -j20 -l20
[0.058s] Invoking command in '/home/darkdemon/work/motor_control/build/dynamixel_workbench': AMENT_PREFIX_PATH=/home/darkdemon/work/motor_control/install/dynamixel_workbench_toolbox:${AMENT_PREFIX_PATH} CMAKE_PREFIX_PATH=/home/darkdemon/work/motor_control/install/dynamixel_workbench_toolbox:/opt/ros/humble LD_LIBRARY_PATH=/home/darkdemon/work/motor_control/install/dynamixel_workbench_toolbox/lib:${LD_LIBRARY_PATH} /usr/bin/cmake --install /home/darkdemon/work/motor_control/build/dynamixel_workbench
[0.068s] -- Install configuration: ""
[0.068s] -- Execute custom install script
[0.069s] -- Up-to-date symlink: /home/darkdemon/work/motor_control/install/dynamixel_workbench/share/ament_index/resource_index/package_run_dependencies/dynamixel_workbench
[0.069s] -- Up-to-date symlink: /home/darkdemon/work/motor_control/install/dynamixel_workbench/share/ament_index/resource_index/parent_prefix_path/dynamixel_workbench
[0.069s] -- Up-to-date symlink: /home/darkdemon/work/motor_control/install/dynamixel_workbench/share/dynamixel_workbench/environment/ament_prefix_path.sh
[0.069s] -- Up-to-date symlink: /home/darkdemon/work/motor_control/install/dynamixel_workbench/share/dynamixel_workbench/environment/ament_prefix_path.dsv
[0.069s] -- Up-to-date symlink: /home/darkdemon/work/motor_control/install/dynamixel_workbench/share/dynamixel_workbench/environment/path.sh
[0.069s] -- Up-to-date symlink: /home/darkdemon/work/motor_control/install/dynamixel_workbench/share/dynamixel_workbench/environment/path.dsv
[0.070s] -- Up-to-date symlink: /home/darkdemon/work/motor_control/install/dynamixel_workbench/share/dynamixel_workbench/local_setup.bash
[0.070s] -- Up-to-date symlink: /home/darkdemon/work/motor_control/install/dynamixel_workbench/share/dynamixel_workbench/local_setup.sh
[0.070s] -- Up-to-date symlink: /home/darkdemon/work/motor_control/install/dynamixel_workbench/share/dynamixel_workbench/local_setup.zsh
[0.070s] -- Up-to-date symlink: /home/darkdemon/work/motor_control/install/dynamixel_workbench/share/dynamixel_workbench/local_setup.dsv
[0.070s] -- Symlinking: /home/darkdemon/work/motor_control/install/dynamixel_workbench/share/dynamixel_workbench/package.dsv
[0.079s] -- Up-to-date symlink: /home/darkdemon/work/motor_control/install/dynamixel_workbench/share/ament_index/resource_index/packages/dynamixel_workbench
[0.079s] -- Up-to-date symlink: /home/darkdemon/work/motor_control/install/dynamixel_workbench/share/dynamixel_workbench/cmake/dynamixel_workbenchConfig.cmake
[0.079s] -- Up-to-date symlink: /home/darkdemon/work/motor_control/install/dynamixel_workbench/share/dynamixel_workbench/cmake/dynamixel_workbenchConfig-version.cmake
[0.080s] -- Up-to-date symlink: /home/darkdemon/work/motor_control/install/dynamixel_workbench/share/dynamixel_workbench/package.xml
[0.082s] Invoked command in '/home/darkdemon/work/motor_control/build/dynamixel_workbench' returned '0': AMENT_PREFIX_PATH=/home/darkdemon/work/motor_control/install/dynamixel_workbench_toolbox:${AMENT_PREFIX_PATH} CMAKE_PREFIX_PATH=/home/darkdemon/work/motor_control/install/dynamixel_workbench_toolbox:/opt/ros/humble LD_LIBRARY_PATH=/home/darkdemon/work/motor_control/install/dynamixel_workbench_toolbox/lib:${LD_LIBRARY_PATH} /usr/bin/cmake --install /home/darkdemon/work/motor_control/build/dynamixel_workbench
