[01m[K/home/darkdemon/work/motor_control/src/tb4_arm_ros2/small_arm_moveit_cpp/src/gripper_open.cpp:24:27:[m[K [01;31m[Kerror: [m[K‘[01m[Kyour_package[m[K’ was not declared in this scope
   24 |     const std::shared_ptr<[01;31m[Kyour_package[m[K::srv::GripperControl::Request> request,
      |                           [01;31m[K^~~~~~~~~~~~[m[K
[01m[K/home/darkdemon/work/motor_control/src/tb4_arm_ros2/small_arm_moveit_cpp/src/gripper_open.cpp:24:69:[m[K [01;31m[Kerror: [m[Ktemplate argument 1 is invalid
   24 |     const std::shared_ptr<your_package::srv::GripperControl::Request[01;31m[K>[m[K request,
      |                                                                     [01;31m[K^[m[K
[01m[K/home/darkdemon/work/motor_control/src/tb4_arm_ros2/small_arm_moveit_cpp/src/gripper_open.cpp:24:27:[m[K [01;31m[Kerror: [m[K‘[01m[Kyour_package[m[K’ was not declared in this scope
   24 |     const std::shared_ptr<[01;31m[Kyour_package[m[K::srv::GripperControl::Request> request,
      |                           [01;31m[K^~~~~~~~~~~~[m[K
[01m[K/home/darkdemon/work/motor_control/src/tb4_arm_ros2/small_arm_moveit_cpp/src/gripper_open.cpp:24:69:[m[K [01;31m[Kerror: [m[Ktemplate argument 1 is invalid
   24 |     const std::shared_ptr<your_package::srv::GripperControl::Request[01;31m[K>[m[K request,
      |                                                                     [01;31m[K^[m[K
[01m[K/home/darkdemon/work/motor_control/src/tb4_arm_ros2/small_arm_moveit_cpp/src/gripper_open.cpp:24:27:[m[K [01;31m[Kerror: [m[K‘[01m[Kyour_package[m[K’ was not declared in this scope
   24 |     const std::shared_ptr<[01;31m[Kyour_package[m[K::srv::GripperControl::Request> request,
      |                           [01;31m[K^~~~~~~~~~~~[m[K
[01m[K/home/darkdemon/work/motor_control/src/tb4_arm_ros2/small_arm_moveit_cpp/src/gripper_open.cpp:24:69:[m[K [01;31m[Kerror: [m[Ktemplate argument 1 is invalid
   24 |     const std::shared_ptr<your_package::srv::GripperControl::Request[01;31m[K>[m[K request,
      |                                                                     [01;31m[K^[m[K
[01m[K/home/darkdemon/work/motor_control/src/tb4_arm_ros2/small_arm_moveit_cpp/src/gripper_open.cpp:24:11:[m[K [01;31m[Kerror: [m[Kinvalid template-id
   24 |     const [01;31m[Kstd[m[K::shared_ptr<your_package::srv::GripperControl::Request> request,
      |           [01;31m[K^~~[m[K
[01m[K/home/darkdemon/work/motor_control/src/tb4_arm_ros2/small_arm_moveit_cpp/src/gripper_open.cpp:24:27:[m[K [01;31m[Kerror: [m[K‘[01m[Kyour_package[m[K’ has not been declared
   24 |     const std::shared_ptr<[01;31m[Kyour_package[m[K::srv::GripperControl::Request> request,
      |                           [01;31m[K^~~~~~~~~~~~[m[K
[01m[K/home/darkdemon/work/motor_control/src/tb4_arm_ros2/small_arm_moveit_cpp/src/gripper_open.cpp:24:5:[m[K [01;31m[Kerror: [m[Kclass template placeholder ‘[01m[Kstd::shared_ptr[m[K’ not permitted in this context
   24 |     [01;31m[Kconst[m[K std::shared_ptr<your_package::srv::GripperControl::Request> request,
      |     [01;31m[K^~~~~[m[K
[01m[K/home/darkdemon/work/motor_control/src/tb4_arm_ros2/small_arm_moveit_cpp/src/gripper_open.cpp:25:21:[m[K [01;31m[Kerror: [m[K‘[01m[Kyour_package[m[K’ was not declared in this scope
   25 |     std::shared_ptr<[01;31m[Kyour_package[m[K::srv::GripperControl::Response> response)
      |                     [01;31m[K^~~~~~~~~~~~[m[K
[01m[K/home/darkdemon/work/motor_control/src/tb4_arm_ros2/small_arm_moveit_cpp/src/gripper_open.cpp:25:64:[m[K [01;31m[Kerror: [m[Ktemplate argument 1 is invalid
   25 |     std::shared_ptr<your_package::srv::GripperControl::Response[01;31m[K>[m[K response)
      |                                                                [01;31m[K^[m[K
[01m[K/home/darkdemon/work/motor_control/src/tb4_arm_ros2/small_arm_moveit_cpp/src/gripper_open.cpp:25:21:[m[K [01;31m[Kerror: [m[K‘[01m[Kyour_package[m[K’ was not declared in this scope
   25 |     std::shared_ptr<[01;31m[Kyour_package[m[K::srv::GripperControl::Response> response)
      |                     [01;31m[K^~~~~~~~~~~~[m[K
[01m[K/home/darkdemon/work/motor_control/src/tb4_arm_ros2/small_arm_moveit_cpp/src/gripper_open.cpp:25:64:[m[K [01;31m[Kerror: [m[Ktemplate argument 1 is invalid
   25 |     std::shared_ptr<your_package::srv::GripperControl::Response[01;31m[K>[m[K response)
      |                                                                [01;31m[K^[m[K
[01m[K/home/darkdemon/work/motor_control/src/tb4_arm_ros2/small_arm_moveit_cpp/src/auto_pose_goal.cpp:27:27:[m[K [01;31m[Kerror: [m[K‘[01m[Kyour_package[m[K’ was not declared in this scope
   27 |     const std::shared_ptr<[01;31m[Kyour_package[m[K::srv::PoseRequest::Request> request,
      |                           [01;31m[K^~~~~~~~~~~~[m[K
[01m[K/home/darkdemon/work/motor_control/src/tb4_arm_ros2/small_arm_moveit_cpp/src/auto_pose_goal.cpp:27:66:[m[K [01;31m[Kerror: [m[Ktemplate argument 1 is invalid
   27 |     const std::shared_ptr<your_package::srv::PoseRequest::Request[01;31m[K>[m[K request,
      |                                                                  [01;31m[K^[m[K
[01m[K/home/darkdemon/work/motor_control/src/tb4_arm_ros2/small_arm_moveit_cpp/src/gripper_open.cpp:25:21:[m[K [01;31m[Kerror: [m[K‘[01m[Kyour_package[m[K’ was not declared in this scope
   25 |     std::shared_ptr<[01;31m[Kyour_package[m[K::srv::GripperControl::Response> response)
      |                     [01;31m[K^~~~~~~~~~~~[m[K
[01m[K/home/darkdemon/work/motor_control/src/tb4_arm_ros2/small_arm_moveit_cpp/src/gripper_open.cpp:25:64:[m[K [01;31m[Kerror: [m[Ktemplate argument 1 is invalid
   25 |     std::shared_ptr<your_package::srv::GripperControl::Response[01;31m[K>[m[K response)
      |                                                                [01;31m[K^[m[K
[01m[K/home/darkdemon/work/motor_control/src/tb4_arm_ros2/small_arm_moveit_cpp/src/gripper_open.cpp:25:5:[m[K [01;31m[Kerror: [m[Kinvalid template-id
   25 |     [01;31m[Kstd[m[K::shared_ptr<your_package::srv::GripperControl::Response> response)
      |     [01;31m[K^~~[m[K
[01m[K/home/darkdemon/work/motor_control/src/tb4_arm_ros2/small_arm_moveit_cpp/src/gripper_open.cpp:25:21:[m[K [01;31m[Kerror: [m[K‘[01m[Kyour_package[m[K’ has not been declared
   25 |     std::shared_ptr<[01;31m[Kyour_package[m[K::srv::GripperControl::Response> response)
      |                     [01;31m[K^~~~~~~~~~~~[m[K
[01m[K/home/darkdemon/work/motor_control/src/tb4_arm_ros2/small_arm_moveit_cpp/src/gripper_open.cpp:25:5:[m[K [01;31m[Kerror: [m[Kclass template placeholder ‘[01m[Kstd::shared_ptr[m[K’ not permitted in this context
   25 |     [01;31m[Kstd[m[K::shared_ptr<your_package::srv::GripperControl::Response> response)
      |     [01;31m[K^~~[m[K
[01m[K/home/darkdemon/work/motor_control/src/tb4_arm_ros2/small_arm_moveit_cpp/src/auto_pose_goal.cpp:27:27:[m[K [01;31m[Kerror: [m[K‘[01m[Kyour_package[m[K’ was not declared in this scope
   27 |     const std::shared_ptr<[01;31m[Kyour_package[m[K::srv::PoseRequest::Request> request,
      |                           [01;31m[K^~~~~~~~~~~~[m[K
[01m[K/home/darkdemon/work/motor_control/src/tb4_arm_ros2/small_arm_moveit_cpp/src/auto_pose_goal.cpp:27:66:[m[K [01;31m[Kerror: [m[Ktemplate argument 1 is invalid
   27 |     const std::shared_ptr<your_package::srv::PoseRequest::Request[01;31m[K>[m[K request,
      |                                                                  [01;31m[K^[m[K
[01m[K/home/darkdemon/work/motor_control/src/tb4_arm_ros2/small_arm_moveit_cpp/src/auto_pose_goal.cpp:27:27:[m[K [01;31m[Kerror: [m[K‘[01m[Kyour_package[m[K’ was not declared in this scope
   27 |     const std::shared_ptr<[01;31m[Kyour_package[m[K::srv::PoseRequest::Request> request,
      |                           [01;31m[K^~~~~~~~~~~~[m[K
[01m[K/home/darkdemon/work/motor_control/src/tb4_arm_ros2/small_arm_moveit_cpp/src/auto_pose_goal.cpp:27:66:[m[K [01;31m[Kerror: [m[Ktemplate argument 1 is invalid
   27 |     const std::shared_ptr<your_package::srv::PoseRequest::Request[01;31m[K>[m[K request,
      |                                                                  [01;31m[K^[m[K
[01m[K/home/darkdemon/work/motor_control/src/tb4_arm_ros2/small_arm_moveit_cpp/src/auto_pose_goal.cpp:27:11:[m[K [01;31m[Kerror: [m[Kinvalid template-id
   27 |     const [01;31m[Kstd[m[K::shared_ptr<your_package::srv::PoseRequest::Request> request,
      |           [01;31m[K^~~[m[K
[01m[K/home/darkdemon/work/motor_control/src/tb4_arm_ros2/small_arm_moveit_cpp/src/auto_pose_goal.cpp:27:27:[m[K [01;31m[Kerror: [m[K‘[01m[Kyour_package[m[K’ has not been declared
   27 |     const std::shared_ptr<[01;31m[Kyour_package[m[K::srv::PoseRequest::Request> request,
      |                           [01;31m[K^~~~~~~~~~~~[m[K
[01m[K/home/darkdemon/work/motor_control/src/tb4_arm_ros2/small_arm_moveit_cpp/src/auto_pose_goal.cpp:27:5:[m[K [01;31m[Kerror: [m[Kclass template placeholder ‘[01m[Kstd::shared_ptr[m[K’ not permitted in this context
   27 |     [01;31m[Kconst[m[K std::shared_ptr<your_package::srv::PoseRequest::Request> request,
      |     [01;31m[K^~~~~[m[K
[01m[K/home/darkdemon/work/motor_control/src/tb4_arm_ros2/small_arm_moveit_cpp/src/gripper_open.cpp:57:19:[m[K [01;31m[Kerror: [m[K‘[01m[Kyour_package[m[K’ was not declared in this scope
   57 |   rclcpp::Service<[01;31m[Kyour_package[m[K::srv::GripperControl>::SharedPtr gripper_service_;
      |                   [01;31m[K^~~~~~~~~~~~[m[K
[01m[K/home/darkdemon/work/motor_control/src/tb4_arm_ros2/small_arm_moveit_cpp/src/gripper_open.cpp:57:52:[m[K [01;31m[Kerror: [m[Ktemplate argument 1 is invalid
   57 |   rclcpp::Service<your_package::srv::GripperControl[01;31m[K>[m[K::SharedPtr gripper_service_;
      |                                                    [01;31m[K^[m[K
[01m[K/home/darkdemon/work/motor_control/src/tb4_arm_ros2/small_arm_moveit_cpp/src/auto_pose_goal.cpp:28:21:[m[K [01;31m[Kerror: [m[K‘[01m[Kyour_package[m[K’ was not declared in this scope
   28 |     std::shared_ptr<[01;31m[Kyour_package[m[K::srv::PoseRequest::Response> response)
      |                     [01;31m[K^~~~~~~~~~~~[m[K
[01m[K/home/darkdemon/work/motor_control/src/tb4_arm_ros2/small_arm_moveit_cpp/src/auto_pose_goal.cpp:28:61:[m[K [01;31m[Kerror: [m[Ktemplate argument 1 is invalid
   28 |     std::shared_ptr<your_package::srv::PoseRequest::Response[01;31m[K>[m[K response)
      |                                                             [01;31m[K^[m[K
[01m[K/home/darkdemon/work/motor_control/src/tb4_arm_ros2/small_arm_moveit_cpp/src/gripper_open.cpp:57:55:[m[K [01;31m[Kerror: [m[Kexpected ‘[01m[K;[m[K’ at end of member declaration
   57 |   rclcpp::Service<your_package::srv::GripperControl>::[01;31m[KSharedPtr[m[K gripper_service_;
      |                                                       [01;31m[K^~~~~~~~~[m[K
      |                                                                [32m[K;[m[K
[01m[K/home/darkdemon/work/motor_control/src/tb4_arm_ros2/small_arm_moveit_cpp/src/gripper_open.cpp:57:65:[m[K [01;31m[Kerror: [m[K‘[01m[Kgripper_service_[m[K’ does not name a type
   57 |   rclcpp::Service<your_package::srv::GripperControl>::SharedPtr [01;31m[Kgripper_service_[m[K;
      |                                                                 [01;31m[K^~~~~~~~~~~~~~~~[m[K
[01m[K/home/darkdemon/work/motor_control/src/tb4_arm_ros2/small_arm_moveit_cpp/src/auto_pose_goal.cpp:28:21:[m[K [01;31m[Kerror: [m[K‘[01m[Kyour_package[m[K’ was not declared in this scope
   28 |     std::shared_ptr<[01;31m[Kyour_package[m[K::srv::PoseRequest::Response> response)
      |                     [01;31m[K^~~~~~~~~~~~[m[K
[01m[K/home/darkdemon/work/motor_control/src/tb4_arm_ros2/small_arm_moveit_cpp/src/auto_pose_goal.cpp:28:61:[m[K [01;31m[Kerror: [m[Ktemplate argument 1 is invalid
   28 |     std::shared_ptr<your_package::srv::PoseRequest::Response[01;31m[K>[m[K response)
      |                                                             [01;31m[K^[m[K
[01m[K/home/darkdemon/work/motor_control/src/tb4_arm_ros2/small_arm_moveit_cpp/src/auto_pose_goal.cpp:28:21:[m[K [01;31m[Kerror: [m[K‘[01m[Kyour_package[m[K’ was not declared in this scope
   28 |     std::shared_ptr<[01;31m[Kyour_package[m[K::srv::PoseRequest::Response> response)
      |                     [01;31m[K^~~~~~~~~~~~[m[K
[01m[K/home/darkdemon/work/motor_control/src/tb4_arm_ros2/small_arm_moveit_cpp/src/auto_pose_goal.cpp:28:61:[m[K [01;31m[Kerror: [m[Ktemplate argument 1 is invalid
   28 |     std::shared_ptr<your_package::srv::PoseRequest::Response[01;31m[K>[m[K response)
      |                                                             [01;31m[K^[m[K
[01m[K/home/darkdemon/work/motor_control/src/tb4_arm_ros2/small_arm_moveit_cpp/src/auto_pose_goal.cpp:28:5:[m[K [01;31m[Kerror: [m[Kinvalid template-id
   28 |     [01;31m[Kstd[m[K::shared_ptr<your_package::srv::PoseRequest::Response> response)
      |     [01;31m[K^~~[m[K
[01m[K/home/darkdemon/work/motor_control/src/tb4_arm_ros2/small_arm_moveit_cpp/src/auto_pose_goal.cpp:28:21:[m[K [01;31m[Kerror: [m[K‘[01m[Kyour_package[m[K’ has not been declared
   28 |     std::shared_ptr<[01;31m[Kyour_package[m[K::srv::PoseRequest::Response> response)
      |                     [01;31m[K^~~~~~~~~~~~[m[K
[01m[K/home/darkdemon/work/motor_control/src/tb4_arm_ros2/small_arm_moveit_cpp/src/auto_pose_goal.cpp:28:5:[m[K [01;31m[Kerror: [m[Kclass template placeholder ‘[01m[Kstd::shared_ptr[m[K’ not permitted in this context
   28 |     [01;31m[Kstd[m[K::shared_ptr<your_package::srv::PoseRequest::Response> response)
      |     [01;31m[K^~~[m[K
[01m[K/home/darkdemon/work/motor_control/src/tb4_arm_ros2/small_arm_moveit_cpp/src/gripper_open.cpp:[m[K In constructor ‘[01m[KGripperControlService::GripperControlService()[m[K’:
[01m[K/home/darkdemon/work/motor_control/src/tb4_arm_ros2/small_arm_moveit_cpp/src/gripper_open.cpp:16:5:[m[K [01;31m[Kerror: [m[K‘[01m[Kgripper_service_[m[K’ was not declared in this scope; did you mean ‘[01m[Kcreate_service[m[K’?
   16 |     [01;31m[Kgripper_service_[m[K = this->create_service<your_package::srv::GripperControl>(
      |     [01;31m[K^~~~~~~~~~~~~~~~[m[K
      |     [32m[Kcreate_service[m[K
[01m[K/home/darkdemon/work/motor_control/src/tb4_arm_ros2/small_arm_moveit_cpp/src/auto_pose_goal.cpp:60:19:[m[K [01;31m[Kerror: [m[K‘[01m[Kyour_package[m[K’ was not declared in this scope
   60 |   rclcpp::Service<[01;31m[Kyour_package[m[K::srv::PoseRequest>::SharedPtr service_;
      |                   [01;31m[K^~~~~~~~~~~~[m[K
[01m[K/home/darkdemon/work/motor_control/src/tb4_arm_ros2/small_arm_moveit_cpp/src/auto_pose_goal.cpp:60:49:[m[K [01;31m[Kerror: [m[Ktemplate argument 1 is invalid
   60 |   rclcpp::Service<your_package::srv::PoseRequest[01;31m[K>[m[K::SharedPtr service_;
      |                                                 [01;31m[K^[m[K
[01m[K/home/darkdemon/work/motor_control/src/tb4_arm_ros2/small_arm_moveit_cpp/src/auto_pose_goal.cpp:60:52:[m[K [01;31m[Kerror: [m[Kexpected ‘[01m[K;[m[K’ at end of member declaration
   60 |   rclcpp::Service<your_package::srv::PoseRequest>::[01;31m[KSharedPtr[m[K service_;
      |                                                    [01;31m[K^~~~~~~~~[m[K
      |                                                             [32m[K;[m[K
[01m[K/home/darkdemon/work/motor_control/src/tb4_arm_ros2/small_arm_moveit_cpp/src/gripper_open.cpp:16:45:[m[K [01;31m[Kerror: [m[K‘[01m[Kyour_package[m[K’ was not declared in this scope
   16 |     gripper_service_ = this->create_service<[01;31m[Kyour_package[m[K::srv::GripperControl>(
      |                                             [01;31m[K^~~~~~~~~~~~[m[K
[01m[K/home/darkdemon/work/motor_control/src/tb4_arm_ros2/small_arm_moveit_cpp/src/gripper_open.cpp:16:30:[m[K [01;31m[Kerror: [m[Kparse error in template argument list
   16 |     gripper_service_ = this->[01;31m[Kcreate_service<your_package::srv::GripperControl>[m[K(
      |                              [01;31m[K^~~~~~~~~~~~~~~~~~~~~~~~~~~~~~~~~~~~~~~~~~~~~~~~~[m[K
[01m[K/home/darkdemon/work/motor_control/src/tb4_arm_ros2/small_arm_moveit_cpp/src/auto_pose_goal.cpp:60:62:[m[K [01;31m[Kerror: [m[K‘[01m[Kservice_[m[K’ does not name a type
   60 |   rclcpp::Service<your_package::srv::PoseRequest>::SharedPtr [01;31m[Kservice_[m[K;
      |                                                              [01;31m[K^~~~~~~~[m[K
[01m[K/home/darkdemon/work/motor_control/src/tb4_arm_ros2/small_arm_moveit_cpp/src/gripper_open.cpp:16:79:[m[K [01;31m[Kerror: [m[Kno matching function for call to ‘[01m[KGripperControlService::create_service<<expression error> >(const char [24], std::_Bind_helper<false, void (GripperControlService::*)(...), GripperControlService*, const std::_Placeholder<1>&, const std::_Placeholder<2>&>::type)[m[K’
   16 |     gripper_service_ = [01;31m[Kthis->create_service<your_package::srv::GripperControl>([m[K
      |                        [01;31m[K~~~~~~~~~~~~~~~~~~~~~~~~~~~~~~~~~~~~~~~~~~~~~~~~~~~~~~~^[m[K
   17 | [01;31m[K      "gripper_control_service", std::bind(&GripperControlService::handle_service, this, _1, _2))[m[K;
      |       [01;31m[K~~~~~~~~~~~~~~~~~~~~~~~~~~~~~~~~~~~~~~~~~~~~~~~~~~~~~~~~~~~~~~~~~~~~~~~~~~~~~~~~~~~~~~~~~~~[m[K
In file included from [01m[K/opt/ros/humble/include/rclcpp/rclcpp/executors/single_threaded_executor.hpp:28[m[K,
                 from [01m[K/opt/ros/humble/include/rclcpp/rclcpp/executors.hpp:22[m[K,
                 from [01m[K/opt/ros/humble/include/rclcpp/rclcpp/rclcpp.hpp:155[m[K,
                 from [01m[K/home/darkdemon/work/motor_control/src/tb4_arm_ros2/small_arm_moveit_cpp/src/gripper_open.cpp:2[m[K:
[01m[K/opt/ros/humble/include/rclcpp/rclcpp/node.hpp:267:3:[m[K [01;36m[Knote: [m[Kcandidate: ‘[01m[Ktemplate<class ServiceT, class CallbackT> typename rclcpp::Service<ServiceT>::SharedPtr rclcpp::Node::create_service(const string&, CallbackT&&, const rmw_qos_profile_t&, rclcpp::CallbackGroup::SharedPtr)[m[K’
  267 |   [01;36m[Kcreate_service[m[K(
      |   [01;36m[K^~~~~~~~~~~~~~[m[K
[01m[K/opt/ros/humble/include/rclcpp/rclcpp/node.hpp:267:3:[m[K [01;36m[Knote: [m[K  template argument deduction/substitution failed:
[01m[K/home/darkdemon/work/motor_control/src/tb4_arm_ros2/small_arm_moveit_cpp/src/gripper_open.cpp:16:79:[m[K [01;31m[Kerror: [m[Ktemplate argument 1 is invalid
   16 |     gripper_service_ = [01;31m[Kthis->create_service<your_package::srv::GripperControl>([m[K
      |                        [01;31m[K~~~~~~~~~~~~~~~~~~~~~~~~~~~~~~~~~~~~~~~~~~~~~~~~~~~~~~~^[m[K
   17 | [01;31m[K      "gripper_control_service", std::bind(&GripperControlService::handle_service, this, _1, _2))[m[K;
      |       [01;31m[K~~~~~~~~~~~~~~~~~~~~~~~~~~~~~~~~~~~~~~~~~~~~~~~~~~~~~~~~~~~~~~~~~~~~~~~~~~~~~~~~~~~~~~~~~~~[m[K
[01m[K/home/darkdemon/work/motor_control/src/tb4_arm_ros2/small_arm_moveit_cpp/src/auto_pose_goal.cpp:[m[K In constructor ‘[01m[KAutoPoseService::AutoPoseService()[m[K’:
[01m[K/home/darkdemon/work/motor_control/src/tb4_arm_ros2/small_arm_moveit_cpp/src/auto_pose_goal.cpp:18:5:[m[K [01;31m[Kerror: [m[K‘[01m[Kservice_[m[K’ was not declared in this scope
   18 |     [01;31m[Kservice_[m[K = this->create_service<your_package::srv::PoseRequest>(
      |     [01;31m[K^~~~~~~~[m[K
[01m[K/home/darkdemon/work/motor_control/src/tb4_arm_ros2/small_arm_moveit_cpp/src/gripper_open.cpp:[m[K In member function ‘[01m[Kvoid GripperControlService::handle_service(...)[m[K’:
[01m[K/home/darkdemon/work/motor_control/src/tb4_arm_ros2/small_arm_moveit_cpp/src/gripper_open.cpp:29:7:[m[K [01;31m[Kerror: [m[K‘[01m[Kresponse[m[K’ was not declared in this scope
   29 |       [01;31m[Kresponse[m[K->success = false;
      |       [01;31m[K^~~~~~~~[m[K
[01m[K/home/darkdemon/work/motor_control/src/tb4_arm_ros2/small_arm_moveit_cpp/src/gripper_open.cpp:34:27:[m[K [01;31m[Kerror: [m[K‘[01m[Krequest[m[K’ was not declared in this scope
   34 |     double target_value = [01;31m[Krequest[m[K->close ? 0.0 : 3.0;
      |                           [01;31m[K^~~~~~~[m[K
[01m[K/home/darkdemon/work/motor_control/src/tb4_arm_ros2/small_arm_moveit_cpp/src/auto_pose_goal.cpp:18:37:[m[K [01;31m[Kerror: [m[K‘[01m[Kyour_package[m[K’ was not declared in this scope
   18 |     service_ = this->create_service<[01;31m[Kyour_package[m[K::srv::PoseRequest>(
      |                                     [01;31m[K^~~~~~~~~~~~[m[K
[01m[K/home/darkdemon/work/motor_control/src/tb4_arm_ros2/small_arm_moveit_cpp/src/auto_pose_goal.cpp:18:22:[m[K [01;31m[Kerror: [m[Kparse error in template argument list
   18 |     service_ = this->[01;31m[Kcreate_service<your_package::srv::PoseRequest>[m[K(
      |                      [01;31m[K^~~~~~~~~~~~~~~~~~~~~~~~~~~~~~~~~~~~~~~~~~~~~~[m[K
[01m[K/home/darkdemon/work/motor_control/src/tb4_arm_ros2/small_arm_moveit_cpp/src/auto_pose_goal.cpp:18:68:[m[K [01;31m[Kerror: [m[Kno matching function for call to ‘[01m[KAutoPoseService::create_service<<expression error> >(const char [18], std::_Bind_helper<false, void (AutoPoseService::*)(...), AutoPoseService*, const std::_Placeholder<1>&, const std::_Placeholder<2>&>::type)[m[K’
   18 |     service_ = [01;31m[Kthis->create_service<your_package::srv::PoseRequest>([m[K
      |                [01;31m[K~~~~~~~~~~~~~~~~~~~~~~~~~~~~~~~~~~~~~~~~~~~~~~~~~~~~^[m[K
   19 | [01;31m[K      "auto_pose_service", std::bind(&AutoPoseService::handle_service, this, _1, _2))[m[K;
      |       [01;31m[K~~~~~~~~~~~~~~~~~~~~~~~~~~~~~~~~~~~~~~~~~~~~~~~~~~~~~~~~~~~~~~~~~~~~~~~~~~~~~~~[m[K
In file included from [01m[K/opt/ros/humble/include/rclcpp/rclcpp/executors/single_threaded_executor.hpp:28[m[K,
                 from [01m[K/opt/ros/humble/include/rclcpp/rclcpp/executors.hpp:22[m[K,
                 from [01m[K/opt/ros/humble/include/rclcpp/rclcpp/rclcpp.hpp:155[m[K,
                 from [01m[K/home/darkdemon/work/motor_control/src/tb4_arm_ros2/small_arm_moveit_cpp/src/auto_pose_goal.cpp:2[m[K:
[01m[K/opt/ros/humble/include/rclcpp/rclcpp/node.hpp:267:3:[m[K [01;36m[Knote: [m[Kcandidate: ‘[01m[Ktemplate<class ServiceT, class CallbackT> typename rclcpp::Service<ServiceT>::SharedPtr rclcpp::Node::create_service(const string&, CallbackT&&, const rmw_qos_profile_t&, rclcpp::CallbackGroup::SharedPtr)[m[K’
  267 |   [01;36m[Kcreate_service[m[K(
      |   [01;36m[K^~~~~~~~~~~~~~[m[K
[01m[K/opt/ros/humble/include/rclcpp/rclcpp/node.hpp:267:3:[m[K [01;36m[Knote: [m[K  template argument deduction/substitution failed:
[01m[K/home/darkdemon/work/motor_control/src/tb4_arm_ros2/small_arm_moveit_cpp/src/auto_pose_goal.cpp:18:68:[m[K [01;31m[Kerror: [m[Ktemplate argument 1 is invalid
   18 |     service_ = [01;31m[Kthis->create_service<your_package::srv::PoseRequest>([m[K
      |                [01;31m[K~~~~~~~~~~~~~~~~~~~~~~~~~~~~~~~~~~~~~~~~~~~~~~~~~~~~^[m[K
   19 | [01;31m[K      "auto_pose_service", std::bind(&AutoPoseService::handle_service, this, _1, _2))[m[K;
      |       [01;31m[K~~~~~~~~~~~~~~~~~~~~~~~~~~~~~~~~~~~~~~~~~~~~~~~~~~~~~~~~~~~~~~~~~~~~~~~~~~~~~~~[m[K
[01m[K/home/darkdemon/work/motor_control/src/tb4_arm_ros2/small_arm_moveit_cpp/src/gripper_open.cpp:47:7:[m[K [01;31m[Kerror: [m[K‘[01m[Kresponse[m[K’ was not declared in this scope
   47 |       [01;31m[Kresponse[m[K->success = true;
      |       [01;31m[K^~~~~~~~[m[K
[01m[K/home/darkdemon/work/motor_control/src/tb4_arm_ros2/small_arm_moveit_cpp/src/auto_pose_goal.cpp:[m[K In member function ‘[01m[Kvoid AutoPoseService::handle_service(...)[m[K’:
[01m[K/home/darkdemon/work/motor_control/src/tb4_arm_ros2/small_arm_moveit_cpp/src/auto_pose_goal.cpp:30:17:[m[K [01;31m[Kerror: [m[K‘[01m[Krequest[m[K’ was not declared in this scope
   30 |     auto pose = [01;31m[Krequest[m[K->target_pose;
      |                 [01;31m[K^~~~~~~[m[K
[01m[K/home/darkdemon/work/motor_control/src/tb4_arm_ros2/small_arm_moveit_cpp/src/gripper_open.cpp:51:7:[m[K [01;31m[Kerror: [m[K‘[01m[Kresponse[m[K’ was not declared in this scope
   51 |       [01;31m[Kresponse[m[K->success = false;
      |       [01;31m[K^~~~~~~~[m[K
[01m[K/home/darkdemon/work/motor_control/src/tb4_arm_ros2/small_arm_moveit_cpp/src/auto_pose_goal.cpp:40:7:[m[K [01;31m[Kerror: [m[K‘[01m[Kresponse[m[K’ was not declared in this scope
   40 |       [01;31m[Kresponse[m[K->success = false;
      |       [01;31m[K^~~~~~~~[m[K
[01m[K/home/darkdemon/work/motor_control/src/tb4_arm_ros2/small_arm_moveit_cpp/src/auto_pose_goal.cpp:52:7:[m[K [01;31m[Kerror: [m[K‘[01m[Kresponse[m[K’ was not declared in this scope
   52 |       [01;31m[Kresponse[m[K->success = true;
      |       [01;31m[K^~~~~~~~[m[K
[01m[K/home/darkdemon/work/motor_control/src/tb4_arm_ros2/small_arm_moveit_cpp/src/auto_pose_goal.cpp:55:7:[m[K [01;31m[Kerror: [m[K‘[01m[Kresponse[m[K’ was not declared in this scope
   55 |       [01;31m[Kresponse[m[K->success = false;
      |       [01;31m[K^~~~~~~~[m[K
gmake[2]: *** [CMakeFiles/gripper_open.dir/build.make:76: CMakeFiles/gripper_open.dir/src/gripper_open.cpp.o] Error 1
gmake[2]: *** [CMakeFiles/auto_pose_goal.dir/build.make:76: CMakeFiles/auto_pose_goal.dir/src/auto_pose_goal.cpp.o] Error 1
gmake[1]: *** [CMakeFiles/Makefile2:193: CMakeFiles/gripper_open.dir/all] Error 2
gmake[1]: *** Waiting for unfinished jobs....
gmake[1]: *** [CMakeFiles/Makefile2:141: CMakeFiles/auto_pose_goal.dir/all] Error 2
gmake: *** [Makefile:146: all] Error 2
