[1.304s] Invoking command in '/home/darkdemon/work/motor_control/src/RobotSot/src/map_tool': PYTHONPATH=/home/darkdemon/work/motor_control/build/map_tool/prefix_override:/usr/lib/python3/dist-packages/colcon_core/task/python/colcon_distutils_commands:/home/darkdemon/work/motor_control/install/map_tool/lib/python3.10/site-packages:${PYTHONPATH} /usr/bin/python3 -W ignore:setup.py install is deprecated -W ignore:easy_install command is deprecated setup.py egg_info --egg-base ../../../../build/map_tool build --build-base /home/darkdemon/work/motor_control/build/map_tool/build install --record /home/darkdemon/work/motor_control/build/map_tool/install.log --single-version-externally-managed install_data
[1.514s] running egg_info
[1.514s] writing ../../../../build/map_tool/map_tool.egg-info/PKG-INFO
[1.515s] writing dependency_links to ../../../../build/map_tool/map_tool.egg-info/dependency_links.txt
[1.515s] writing entry points to ../../../../build/map_tool/map_tool.egg-info/entry_points.txt
[1.515s] writing requirements to ../../../../build/map_tool/map_tool.egg-info/requires.txt
[1.515s] writing top-level names to ../../../../build/map_tool/map_tool.egg-info/top_level.txt
[1.516s] reading manifest file '../../../../build/map_tool/map_tool.egg-info/SOURCES.txt'
[1.516s] writing manifest file '../../../../build/map_tool/map_tool.egg-info/SOURCES.txt'
[1.516s] running build
[1.516s] running build_py
[1.516s] running install
[1.517s] running install_lib
[1.518s] running install_data
[1.518s] running install_egg_info
[1.522s] removing '/home/darkdemon/work/motor_control/install/map_tool/lib/python3.10/site-packages/map_tool-0.0.0-py3.10.egg-info' (and everything under it)
[1.522s] Copying ../../../../build/map_tool/map_tool.egg-info to /home/darkdemon/work/motor_control/install/map_tool/lib/python3.10/site-packages/map_tool-0.0.0-py3.10.egg-info
[1.522s] running install_scripts
[1.537s] Installing cmd_sender script to /home/darkdemon/work/motor_control/install/map_tool/lib/map_tool
[1.538s] Installing measure script to /home/darkdemon/work/motor_control/install/map_tool/lib/map_tool
[1.538s] Installing platform script to /home/darkdemon/work/motor_control/install/map_tool/lib/map_tool
[1.538s] writing list of installed files to '/home/darkdemon/work/motor_control/build/map_tool/install.log'
[1.558s] Invoked command in '/home/darkdemon/work/motor_control/src/RobotSot/src/map_tool' returned '0': PYTHONPATH=/home/darkdemon/work/motor_control/build/map_tool/prefix_override:/usr/lib/python3/dist-packages/colcon_core/task/python/colcon_distutils_commands:/home/darkdemon/work/motor_control/install/map_tool/lib/python3.10/site-packages:${PYTHONPATH} /usr/bin/python3 -W ignore:setup.py install is deprecated -W ignore:easy_install command is deprecated setup.py egg_info --egg-base ../../../../build/map_tool build --build-base /home/darkdemon/work/motor_control/build/map_tool/build install --record /home/darkdemon/work/motor_control/build/map_tool/install.log --single-version-externally-managed install_data
