[0.209s] DEBUG:colcon:Command line arguments: ['/usr/bin/colcon', 'build']
[0.209s] DEBUG:colcon:Parsed command line arguments: Namespace(log_base=None, log_level=None, verb_name='build', build_base='build', install_base='install', merge_install=False, symlink_install=False, test_result_base=None, continue_on_error=False, executor='parallel', parallel_workers=20, event_handlers=None, ignore_user_meta=False, metas=['./colcon.meta'], base_paths=['.'], packages_ignore=None, packages_ignore_regex=None, paths=None, packages_up_to=None, packages_up_to_regex=None, packages_above=None, packages_above_and_dependencies=None, packages_above_depth=None, packages_select_by_dep=None, packages_skip_by_dep=None, packages_skip_up_to=None, packages_select_build_failed=False, packages_skip_build_finished=False, packages_select_test_failures=False, packages_skip_test_passed=False, packages_select=None, packages_skip=None, packages_select_regex=None, packages_skip_regex=None, packages_start=None, packages_end=None, cmake_args=None, cmake_target=None, cmake_target_skip_unavailable=False, cmake_clean_cache=False, cmake_clean_first=False, cmake_force_configure=False, ament_cmake_args=None, catkin_cmake_args=None, catkin_skip_building_tests=False, verb_parser=<colcon_defaults.argument_parser.defaults.DefaultArgumentsDecorator object at 0x70db67797340>, verb_extension=<colcon_core.verb.build.BuildVerb object at 0x70db67796e00>, main=<bound method BuildVerb.main of <colcon_core.verb.build.BuildVerb object at 0x70db67796e00>>)
[0.358s] Level 1:colcon.colcon_core.package_discovery:discover_packages(colcon_meta) check parameters
[0.358s] Level 1:colcon.colcon_core.package_discovery:discover_packages(recursive) check parameters
[0.358s] Level 1:colcon.colcon_core.package_discovery:discover_packages(ignore) check parameters
[0.358s] Level 1:colcon.colcon_core.package_discovery:discover_packages(path) check parameters
[0.358s] Level 1:colcon.colcon_core.package_discovery:discover_packages(colcon_meta) discover
[0.358s] Level 1:colcon.colcon_core.package_discovery:discover_packages(recursive) discover
[0.358s] INFO:colcon.colcon_core.package_discovery:Crawling recursively for packages in '/home/darkdemon/work'
[0.358s] Level 1:colcon.colcon_core.package_identification:_identify(.) by extensions ['ignore', 'ignore_ament_install']
[0.358s] Level 1:colcon.colcon_core.package_identification:_identify(.) by extension 'ignore'
[0.358s] Level 1:colcon.colcon_core.package_identification:_identify(.) by extension 'ignore_ament_install'
[0.358s] Level 1:colcon.colcon_core.package_identification:_identify(.) by extensions ['colcon_pkg']
[0.358s] Level 1:colcon.colcon_core.package_identification:_identify(.) by extension 'colcon_pkg'
[0.358s] Level 1:colcon.colcon_core.package_identification:_identify(.) by extensions ['colcon_meta']
[0.358s] Level 1:colcon.colcon_core.package_identification:_identify(.) by extension 'colcon_meta'
[0.358s] Level 1:colcon.colcon_core.package_identification:_identify(.) by extensions ['ros']
[0.358s] Level 1:colcon.colcon_core.package_identification:_identify(.) by extension 'ros'
[0.368s] Level 1:colcon.colcon_core.package_identification:_identify(.) by extensions ['cmake', 'python']
[0.368s] Level 1:colcon.colcon_core.package_identification:_identify(.) by extension 'cmake'
[0.368s] Level 1:colcon.colcon_core.package_identification:_identify(.) by extension 'python'
[0.368s] Level 1:colcon.colcon_core.package_identification:_identify(.) by extensions ['python_setup_py']
[0.368s] Level 1:colcon.colcon_core.package_identification:_identify(.) by extension 'python_setup_py'
[0.368s] Level 1:colcon.colcon_core.package_identification:_identify(build) by extensions ['ignore', 'ignore_ament_install']
[0.368s] Level 1:colcon.colcon_core.package_identification:_identify(build) by extension 'ignore'
[0.368s] Level 1:colcon.colcon_core.package_identification:_identify(build) ignored
[0.368s] Level 1:colcon.colcon_core.package_identification:_identify(install) by extensions ['ignore', 'ignore_ament_install']
[0.368s] Level 1:colcon.colcon_core.package_identification:_identify(install) by extension 'ignore'
[0.368s] Level 1:colcon.colcon_core.package_identification:_identify(install) ignored
[0.369s] Level 1:colcon.colcon_core.package_identification:_identify(log) by extensions ['ignore', 'ignore_ament_install']
[0.369s] Level 1:colcon.colcon_core.package_identification:_identify(log) by extension 'ignore'
[0.369s] Level 1:colcon.colcon_core.package_identification:_identify(log) ignored
[0.369s] Level 1:colcon.colcon_core.package_identification:_identify(motor_control) by extensions ['ignore', 'ignore_ament_install']
[0.369s] Level 1:colcon.colcon_core.package_identification:_identify(motor_control) by extension 'ignore'
[0.369s] Level 1:colcon.colcon_core.package_identification:_identify(motor_control) by extension 'ignore_ament_install'
[0.369s] Level 1:colcon.colcon_core.package_identification:_identify(motor_control) by extensions ['colcon_pkg']
[0.369s] Level 1:colcon.colcon_core.package_identification:_identify(motor_control) by extension 'colcon_pkg'
[0.369s] Level 1:colcon.colcon_core.package_identification:_identify(motor_control) by extensions ['colcon_meta']
[0.369s] Level 1:colcon.colcon_core.package_identification:_identify(motor_control) by extension 'colcon_meta'
[0.369s] Level 1:colcon.colcon_core.package_identification:_identify(motor_control) by extensions ['ros']
[0.369s] Level 1:colcon.colcon_core.package_identification:_identify(motor_control) by extension 'ros'
[0.369s] Level 1:colcon.colcon_core.package_identification:_identify(motor_control) by extensions ['cmake', 'python']
[0.369s] Level 1:colcon.colcon_core.package_identification:_identify(motor_control) by extension 'cmake'
[0.369s] Level 1:colcon.colcon_core.package_identification:_identify(motor_control) by extension 'python'
[0.369s] Level 1:colcon.colcon_core.package_identification:_identify(motor_control) by extensions ['python_setup_py']
[0.369s] Level 1:colcon.colcon_core.package_identification:_identify(motor_control) by extension 'python_setup_py'
[0.369s] Level 1:colcon.colcon_core.package_identification:_identify(motor_control/build) by extensions ['ignore', 'ignore_ament_install']
[0.369s] Level 1:colcon.colcon_core.package_identification:_identify(motor_control/build) by extension 'ignore'
[0.369s] Level 1:colcon.colcon_core.package_identification:_identify(motor_control/build) ignored
[0.369s] Level 1:colcon.colcon_core.package_identification:_identify(motor_control/install) by extensions ['ignore', 'ignore_ament_install']
[0.369s] Level 1:colcon.colcon_core.package_identification:_identify(motor_control/install) by extension 'ignore'
[0.369s] Level 1:colcon.colcon_core.package_identification:_identify(motor_control/install) ignored
[0.369s] Level 1:colcon.colcon_core.package_identification:_identify(motor_control/log) by extensions ['ignore', 'ignore_ament_install']
[0.369s] Level 1:colcon.colcon_core.package_identification:_identify(motor_control/log) by extension 'ignore'
[0.369s] Level 1:colcon.colcon_core.package_identification:_identify(motor_control/log) ignored
[0.369s] Level 1:colcon.colcon_core.package_identification:_identify(motor_control/src) by extensions ['ignore', 'ignore_ament_install']
[0.369s] Level 1:colcon.colcon_core.package_identification:_identify(motor_control/src) by extension 'ignore'
[0.369s] Level 1:colcon.colcon_core.package_identification:_identify(motor_control/src) by extension 'ignore_ament_install'
[0.369s] Level 1:colcon.colcon_core.package_identification:_identify(motor_control/src) by extensions ['colcon_pkg']
[0.369s] Level 1:colcon.colcon_core.package_identification:_identify(motor_control/src) by extension 'colcon_pkg'
[0.369s] Level 1:colcon.colcon_core.package_identification:_identify(motor_control/src) by extensions ['colcon_meta']
[0.369s] Level 1:colcon.colcon_core.package_identification:_identify(motor_control/src) by extension 'colcon_meta'
[0.369s] Level 1:colcon.colcon_core.package_identification:_identify(motor_control/src) by extensions ['ros']
[0.369s] Level 1:colcon.colcon_core.package_identification:_identify(motor_control/src) by extension 'ros'
[0.369s] Level 1:colcon.colcon_core.package_identification:_identify(motor_control/src) by extensions ['cmake', 'python']
[0.369s] Level 1:colcon.colcon_core.package_identification:_identify(motor_control/src) by extension 'cmake'
[0.369s] Level 1:colcon.colcon_core.package_identification:_identify(motor_control/src) by extension 'python'
[0.369s] Level 1:colcon.colcon_core.package_identification:_identify(motor_control/src) by extensions ['python_setup_py']
[0.369s] Level 1:colcon.colcon_core.package_identification:_identify(motor_control/src) by extension 'python_setup_py'
[0.370s] Level 1:colcon.colcon_core.package_identification:_identify(motor_control/src/RobotSot) by extensions ['ignore', 'ignore_ament_install']
[0.370s] Level 1:colcon.colcon_core.package_identification:_identify(motor_control/src/RobotSot) by extension 'ignore'
[0.370s] Level 1:colcon.colcon_core.package_identification:_identify(motor_control/src/RobotSot) by extension 'ignore_ament_install'
[0.370s] Level 1:colcon.colcon_core.package_identification:_identify(motor_control/src/RobotSot) by extensions ['colcon_pkg']
[0.370s] Level 1:colcon.colcon_core.package_identification:_identify(motor_control/src/RobotSot) by extension 'colcon_pkg'
[0.370s] Level 1:colcon.colcon_core.package_identification:_identify(motor_control/src/RobotSot) by extensions ['colcon_meta']
[0.370s] Level 1:colcon.colcon_core.package_identification:_identify(motor_control/src/RobotSot) by extension 'colcon_meta'
[0.370s] Level 1:colcon.colcon_core.package_identification:_identify(motor_control/src/RobotSot) by extensions ['ros']
[0.370s] Level 1:colcon.colcon_core.package_identification:_identify(motor_control/src/RobotSot) by extension 'ros'
[0.370s] Level 1:colcon.colcon_core.package_identification:_identify(motor_control/src/RobotSot) by extensions ['cmake', 'python']
[0.370s] Level 1:colcon.colcon_core.package_identification:_identify(motor_control/src/RobotSot) by extension 'cmake'
[0.370s] Level 1:colcon.colcon_core.package_identification:_identify(motor_control/src/RobotSot) by extension 'python'
[0.370s] Level 1:colcon.colcon_core.package_identification:_identify(motor_control/src/RobotSot) by extensions ['python_setup_py']
[0.370s] Level 1:colcon.colcon_core.package_identification:_identify(motor_control/src/RobotSot) by extension 'python_setup_py'
[0.370s] Level 1:colcon.colcon_core.package_identification:_identify(motor_control/src/RobotSot/config) by extensions ['ignore', 'ignore_ament_install']
[0.370s] Level 1:colcon.colcon_core.package_identification:_identify(motor_control/src/RobotSot/config) by extension 'ignore'
[0.370s] Level 1:colcon.colcon_core.package_identification:_identify(motor_control/src/RobotSot/config) by extension 'ignore_ament_install'
[0.370s] Level 1:colcon.colcon_core.package_identification:_identify(motor_control/src/RobotSot/config) by extensions ['colcon_pkg']
[0.370s] Level 1:colcon.colcon_core.package_identification:_identify(motor_control/src/RobotSot/config) by extension 'colcon_pkg'
[0.370s] Level 1:colcon.colcon_core.package_identification:_identify(motor_control/src/RobotSot/config) by extensions ['colcon_meta']
[0.370s] Level 1:colcon.colcon_core.package_identification:_identify(motor_control/src/RobotSot/config) by extension 'colcon_meta'
[0.370s] Level 1:colcon.colcon_core.package_identification:_identify(motor_control/src/RobotSot/config) by extensions ['ros']
[0.370s] Level 1:colcon.colcon_core.package_identification:_identify(motor_control/src/RobotSot/config) by extension 'ros'
[0.370s] Level 1:colcon.colcon_core.package_identification:_identify(motor_control/src/RobotSot/config) by extensions ['cmake', 'python']
[0.370s] Level 1:colcon.colcon_core.package_identification:_identify(motor_control/src/RobotSot/config) by extension 'cmake'
[0.370s] Level 1:colcon.colcon_core.package_identification:_identify(motor_control/src/RobotSot/config) by extension 'python'
[0.370s] Level 1:colcon.colcon_core.package_identification:_identify(motor_control/src/RobotSot/config) by extensions ['python_setup_py']
[0.370s] Level 1:colcon.colcon_core.package_identification:_identify(motor_control/src/RobotSot/config) by extension 'python_setup_py'
[0.370s] Level 1:colcon.colcon_core.package_identification:_identify(motor_control/src/RobotSot/config/deprecated) by extensions ['ignore', 'ignore_ament_install']
[0.370s] Level 1:colcon.colcon_core.package_identification:_identify(motor_control/src/RobotSot/config/deprecated) by extension 'ignore'
[0.370s] Level 1:colcon.colcon_core.package_identification:_identify(motor_control/src/RobotSot/config/deprecated) by extension 'ignore_ament_install'
[0.370s] Level 1:colcon.colcon_core.package_identification:_identify(motor_control/src/RobotSot/config/deprecated) by extensions ['colcon_pkg']
[0.370s] Level 1:colcon.colcon_core.package_identification:_identify(motor_control/src/RobotSot/config/deprecated) by extension 'colcon_pkg'
[0.370s] Level 1:colcon.colcon_core.package_identification:_identify(motor_control/src/RobotSot/config/deprecated) by extensions ['colcon_meta']
[0.370s] Level 1:colcon.colcon_core.package_identification:_identify(motor_control/src/RobotSot/config/deprecated) by extension 'colcon_meta'
[0.370s] Level 1:colcon.colcon_core.package_identification:_identify(motor_control/src/RobotSot/config/deprecated) by extensions ['ros']
[0.370s] Level 1:colcon.colcon_core.package_identification:_identify(motor_control/src/RobotSot/config/deprecated) by extension 'ros'
[0.370s] Level 1:colcon.colcon_core.package_identification:_identify(motor_control/src/RobotSot/config/deprecated) by extensions ['cmake', 'python']
[0.370s] Level 1:colcon.colcon_core.package_identification:_identify(motor_control/src/RobotSot/config/deprecated) by extension 'cmake'
[0.370s] Level 1:colcon.colcon_core.package_identification:_identify(motor_control/src/RobotSot/config/deprecated) by extension 'python'
[0.370s] Level 1:colcon.colcon_core.package_identification:_identify(motor_control/src/RobotSot/config/deprecated) by extensions ['python_setup_py']
[0.370s] Level 1:colcon.colcon_core.package_identification:_identify(motor_control/src/RobotSot/config/deprecated) by extension 'python_setup_py'
[0.370s] Level 1:colcon.colcon_core.package_identification:_identify(motor_control/src/RobotSot/script) by extensions ['ignore', 'ignore_ament_install']
[0.370s] Level 1:colcon.colcon_core.package_identification:_identify(motor_control/src/RobotSot/script) by extension 'ignore'
[0.370s] Level 1:colcon.colcon_core.package_identification:_identify(motor_control/src/RobotSot/script) by extension 'ignore_ament_install'
[0.370s] Level 1:colcon.colcon_core.package_identification:_identify(motor_control/src/RobotSot/script) by extensions ['colcon_pkg']
[0.370s] Level 1:colcon.colcon_core.package_identification:_identify(motor_control/src/RobotSot/script) by extension 'colcon_pkg'
[0.370s] Level 1:colcon.colcon_core.package_identification:_identify(motor_control/src/RobotSot/script) by extensions ['colcon_meta']
[0.370s] Level 1:colcon.colcon_core.package_identification:_identify(motor_control/src/RobotSot/script) by extension 'colcon_meta'
[0.371s] Level 1:colcon.colcon_core.package_identification:_identify(motor_control/src/RobotSot/script) by extensions ['ros']
[0.371s] Level 1:colcon.colcon_core.package_identification:_identify(motor_control/src/RobotSot/script) by extension 'ros'
[0.371s] Level 1:colcon.colcon_core.package_identification:_identify(motor_control/src/RobotSot/script) by extensions ['cmake', 'python']
[0.371s] Level 1:colcon.colcon_core.package_identification:_identify(motor_control/src/RobotSot/script) by extension 'cmake'
[0.371s] Level 1:colcon.colcon_core.package_identification:_identify(motor_control/src/RobotSot/script) by extension 'python'
[0.371s] Level 1:colcon.colcon_core.package_identification:_identify(motor_control/src/RobotSot/script) by extensions ['python_setup_py']
[0.371s] Level 1:colcon.colcon_core.package_identification:_identify(motor_control/src/RobotSot/script) by extension 'python_setup_py'
[0.371s] Level 1:colcon.colcon_core.package_identification:_identify(motor_control/src/RobotSot/script/deprecated) by extensions ['ignore', 'ignore_ament_install']
[0.371s] Level 1:colcon.colcon_core.package_identification:_identify(motor_control/src/RobotSot/script/deprecated) by extension 'ignore'
[0.371s] Level 1:colcon.colcon_core.package_identification:_identify(motor_control/src/RobotSot/script/deprecated) by extension 'ignore_ament_install'
[0.371s] Level 1:colcon.colcon_core.package_identification:_identify(motor_control/src/RobotSot/script/deprecated) by extensions ['colcon_pkg']
[0.371s] Level 1:colcon.colcon_core.package_identification:_identify(motor_control/src/RobotSot/script/deprecated) by extension 'colcon_pkg'
[0.371s] Level 1:colcon.colcon_core.package_identification:_identify(motor_control/src/RobotSot/script/deprecated) by extensions ['colcon_meta']
[0.371s] Level 1:colcon.colcon_core.package_identification:_identify(motor_control/src/RobotSot/script/deprecated) by extension 'colcon_meta'
[0.371s] Level 1:colcon.colcon_core.package_identification:_identify(motor_control/src/RobotSot/script/deprecated) by extensions ['ros']
[0.371s] Level 1:colcon.colcon_core.package_identification:_identify(motor_control/src/RobotSot/script/deprecated) by extension 'ros'
[0.371s] Level 1:colcon.colcon_core.package_identification:_identify(motor_control/src/RobotSot/script/deprecated) by extensions ['cmake', 'python']
[0.371s] Level 1:colcon.colcon_core.package_identification:_identify(motor_control/src/RobotSot/script/deprecated) by extension 'cmake'
[0.371s] Level 1:colcon.colcon_core.package_identification:_identify(motor_control/src/RobotSot/script/deprecated) by extension 'python'
[0.371s] Level 1:colcon.colcon_core.package_identification:_identify(motor_control/src/RobotSot/script/deprecated) by extensions ['python_setup_py']
[0.371s] Level 1:colcon.colcon_core.package_identification:_identify(motor_control/src/RobotSot/script/deprecated) by extension 'python_setup_py'
[0.371s] Level 1:colcon.colcon_core.package_identification:_identify(motor_control/src/RobotSot/src) by extensions ['ignore', 'ignore_ament_install']
[0.371s] Level 1:colcon.colcon_core.package_identification:_identify(motor_control/src/RobotSot/src) by extension 'ignore'
[0.371s] Level 1:colcon.colcon_core.package_identification:_identify(motor_control/src/RobotSot/src) by extension 'ignore_ament_install'
[0.371s] Level 1:colcon.colcon_core.package_identification:_identify(motor_control/src/RobotSot/src) by extensions ['colcon_pkg']
[0.371s] Level 1:colcon.colcon_core.package_identification:_identify(motor_control/src/RobotSot/src) by extension 'colcon_pkg'
[0.371s] Level 1:colcon.colcon_core.package_identification:_identify(motor_control/src/RobotSot/src) by extensions ['colcon_meta']
[0.371s] Level 1:colcon.colcon_core.package_identification:_identify(motor_control/src/RobotSot/src) by extension 'colcon_meta'
[0.371s] Level 1:colcon.colcon_core.package_identification:_identify(motor_control/src/RobotSot/src) by extensions ['ros']
[0.371s] Level 1:colcon.colcon_core.package_identification:_identify(motor_control/src/RobotSot/src) by extension 'ros'
[0.371s] Level 1:colcon.colcon_core.package_identification:_identify(motor_control/src/RobotSot/src) by extensions ['cmake', 'python']
[0.371s] Level 1:colcon.colcon_core.package_identification:_identify(motor_control/src/RobotSot/src) by extension 'cmake'
[0.371s] Level 1:colcon.colcon_core.package_identification:_identify(motor_control/src/RobotSot/src) by extension 'python'
[0.371s] Level 1:colcon.colcon_core.package_identification:_identify(motor_control/src/RobotSot/src) by extensions ['python_setup_py']
[0.371s] Level 1:colcon.colcon_core.package_identification:_identify(motor_control/src/RobotSot/src) by extension 'python_setup_py'
[0.371s] Level 1:colcon.colcon_core.package_identification:_identify(motor_control/src/RobotSot/src/lidar_filter) by extensions ['ignore', 'ignore_ament_install']
[0.371s] Level 1:colcon.colcon_core.package_identification:_identify(motor_control/src/RobotSot/src/lidar_filter) by extension 'ignore'
[0.371s] Level 1:colcon.colcon_core.package_identification:_identify(motor_control/src/RobotSot/src/lidar_filter) by extension 'ignore_ament_install'
[0.371s] Level 1:colcon.colcon_core.package_identification:_identify(motor_control/src/RobotSot/src/lidar_filter) by extensions ['colcon_pkg']
[0.371s] Level 1:colcon.colcon_core.package_identification:_identify(motor_control/src/RobotSot/src/lidar_filter) by extension 'colcon_pkg'
[0.371s] Level 1:colcon.colcon_core.package_identification:_identify(motor_control/src/RobotSot/src/lidar_filter) by extensions ['colcon_meta']
[0.371s] Level 1:colcon.colcon_core.package_identification:_identify(motor_control/src/RobotSot/src/lidar_filter) by extension 'colcon_meta'
[0.371s] Level 1:colcon.colcon_core.package_identification:_identify(motor_control/src/RobotSot/src/lidar_filter) by extensions ['ros']
[0.371s] Level 1:colcon.colcon_core.package_identification:_identify(motor_control/src/RobotSot/src/lidar_filter) by extension 'ros'
[0.373s] DEBUG:colcon.colcon_core.package_identification:Package 'motor_control/src/RobotSot/src/lidar_filter' with type 'ros.ament_python' and name 'lidar_filter'
[0.374s] Level 1:colcon.colcon_core.package_identification:_identify(motor_control/src/RobotSot/src/map_if) by extensions ['ignore', 'ignore_ament_install']
[0.374s] Level 1:colcon.colcon_core.package_identification:_identify(motor_control/src/RobotSot/src/map_if) by extension 'ignore'
[0.374s] Level 1:colcon.colcon_core.package_identification:_identify(motor_control/src/RobotSot/src/map_if) by extension 'ignore_ament_install'
[0.374s] Level 1:colcon.colcon_core.package_identification:_identify(motor_control/src/RobotSot/src/map_if) by extensions ['colcon_pkg']
[0.374s] Level 1:colcon.colcon_core.package_identification:_identify(motor_control/src/RobotSot/src/map_if) by extension 'colcon_pkg'
[0.374s] Level 1:colcon.colcon_core.package_identification:_identify(motor_control/src/RobotSot/src/map_if) by extensions ['colcon_meta']
[0.374s] Level 1:colcon.colcon_core.package_identification:_identify(motor_control/src/RobotSot/src/map_if) by extension 'colcon_meta'
[0.374s] Level 1:colcon.colcon_core.package_identification:_identify(motor_control/src/RobotSot/src/map_if) by extensions ['ros']
[0.374s] Level 1:colcon.colcon_core.package_identification:_identify(motor_control/src/RobotSot/src/map_if) by extension 'ros'
[0.374s] DEBUG:colcon.colcon_core.package_identification:Package 'motor_control/src/RobotSot/src/map_if' with type 'ros.ament_cmake' and name 'map_if'
[0.374s] Level 1:colcon.colcon_core.package_identification:_identify(motor_control/src/RobotSot/src/map_tool) by extensions ['ignore', 'ignore_ament_install']
[0.374s] Level 1:colcon.colcon_core.package_identification:_identify(motor_control/src/RobotSot/src/map_tool) by extension 'ignore'
[0.374s] Level 1:colcon.colcon_core.package_identification:_identify(motor_control/src/RobotSot/src/map_tool) by extension 'ignore_ament_install'
[0.374s] Level 1:colcon.colcon_core.package_identification:_identify(motor_control/src/RobotSot/src/map_tool) by extensions ['colcon_pkg']
[0.374s] Level 1:colcon.colcon_core.package_identification:_identify(motor_control/src/RobotSot/src/map_tool) by extension 'colcon_pkg'
[0.374s] Level 1:colcon.colcon_core.package_identification:_identify(motor_control/src/RobotSot/src/map_tool) by extensions ['colcon_meta']
[0.374s] Level 1:colcon.colcon_core.package_identification:_identify(motor_control/src/RobotSot/src/map_tool) by extension 'colcon_meta'
[0.374s] Level 1:colcon.colcon_core.package_identification:_identify(motor_control/src/RobotSot/src/map_tool) by extensions ['ros']
[0.374s] Level 1:colcon.colcon_core.package_identification:_identify(motor_control/src/RobotSot/src/map_tool) by extension 'ros'
[0.375s] DEBUG:colcon.colcon_core.package_identification:Package 'motor_control/src/RobotSot/src/map_tool' with type 'ros.ament_python' and name 'map_tool'
[0.375s] Level 1:colcon.colcon_core.package_identification:_identify(motor_control/src/RobotSot/src/visual) by extensions ['ignore', 'ignore_ament_install']
[0.375s] Level 1:colcon.colcon_core.package_identification:_identify(motor_control/src/RobotSot/src/visual) by extension 'ignore'
[0.375s] Level 1:colcon.colcon_core.package_identification:_identify(motor_control/src/RobotSot/src/visual) by extension 'ignore_ament_install'
[0.375s] Level 1:colcon.colcon_core.package_identification:_identify(motor_control/src/RobotSot/src/visual) by extensions ['colcon_pkg']
[0.375s] Level 1:colcon.colcon_core.package_identification:_identify(motor_control/src/RobotSot/src/visual) by extension 'colcon_pkg'
[0.375s] Level 1:colcon.colcon_core.package_identification:_identify(motor_control/src/RobotSot/src/visual) by extensions ['colcon_meta']
[0.375s] Level 1:colcon.colcon_core.package_identification:_identify(motor_control/src/RobotSot/src/visual) by extension 'colcon_meta'
[0.375s] Level 1:colcon.colcon_core.package_identification:_identify(motor_control/src/RobotSot/src/visual) by extensions ['ros']
[0.375s] Level 1:colcon.colcon_core.package_identification:_identify(motor_control/src/RobotSot/src/visual) by extension 'ros'
[0.375s] DEBUG:colcon.colcon_core.package_identification:Package 'motor_control/src/RobotSot/src/visual' with type 'ros.ament_python' and name 'visual'
[0.375s] Level 1:colcon.colcon_core.package_identification:_identify(motor_control/src/dynamixel-workbench) by extensions ['ignore', 'ignore_ament_install']
[0.375s] Level 1:colcon.colcon_core.package_identification:_identify(motor_control/src/dynamixel-workbench) by extension 'ignore'
[0.375s] Level 1:colcon.colcon_core.package_identification:_identify(motor_control/src/dynamixel-workbench) by extension 'ignore_ament_install'
[0.375s] Level 1:colcon.colcon_core.package_identification:_identify(motor_control/src/dynamixel-workbench) by extensions ['colcon_pkg']
[0.375s] Level 1:colcon.colcon_core.package_identification:_identify(motor_control/src/dynamixel-workbench) by extension 'colcon_pkg'
[0.375s] Level 1:colcon.colcon_core.package_identification:_identify(motor_control/src/dynamixel-workbench) by extensions ['colcon_meta']
[0.375s] Level 1:colcon.colcon_core.package_identification:_identify(motor_control/src/dynamixel-workbench) by extension 'colcon_meta'
[0.375s] Level 1:colcon.colcon_core.package_identification:_identify(motor_control/src/dynamixel-workbench) by extensions ['ros']
[0.375s] Level 1:colcon.colcon_core.package_identification:_identify(motor_control/src/dynamixel-workbench) by extension 'ros'
[0.375s] Level 1:colcon.colcon_core.package_identification:_identify(motor_control/src/dynamixel-workbench) by extensions ['cmake', 'python']
[0.375s] Level 1:colcon.colcon_core.package_identification:_identify(motor_control/src/dynamixel-workbench) by extension 'cmake'
[0.375s] Level 1:colcon.colcon_core.package_identification:_identify(motor_control/src/dynamixel-workbench) by extension 'python'
[0.375s] Level 1:colcon.colcon_core.package_identification:_identify(motor_control/src/dynamixel-workbench) by extensions ['python_setup_py']
[0.375s] Level 1:colcon.colcon_core.package_identification:_identify(motor_control/src/dynamixel-workbench) by extension 'python_setup_py'
[0.375s] Level 1:colcon.colcon_core.package_identification:_identify(motor_control/src/dynamixel-workbench/dynamixel_workbench) by extensions ['ignore', 'ignore_ament_install']
[0.375s] Level 1:colcon.colcon_core.package_identification:_identify(motor_control/src/dynamixel-workbench/dynamixel_workbench) by extension 'ignore'
[0.375s] Level 1:colcon.colcon_core.package_identification:_identify(motor_control/src/dynamixel-workbench/dynamixel_workbench) by extension 'ignore_ament_install'
[0.375s] Level 1:colcon.colcon_core.package_identification:_identify(motor_control/src/dynamixel-workbench/dynamixel_workbench) by extensions ['colcon_pkg']
[0.375s] Level 1:colcon.colcon_core.package_identification:_identify(motor_control/src/dynamixel-workbench/dynamixel_workbench) by extension 'colcon_pkg'
[0.375s] Level 1:colcon.colcon_core.package_identification:_identify(motor_control/src/dynamixel-workbench/dynamixel_workbench) by extensions ['colcon_meta']
[0.375s] Level 1:colcon.colcon_core.package_identification:_identify(motor_control/src/dynamixel-workbench/dynamixel_workbench) by extension 'colcon_meta'
[0.376s] Level 1:colcon.colcon_core.package_identification:_identify(motor_control/src/dynamixel-workbench/dynamixel_workbench) by extensions ['ros']
[0.376s] Level 1:colcon.colcon_core.package_identification:_identify(motor_control/src/dynamixel-workbench/dynamixel_workbench) by extension 'ros'
[0.376s] DEBUG:colcon.colcon_core.package_identification:Package 'motor_control/src/dynamixel-workbench/dynamixel_workbench' with type 'ros.ament_cmake' and name 'dynamixel_workbench'
[0.376s] Level 1:colcon.colcon_core.package_identification:_identify(motor_control/src/dynamixel-workbench/dynamixel_workbench_toolbox) by extensions ['ignore', 'ignore_ament_install']
[0.376s] Level 1:colcon.colcon_core.package_identification:_identify(motor_control/src/dynamixel-workbench/dynamixel_workbench_toolbox) by extension 'ignore'
[0.376s] Level 1:colcon.colcon_core.package_identification:_identify(motor_control/src/dynamixel-workbench/dynamixel_workbench_toolbox) by extension 'ignore_ament_install'
[0.376s] Level 1:colcon.colcon_core.package_identification:_identify(motor_control/src/dynamixel-workbench/dynamixel_workbench_toolbox) by extensions ['colcon_pkg']
[0.376s] Level 1:colcon.colcon_core.package_identification:_identify(motor_control/src/dynamixel-workbench/dynamixel_workbench_toolbox) by extension 'colcon_pkg'
[0.376s] Level 1:colcon.colcon_core.package_identification:_identify(motor_control/src/dynamixel-workbench/dynamixel_workbench_toolbox) by extensions ['colcon_meta']
[0.376s] Level 1:colcon.colcon_core.package_identification:_identify(motor_control/src/dynamixel-workbench/dynamixel_workbench_toolbox) by extension 'colcon_meta'
[0.376s] Level 1:colcon.colcon_core.package_identification:_identify(motor_control/src/dynamixel-workbench/dynamixel_workbench_toolbox) by extensions ['ros']
[0.376s] Level 1:colcon.colcon_core.package_identification:_identify(motor_control/src/dynamixel-workbench/dynamixel_workbench_toolbox) by extension 'ros'
[0.377s] DEBUG:colcon.colcon_core.package_identification:Package 'motor_control/src/dynamixel-workbench/dynamixel_workbench_toolbox' with type 'ros.ament_cmake' and name 'dynamixel_workbench_toolbox'
[0.377s] Level 1:colcon.colcon_core.package_identification:_identify(motor_control/src/dynamixel-workbench-msgs) by extensions ['ignore', 'ignore_ament_install']
[0.377s] Level 1:colcon.colcon_core.package_identification:_identify(motor_control/src/dynamixel-workbench-msgs) by extension 'ignore'
[0.377s] Level 1:colcon.colcon_core.package_identification:_identify(motor_control/src/dynamixel-workbench-msgs) by extension 'ignore_ament_install'
[0.377s] Level 1:colcon.colcon_core.package_identification:_identify(motor_control/src/dynamixel-workbench-msgs) by extensions ['colcon_pkg']
[0.377s] Level 1:colcon.colcon_core.package_identification:_identify(motor_control/src/dynamixel-workbench-msgs) by extension 'colcon_pkg'
[0.377s] Level 1:colcon.colcon_core.package_identification:_identify(motor_control/src/dynamixel-workbench-msgs) by extensions ['colcon_meta']
[0.377s] Level 1:colcon.colcon_core.package_identification:_identify(motor_control/src/dynamixel-workbench-msgs) by extension 'colcon_meta'
[0.377s] Level 1:colcon.colcon_core.package_identification:_identify(motor_control/src/dynamixel-workbench-msgs) by extensions ['ros']
[0.377s] Level 1:colcon.colcon_core.package_identification:_identify(motor_control/src/dynamixel-workbench-msgs) by extension 'ros'
[0.377s] Level 1:colcon.colcon_core.package_identification:_identify(motor_control/src/dynamixel-workbench-msgs) by extensions ['cmake', 'python']
[0.377s] Level 1:colcon.colcon_core.package_identification:_identify(motor_control/src/dynamixel-workbench-msgs) by extension 'cmake'
[0.377s] Level 1:colcon.colcon_core.package_identification:_identify(motor_control/src/dynamixel-workbench-msgs) by extension 'python'
[0.377s] Level 1:colcon.colcon_core.package_identification:_identify(motor_control/src/dynamixel-workbench-msgs) by extensions ['python_setup_py']
[0.377s] Level 1:colcon.colcon_core.package_identification:_identify(motor_control/src/dynamixel-workbench-msgs) by extension 'python_setup_py'
[0.377s] Level 1:colcon.colcon_core.package_identification:_identify(motor_control/src/dynamixel-workbench-msgs/dynamixel_workbench_msgs) by extensions ['ignore', 'ignore_ament_install']
[0.377s] Level 1:colcon.colcon_core.package_identification:_identify(motor_control/src/dynamixel-workbench-msgs/dynamixel_workbench_msgs) by extension 'ignore'
[0.377s] Level 1:colcon.colcon_core.package_identification:_identify(motor_control/src/dynamixel-workbench-msgs/dynamixel_workbench_msgs) by extension 'ignore_ament_install'
[0.377s] Level 1:colcon.colcon_core.package_identification:_identify(motor_control/src/dynamixel-workbench-msgs/dynamixel_workbench_msgs) by extensions ['colcon_pkg']
[0.377s] Level 1:colcon.colcon_core.package_identification:_identify(motor_control/src/dynamixel-workbench-msgs/dynamixel_workbench_msgs) by extension 'colcon_pkg'
[0.377s] Level 1:colcon.colcon_core.package_identification:_identify(motor_control/src/dynamixel-workbench-msgs/dynamixel_workbench_msgs) by extensions ['colcon_meta']
[0.377s] Level 1:colcon.colcon_core.package_identification:_identify(motor_control/src/dynamixel-workbench-msgs/dynamixel_workbench_msgs) by extension 'colcon_meta'
[0.377s] Level 1:colcon.colcon_core.package_identification:_identify(motor_control/src/dynamixel-workbench-msgs/dynamixel_workbench_msgs) by extensions ['ros']
[0.377s] Level 1:colcon.colcon_core.package_identification:_identify(motor_control/src/dynamixel-workbench-msgs/dynamixel_workbench_msgs) by extension 'ros'
[0.378s] DEBUG:colcon.colcon_core.package_identification:Package 'motor_control/src/dynamixel-workbench-msgs/dynamixel_workbench_msgs' with type 'ros.ament_cmake' and name 'dynamixel_workbench_msgs'
[0.378s] Level 1:colcon.colcon_core.package_identification:_identify(motor_control/src/realsense) by extensions ['ignore', 'ignore_ament_install']
[0.378s] Level 1:colcon.colcon_core.package_identification:_identify(motor_control/src/realsense) by extension 'ignore'
[0.378s] Level 1:colcon.colcon_core.package_identification:_identify(motor_control/src/realsense) by extension 'ignore_ament_install'
[0.378s] Level 1:colcon.colcon_core.package_identification:_identify(motor_control/src/realsense) by extensions ['colcon_pkg']
[0.378s] Level 1:colcon.colcon_core.package_identification:_identify(motor_control/src/realsense) by extension 'colcon_pkg'
[0.378s] Level 1:colcon.colcon_core.package_identification:_identify(motor_control/src/realsense) by extensions ['colcon_meta']
[0.378s] Level 1:colcon.colcon_core.package_identification:_identify(motor_control/src/realsense) by extension 'colcon_meta'
[0.378s] Level 1:colcon.colcon_core.package_identification:_identify(motor_control/src/realsense) by extensions ['ros']
[0.378s] Level 1:colcon.colcon_core.package_identification:_identify(motor_control/src/realsense) by extension 'ros'
[0.378s] DEBUG:colcon.colcon_core.package_identification:Package 'motor_control/src/realsense' with type 'ros.ament_python' and name 'realsense'
[0.378s] Level 1:colcon.colcon_core.package_identification:_identify(motor_control/src/tb4_arm_ros2) by extensions ['ignore', 'ignore_ament_install']
[0.378s] Level 1:colcon.colcon_core.package_identification:_identify(motor_control/src/tb4_arm_ros2) by extension 'ignore'
[0.378s] Level 1:colcon.colcon_core.package_identification:_identify(motor_control/src/tb4_arm_ros2) by extension 'ignore_ament_install'
[0.378s] Level 1:colcon.colcon_core.package_identification:_identify(motor_control/src/tb4_arm_ros2) by extensions ['colcon_pkg']
[0.378s] Level 1:colcon.colcon_core.package_identification:_identify(motor_control/src/tb4_arm_ros2) by extension 'colcon_pkg'
[0.378s] Level 1:colcon.colcon_core.package_identification:_identify(motor_control/src/tb4_arm_ros2) by extensions ['colcon_meta']
[0.378s] Level 1:colcon.colcon_core.package_identification:_identify(motor_control/src/tb4_arm_ros2) by extension 'colcon_meta'
[0.378s] Level 1:colcon.colcon_core.package_identification:_identify(motor_control/src/tb4_arm_ros2) by extensions ['ros']
[0.379s] Level 1:colcon.colcon_core.package_identification:_identify(motor_control/src/tb4_arm_ros2) by extension 'ros'
[0.379s] Level 1:colcon.colcon_core.package_identification:_identify(motor_control/src/tb4_arm_ros2) by extensions ['cmake', 'python']
[0.379s] Level 1:colcon.colcon_core.package_identification:_identify(motor_control/src/tb4_arm_ros2) by extension 'cmake'
[0.379s] Level 1:colcon.colcon_core.package_identification:_identify(motor_control/src/tb4_arm_ros2) by extension 'python'
[0.379s] Level 1:colcon.colcon_core.package_identification:_identify(motor_control/src/tb4_arm_ros2) by extensions ['python_setup_py']
[0.379s] Level 1:colcon.colcon_core.package_identification:_identify(motor_control/src/tb4_arm_ros2) by extension 'python_setup_py'
[0.379s] Level 1:colcon.colcon_core.package_identification:_identify(motor_control/src/tb4_arm_ros2/dynamixel_hardware) by extensions ['ignore', 'ignore_ament_install']
[0.379s] Level 1:colcon.colcon_core.package_identification:_identify(motor_control/src/tb4_arm_ros2/dynamixel_hardware) by extension 'ignore'
[0.379s] Level 1:colcon.colcon_core.package_identification:_identify(motor_control/src/tb4_arm_ros2/dynamixel_hardware) by extension 'ignore_ament_install'
[0.379s] Level 1:colcon.colcon_core.package_identification:_identify(motor_control/src/tb4_arm_ros2/dynamixel_hardware) by extensions ['colcon_pkg']
[0.379s] Level 1:colcon.colcon_core.package_identification:_identify(motor_control/src/tb4_arm_ros2/dynamixel_hardware) by extension 'colcon_pkg'
[0.379s] Level 1:colcon.colcon_core.package_identification:_identify(motor_control/src/tb4_arm_ros2/dynamixel_hardware) by extensions ['colcon_meta']
[0.379s] Level 1:colcon.colcon_core.package_identification:_identify(motor_control/src/tb4_arm_ros2/dynamixel_hardware) by extension 'colcon_meta'
[0.379s] Level 1:colcon.colcon_core.package_identification:_identify(motor_control/src/tb4_arm_ros2/dynamixel_hardware) by extensions ['ros']
[0.379s] Level 1:colcon.colcon_core.package_identification:_identify(motor_control/src/tb4_arm_ros2/dynamixel_hardware) by extension 'ros'
[0.379s] DEBUG:colcon.colcon_core.package_identification:Package 'motor_control/src/tb4_arm_ros2/dynamixel_hardware' with type 'ros.ament_cmake' and name 'dynamixel_hardware'
[0.379s] Level 1:colcon.colcon_core.package_identification:_identify(motor_control/src/tb4_arm_ros2/python_moveit2) by extensions ['ignore', 'ignore_ament_install']
[0.379s] Level 1:colcon.colcon_core.package_identification:_identify(motor_control/src/tb4_arm_ros2/python_moveit2) by extension 'ignore'
[0.380s] Level 1:colcon.colcon_core.package_identification:_identify(motor_control/src/tb4_arm_ros2/python_moveit2) by extension 'ignore_ament_install'
[0.380s] Level 1:colcon.colcon_core.package_identification:_identify(motor_control/src/tb4_arm_ros2/python_moveit2) by extensions ['colcon_pkg']
[0.380s] Level 1:colcon.colcon_core.package_identification:_identify(motor_control/src/tb4_arm_ros2/python_moveit2) by extension 'colcon_pkg'
[0.380s] Level 1:colcon.colcon_core.package_identification:_identify(motor_control/src/tb4_arm_ros2/python_moveit2) by extensions ['colcon_meta']
[0.380s] Level 1:colcon.colcon_core.package_identification:_identify(motor_control/src/tb4_arm_ros2/python_moveit2) by extension 'colcon_meta'
[0.380s] Level 1:colcon.colcon_core.package_identification:_identify(motor_control/src/tb4_arm_ros2/python_moveit2) by extensions ['ros']
[0.380s] Level 1:colcon.colcon_core.package_identification:_identify(motor_control/src/tb4_arm_ros2/python_moveit2) by extension 'ros'
[0.380s] DEBUG:colcon.colcon_core.package_identification:Package 'motor_control/src/tb4_arm_ros2/python_moveit2' with type 'ros.ament_python' and name 'python_moveit2'
[0.380s] Level 1:colcon.colcon_core.package_identification:_identify(motor_control/src/tb4_arm_ros2/python_moveit_interface) by extensions ['ignore', 'ignore_ament_install']
[0.380s] Level 1:colcon.colcon_core.package_identification:_identify(motor_control/src/tb4_arm_ros2/python_moveit_interface) by extension 'ignore'
[0.380s] Level 1:colcon.colcon_core.package_identification:_identify(motor_control/src/tb4_arm_ros2/python_moveit_interface) by extension 'ignore_ament_install'
[0.380s] Level 1:colcon.colcon_core.package_identification:_identify(motor_control/src/tb4_arm_ros2/python_moveit_interface) by extensions ['colcon_pkg']
[0.380s] Level 1:colcon.colcon_core.package_identification:_identify(motor_control/src/tb4_arm_ros2/python_moveit_interface) by extension 'colcon_pkg'
[0.380s] Level 1:colcon.colcon_core.package_identification:_identify(motor_control/src/tb4_arm_ros2/python_moveit_interface) by extensions ['colcon_meta']
[0.380s] Level 1:colcon.colcon_core.package_identification:_identify(motor_control/src/tb4_arm_ros2/python_moveit_interface) by extension 'colcon_meta'
[0.380s] Level 1:colcon.colcon_core.package_identification:_identify(motor_control/src/tb4_arm_ros2/python_moveit_interface) by extensions ['ros']
[0.380s] Level 1:colcon.colcon_core.package_identification:_identify(motor_control/src/tb4_arm_ros2/python_moveit_interface) by extension 'ros'
[0.381s] DEBUG:colcon.colcon_core.package_identification:Package 'motor_control/src/tb4_arm_ros2/python_moveit_interface' with type 'ros.catkin' and name 'python_moveit_interface'
[0.381s] Level 1:colcon.colcon_core.package_identification:_identify(motor_control/src/tb4_arm_ros2/small_arm_description) by extensions ['ignore', 'ignore_ament_install']
[0.381s] Level 1:colcon.colcon_core.package_identification:_identify(motor_control/src/tb4_arm_ros2/small_arm_description) by extension 'ignore'
[0.381s] Level 1:colcon.colcon_core.package_identification:_identify(motor_control/src/tb4_arm_ros2/small_arm_description) by extension 'ignore_ament_install'
[0.381s] Level 1:colcon.colcon_core.package_identification:_identify(motor_control/src/tb4_arm_ros2/small_arm_description) by extensions ['colcon_pkg']
[0.381s] Level 1:colcon.colcon_core.package_identification:_identify(motor_control/src/tb4_arm_ros2/small_arm_description) by extension 'colcon_pkg'
[0.381s] Level 1:colcon.colcon_core.package_identification:_identify(motor_control/src/tb4_arm_ros2/small_arm_description) by extensions ['colcon_meta']
[0.381s] Level 1:colcon.colcon_core.package_identification:_identify(motor_control/src/tb4_arm_ros2/small_arm_description) by extension 'colcon_meta'
[0.381s] Level 1:colcon.colcon_core.package_identification:_identify(motor_control/src/tb4_arm_ros2/small_arm_description) by extensions ['ros']
[0.381s] Level 1:colcon.colcon_core.package_identification:_identify(motor_control/src/tb4_arm_ros2/small_arm_description) by extension 'ros'
[0.382s] DEBUG:colcon.colcon_core.package_identification:Package 'motor_control/src/tb4_arm_ros2/small_arm_description' with type 'ros.ament_cmake' and name 'small_arm_description'
[0.382s] Level 1:colcon.colcon_core.package_identification:_identify(motor_control/src/tb4_arm_ros2/small_arm_moveit_config) by extensions ['ignore', 'ignore_ament_install']
[0.382s] Level 1:colcon.colcon_core.package_identification:_identify(motor_control/src/tb4_arm_ros2/small_arm_moveit_config) by extension 'ignore'
[0.382s] Level 1:colcon.colcon_core.package_identification:_identify(motor_control/src/tb4_arm_ros2/small_arm_moveit_config) by extension 'ignore_ament_install'
[0.382s] Level 1:colcon.colcon_core.package_identification:_identify(motor_control/src/tb4_arm_ros2/small_arm_moveit_config) by extensions ['colcon_pkg']
[0.382s] Level 1:colcon.colcon_core.package_identification:_identify(motor_control/src/tb4_arm_ros2/small_arm_moveit_config) by extension 'colcon_pkg'
[0.382s] Level 1:colcon.colcon_core.package_identification:_identify(motor_control/src/tb4_arm_ros2/small_arm_moveit_config) by extensions ['colcon_meta']
[0.382s] Level 1:colcon.colcon_core.package_identification:_identify(motor_control/src/tb4_arm_ros2/small_arm_moveit_config) by extension 'colcon_meta'
[0.382s] Level 1:colcon.colcon_core.package_identification:_identify(motor_control/src/tb4_arm_ros2/small_arm_moveit_config) by extensions ['ros']
[0.382s] Level 1:colcon.colcon_core.package_identification:_identify(motor_control/src/tb4_arm_ros2/small_arm_moveit_config) by extension 'ros'
[0.382s] DEBUG:colcon.colcon_core.package_identification:Package 'motor_control/src/tb4_arm_ros2/small_arm_moveit_config' with type 'ros.ament_cmake' and name 'small_arm_moveit_config'
[0.382s] Level 1:colcon.colcon_core.package_identification:_identify(motor_control/src/tb4_arm_ros2/small_arm_moveit_cpp) by extensions ['ignore', 'ignore_ament_install']
[0.382s] Level 1:colcon.colcon_core.package_identification:_identify(motor_control/src/tb4_arm_ros2/small_arm_moveit_cpp) by extension 'ignore'
[0.382s] Level 1:colcon.colcon_core.package_identification:_identify(motor_control/src/tb4_arm_ros2/small_arm_moveit_cpp) by extension 'ignore_ament_install'
[0.382s] Level 1:colcon.colcon_core.package_identification:_identify(motor_control/src/tb4_arm_ros2/small_arm_moveit_cpp) by extensions ['colcon_pkg']
[0.382s] Level 1:colcon.colcon_core.package_identification:_identify(motor_control/src/tb4_arm_ros2/small_arm_moveit_cpp) by extension 'colcon_pkg'
[0.383s] Level 1:colcon.colcon_core.package_identification:_identify(motor_control/src/tb4_arm_ros2/small_arm_moveit_cpp) by extensions ['colcon_meta']
[0.383s] Level 1:colcon.colcon_core.package_identification:_identify(motor_control/src/tb4_arm_ros2/small_arm_moveit_cpp) by extension 'colcon_meta'
[0.383s] Level 1:colcon.colcon_core.package_identification:_identify(motor_control/src/tb4_arm_ros2/small_arm_moveit_cpp) by extensions ['ros']
[0.383s] Level 1:colcon.colcon_core.package_identification:_identify(motor_control/src/tb4_arm_ros2/small_arm_moveit_cpp) by extension 'ros'
[0.383s] DEBUG:colcon.colcon_core.package_identification:Package 'motor_control/src/tb4_arm_ros2/small_arm_moveit_cpp' with type 'ros.ament_cmake' and name 'small_arm_moveit_cpp'
[0.383s] Level 1:colcon.colcon_core.package_identification:_identify(small_arm_moveit_origin_cpp) by extensions ['ignore', 'ignore_ament_install']
[0.383s] Level 1:colcon.colcon_core.package_identification:_identify(small_arm_moveit_origin_cpp) by extension 'ignore'
[0.383s] Level 1:colcon.colcon_core.package_identification:_identify(small_arm_moveit_origin_cpp) by extension 'ignore_ament_install'
[0.383s] Level 1:colcon.colcon_core.package_identification:_identify(small_arm_moveit_origin_cpp) by extensions ['colcon_pkg']
[0.383s] Level 1:colcon.colcon_core.package_identification:_identify(small_arm_moveit_origin_cpp) by extension 'colcon_pkg'
[0.383s] Level 1:colcon.colcon_core.package_identification:_identify(small_arm_moveit_origin_cpp) by extensions ['colcon_meta']
[0.383s] Level 1:colcon.colcon_core.package_identification:_identify(small_arm_moveit_origin_cpp) by extension 'colcon_meta'
[0.383s] Level 1:colcon.colcon_core.package_identification:_identify(small_arm_moveit_origin_cpp) by extensions ['ros']
[0.383s] Level 1:colcon.colcon_core.package_identification:_identify(small_arm_moveit_origin_cpp) by extension 'ros'
[0.384s] DEBUG:colcon.colcon_core.package_identification:Package 'small_arm_moveit_origin_cpp' with type 'ros.ament_cmake' and name 'small_arm_moveit_cpp'
[0.384s] Level 1:colcon.colcon_core.package_identification:_identify(ubuntu22.04_ros2) by extensions ['ignore', 'ignore_ament_install']
[0.384s] Level 1:colcon.colcon_core.package_identification:_identify(ubuntu22.04_ros2) by extension 'ignore'
[0.384s] Level 1:colcon.colcon_core.package_identification:_identify(ubuntu22.04_ros2) by extension 'ignore_ament_install'
[0.384s] Level 1:colcon.colcon_core.package_identification:_identify(ubuntu22.04_ros2) by extensions ['colcon_pkg']
[0.384s] Level 1:colcon.colcon_core.package_identification:_identify(ubuntu22.04_ros2) by extension 'colcon_pkg'
[0.384s] Level 1:colcon.colcon_core.package_identification:_identify(ubuntu22.04_ros2) by extensions ['colcon_meta']
[0.384s] Level 1:colcon.colcon_core.package_identification:_identify(ubuntu22.04_ros2) by extension 'colcon_meta'
[0.384s] Level 1:colcon.colcon_core.package_identification:_identify(ubuntu22.04_ros2) by extensions ['ros']
[0.384s] Level 1:colcon.colcon_core.package_identification:_identify(ubuntu22.04_ros2) by extension 'ros'
[0.384s] Level 1:colcon.colcon_core.package_identification:_identify(ubuntu22.04_ros2) by extensions ['cmake', 'python']
[0.384s] Level 1:colcon.colcon_core.package_identification:_identify(ubuntu22.04_ros2) by extension 'cmake'
[0.384s] Level 1:colcon.colcon_core.package_identification:_identify(ubuntu22.04_ros2) by extension 'python'
[0.384s] Level 1:colcon.colcon_core.package_identification:_identify(ubuntu22.04_ros2) by extensions ['python_setup_py']
[0.384s] Level 1:colcon.colcon_core.package_identification:_identify(ubuntu22.04_ros2) by extension 'python_setup_py'
[0.384s] Level 1:colcon.colcon_core.package_identification:_identify(ubuntu22.04_ros2/compose) by extensions ['ignore', 'ignore_ament_install']
[0.384s] Level 1:colcon.colcon_core.package_identification:_identify(ubuntu22.04_ros2/compose) by extension 'ignore'
[0.384s] Level 1:colcon.colcon_core.package_identification:_identify(ubuntu22.04_ros2/compose) by extension 'ignore_ament_install'
[0.384s] Level 1:colcon.colcon_core.package_identification:_identify(ubuntu22.04_ros2/compose) by extensions ['colcon_pkg']
[0.384s] Level 1:colcon.colcon_core.package_identification:_identify(ubuntu22.04_ros2/compose) by extension 'colcon_pkg'
[0.384s] Level 1:colcon.colcon_core.package_identification:_identify(ubuntu22.04_ros2/compose) by extensions ['colcon_meta']
[0.384s] Level 1:colcon.colcon_core.package_identification:_identify(ubuntu22.04_ros2/compose) by extension 'colcon_meta'
[0.384s] Level 1:colcon.colcon_core.package_identification:_identify(ubuntu22.04_ros2/compose) by extensions ['ros']
[0.384s] Level 1:colcon.colcon_core.package_identification:_identify(ubuntu22.04_ros2/compose) by extension 'ros'
[0.384s] Level 1:colcon.colcon_core.package_identification:_identify(ubuntu22.04_ros2/compose) by extensions ['cmake', 'python']
[0.384s] Level 1:colcon.colcon_core.package_identification:_identify(ubuntu22.04_ros2/compose) by extension 'cmake'
[0.384s] Level 1:colcon.colcon_core.package_identification:_identify(ubuntu22.04_ros2/compose) by extension 'python'
[0.384s] Level 1:colcon.colcon_core.package_identification:_identify(ubuntu22.04_ros2/compose) by extensions ['python_setup_py']
[0.384s] Level 1:colcon.colcon_core.package_identification:_identify(ubuntu22.04_ros2/compose) by extension 'python_setup_py'
[0.384s] Level 1:colcon.colcon_core.package_identification:_identify(ubuntu22.04_ros2/compose/config) by extensions ['ignore', 'ignore_ament_install']
[0.384s] Level 1:colcon.colcon_core.package_identification:_identify(ubuntu22.04_ros2/compose/config) by extension 'ignore'
[0.384s] Level 1:colcon.colcon_core.package_identification:_identify(ubuntu22.04_ros2/compose/config) by extension 'ignore_ament_install'
[0.384s] Level 1:colcon.colcon_core.package_identification:_identify(ubuntu22.04_ros2/compose/config) by extensions ['colcon_pkg']
[0.384s] Level 1:colcon.colcon_core.package_identification:_identify(ubuntu22.04_ros2/compose/config) by extension 'colcon_pkg'
[0.385s] Level 1:colcon.colcon_core.package_identification:_identify(ubuntu22.04_ros2/compose/config) by extensions ['colcon_meta']
[0.385s] Level 1:colcon.colcon_core.package_identification:_identify(ubuntu22.04_ros2/compose/config) by extension 'colcon_meta'
[0.385s] Level 1:colcon.colcon_core.package_identification:_identify(ubuntu22.04_ros2/compose/config) by extensions ['ros']
[0.385s] Level 1:colcon.colcon_core.package_identification:_identify(ubuntu22.04_ros2/compose/config) by extension 'ros'
[0.385s] Level 1:colcon.colcon_core.package_identification:_identify(ubuntu22.04_ros2/compose/config) by extensions ['cmake', 'python']
[0.385s] Level 1:colcon.colcon_core.package_identification:_identify(ubuntu22.04_ros2/compose/config) by extension 'cmake'
[0.385s] Level 1:colcon.colcon_core.package_identification:_identify(ubuntu22.04_ros2/compose/config) by extension 'python'
[0.385s] Level 1:colcon.colcon_core.package_identification:_identify(ubuntu22.04_ros2/compose/config) by extensions ['python_setup_py']
[0.385s] Level 1:colcon.colcon_core.package_identification:_identify(ubuntu22.04_ros2/compose/config) by extension 'python_setup_py'
[0.385s] Level 1:colcon.colcon_core.package_identification:_identify(ubuntu22.04_ros2/compose/config/pip) by extensions ['ignore', 'ignore_ament_install']
[0.385s] Level 1:colcon.colcon_core.package_identification:_identify(ubuntu22.04_ros2/compose/config/pip) by extension 'ignore'
[0.385s] Level 1:colcon.colcon_core.package_identification:_identify(ubuntu22.04_ros2/compose/config/pip) by extension 'ignore_ament_install'
[0.385s] Level 1:colcon.colcon_core.package_identification:_identify(ubuntu22.04_ros2/compose/config/pip) by extensions ['colcon_pkg']
[0.385s] Level 1:colcon.colcon_core.package_identification:_identify(ubuntu22.04_ros2/compose/config/pip) by extension 'colcon_pkg'
[0.385s] Level 1:colcon.colcon_core.package_identification:_identify(ubuntu22.04_ros2/compose/config/pip) by extensions ['colcon_meta']
[0.385s] Level 1:colcon.colcon_core.package_identification:_identify(ubuntu22.04_ros2/compose/config/pip) by extension 'colcon_meta'
[0.385s] Level 1:colcon.colcon_core.package_identification:_identify(ubuntu22.04_ros2/compose/config/pip) by extensions ['ros']
[0.385s] Level 1:colcon.colcon_core.package_identification:_identify(ubuntu22.04_ros2/compose/config/pip) by extension 'ros'
[0.385s] Level 1:colcon.colcon_core.package_identification:_identify(ubuntu22.04_ros2/compose/config/pip) by extensions ['cmake', 'python']
[0.385s] Level 1:colcon.colcon_core.package_identification:_identify(ubuntu22.04_ros2/compose/config/pip) by extension 'cmake'
[0.385s] Level 1:colcon.colcon_core.package_identification:_identify(ubuntu22.04_ros2/compose/config/pip) by extension 'python'
[0.385s] Level 1:colcon.colcon_core.package_identification:_identify(ubuntu22.04_ros2/compose/config/pip) by extensions ['python_setup_py']
[0.385s] Level 1:colcon.colcon_core.package_identification:_identify(ubuntu22.04_ros2/compose/config/pip) by extension 'python_setup_py'
[0.385s] Level 1:colcon.colcon_core.package_identification:_identify(ubuntu22.04_ros2/compose/config/shell) by extensions ['ignore', 'ignore_ament_install']
[0.385s] Level 1:colcon.colcon_core.package_identification:_identify(ubuntu22.04_ros2/compose/config/shell) by extension 'ignore'
[0.385s] Level 1:colcon.colcon_core.package_identification:_identify(ubuntu22.04_ros2/compose/config/shell) by extension 'ignore_ament_install'
[0.385s] Level 1:colcon.colcon_core.package_identification:_identify(ubuntu22.04_ros2/compose/config/shell) by extensions ['colcon_pkg']
[0.385s] Level 1:colcon.colcon_core.package_identification:_identify(ubuntu22.04_ros2/compose/config/shell) by extension 'colcon_pkg'
[0.385s] Level 1:colcon.colcon_core.package_identification:_identify(ubuntu22.04_ros2/compose/config/shell) by extensions ['colcon_meta']
[0.385s] Level 1:colcon.colcon_core.package_identification:_identify(ubuntu22.04_ros2/compose/config/shell) by extension 'colcon_meta'
[0.385s] Level 1:colcon.colcon_core.package_identification:_identify(ubuntu22.04_ros2/compose/config/shell) by extensions ['ros']
[0.385s] Level 1:colcon.colcon_core.package_identification:_identify(ubuntu22.04_ros2/compose/config/shell) by extension 'ros'
[0.385s] Level 1:colcon.colcon_core.package_identification:_identify(ubuntu22.04_ros2/compose/config/shell) by extensions ['cmake', 'python']
[0.385s] Level 1:colcon.colcon_core.package_identification:_identify(ubuntu22.04_ros2/compose/config/shell) by extension 'cmake'
[0.385s] Level 1:colcon.colcon_core.package_identification:_identify(ubuntu22.04_ros2/compose/config/shell) by extension 'python'
[0.385s] Level 1:colcon.colcon_core.package_identification:_identify(ubuntu22.04_ros2/compose/config/shell) by extensions ['python_setup_py']
[0.385s] Level 1:colcon.colcon_core.package_identification:_identify(ubuntu22.04_ros2/compose/config/shell) by extension 'python_setup_py'
[0.385s] Level 1:colcon.colcon_core.package_identification:_identify(ubuntu22.04_ros2/compose/config/shell/terminator) by extensions ['ignore', 'ignore_ament_install']
[0.385s] Level 1:colcon.colcon_core.package_identification:_identify(ubuntu22.04_ros2/compose/config/shell/terminator) by extension 'ignore'
[0.385s] Level 1:colcon.colcon_core.package_identification:_identify(ubuntu22.04_ros2/compose/config/shell/terminator) by extension 'ignore_ament_install'
[0.385s] Level 1:colcon.colcon_core.package_identification:_identify(ubuntu22.04_ros2/compose/config/shell/terminator) by extensions ['colcon_pkg']
[0.385s] Level 1:colcon.colcon_core.package_identification:_identify(ubuntu22.04_ros2/compose/config/shell/terminator) by extension 'colcon_pkg'
[0.385s] Level 1:colcon.colcon_core.package_identification:_identify(ubuntu22.04_ros2/compose/config/shell/terminator) by extensions ['colcon_meta']
[0.385s] Level 1:colcon.colcon_core.package_identification:_identify(ubuntu22.04_ros2/compose/config/shell/terminator) by extension 'colcon_meta'
[0.385s] Level 1:colcon.colcon_core.package_identification:_identify(ubuntu22.04_ros2/compose/config/shell/terminator) by extensions ['ros']
[0.385s] Level 1:colcon.colcon_core.package_identification:_identify(ubuntu22.04_ros2/compose/config/shell/terminator) by extension 'ros'
[0.385s] Level 1:colcon.colcon_core.package_identification:_identify(ubuntu22.04_ros2/compose/config/shell/terminator) by extensions ['cmake', 'python']
[0.385s] Level 1:colcon.colcon_core.package_identification:_identify(ubuntu22.04_ros2/compose/config/shell/terminator) by extension 'cmake'
[0.385s] Level 1:colcon.colcon_core.package_identification:_identify(ubuntu22.04_ros2/compose/config/shell/terminator) by extension 'python'
[0.386s] Level 1:colcon.colcon_core.package_identification:_identify(ubuntu22.04_ros2/compose/config/shell/terminator) by extensions ['python_setup_py']
[0.386s] Level 1:colcon.colcon_core.package_identification:_identify(ubuntu22.04_ros2/compose/config/shell/terminator) by extension 'python_setup_py'
[0.386s] Level 1:colcon.colcon_core.package_identification:_identify(ubuntu22.04_ros2/compose/config/shell/tmux) by extensions ['ignore', 'ignore_ament_install']
[0.386s] Level 1:colcon.colcon_core.package_identification:_identify(ubuntu22.04_ros2/compose/config/shell/tmux) by extension 'ignore'
[0.386s] Level 1:colcon.colcon_core.package_identification:_identify(ubuntu22.04_ros2/compose/config/shell/tmux) by extension 'ignore_ament_install'
[0.386s] Level 1:colcon.colcon_core.package_identification:_identify(ubuntu22.04_ros2/compose/config/shell/tmux) by extensions ['colcon_pkg']
[0.386s] Level 1:colcon.colcon_core.package_identification:_identify(ubuntu22.04_ros2/compose/config/shell/tmux) by extension 'colcon_pkg'
[0.386s] Level 1:colcon.colcon_core.package_identification:_identify(ubuntu22.04_ros2/compose/config/shell/tmux) by extensions ['colcon_meta']
[0.386s] Level 1:colcon.colcon_core.package_identification:_identify(ubuntu22.04_ros2/compose/config/shell/tmux) by extension 'colcon_meta'
[0.386s] Level 1:colcon.colcon_core.package_identification:_identify(ubuntu22.04_ros2/compose/config/shell/tmux) by extensions ['ros']
[0.386s] Level 1:colcon.colcon_core.package_identification:_identify(ubuntu22.04_ros2/compose/config/shell/tmux) by extension 'ros'
[0.386s] Level 1:colcon.colcon_core.package_identification:_identify(ubuntu22.04_ros2/compose/config/shell/tmux) by extensions ['cmake', 'python']
[0.386s] Level 1:colcon.colcon_core.package_identification:_identify(ubuntu22.04_ros2/compose/config/shell/tmux) by extension 'cmake'
[0.386s] Level 1:colcon.colcon_core.package_identification:_identify(ubuntu22.04_ros2/compose/config/shell/tmux) by extension 'python'
[0.386s] Level 1:colcon.colcon_core.package_identification:_identify(ubuntu22.04_ros2/compose/config/shell/tmux) by extensions ['python_setup_py']
[0.386s] Level 1:colcon.colcon_core.package_identification:_identify(ubuntu22.04_ros2/compose/config/shell/tmux) by extension 'python_setup_py'
[0.386s] Level 1:colcon.colcon_core.package_identification:_identify(ubuntu22.04_ros2/config) by extensions ['ignore', 'ignore_ament_install']
[0.386s] Level 1:colcon.colcon_core.package_identification:_identify(ubuntu22.04_ros2/config) by extension 'ignore'
[0.386s] Level 1:colcon.colcon_core.package_identification:_identify(ubuntu22.04_ros2/config) by extension 'ignore_ament_install'
[0.386s] Level 1:colcon.colcon_core.package_identification:_identify(ubuntu22.04_ros2/config) by extensions ['colcon_pkg']
[0.386s] Level 1:colcon.colcon_core.package_identification:_identify(ubuntu22.04_ros2/config) by extension 'colcon_pkg'
[0.386s] Level 1:colcon.colcon_core.package_identification:_identify(ubuntu22.04_ros2/config) by extensions ['colcon_meta']
[0.386s] Level 1:colcon.colcon_core.package_identification:_identify(ubuntu22.04_ros2/config) by extension 'colcon_meta'
[0.386s] Level 1:colcon.colcon_core.package_identification:_identify(ubuntu22.04_ros2/config) by extensions ['ros']
[0.386s] Level 1:colcon.colcon_core.package_identification:_identify(ubuntu22.04_ros2/config) by extension 'ros'
[0.386s] Level 1:colcon.colcon_core.package_identification:_identify(ubuntu22.04_ros2/config) by extensions ['cmake', 'python']
[0.386s] Level 1:colcon.colcon_core.package_identification:_identify(ubuntu22.04_ros2/config) by extension 'cmake'
[0.386s] Level 1:colcon.colcon_core.package_identification:_identify(ubuntu22.04_ros2/config) by extension 'python'
[0.386s] Level 1:colcon.colcon_core.package_identification:_identify(ubuntu22.04_ros2/config) by extensions ['python_setup_py']
[0.386s] Level 1:colcon.colcon_core.package_identification:_identify(ubuntu22.04_ros2/config) by extension 'python_setup_py'
[0.386s] Level 1:colcon.colcon_core.package_identification:_identify(ubuntu22.04_ros2/config/pip) by extensions ['ignore', 'ignore_ament_install']
[0.386s] Level 1:colcon.colcon_core.package_identification:_identify(ubuntu22.04_ros2/config/pip) by extension 'ignore'
[0.386s] Level 1:colcon.colcon_core.package_identification:_identify(ubuntu22.04_ros2/config/pip) by extension 'ignore_ament_install'
[0.386s] Level 1:colcon.colcon_core.package_identification:_identify(ubuntu22.04_ros2/config/pip) by extensions ['colcon_pkg']
[0.386s] Level 1:colcon.colcon_core.package_identification:_identify(ubuntu22.04_ros2/config/pip) by extension 'colcon_pkg'
[0.386s] Level 1:colcon.colcon_core.package_identification:_identify(ubuntu22.04_ros2/config/pip) by extensions ['colcon_meta']
[0.386s] Level 1:colcon.colcon_core.package_identification:_identify(ubuntu22.04_ros2/config/pip) by extension 'colcon_meta'
[0.386s] Level 1:colcon.colcon_core.package_identification:_identify(ubuntu22.04_ros2/config/pip) by extensions ['ros']
[0.386s] Level 1:colcon.colcon_core.package_identification:_identify(ubuntu22.04_ros2/config/pip) by extension 'ros'
[0.386s] Level 1:colcon.colcon_core.package_identification:_identify(ubuntu22.04_ros2/config/pip) by extensions ['cmake', 'python']
[0.386s] Level 1:colcon.colcon_core.package_identification:_identify(ubuntu22.04_ros2/config/pip) by extension 'cmake'
[0.386s] Level 1:colcon.colcon_core.package_identification:_identify(ubuntu22.04_ros2/config/pip) by extension 'python'
[0.386s] Level 1:colcon.colcon_core.package_identification:_identify(ubuntu22.04_ros2/config/pip) by extensions ['python_setup_py']
[0.386s] Level 1:colcon.colcon_core.package_identification:_identify(ubuntu22.04_ros2/config/pip) by extension 'python_setup_py'
[0.386s] Level 1:colcon.colcon_core.package_identification:_identify(ubuntu22.04_ros2/config/shell) by extensions ['ignore', 'ignore_ament_install']
[0.386s] Level 1:colcon.colcon_core.package_identification:_identify(ubuntu22.04_ros2/config/shell) by extension 'ignore'
[0.386s] Level 1:colcon.colcon_core.package_identification:_identify(ubuntu22.04_ros2/config/shell) by extension 'ignore_ament_install'
[0.386s] Level 1:colcon.colcon_core.package_identification:_identify(ubuntu22.04_ros2/config/shell) by extensions ['colcon_pkg']
[0.386s] Level 1:colcon.colcon_core.package_identification:_identify(ubuntu22.04_ros2/config/shell) by extension 'colcon_pkg'
[0.386s] Level 1:colcon.colcon_core.package_identification:_identify(ubuntu22.04_ros2/config/shell) by extensions ['colcon_meta']
[0.387s] Level 1:colcon.colcon_core.package_identification:_identify(ubuntu22.04_ros2/config/shell) by extension 'colcon_meta'
[0.387s] Level 1:colcon.colcon_core.package_identification:_identify(ubuntu22.04_ros2/config/shell) by extensions ['ros']
[0.387s] Level 1:colcon.colcon_core.package_identification:_identify(ubuntu22.04_ros2/config/shell) by extension 'ros'
[0.387s] Level 1:colcon.colcon_core.package_identification:_identify(ubuntu22.04_ros2/config/shell) by extensions ['cmake', 'python']
[0.387s] Level 1:colcon.colcon_core.package_identification:_identify(ubuntu22.04_ros2/config/shell) by extension 'cmake'
[0.387s] Level 1:colcon.colcon_core.package_identification:_identify(ubuntu22.04_ros2/config/shell) by extension 'python'
[0.387s] Level 1:colcon.colcon_core.package_identification:_identify(ubuntu22.04_ros2/config/shell) by extensions ['python_setup_py']
[0.387s] Level 1:colcon.colcon_core.package_identification:_identify(ubuntu22.04_ros2/config/shell) by extension 'python_setup_py'
[0.387s] Level 1:colcon.colcon_core.package_identification:_identify(ubuntu22.04_ros2/config/shell/terminator) by extensions ['ignore', 'ignore_ament_install']
[0.387s] Level 1:colcon.colcon_core.package_identification:_identify(ubuntu22.04_ros2/config/shell/terminator) by extension 'ignore'
[0.387s] Level 1:colcon.colcon_core.package_identification:_identify(ubuntu22.04_ros2/config/shell/terminator) by extension 'ignore_ament_install'
[0.387s] Level 1:colcon.colcon_core.package_identification:_identify(ubuntu22.04_ros2/config/shell/terminator) by extensions ['colcon_pkg']
[0.387s] Level 1:colcon.colcon_core.package_identification:_identify(ubuntu22.04_ros2/config/shell/terminator) by extension 'colcon_pkg'
[0.387s] Level 1:colcon.colcon_core.package_identification:_identify(ubuntu22.04_ros2/config/shell/terminator) by extensions ['colcon_meta']
[0.387s] Level 1:colcon.colcon_core.package_identification:_identify(ubuntu22.04_ros2/config/shell/terminator) by extension 'colcon_meta'
[0.387s] Level 1:colcon.colcon_core.package_identification:_identify(ubuntu22.04_ros2/config/shell/terminator) by extensions ['ros']
[0.387s] Level 1:colcon.colcon_core.package_identification:_identify(ubuntu22.04_ros2/config/shell/terminator) by extension 'ros'
[0.387s] Level 1:colcon.colcon_core.package_identification:_identify(ubuntu22.04_ros2/config/shell/terminator) by extensions ['cmake', 'python']
[0.387s] Level 1:colcon.colcon_core.package_identification:_identify(ubuntu22.04_ros2/config/shell/terminator) by extension 'cmake'
[0.387s] Level 1:colcon.colcon_core.package_identification:_identify(ubuntu22.04_ros2/config/shell/terminator) by extension 'python'
[0.387s] Level 1:colcon.colcon_core.package_identification:_identify(ubuntu22.04_ros2/config/shell/terminator) by extensions ['python_setup_py']
[0.387s] Level 1:colcon.colcon_core.package_identification:_identify(ubuntu22.04_ros2/config/shell/terminator) by extension 'python_setup_py'
[0.387s] Level 1:colcon.colcon_core.package_identification:_identify(ubuntu22.04_ros2/config/shell/tmux) by extensions ['ignore', 'ignore_ament_install']
[0.387s] Level 1:colcon.colcon_core.package_identification:_identify(ubuntu22.04_ros2/config/shell/tmux) by extension 'ignore'
[0.387s] Level 1:colcon.colcon_core.package_identification:_identify(ubuntu22.04_ros2/config/shell/tmux) by extension 'ignore_ament_install'
[0.387s] Level 1:colcon.colcon_core.package_identification:_identify(ubuntu22.04_ros2/config/shell/tmux) by extensions ['colcon_pkg']
[0.387s] Level 1:colcon.colcon_core.package_identification:_identify(ubuntu22.04_ros2/config/shell/tmux) by extension 'colcon_pkg'
[0.387s] Level 1:colcon.colcon_core.package_identification:_identify(ubuntu22.04_ros2/config/shell/tmux) by extensions ['colcon_meta']
[0.387s] Level 1:colcon.colcon_core.package_identification:_identify(ubuntu22.04_ros2/config/shell/tmux) by extension 'colcon_meta'
[0.387s] Level 1:colcon.colcon_core.package_identification:_identify(ubuntu22.04_ros2/config/shell/tmux) by extensions ['ros']
[0.387s] Level 1:colcon.colcon_core.package_identification:_identify(ubuntu22.04_ros2/config/shell/tmux) by extension 'ros'
[0.387s] Level 1:colcon.colcon_core.package_identification:_identify(ubuntu22.04_ros2/config/shell/tmux) by extensions ['cmake', 'python']
[0.387s] Level 1:colcon.colcon_core.package_identification:_identify(ubuntu22.04_ros2/config/shell/tmux) by extension 'cmake'
[0.387s] Level 1:colcon.colcon_core.package_identification:_identify(ubuntu22.04_ros2/config/shell/tmux) by extension 'python'
[0.387s] Level 1:colcon.colcon_core.package_identification:_identify(ubuntu22.04_ros2/config/shell/tmux) by extensions ['python_setup_py']
[0.387s] Level 1:colcon.colcon_core.package_identification:_identify(ubuntu22.04_ros2/config/shell/tmux) by extension 'python_setup_py'
[0.387s] Level 1:colcon.colcon_core.package_discovery:discover_packages(recursive) using defaults
[0.387s] Level 1:colcon.colcon_core.package_discovery:discover_packages(ignore) discover
[0.387s] Level 1:colcon.colcon_core.package_discovery:discover_packages(ignore) using defaults
[0.387s] Level 1:colcon.colcon_core.package_discovery:discover_packages(path) discover
[0.387s] Level 1:colcon.colcon_core.package_discovery:discover_packages(path) using defaults
[0.413s] ERROR:colcon:colcon build: Duplicate package names not supported:
- small_arm_moveit_cpp:
  - motor_control/src/tb4_arm_ros2/small_arm_moveit_cpp
  - small_arm_moveit_origin_cpp
