-- Found ament_cmake: 1.3.11 (/opt/ros/humble/share/ament_cmake/cmake)
-- Override CMake install command with custom implementation using symlinks instead of copying resources
-- Found rosidl_default_generators: 1.2.0 (/opt/ros/humble/share/rosidl_default_generators/cmake)
-- Using all available rosidl_typesupport_c: rosidl_typesupport_fastrtps_c;rosidl_typesupport_introspection_c
-- Found rosidl_adapter: 3.1.6 (/opt/ros/humble/share/rosidl_adapter/cmake)
-- Using all available rosidl_typesupport_cpp: rosidl_typesupport_fastrtps_cpp;rosidl_typesupport_introspection_cpp
-- Found std_msgs: 4.2.4 (/opt/ros/humble/share/std_msgs/cmake)
-- Found ament_cmake_cppcheck: 0.12.11 (/opt/ros/humble/share/ament_cmake_cppcheck/cmake)
-- Found ament_cmake_cpplint: 0.12.11 (/opt/ros/humble/share/ament_cmake_cpplint/cmake)
-- Found ament_cmake_uncrustify: 0.12.11 (/opt/ros/humble/share/ament_cmake_uncrustify/cmake)
-- Found ament_cmake_ros: 0.10.0 (/opt/ros/humble/share/ament_cmake_ros/cmake)
-- Using all available rosidl_typesupport_c: rosidl_typesupport_fastrtps_c;rosidl_typesupport_introspection_c
-- Using all available rosidl_typesupport_cpp: rosidl_typesupport_fastrtps_cpp;rosidl_typesupport_introspection_cpp
-- Found python_cmake_module: 0.10.0 (/opt/ros/humble/share/python_cmake_module/cmake)
-- Using PYTHON_EXECUTABLE: /usr/bin/python3
-- Using PYTHON_INCLUDE_DIRS: /usr/include/python3.10
-- Using PYTHON_LIBRARIES: /usr/lib/x86_64-linux-gnu/libpython3.10.so
-- Using numpy include directory: /usr/local/lib/python3.10/dist-packages/numpy/_core/include
-- Found ament_cmake_flake8: 0.12.11 (/opt/ros/humble/share/ament_cmake_flake8/cmake)
-- Found ament_cmake_pep257: 0.12.11 (/opt/ros/humble/share/ament_cmake_pep257/cmake)
-- Configuring done
-- Generating done
-- Build files have been written to: /home/darkdemon/work/motor_control/build/dynamixel_workbench_msgs
[35m[1mConsolidate compiler generated dependencies of target dynamixel_workbench_msgs__rosidl_generator_c[0m
[  0%] Built target dynamixel_workbench_msgs__cpp
[  0%] Built target ament_cmake_python_symlink_dynamixel_workbench_msgs
[ 12%] Built target dynamixel_workbench_msgs__rosidl_generator_c
[35m[1mConsolidate compiler generated dependencies of target dynamixel_workbench_msgs__rosidl_typesupport_cpp[0m
[35m[1mConsolidate compiler generated dependencies of target dynamixel_workbench_msgs__rosidl_typesupport_fastrtps_cpp[0m
[35m[1mConsolidate compiler generated dependencies of target dynamixel_workbench_msgs__rosidl_typesupport_introspection_cpp[0m
[35m[1mConsolidate compiler generated dependencies of target dynamixel_workbench_msgs__rosidl_typesupport_c[0m
[35m[1mConsolidate compiler generated dependencies of target dynamixel_workbench_msgs__rosidl_typesupport_introspection_c[0m
[35m[1mConsolidate compiler generated dependencies of target dynamixel_workbench_msgs__rosidl_typesupport_fastrtps_c[0m
[ 35%] Built target dynamixel_workbench_msgs__rosidl_typesupport_cpp
[ 36%] Built target dynamixel_workbench_msgs__rosidl_typesupport_c
[ 48%] Built target dynamixel_workbench_msgs__rosidl_typesupport_introspection_c
[ 61%] Built target dynamixel_workbench_msgs__rosidl_typesupport_introspection_cpp
[ 73%] Built target dynamixel_workbench_msgs__rosidl_typesupport_fastrtps_cpp
[ 85%] Built target dynamixel_workbench_msgs__rosidl_typesupport_fastrtps_c
[ 85%] Built target dynamixel_workbench_msgs
[ 86%] Built target dynamixel_workbench_msgs__py
[35m[1mConsolidate compiler generated dependencies of target dynamixel_workbench_msgs__rosidl_generator_py[0m
[ 97%] Built target dynamixel_workbench_msgs__rosidl_generator_py
[35m[1mConsolidate compiler generated dependencies of target dynamixel_workbench_msgs__rosidl_typesupport_c__pyext[0m
[35m[1mConsolidate compiler generated dependencies of target dynamixel_workbench_msgs__rosidl_typesupport_introspection_c__pyext[0m
[35m[1mConsolidate compiler generated dependencies of target dynamixel_workbench_msgs__rosidl_typesupport_fastrtps_c__pyext[0m
[ 98%] Built target dynamixel_workbench_msgs__rosidl_typesupport_introspection_c__pyext
[ 99%] Built target dynamixel_workbench_msgs__rosidl_typesupport_c__pyext
[100%] Built target dynamixel_workbench_msgs__rosidl_typesupport_fastrtps_c__pyext
running egg_info
writing dynamixel_workbench_msgs.egg-info/PKG-INFO
writing dependency_links to dynamixel_workbench_msgs.egg-info/dependency_links.txt
writing top-level names to dynamixel_workbench_msgs.egg-info/top_level.txt
reading manifest file 'dynamixel_workbench_msgs.egg-info/SOURCES.txt'
writing manifest file 'dynamixel_workbench_msgs.egg-info/SOURCES.txt'
[100%] Built target ament_cmake_python_build_dynamixel_workbench_msgs_egg
