[0.035s] Invoking command in '/home/darkdemon/work/motor_control/build/dynamixel_workbench_msgs': CMAKE_PREFIX_PATH=/opt/ros/humble /usr/bin/cmake --build /home/darkdemon/work/motor_control/build/dynamixel_workbench_msgs -- -j20 -l20
[0.340s] -- Found ament_cmake: 1.3.11 (/opt/ros/humble/share/ament_cmake/cmake)
[0.340s] -- Override CMake install command with custom implementation using symlinks instead of copying resources
[0.340s] -- Found rosidl_default_generators: 1.2.0 (/opt/ros/humble/share/rosidl_default_generators/cmake)
[0.341s] -- Using all available rosidl_typesupport_c: rosidl_typesupport_fastrtps_c;rosidl_typesupport_introspection_c
[0.341s] -- Found rosidl_adapter: 3.1.6 (/opt/ros/humble/share/rosidl_adapter/cmake)
[0.376s] -- Using all available rosidl_typesupport_cpp: rosidl_typesupport_fastrtps_cpp;rosidl_typesupport_introspection_cpp
[0.431s] -- Found std_msgs: 4.2.4 (/opt/ros/humble/share/std_msgs/cmake)
[1.078s] -- Found ament_cmake_cppcheck: 0.12.11 (/opt/ros/humble/share/ament_cmake_cppcheck/cmake)
[1.079s] -- Found ament_cmake_cpplint: 0.12.11 (/opt/ros/humble/share/ament_cmake_cpplint/cmake)
[1.081s] -- Found ament_cmake_uncrustify: 0.12.11 (/opt/ros/humble/share/ament_cmake_uncrustify/cmake)
[1.083s] -- Found ament_cmake_ros: 0.10.0 (/opt/ros/humble/share/ament_cmake_ros/cmake)
[1.413s] -- Using all available rosidl_typesupport_c: rosidl_typesupport_fastrtps_c;rosidl_typesupport_introspection_c
[1.806s] -- Using all available rosidl_typesupport_cpp: rosidl_typesupport_fastrtps_cpp;rosidl_typesupport_introspection_cpp
[1.836s] -- Found python_cmake_module: 0.10.0 (/opt/ros/humble/share/python_cmake_module/cmake)
[1.872s] -- Using PYTHON_EXECUTABLE: /usr/bin/python3
[1.872s] -- Using PYTHON_INCLUDE_DIRS: /usr/include/python3.10
[1.873s] -- Using PYTHON_LIBRARIES: /usr/lib/x86_64-linux-gnu/libpython3.10.so
[2.043s] -- Using numpy include directory: /usr/local/lib/python3.10/dist-packages/numpy/_core/include
[2.063s] -- Found ament_cmake_flake8: 0.12.11 (/opt/ros/humble/share/ament_cmake_flake8/cmake)
[2.065s] -- Found ament_cmake_pep257: 0.12.11 (/opt/ros/humble/share/ament_cmake_pep257/cmake)
[2.087s] -- Configuring done
[2.202s] -- Generating done
[2.222s] -- Build files have been written to: /home/darkdemon/work/motor_control/build/dynamixel_workbench_msgs
[2.259s] [35m[1mConsolidate compiler generated dependencies of target dynamixel_workbench_msgs__rosidl_generator_c[0m
[2.266s] [  0%] Built target dynamixel_workbench_msgs__cpp
[2.279s] [  0%] Built target ament_cmake_python_symlink_dynamixel_workbench_msgs
[2.282s] [ 12%] Built target dynamixel_workbench_msgs__rosidl_generator_c
[2.290s] [35m[1mConsolidate compiler generated dependencies of target dynamixel_workbench_msgs__rosidl_typesupport_cpp[0m
[2.292s] [35m[1mConsolidate compiler generated dependencies of target dynamixel_workbench_msgs__rosidl_typesupport_fastrtps_cpp[0m
[2.292s] [35m[1mConsolidate compiler generated dependencies of target dynamixel_workbench_msgs__rosidl_typesupport_introspection_cpp[0m
[2.299s] [35m[1mConsolidate compiler generated dependencies of target dynamixel_workbench_msgs__rosidl_typesupport_c[0m
[2.304s] [35m[1mConsolidate compiler generated dependencies of target dynamixel_workbench_msgs__rosidl_typesupport_introspection_c[0m
[2.307s] [35m[1mConsolidate compiler generated dependencies of target dynamixel_workbench_msgs__rosidl_typesupport_fastrtps_c[0m
[2.319s] [ 35%] Built target dynamixel_workbench_msgs__rosidl_typesupport_cpp
[2.319s] [ 36%] Built target dynamixel_workbench_msgs__rosidl_typesupport_c
[2.327s] [ 48%] Built target dynamixel_workbench_msgs__rosidl_typesupport_introspection_c
[2.327s] [ 61%] Built target dynamixel_workbench_msgs__rosidl_typesupport_introspection_cpp
[2.334s] [ 73%] Built target dynamixel_workbench_msgs__rosidl_typesupport_fastrtps_cpp
[2.339s] [ 85%] Built target dynamixel_workbench_msgs__rosidl_typesupport_fastrtps_c
[2.368s] [ 85%] Built target dynamixel_workbench_msgs
[2.398s] [ 86%] Built target dynamixel_workbench_msgs__py
[2.424s] [35m[1mConsolidate compiler generated dependencies of target dynamixel_workbench_msgs__rosidl_generator_py[0m
[2.463s] [ 97%] Built target dynamixel_workbench_msgs__rosidl_generator_py
[2.475s] [35m[1mConsolidate compiler generated dependencies of target dynamixel_workbench_msgs__rosidl_typesupport_c__pyext[0m
[2.475s] [35m[1mConsolidate compiler generated dependencies of target dynamixel_workbench_msgs__rosidl_typesupport_introspection_c__pyext[0m
[2.476s] [35m[1mConsolidate compiler generated dependencies of target dynamixel_workbench_msgs__rosidl_typesupport_fastrtps_c__pyext[0m
[2.490s] [ 98%] Built target dynamixel_workbench_msgs__rosidl_typesupport_introspection_c__pyext
[2.490s] [ 99%] Built target dynamixel_workbench_msgs__rosidl_typesupport_c__pyext
[2.495s] [100%] Built target dynamixel_workbench_msgs__rosidl_typesupport_fastrtps_c__pyext
[2.591s] running egg_info
[2.592s] writing dynamixel_workbench_msgs.egg-info/PKG-INFO
[2.592s] writing dependency_links to dynamixel_workbench_msgs.egg-info/dependency_links.txt
[2.593s] writing top-level names to dynamixel_workbench_msgs.egg-info/top_level.txt
[2.597s] reading manifest file 'dynamixel_workbench_msgs.egg-info/SOURCES.txt'
[2.598s] writing manifest file 'dynamixel_workbench_msgs.egg-info/SOURCES.txt'
[2.634s] [100%] Built target ament_cmake_python_build_dynamixel_workbench_msgs_egg
