[0.012s] Invoking command in '/home/darkdemon/work/motor_control/build/dynamixel_workbench_msgs': CMAKE_PREFIX_PATH=/opt/ros/humble /usr/bin/cmake --build /home/darkdemon/work/motor_control/build/dynamixel_workbench_msgs -- -j20 -l20
[0.239s] [31mCMake Error at CMakeLists.txt:25 (find_package):
[0.239s]   By not providing "Findrosidl_default_generators.cmake" in CMAKE_MODULE_PATH
[0.239s]   this project has asked CMake to find a package configuration file provided
[0.239s]   by "rosidl_default_generators", but CMake did not find one.
[0.239s] 
[0.239s]   Could not find a package configuration file provided by
[0.239s]   "rosidl_default_generators" with any of the following names:
[0.239s] 
[0.240s]     rosidl_default_generatorsConfig.cmake
[0.240s]     rosidl_default_generators-config.cmake
[0.240s] 
[0.240s]   Add the installation prefix of "rosidl_default_generators" to
[0.240s]   CMAKE_PREFIX_PATH or set "rosidl_default_generators_DIR" to a directory
[0.240s]   containing one of the above files.  If "rosidl_default_generators" provides
[0.240s]   a separate development package or SDK, be sure it has been installed.
[0.240s] 
[0.240s] [0m
[0.240s] gmake: *** [Makefile:4851: cmake_check_build_system] Error 1
[0.241s] -- Found ament_cmake: 1.3.11 (/opt/ros/humble/share/ament_cmake/cmake)
[0.241s] -- Configuring incomplete, errors occurred!
[0.241s] See also "/home/darkdemon/work/motor_control/build/dynamixel_workbench_msgs/CMakeFiles/CMakeOutput.log".
[0.253s] Invoked command in '/home/darkdemon/work/motor_control/build/dynamixel_workbench_msgs' returned '2': CMAKE_PREFIX_PATH=/opt/ros/humble /usr/bin/cmake --build /home/darkdemon/work/motor_control/build/dynamixel_workbench_msgs -- -j20 -l20
