[0.016s] Invoking command in '/home/darkdemon/work/motor_control/build/dynamixel_workbench_msgs': CMAKE_PREFIX_PATH=/opt/ros/humble /usr/bin/cmake --build /home/darkdemon/work/motor_control/build/dynamixel_workbench_msgs -- -j20 -l20
[0.298s] -- Found ament_cmake: 1.3.11 (/opt/ros/humble/share/ament_cmake/cmake)
[0.298s] -- Found rosidl_default_generators: 1.2.0 (/opt/ros/humble/share/rosidl_default_generators/cmake)
[0.298s] -- Using all available rosidl_typesupport_c: rosidl_typesupport_fastrtps_c;rosidl_typesupport_introspection_c
[0.298s] -- Found rosidl_adapter: 3.1.6 (/opt/ros/humble/share/rosidl_adapter/cmake)
[0.298s] -- Using all available rosidl_typesupport_cpp: rosidl_typesupport_fastrtps_cpp;rosidl_typesupport_introspection_cpp
[0.298s] -- Found std_msgs: 4.8.0 (/opt/ros/humble/share/std_msgs/cmake)
[0.518s] -- Found ament_cmake_cppcheck: 0.12.12 (/opt/ros/humble/share/ament_cmake_cppcheck/cmake)
[0.519s] -- Found ament_cmake_cpplint: 0.12.12 (/opt/ros/humble/share/ament_cmake_cpplint/cmake)
[0.520s] -- Found ament_cmake_uncrustify: 0.12.12 (/opt/ros/humble/share/ament_cmake_uncrustify/cmake)
[0.522s] -- Found ament_cmake_ros: 0.10.0 (/opt/ros/humble/share/ament_cmake_ros/cmake)
[0.670s] -- Using all available rosidl_typesupport_c: rosidl_typesupport_fastrtps_c;rosidl_typesupport_introspection_c
[0.884s] -- Using all available rosidl_typesupport_cpp: rosidl_typesupport_fastrtps_cpp;rosidl_typesupport_introspection_cpp
[0.901s] -- Found python_cmake_module: 0.10.0 (/opt/ros/humble/share/python_cmake_module/cmake)
[0.919s] -- Using PYTHON_EXECUTABLE: /usr/bin/python3
[0.919s] -- Using PYTHON_INCLUDE_DIRS: /usr/include/python3.10
[0.919s] -- Using PYTHON_LIBRARIES: /usr/lib/x86_64-linux-gnu/libpython3.10.so
[1.126s] -- Using numpy include directory: /usr/local/lib/python3.10/dist-packages/numpy/core/include
[1.131s] -- Found ament_cmake_flake8: 0.12.12 (/opt/ros/humble/share/ament_cmake_flake8/cmake)
[1.132s] -- Found ament_cmake_pep257: 0.12.12 (/opt/ros/humble/share/ament_cmake_pep257/cmake)
[1.139s] -- Configuring done
[1.198s] -- Generating done
[1.206s] -- Build files have been written to: /home/darkdemon/work/motor_control/build/dynamixel_workbench_msgs
[1.232s] [35m[1mConsolidate compiler generated dependencies of target dynamixel_workbench_msgs__rosidl_generator_c[0m
[1.233s] [  0%] Built target dynamixel_workbench_msgs__cpp
[1.245s] [ 12%] Built target dynamixel_workbench_msgs__rosidl_generator_c
[1.249s] [35m[1mConsolidate compiler generated dependencies of target dynamixel_workbench_msgs__rosidl_typesupport_fastrtps_cpp[0m
[1.249s] [35m[1mConsolidate compiler generated dependencies of target dynamixel_workbench_msgs__rosidl_typesupport_cpp[0m
[1.250s] [35m[1mConsolidate compiler generated dependencies of target dynamixel_workbench_msgs__rosidl_typesupport_introspection_cpp[0m
[1.259s] [35m[1mConsolidate compiler generated dependencies of target dynamixel_workbench_msgs__rosidl_typesupport_introspection_c[0m
[1.260s] [35m[1mConsolidate compiler generated dependencies of target dynamixel_workbench_msgs__rosidl_typesupport_c[0m
[1.263s] [35m[1mConsolidate compiler generated dependencies of target dynamixel_workbench_msgs__rosidl_typesupport_fastrtps_c[0m
[1.263s] [ 12%] Built target ament_cmake_python_copy_dynamixel_workbench_msgs
[1.266s] [ 25%] Built target dynamixel_workbench_msgs__rosidl_typesupport_introspection_cpp
[1.267s] [ 37%] Built target dynamixel_workbench_msgs__rosidl_typesupport_fastrtps_cpp
[1.267s] [ 49%] Built target dynamixel_workbench_msgs__rosidl_typesupport_cpp
[1.271s] [ 65%] Built target dynamixel_workbench_msgs__rosidl_typesupport_c
[1.271s] [ 73%] Built target dynamixel_workbench_msgs__rosidl_typesupport_introspection_c
[1.280s] [ 85%] Built target dynamixel_workbench_msgs__rosidl_typesupport_fastrtps_c
[1.296s] [ 85%] Built target dynamixel_workbench_msgs
[1.313s] [ 86%] Built target dynamixel_workbench_msgs__py
[1.328s] [35m[1mConsolidate compiler generated dependencies of target dynamixel_workbench_msgs__rosidl_generator_py[0m
[1.344s] [ 97%] Built target dynamixel_workbench_msgs__rosidl_generator_py
[1.352s] [35m[1mConsolidate compiler generated dependencies of target dynamixel_workbench_msgs__rosidl_typesupport_c__pyext[0m
[1.352s] [35m[1mConsolidate compiler generated dependencies of target dynamixel_workbench_msgs__rosidl_typesupport_fastrtps_c__pyext[0m
[1.353s] [35m[1mConsolidate compiler generated dependencies of target dynamixel_workbench_msgs__rosidl_typesupport_introspection_c__pyext[0m
[1.362s] [ 98%] Built target dynamixel_workbench_msgs__rosidl_typesupport_c__pyext
[1.362s] [ 99%] Built target dynamixel_workbench_msgs__rosidl_typesupport_fastrtps_c__pyext
[1.362s] [100%] Built target dynamixel_workbench_msgs__rosidl_typesupport_introspection_c__pyext
[1.395s] running egg_info
[1.395s] writing dynamixel_workbench_msgs.egg-info/PKG-INFO
[1.395s] writing dependency_links to dynamixel_workbench_msgs.egg-info/dependency_links.txt
[1.396s] writing top-level names to dynamixel_workbench_msgs.egg-info/top_level.txt
[1.397s] reading manifest file 'dynamixel_workbench_msgs.egg-info/SOURCES.txt'
[1.397s] writing manifest file 'dynamixel_workbench_msgs.egg-info/SOURCES.txt'
[1.413s] [100%] Built target ament_cmake_python_build_dynamixel_workbench_msgs_egg
[1.423s] Invoked command in '/home/darkdemon/work/motor_control/build/dynamixel_workbench_msgs' returned '0': CMAKE_PREFIX_PATH=/opt/ros/humble /usr/bin/cmake --build /home/darkdemon/work/motor_control/build/dynamixel_workbench_msgs -- -j20 -l20
[1.425s] Invoking command in '/home/darkdemon/work/motor_control/build/dynamixel_workbench_msgs': CMAKE_PREFIX_PATH=/opt/ros/humble /usr/bin/cmake --install /home/darkdemon/work/motor_control/build/dynamixel_workbench_msgs
[1.431s] -- Install configuration: ""
[1.431s] -- Up-to-date: /home/darkdemon/work/motor_control/install/dynamixel_workbench_msgs/share/ament_index/resource_index/rosidl_interfaces/dynamixel_workbench_msgs
[1.431s] -- Up-to-date: /home/darkdemon/work/motor_control/install/dynamixel_workbench_msgs/include/dynamixel_workbench_msgs/dynamixel_workbench_msgs
[1.432s] -- Up-to-date: /home/darkdemon/work/motor_control/install/dynamixel_workbench_msgs/include/dynamixel_workbench_msgs/dynamixel_workbench_msgs/msg
[1.432s] -- Up-to-date: /home/darkdemon/work/motor_control/install/dynamixel_workbench_msgs/include/dynamixel_workbench_msgs/dynamixel_workbench_msgs/msg/detail
[1.433s] -- Up-to-date: /home/darkdemon/work/motor_control/install/dynamixel_workbench_msgs/include/dynamixel_workbench_msgs/dynamixel_workbench_msgs/msg/detail/xh__struct.h
[1.433s] -- Up-to-date: /home/darkdemon/work/motor_control/install/dynamixel_workbench_msgs/include/dynamixel_workbench_msgs/dynamixel_workbench_msgs/msg/detail/mx2_ext__struct.h
[1.433s] -- Up-to-date: /home/darkdemon/work/motor_control/install/dynamixel_workbench_msgs/include/dynamixel_workbench_msgs/dynamixel_workbench_msgs/msg/detail/xh__functions.h
[1.433s] -- Up-to-date: /home/darkdemon/work/motor_control/install/dynamixel_workbench_msgs/include/dynamixel_workbench_msgs/dynamixel_workbench_msgs/msg/detail/mx2__functions.c
[1.433s] -- Up-to-date: /home/darkdemon/work/motor_control/install/dynamixel_workbench_msgs/include/dynamixel_workbench_msgs/dynamixel_workbench_msgs/msg/detail/xl__functions.h
[1.433s] -- Up-to-date: /home/darkdemon/work/motor_control/install/dynamixel_workbench_msgs/include/dynamixel_workbench_msgs/dynamixel_workbench_msgs/msg/detail/dynamixel_state__functions.h
[1.433s] -- Up-to-date: /home/darkdemon/work/motor_control/install/dynamixel_workbench_msgs/include/dynamixel_workbench_msgs/dynamixel_workbench_msgs/msg/detail/mx2__struct.h
[1.433s] -- Up-to-date: /home/darkdemon/work/motor_control/install/dynamixel_workbench_msgs/include/dynamixel_workbench_msgs/dynamixel_workbench_msgs/msg/detail/xh__type_support.h
[1.433s] -- Up-to-date: /home/darkdemon/work/motor_control/install/dynamixel_workbench_msgs/include/dynamixel_workbench_msgs/dynamixel_workbench_msgs/msg/detail/xl320__type_support.h
[1.433s] -- Up-to-date: /home/darkdemon/work/motor_control/install/dynamixel_workbench_msgs/include/dynamixel_workbench_msgs/dynamixel_workbench_msgs/msg/detail/xl__type_support.h
[1.434s] -- Up-to-date: /home/darkdemon/work/motor_control/install/dynamixel_workbench_msgs/include/dynamixel_workbench_msgs/dynamixel_workbench_msgs/msg/detail/dynamixel_state_list__type_support.h
[1.434s] -- Up-to-date: /home/darkdemon/work/motor_control/install/dynamixel_workbench_msgs/include/dynamixel_workbench_msgs/dynamixel_workbench_msgs/msg/detail/pro_ext__type_support.h
[1.434s] -- Up-to-date: /home/darkdemon/work/motor_control/install/dynamixel_workbench_msgs/include/dynamixel_workbench_msgs/dynamixel_workbench_msgs/msg/detail/xm_ext__functions.c
[1.434s] -- Up-to-date: /home/darkdemon/work/motor_control/install/dynamixel_workbench_msgs/include/dynamixel_workbench_msgs/dynamixel_workbench_msgs/msg/detail/ax__functions.h
[1.434s] -- Up-to-date: /home/darkdemon/work/motor_control/install/dynamixel_workbench_msgs/include/dynamixel_workbench_msgs/dynamixel_workbench_msgs/msg/detail/xl320__struct.h
[1.434s] -- Up-to-date: /home/darkdemon/work/motor_control/install/dynamixel_workbench_msgs/include/dynamixel_workbench_msgs/dynamixel_workbench_msgs/msg/detail/mx__functions.c
[1.434s] -- Up-to-date: /home/darkdemon/work/motor_control/install/dynamixel_workbench_msgs/include/dynamixel_workbench_msgs/dynamixel_workbench_msgs/msg/detail/dynamixel_state_list__struct.h
[1.434s] -- Up-to-date: /home/darkdemon/work/motor_control/install/dynamixel_workbench_msgs/include/dynamixel_workbench_msgs/dynamixel_workbench_msgs/msg/detail/dynamixel_load_info__type_support.h
[1.434s] -- Up-to-date: /home/darkdemon/work/motor_control/install/dynamixel_workbench_msgs/include/dynamixel_workbench_msgs/dynamixel_workbench_msgs/msg/detail/rx__functions.h
[1.434s] -- Up-to-date: /home/darkdemon/work/motor_control/install/dynamixel_workbench_msgs/include/dynamixel_workbench_msgs/dynamixel_workbench_msgs/msg/detail/mx__functions.h
[1.434s] -- Up-to-date: /home/darkdemon/work/motor_control/install/dynamixel_workbench_msgs/include/dynamixel_workbench_msgs/dynamixel_workbench_msgs/msg/detail/pro_ext__functions.c
[1.434s] -- Up-to-date: /home/darkdemon/work/motor_control/install/dynamixel_workbench_msgs/include/dynamixel_workbench_msgs/dynamixel_workbench_msgs/msg/detail/xl__functions.c
[1.435s] -- Up-to-date: /home/darkdemon/work/motor_control/install/dynamixel_workbench_msgs/include/dynamixel_workbench_msgs/dynamixel_workbench_msgs/msg/detail/xl320__functions.h
[1.435s] -- Up-to-date: /home/darkdemon/work/motor_control/install/dynamixel_workbench_msgs/include/dynamixel_workbench_msgs/dynamixel_workbench_msgs/msg/detail/ax__type_support.h
[1.435s] -- Up-to-date: /home/darkdemon/work/motor_control/install/dynamixel_workbench_msgs/include/dynamixel_workbench_msgs/dynamixel_workbench_msgs/msg/detail/xm__functions.h
[1.435s] -- Up-to-date: /home/darkdemon/work/motor_control/install/dynamixel_workbench_msgs/include/dynamixel_workbench_msgs/dynamixel_workbench_msgs/msg/detail/ex__type_support.h
[1.435s] -- Up-to-date: /home/darkdemon/work/motor_control/install/dynamixel_workbench_msgs/include/dynamixel_workbench_msgs/dynamixel_workbench_msgs/msg/detail/dynamixel_state__type_support.h
[1.435s] -- Up-to-date: /home/darkdemon/work/motor_control/install/dynamixel_workbench_msgs/include/dynamixel_workbench_msgs/dynamixel_workbench_msgs/msg/detail/rx__struct.h
[1.435s] -- Up-to-date: /home/darkdemon/work/motor_control/install/dynamixel_workbench_msgs/include/dynamixel_workbench_msgs/dynamixel_workbench_msgs/msg/detail/mx_ext__struct.h
[1.435s] -- Up-to-date: /home/darkdemon/work/motor_control/install/dynamixel_workbench_msgs/include/dynamixel_workbench_msgs/dynamixel_workbench_msgs/msg/detail/xm_ext__struct.h
[1.435s] -- Up-to-date: /home/darkdemon/work/motor_control/install/dynamixel_workbench_msgs/include/dynamixel_workbench_msgs/dynamixel_workbench_msgs/msg/detail/ex__functions.c
[1.435s] -- Up-to-date: /home/darkdemon/work/motor_control/install/dynamixel_workbench_msgs/include/dynamixel_workbench_msgs/dynamixel_workbench_msgs/msg/detail/ex__functions.h
[1.435s] -- Up-to-date: /home/darkdemon/work/motor_control/install/dynamixel_workbench_msgs/include/dynamixel_workbench_msgs/dynamixel_workbench_msgs/msg/detail/mx2__type_support.h
[1.435s] -- Up-to-date: /home/darkdemon/work/motor_control/install/dynamixel_workbench_msgs/include/dynamixel_workbench_msgs/dynamixel_workbench_msgs/msg/detail/mx2_ext__functions.h
[1.435s] -- Up-to-date: /home/darkdemon/work/motor_control/install/dynamixel_workbench_msgs/include/dynamixel_workbench_msgs/dynamixel_workbench_msgs/msg/detail/dynamixel_state_list__functions.c
[1.435s] -- Up-to-date: /home/darkdemon/work/motor_control/install/dynamixel_workbench_msgs/include/dynamixel_workbench_msgs/dynamixel_workbench_msgs/msg/detail/dynamixel_state__functions.c
[1.435s] -- Up-to-date: /home/darkdemon/work/motor_control/install/dynamixel_workbench_msgs/include/dynamixel_workbench_msgs/dynamixel_workbench_msgs/msg/detail/mx_ext__functions.c
[1.435s] -- Up-to-date: /home/darkdemon/work/motor_control/install/dynamixel_workbench_msgs/include/dynamixel_workbench_msgs/dynamixel_workbench_msgs/msg/detail/pro__functions.h
[1.436s] -- Up-to-date: /home/darkdemon/work/motor_control/install/dynamixel_workbench_msgs/include/dynamixel_workbench_msgs/dynamixel_workbench_msgs/msg/detail/mx2_ext__type_support.h
[1.436s] -- Up-to-date: /home/darkdemon/work/motor_control/install/dynamixel_workbench_msgs/include/dynamixel_workbench_msgs/dynamixel_workbench_msgs/msg/detail/dynamixel_info__type_support.h
[1.436s] -- Up-to-date: /home/darkdemon/work/motor_control/install/dynamixel_workbench_msgs/include/dynamixel_workbench_msgs/dynamixel_workbench_msgs/msg/detail/ex__struct.h
[1.436s] -- Up-to-date: /home/darkdemon/work/motor_control/install/dynamixel_workbench_msgs/include/dynamixel_workbench_msgs/dynamixel_workbench_msgs/msg/detail/xm__struct.h
[1.436s] -- Up-to-date: /home/darkdemon/work/motor_control/install/dynamixel_workbench_msgs/include/dynamixel_workbench_msgs/dynamixel_workbench_msgs/msg/detail/xm__functions.c
[1.436s] -- Up-to-date: /home/darkdemon/work/motor_control/install/dynamixel_workbench_msgs/include/dynamixel_workbench_msgs/dynamixel_workbench_msgs/msg/detail/pro_ext__functions.h
[1.436s] -- Up-to-date: /home/darkdemon/work/motor_control/install/dynamixel_workbench_msgs/include/dynamixel_workbench_msgs/dynamixel_workbench_msgs/msg/detail/pro__type_support.h
[1.436s] -- Up-to-date: /home/darkdemon/work/motor_control/install/dynamixel_workbench_msgs/include/dynamixel_workbench_msgs/dynamixel_workbench_msgs/msg/detail/xm_ext__functions.h
[1.436s] -- Up-to-date: /home/darkdemon/work/motor_control/install/dynamixel_workbench_msgs/include/dynamixel_workbench_msgs/dynamixel_workbench_msgs/msg/detail/mx__type_support.h
[1.436s] -- Up-to-date: /home/darkdemon/work/motor_control/install/dynamixel_workbench_msgs/include/dynamixel_workbench_msgs/dynamixel_workbench_msgs/msg/detail/pro__struct.h
[1.436s] -- Up-to-date: /home/darkdemon/work/motor_control/install/dynamixel_workbench_msgs/include/dynamixel_workbench_msgs/dynamixel_workbench_msgs/msg/detail/dynamixel_info__struct.h
[1.436s] -- Up-to-date: /home/darkdemon/work/motor_control/install/dynamixel_workbench_msgs/include/dynamixel_workbench_msgs/dynamixel_workbench_msgs/msg/detail/mx_ext__type_support.h
[1.436s] -- Up-to-date: /home/darkdemon/work/motor_control/install/dynamixel_workbench_msgs/include/dynamixel_workbench_msgs/dynamixel_workbench_msgs/msg/detail/xm__type_support.h
[1.436s] -- Up-to-date: /home/darkdemon/work/motor_control/install/dynamixel_workbench_msgs/include/dynamixel_workbench_msgs/dynamixel_workbench_msgs/msg/detail/mx__struct.h
[1.436s] -- Up-to-date: /home/darkdemon/work/motor_control/install/dynamixel_workbench_msgs/include/dynamixel_workbench_msgs/dynamixel_workbench_msgs/msg/detail/dynamixel_load_info__struct.h
[1.436s] -- Up-to-date: /home/darkdemon/work/motor_control/install/dynamixel_workbench_msgs/include/dynamixel_workbench_msgs/dynamixel_workbench_msgs/msg/detail/pro__functions.c
[1.436s] -- Up-to-date: /home/darkdemon/work/motor_control/install/dynamixel_workbench_msgs/include/dynamixel_workbench_msgs/dynamixel_workbench_msgs/msg/detail/mx_ext__functions.h
[1.437s] -- Up-to-date: /home/darkdemon/work/motor_control/install/dynamixel_workbench_msgs/include/dynamixel_workbench_msgs/dynamixel_workbench_msgs/msg/detail/mx2_ext__functions.c
[1.437s] -- Up-to-date: /home/darkdemon/work/motor_control/install/dynamixel_workbench_msgs/include/dynamixel_workbench_msgs/dynamixel_workbench_msgs/msg/detail/ax__functions.c
[1.437s] -- Up-to-date: /home/darkdemon/work/motor_control/install/dynamixel_workbench_msgs/include/dynamixel_workbench_msgs/dynamixel_workbench_msgs/msg/detail/xl320__functions.c
[1.437s] -- Up-to-date: /home/darkdemon/work/motor_control/install/dynamixel_workbench_msgs/include/dynamixel_workbench_msgs/dynamixel_workbench_msgs/msg/detail/ax__struct.h
[1.437s] -- Up-to-date: /home/darkdemon/work/motor_control/install/dynamixel_workbench_msgs/include/dynamixel_workbench_msgs/dynamixel_workbench_msgs/msg/detail/dynamixel_load_info__functions.h
[1.437s] -- Up-to-date: /home/darkdemon/work/motor_control/install/dynamixel_workbench_msgs/include/dynamixel_workbench_msgs/dynamixel_workbench_msgs/msg/detail/pro_ext__struct.h
[1.437s] -- Up-to-date: /home/darkdemon/work/motor_control/install/dynamixel_workbench_msgs/include/dynamixel_workbench_msgs/dynamixel_workbench_msgs/msg/detail/xm_ext__type_support.h
[1.437s] -- Up-to-date: /home/darkdemon/work/motor_control/install/dynamixel_workbench_msgs/include/dynamixel_workbench_msgs/dynamixel_workbench_msgs/msg/detail/dynamixel_info__functions.h
[1.437s] -- Up-to-date: /home/darkdemon/work/motor_control/install/dynamixel_workbench_msgs/include/dynamixel_workbench_msgs/dynamixel_workbench_msgs/msg/detail/mx2__functions.h
[1.437s] -- Up-to-date: /home/darkdemon/work/motor_control/install/dynamixel_workbench_msgs/include/dynamixel_workbench_msgs/dynamixel_workbench_msgs/msg/detail/dynamixel_state_list__functions.h
[1.438s] -- Up-to-date: /home/darkdemon/work/motor_control/install/dynamixel_workbench_msgs/include/dynamixel_workbench_msgs/dynamixel_workbench_msgs/msg/detail/xh__functions.c
[1.438s] -- Up-to-date: /home/darkdemon/work/motor_control/install/dynamixel_workbench_msgs/include/dynamixel_workbench_msgs/dynamixel_workbench_msgs/msg/detail/dynamixel_state__struct.h
[1.438s] -- Up-to-date: /home/darkdemon/work/motor_control/install/dynamixel_workbench_msgs/include/dynamixel_workbench_msgs/dynamixel_workbench_msgs/msg/detail/rx__functions.c
[1.438s] -- Up-to-date: /home/darkdemon/work/motor_control/install/dynamixel_workbench_msgs/include/dynamixel_workbench_msgs/dynamixel_workbench_msgs/msg/detail/dynamixel_load_info__functions.c
[1.438s] -- Up-to-date: /home/darkdemon/work/motor_control/install/dynamixel_workbench_msgs/include/dynamixel_workbench_msgs/dynamixel_workbench_msgs/msg/detail/rx__type_support.h
[1.438s] -- Up-to-date: /home/darkdemon/work/motor_control/install/dynamixel_workbench_msgs/include/dynamixel_workbench_msgs/dynamixel_workbench_msgs/msg/detail/dynamixel_info__functions.c
[1.438s] -- Up-to-date: /home/darkdemon/work/motor_control/install/dynamixel_workbench_msgs/include/dynamixel_workbench_msgs/dynamixel_workbench_msgs/msg/detail/xl__struct.h
[1.438s] -- Up-to-date: /home/darkdemon/work/motor_control/install/dynamixel_workbench_msgs/include/dynamixel_workbench_msgs/dynamixel_workbench_msgs/msg/pro.h
[1.438s] -- Up-to-date: /home/darkdemon/work/motor_control/install/dynamixel_workbench_msgs/include/dynamixel_workbench_msgs/dynamixel_workbench_msgs/msg/xh.h
[1.438s] -- Up-to-date: /home/darkdemon/work/motor_control/install/dynamixel_workbench_msgs/include/dynamixel_workbench_msgs/dynamixel_workbench_msgs/msg/xl.h
[1.438s] -- Up-to-date: /home/darkdemon/work/motor_control/install/dynamixel_workbench_msgs/include/dynamixel_workbench_msgs/dynamixel_workbench_msgs/msg/rosidl_generator_c__visibility_control.h
[1.438s] -- Up-to-date: /home/darkdemon/work/motor_control/install/dynamixel_workbench_msgs/include/dynamixel_workbench_msgs/dynamixel_workbench_msgs/msg/mx2_ext.h
[1.438s] -- Up-to-date: /home/darkdemon/work/motor_control/install/dynamixel_workbench_msgs/include/dynamixel_workbench_msgs/dynamixel_workbench_msgs/msg/xm_ext.h
[1.438s] -- Up-to-date: /home/darkdemon/work/motor_control/install/dynamixel_workbench_msgs/include/dynamixel_workbench_msgs/dynamixel_workbench_msgs/msg/xm.h
[1.438s] -- Up-to-date: /home/darkdemon/work/motor_control/install/dynamixel_workbench_msgs/include/dynamixel_workbench_msgs/dynamixel_workbench_msgs/msg/mx.h
[1.438s] -- Up-to-date: /home/darkdemon/work/motor_control/install/dynamixel_workbench_msgs/include/dynamixel_workbench_msgs/dynamixel_workbench_msgs/msg/dynamixel_info.h
[1.438s] -- Up-to-date: /home/darkdemon/work/motor_control/install/dynamixel_workbench_msgs/include/dynamixel_workbench_msgs/dynamixel_workbench_msgs/msg/pro_ext.h
[1.438s] -- Up-to-date: /home/darkdemon/work/motor_control/install/dynamixel_workbench_msgs/include/dynamixel_workbench_msgs/dynamixel_workbench_msgs/msg/mx2.h
[1.438s] -- Up-to-date: /home/darkdemon/work/motor_control/install/dynamixel_workbench_msgs/include/dynamixel_workbench_msgs/dynamixel_workbench_msgs/msg/xl320.h
[1.438s] -- Up-to-date: /home/darkdemon/work/motor_control/install/dynamixel_workbench_msgs/include/dynamixel_workbench_msgs/dynamixel_workbench_msgs/msg/ax.h
[1.438s] -- Up-to-date: /home/darkdemon/work/motor_control/install/dynamixel_workbench_msgs/include/dynamixel_workbench_msgs/dynamixel_workbench_msgs/msg/dynamixel_state.h
[1.438s] -- Up-to-date: /home/darkdemon/work/motor_control/install/dynamixel_workbench_msgs/include/dynamixel_workbench_msgs/dynamixel_workbench_msgs/msg/dynamixel_load_info.h
[1.438s] -- Up-to-date: /home/darkdemon/work/motor_control/install/dynamixel_workbench_msgs/include/dynamixel_workbench_msgs/dynamixel_workbench_msgs/msg/dynamixel_state_list.h
[1.438s] -- Up-to-date: /home/darkdemon/work/motor_control/install/dynamixel_workbench_msgs/include/dynamixel_workbench_msgs/dynamixel_workbench_msgs/msg/ex.h
[1.438s] -- Up-to-date: /home/darkdemon/work/motor_control/install/dynamixel_workbench_msgs/include/dynamixel_workbench_msgs/dynamixel_workbench_msgs/msg/mx_ext.h
[1.438s] -- Up-to-date: /home/darkdemon/work/motor_control/install/dynamixel_workbench_msgs/include/dynamixel_workbench_msgs/dynamixel_workbench_msgs/msg/rx.h
[1.438s] -- Up-to-date: /home/darkdemon/work/motor_control/install/dynamixel_workbench_msgs/include/dynamixel_workbench_msgs/dynamixel_workbench_msgs/srv
[1.438s] -- Up-to-date: /home/darkdemon/work/motor_control/install/dynamixel_workbench_msgs/include/dynamixel_workbench_msgs/dynamixel_workbench_msgs/srv/detail
[1.438s] -- Up-to-date: /home/darkdemon/work/motor_control/install/dynamixel_workbench_msgs/include/dynamixel_workbench_msgs/dynamixel_workbench_msgs/srv/detail/dynamixel_command__struct.h
[1.438s] -- Up-to-date: /home/darkdemon/work/motor_control/install/dynamixel_workbench_msgs/include/dynamixel_workbench_msgs/dynamixel_workbench_msgs/srv/detail/dynamixel_command__functions.c
[1.438s] -- Up-to-date: /home/darkdemon/work/motor_control/install/dynamixel_workbench_msgs/include/dynamixel_workbench_msgs/dynamixel_workbench_msgs/srv/detail/get_dynamixel_info__type_support.h
[1.438s] -- Up-to-date: /home/darkdemon/work/motor_control/install/dynamixel_workbench_msgs/include/dynamixel_workbench_msgs/dynamixel_workbench_msgs/srv/detail/dynamixel_command__functions.h
[1.438s] -- Up-to-date: /home/darkdemon/work/motor_control/install/dynamixel_workbench_msgs/include/dynamixel_workbench_msgs/dynamixel_workbench_msgs/srv/detail/get_dynamixel_info__functions.h
[1.438s] -- Up-to-date: /home/darkdemon/work/motor_control/install/dynamixel_workbench_msgs/include/dynamixel_workbench_msgs/dynamixel_workbench_msgs/srv/detail/dynamixel_command__type_support.h
[1.439s] -- Up-to-date: /home/darkdemon/work/motor_control/install/dynamixel_workbench_msgs/include/dynamixel_workbench_msgs/dynamixel_workbench_msgs/srv/detail/get_dynamixel_info__struct.h
[1.439s] -- Up-to-date: /home/darkdemon/work/motor_control/install/dynamixel_workbench_msgs/include/dynamixel_workbench_msgs/dynamixel_workbench_msgs/srv/detail/get_dynamixel_info__functions.c
[1.439s] -- Up-to-date: /home/darkdemon/work/motor_control/install/dynamixel_workbench_msgs/include/dynamixel_workbench_msgs/dynamixel_workbench_msgs/srv/get_dynamixel_info.h
[1.439s] -- Up-to-date: /home/darkdemon/work/motor_control/install/dynamixel_workbench_msgs/include/dynamixel_workbench_msgs/dynamixel_workbench_msgs/srv/dynamixel_command.h
[1.439s] -- Up-to-date: /home/darkdemon/work/motor_control/install/dynamixel_workbench_msgs/share/dynamixel_workbench_msgs/environment/library_path.sh
[1.439s] -- Installing: /home/darkdemon/work/motor_control/install/dynamixel_workbench_msgs/share/dynamixel_workbench_msgs/environment/library_path.dsv
[1.439s] -- Up-to-date: /home/darkdemon/work/motor_control/install/dynamixel_workbench_msgs/lib/libdynamixel_workbench_msgs__rosidl_generator_c.so
[1.439s] -- Up-to-date: /home/darkdemon/work/motor_control/install/dynamixel_workbench_msgs/include/dynamixel_workbench_msgs/dynamixel_workbench_msgs
[1.439s] -- Up-to-date: /home/darkdemon/work/motor_control/install/dynamixel_workbench_msgs/include/dynamixel_workbench_msgs/dynamixel_workbench_msgs/msg
[1.439s] -- Up-to-date: /home/darkdemon/work/motor_control/install/dynamixel_workbench_msgs/include/dynamixel_workbench_msgs/dynamixel_workbench_msgs/msg/detail
[1.439s] -- Up-to-date: /home/darkdemon/work/motor_control/install/dynamixel_workbench_msgs/include/dynamixel_workbench_msgs/dynamixel_workbench_msgs/msg/detail/dynamixel_info__rosidl_typesupport_fastrtps_c.h
[1.439s] -- Up-to-date: /home/darkdemon/work/motor_control/install/dynamixel_workbench_msgs/include/dynamixel_workbench_msgs/dynamixel_workbench_msgs/msg/detail/mx2_ext__rosidl_typesupport_fastrtps_c.h
[1.439s] -- Up-to-date: /home/darkdemon/work/motor_control/install/dynamixel_workbench_msgs/include/dynamixel_workbench_msgs/dynamixel_workbench_msgs/msg/detail/pro__rosidl_typesupport_fastrtps_c.h
[1.439s] -- Up-to-date: /home/darkdemon/work/motor_control/install/dynamixel_workbench_msgs/include/dynamixel_workbench_msgs/dynamixel_workbench_msgs/msg/detail/dynamixel_load_info__rosidl_typesupport_fastrtps_c.h
[1.439s] -- Up-to-date: /home/darkdemon/work/motor_control/install/dynamixel_workbench_msgs/include/dynamixel_workbench_msgs/dynamixel_workbench_msgs/msg/detail/dynamixel_state_list__rosidl_typesupport_fastrtps_c.h
[1.439s] -- Up-to-date: /home/darkdemon/work/motor_control/install/dynamixel_workbench_msgs/include/dynamixel_workbench_msgs/dynamixel_workbench_msgs/msg/detail/mx2__rosidl_typesupport_fastrtps_c.h
[1.439s] -- Up-to-date: /home/darkdemon/work/motor_control/install/dynamixel_workbench_msgs/include/dynamixel_workbench_msgs/dynamixel_workbench_msgs/msg/detail/xl320__rosidl_typesupport_fastrtps_c.h
[1.439s] -- Up-to-date: /home/darkdemon/work/motor_control/install/dynamixel_workbench_msgs/include/dynamixel_workbench_msgs/dynamixel_workbench_msgs/msg/detail/xl__rosidl_typesupport_fastrtps_c.h
[1.439s] -- Up-to-date: /home/darkdemon/work/motor_control/install/dynamixel_workbench_msgs/include/dynamixel_workbench_msgs/dynamixel_workbench_msgs/msg/detail/rx__rosidl_typesupport_fastrtps_c.h
[1.439s] -- Up-to-date: /home/darkdemon/work/motor_control/install/dynamixel_workbench_msgs/include/dynamixel_workbench_msgs/dynamixel_workbench_msgs/msg/detail/ax__rosidl_typesupport_fastrtps_c.h
[1.439s] -- Up-to-date: /home/darkdemon/work/motor_control/install/dynamixel_workbench_msgs/include/dynamixel_workbench_msgs/dynamixel_workbench_msgs/msg/detail/xh__rosidl_typesupport_fastrtps_c.h
[1.439s] -- Up-to-date: /home/darkdemon/work/motor_control/install/dynamixel_workbench_msgs/include/dynamixel_workbench_msgs/dynamixel_workbench_msgs/msg/detail/mx_ext__rosidl_typesupport_fastrtps_c.h
[1.439s] -- Up-to-date: /home/darkdemon/work/motor_control/install/dynamixel_workbench_msgs/include/dynamixel_workbench_msgs/dynamixel_workbench_msgs/msg/detail/mx__rosidl_typesupport_fastrtps_c.h
[1.439s] -- Up-to-date: /home/darkdemon/work/motor_control/install/dynamixel_workbench_msgs/include/dynamixel_workbench_msgs/dynamixel_workbench_msgs/msg/detail/pro_ext__rosidl_typesupport_fastrtps_c.h
[1.439s] -- Up-to-date: /home/darkdemon/work/motor_control/install/dynamixel_workbench_msgs/include/dynamixel_workbench_msgs/dynamixel_workbench_msgs/msg/detail/ex__rosidl_typesupport_fastrtps_c.h
[1.439s] -- Up-to-date: /home/darkdemon/work/motor_control/install/dynamixel_workbench_msgs/include/dynamixel_workbench_msgs/dynamixel_workbench_msgs/msg/detail/xm_ext__rosidl_typesupport_fastrtps_c.h
[1.439s] -- Up-to-date: /home/darkdemon/work/motor_control/install/dynamixel_workbench_msgs/include/dynamixel_workbench_msgs/dynamixel_workbench_msgs/msg/detail/xm__rosidl_typesupport_fastrtps_c.h
[1.439s] -- Up-to-date: /home/darkdemon/work/motor_control/install/dynamixel_workbench_msgs/include/dynamixel_workbench_msgs/dynamixel_workbench_msgs/msg/detail/dynamixel_state__rosidl_typesupport_fastrtps_c.h
[1.439s] -- Up-to-date: /home/darkdemon/work/motor_control/install/dynamixel_workbench_msgs/include/dynamixel_workbench_msgs/dynamixel_workbench_msgs/msg/rosidl_typesupport_fastrtps_c__visibility_control.h
[1.439s] -- Up-to-date: /home/darkdemon/work/motor_control/install/dynamixel_workbench_msgs/include/dynamixel_workbench_msgs/dynamixel_workbench_msgs/srv
[1.439s] -- Up-to-date: /home/darkdemon/work/motor_control/install/dynamixel_workbench_msgs/include/dynamixel_workbench_msgs/dynamixel_workbench_msgs/srv/detail
[1.439s] -- Up-to-date: /home/darkdemon/work/motor_control/install/dynamixel_workbench_msgs/include/dynamixel_workbench_msgs/dynamixel_workbench_msgs/srv/detail/get_dynamixel_info__rosidl_typesupport_fastrtps_c.h
[1.439s] -- Up-to-date: /home/darkdemon/work/motor_control/install/dynamixel_workbench_msgs/include/dynamixel_workbench_msgs/dynamixel_workbench_msgs/srv/detail/dynamixel_command__rosidl_typesupport_fastrtps_c.h
[1.439s] -- Up-to-date: /home/darkdemon/work/motor_control/install/dynamixel_workbench_msgs/lib/libdynamixel_workbench_msgs__rosidl_typesupport_fastrtps_c.so
[1.439s] -- Up-to-date: /home/darkdemon/work/motor_control/install/dynamixel_workbench_msgs/include/dynamixel_workbench_msgs/dynamixel_workbench_msgs
[1.439s] -- Up-to-date: /home/darkdemon/work/motor_control/install/dynamixel_workbench_msgs/include/dynamixel_workbench_msgs/dynamixel_workbench_msgs/msg
[1.439s] -- Up-to-date: /home/darkdemon/work/motor_control/install/dynamixel_workbench_msgs/include/dynamixel_workbench_msgs/dynamixel_workbench_msgs/msg/detail
[1.439s] -- Up-to-date: /home/darkdemon/work/motor_control/install/dynamixel_workbench_msgs/include/dynamixel_workbench_msgs/dynamixel_workbench_msgs/msg/detail/mx__rosidl_typesupport_introspection_c.h
[1.439s] -- Up-to-date: /home/darkdemon/work/motor_control/install/dynamixel_workbench_msgs/include/dynamixel_workbench_msgs/dynamixel_workbench_msgs/msg/detail/dynamixel_state__rosidl_typesupport_introspection_c.h
[1.439s] -- Up-to-date: /home/darkdemon/work/motor_control/install/dynamixel_workbench_msgs/include/dynamixel_workbench_msgs/dynamixel_workbench_msgs/msg/detail/xm__type_support.c
[1.439s] -- Up-to-date: /home/darkdemon/work/motor_control/install/dynamixel_workbench_msgs/include/dynamixel_workbench_msgs/dynamixel_workbench_msgs/msg/detail/rx__type_support.c
[1.439s] -- Up-to-date: /home/darkdemon/work/motor_control/install/dynamixel_workbench_msgs/include/dynamixel_workbench_msgs/dynamixel_workbench_msgs/msg/detail/xl__type_support.c
[1.439s] -- Up-to-date: /home/darkdemon/work/motor_control/install/dynamixel_workbench_msgs/include/dynamixel_workbench_msgs/dynamixel_workbench_msgs/msg/detail/xh__type_support.c
[1.439s] -- Up-to-date: /home/darkdemon/work/motor_control/install/dynamixel_workbench_msgs/include/dynamixel_workbench_msgs/dynamixel_workbench_msgs/msg/detail/dynamixel_state_list__type_support.c
[1.439s] -- Up-to-date: /home/darkdemon/work/motor_control/install/dynamixel_workbench_msgs/include/dynamixel_workbench_msgs/dynamixel_workbench_msgs/msg/detail/pro_ext__rosidl_typesupport_introspection_c.h
[1.439s] -- Up-to-date: /home/darkdemon/work/motor_control/install/dynamixel_workbench_msgs/include/dynamixel_workbench_msgs/dynamixel_workbench_msgs/msg/detail/pro__type_support.c
[1.439s] -- Up-to-date: /home/darkdemon/work/motor_control/install/dynamixel_workbench_msgs/include/dynamixel_workbench_msgs/dynamixel_workbench_msgs/msg/detail/mx_ext__type_support.c
[1.440s] -- Up-to-date: /home/darkdemon/work/motor_control/install/dynamixel_workbench_msgs/include/dynamixel_workbench_msgs/dynamixel_workbench_msgs/msg/detail/ex__rosidl_typesupport_introspection_c.h
[1.440s] -- Up-to-date: /home/darkdemon/work/motor_control/install/dynamixel_workbench_msgs/include/dynamixel_workbench_msgs/dynamixel_workbench_msgs/msg/detail/dynamixel_info__type_support.c
[1.440s] -- Up-to-date: /home/darkdemon/work/motor_control/install/dynamixel_workbench_msgs/include/dynamixel_workbench_msgs/dynamixel_workbench_msgs/msg/detail/dynamixel_load_info__type_support.c
[1.440s] -- Up-to-date: /home/darkdemon/work/motor_control/install/dynamixel_workbench_msgs/include/dynamixel_workbench_msgs/dynamixel_workbench_msgs/msg/detail/xl320__type_support.c
[1.440s] -- Up-to-date: /home/darkdemon/work/motor_control/install/dynamixel_workbench_msgs/include/dynamixel_workbench_msgs/dynamixel_workbench_msgs/msg/detail/xm_ext__type_support.c
[1.440s] -- Up-to-date: /home/darkdemon/work/motor_control/install/dynamixel_workbench_msgs/include/dynamixel_workbench_msgs/dynamixel_workbench_msgs/msg/detail/rx__rosidl_typesupport_introspection_c.h
[1.440s] -- Up-to-date: /home/darkdemon/work/motor_control/install/dynamixel_workbench_msgs/include/dynamixel_workbench_msgs/dynamixel_workbench_msgs/msg/detail/dynamixel_state__type_support.c
[1.440s] -- Up-to-date: /home/darkdemon/work/motor_control/install/dynamixel_workbench_msgs/include/dynamixel_workbench_msgs/dynamixel_workbench_msgs/msg/detail/dynamixel_load_info__rosidl_typesupport_introspection_c.h
[1.440s] -- Up-to-date: /home/darkdemon/work/motor_control/install/dynamixel_workbench_msgs/include/dynamixel_workbench_msgs/dynamixel_workbench_msgs/msg/detail/ax__type_support.c
[1.440s] -- Up-to-date: /home/darkdemon/work/motor_control/install/dynamixel_workbench_msgs/include/dynamixel_workbench_msgs/dynamixel_workbench_msgs/msg/detail/dynamixel_info__rosidl_typesupport_introspection_c.h
[1.440s] -- Up-to-date: /home/darkdemon/work/motor_control/install/dynamixel_workbench_msgs/include/dynamixel_workbench_msgs/dynamixel_workbench_msgs/msg/detail/mx2__rosidl_typesupport_introspection_c.h
[1.440s] -- Up-to-date: /home/darkdemon/work/motor_control/install/dynamixel_workbench_msgs/include/dynamixel_workbench_msgs/dynamixel_workbench_msgs/msg/detail/xh__rosidl_typesupport_introspection_c.h
[1.440s] -- Up-to-date: /home/darkdemon/work/motor_control/install/dynamixel_workbench_msgs/include/dynamixel_workbench_msgs/dynamixel_workbench_msgs/msg/detail/ex__type_support.c
[1.440s] -- Up-to-date: /home/darkdemon/work/motor_control/install/dynamixel_workbench_msgs/include/dynamixel_workbench_msgs/dynamixel_workbench_msgs/msg/detail/xl__rosidl_typesupport_introspection_c.h
[1.440s] -- Up-to-date: /home/darkdemon/work/motor_control/install/dynamixel_workbench_msgs/include/dynamixel_workbench_msgs/dynamixel_workbench_msgs/msg/detail/mx__type_support.c
[1.440s] -- Up-to-date: /home/darkdemon/work/motor_control/install/dynamixel_workbench_msgs/include/dynamixel_workbench_msgs/dynamixel_workbench_msgs/msg/detail/xm_ext__rosidl_typesupport_introspection_c.h
[1.440s] -- Up-to-date: /home/darkdemon/work/motor_control/install/dynamixel_workbench_msgs/include/dynamixel_workbench_msgs/dynamixel_workbench_msgs/msg/detail/mx2_ext__type_support.c
[1.440s] -- Up-to-date: /home/darkdemon/work/motor_control/install/dynamixel_workbench_msgs/include/dynamixel_workbench_msgs/dynamixel_workbench_msgs/msg/detail/mx2_ext__rosidl_typesupport_introspection_c.h
[1.440s] -- Up-to-date: /home/darkdemon/work/motor_control/install/dynamixel_workbench_msgs/include/dynamixel_workbench_msgs/dynamixel_workbench_msgs/msg/detail/xl320__rosidl_typesupport_introspection_c.h
[1.440s] -- Up-to-date: /home/darkdemon/work/motor_control/install/dynamixel_workbench_msgs/include/dynamixel_workbench_msgs/dynamixel_workbench_msgs/msg/detail/mx2__type_support.c
[1.440s] -- Up-to-date: /home/darkdemon/work/motor_control/install/dynamixel_workbench_msgs/include/dynamixel_workbench_msgs/dynamixel_workbench_msgs/msg/detail/dynamixel_state_list__rosidl_typesupport_introspection_c.h
[1.440s] -- Up-to-date: /home/darkdemon/work/motor_control/install/dynamixel_workbench_msgs/include/dynamixel_workbench_msgs/dynamixel_workbench_msgs/msg/detail/pro__rosidl_typesupport_introspection_c.h
[1.440s] -- Up-to-date: /home/darkdemon/work/motor_control/install/dynamixel_workbench_msgs/include/dynamixel_workbench_msgs/dynamixel_workbench_msgs/msg/detail/mx_ext__rosidl_typesupport_introspection_c.h
[1.440s] -- Up-to-date: /home/darkdemon/work/motor_control/install/dynamixel_workbench_msgs/include/dynamixel_workbench_msgs/dynamixel_workbench_msgs/msg/detail/ax__rosidl_typesupport_introspection_c.h
[1.440s] -- Up-to-date: /home/darkdemon/work/motor_control/install/dynamixel_workbench_msgs/include/dynamixel_workbench_msgs/dynamixel_workbench_msgs/msg/detail/xm__rosidl_typesupport_introspection_c.h
[1.440s] -- Up-to-date: /home/darkdemon/work/motor_control/install/dynamixel_workbench_msgs/include/dynamixel_workbench_msgs/dynamixel_workbench_msgs/msg/detail/pro_ext__type_support.c
[1.440s] -- Up-to-date: /home/darkdemon/work/motor_control/install/dynamixel_workbench_msgs/include/dynamixel_workbench_msgs/dynamixel_workbench_msgs/msg/rosidl_typesupport_introspection_c__visibility_control.h
[1.441s] -- Up-to-date: /home/darkdemon/work/motor_control/install/dynamixel_workbench_msgs/include/dynamixel_workbench_msgs/dynamixel_workbench_msgs/srv
[1.441s] -- Up-to-date: /home/darkdemon/work/motor_control/install/dynamixel_workbench_msgs/include/dynamixel_workbench_msgs/dynamixel_workbench_msgs/srv/detail
[1.441s] -- Up-to-date: /home/darkdemon/work/motor_control/install/dynamixel_workbench_msgs/include/dynamixel_workbench_msgs/dynamixel_workbench_msgs/srv/detail/dynamixel_command__rosidl_typesupport_introspection_c.h
[1.441s] -- Up-to-date: /home/darkdemon/work/motor_control/install/dynamixel_workbench_msgs/include/dynamixel_workbench_msgs/dynamixel_workbench_msgs/srv/detail/dynamixel_command__type_support.c
[1.441s] -- Up-to-date: /home/darkdemon/work/motor_control/install/dynamixel_workbench_msgs/include/dynamixel_workbench_msgs/dynamixel_workbench_msgs/srv/detail/get_dynamixel_info__type_support.c
[1.441s] -- Up-to-date: /home/darkdemon/work/motor_control/install/dynamixel_workbench_msgs/include/dynamixel_workbench_msgs/dynamixel_workbench_msgs/srv/detail/get_dynamixel_info__rosidl_typesupport_introspection_c.h
[1.441s] -- Up-to-date: /home/darkdemon/work/motor_control/install/dynamixel_workbench_msgs/lib/libdynamixel_workbench_msgs__rosidl_typesupport_introspection_c.so
[1.441s] -- Up-to-date: /home/darkdemon/work/motor_control/install/dynamixel_workbench_msgs/lib/libdynamixel_workbench_msgs__rosidl_typesupport_c.so
[1.441s] -- Up-to-date: /home/darkdemon/work/motor_control/install/dynamixel_workbench_msgs/include/dynamixel_workbench_msgs/dynamixel_workbench_msgs
[1.441s] -- Up-to-date: /home/darkdemon/work/motor_control/install/dynamixel_workbench_msgs/include/dynamixel_workbench_msgs/dynamixel_workbench_msgs/msg
[1.441s] -- Up-to-date: /home/darkdemon/work/motor_control/install/dynamixel_workbench_msgs/include/dynamixel_workbench_msgs/dynamixel_workbench_msgs/msg/mx2.hpp
[1.441s] -- Up-to-date: /home/darkdemon/work/motor_control/install/dynamixel_workbench_msgs/include/dynamixel_workbench_msgs/dynamixel_workbench_msgs/msg/ex.hpp
[1.441s] -- Up-to-date: /home/darkdemon/work/motor_control/install/dynamixel_workbench_msgs/include/dynamixel_workbench_msgs/dynamixel_workbench_msgs/msg/detail
[1.441s] -- Up-to-date: /home/darkdemon/work/motor_control/install/dynamixel_workbench_msgs/include/dynamixel_workbench_msgs/dynamixel_workbench_msgs/msg/detail/mx_ext__type_support.hpp
[1.441s] -- Up-to-date: /home/darkdemon/work/motor_control/install/dynamixel_workbench_msgs/include/dynamixel_workbench_msgs/dynamixel_workbench_msgs/msg/detail/pro_ext__struct.hpp
[1.441s] -- Up-to-date: /home/darkdemon/work/motor_control/install/dynamixel_workbench_msgs/include/dynamixel_workbench_msgs/dynamixel_workbench_msgs/msg/detail/mx__struct.hpp
[1.441s] -- Up-to-date: /home/darkdemon/work/motor_control/install/dynamixel_workbench_msgs/include/dynamixel_workbench_msgs/dynamixel_workbench_msgs/msg/detail/mx2_ext__struct.hpp
[1.441s] -- Up-to-date: /home/darkdemon/work/motor_control/install/dynamixel_workbench_msgs/include/dynamixel_workbench_msgs/dynamixel_workbench_msgs/msg/detail/xm_ext__builder.hpp
[1.441s] -- Up-to-date: /home/darkdemon/work/motor_control/install/dynamixel_workbench_msgs/include/dynamixel_workbench_msgs/dynamixel_workbench_msgs/msg/detail/mx_ext__builder.hpp
[1.441s] -- Up-to-date: /home/darkdemon/work/motor_control/install/dynamixel_workbench_msgs/include/dynamixel_workbench_msgs/dynamixel_workbench_msgs/msg/detail/dynamixel_state_list__type_support.hpp
[1.441s] -- Up-to-date: /home/darkdemon/work/motor_control/install/dynamixel_workbench_msgs/include/dynamixel_workbench_msgs/dynamixel_workbench_msgs/msg/detail/xm__builder.hpp
[1.441s] -- Up-to-date: /home/darkdemon/work/motor_control/install/dynamixel_workbench_msgs/include/dynamixel_workbench_msgs/dynamixel_workbench_msgs/msg/detail/xl320__builder.hpp
[1.441s] -- Up-to-date: /home/darkdemon/work/motor_control/install/dynamixel_workbench_msgs/include/dynamixel_workbench_msgs/dynamixel_workbench_msgs/msg/detail/ax__type_support.hpp
[1.441s] -- Up-to-date: /home/darkdemon/work/motor_control/install/dynamixel_workbench_msgs/include/dynamixel_workbench_msgs/dynamixel_workbench_msgs/msg/detail/rx__type_support.hpp
[1.441s] -- Up-to-date: /home/darkdemon/work/motor_control/install/dynamixel_workbench_msgs/include/dynamixel_workbench_msgs/dynamixel_workbench_msgs/msg/detail/mx__builder.hpp
[1.441s] -- Up-to-date: /home/darkdemon/work/motor_control/install/dynamixel_workbench_msgs/include/dynamixel_workbench_msgs/dynamixel_workbench_msgs/msg/detail/ax__struct.hpp
[1.441s] -- Up-to-date: /home/darkdemon/work/motor_control/install/dynamixel_workbench_msgs/include/dynamixel_workbench_msgs/dynamixel_workbench_msgs/msg/detail/dynamixel_load_info__struct.hpp
[1.441s] -- Up-to-date: /home/darkdemon/work/motor_control/install/dynamixel_workbench_msgs/include/dynamixel_workbench_msgs/dynamixel_workbench_msgs/msg/detail/rx__traits.hpp
[1.441s] -- Up-to-date: /home/darkdemon/work/motor_control/install/dynamixel_workbench_msgs/include/dynamixel_workbench_msgs/dynamixel_workbench_msgs/msg/detail/mx__traits.hpp
[1.441s] -- Up-to-date: /home/darkdemon/work/motor_control/install/dynamixel_workbench_msgs/include/dynamixel_workbench_msgs/dynamixel_workbench_msgs/msg/detail/xh__type_support.hpp
[1.441s] -- Up-to-date: /home/darkdemon/work/motor_control/install/dynamixel_workbench_msgs/include/dynamixel_workbench_msgs/dynamixel_workbench_msgs/msg/detail/ax__traits.hpp
[1.441s] -- Up-to-date: /home/darkdemon/work/motor_control/install/dynamixel_workbench_msgs/include/dynamixel_workbench_msgs/dynamixel_workbench_msgs/msg/detail/dynamixel_state_list__struct.hpp
[1.441s] -- Up-to-date: /home/darkdemon/work/motor_control/install/dynamixel_workbench_msgs/include/dynamixel_workbench_msgs/dynamixel_workbench_msgs/msg/detail/dynamixel_state__builder.hpp
[1.441s] -- Up-to-date: /home/darkdemon/work/motor_control/install/dynamixel_workbench_msgs/include/dynamixel_workbench_msgs/dynamixel_workbench_msgs/msg/detail/pro__struct.hpp
[1.441s] -- Up-to-date: /home/darkdemon/work/motor_control/install/dynamixel_workbench_msgs/include/dynamixel_workbench_msgs/dynamixel_workbench_msgs/msg/detail/xl__type_support.hpp
[1.441s] -- Up-to-date: /home/darkdemon/work/motor_control/install/dynamixel_workbench_msgs/include/dynamixel_workbench_msgs/dynamixel_workbench_msgs/msg/detail/dynamixel_state__struct.hpp
[1.441s] -- Up-to-date: /home/darkdemon/work/motor_control/install/dynamixel_workbench_msgs/include/dynamixel_workbench_msgs/dynamixel_workbench_msgs/msg/detail/xl320__struct.hpp
[1.442s] -- Up-to-date: /home/darkdemon/work/motor_control/install/dynamixel_workbench_msgs/include/dynamixel_workbench_msgs/dynamixel_workbench_msgs/msg/detail/xm_ext__type_support.hpp
[1.442s] -- Up-to-date: /home/darkdemon/work/motor_control/install/dynamixel_workbench_msgs/include/dynamixel_workbench_msgs/dynamixel_workbench_msgs/msg/detail/dynamixel_state_list__builder.hpp
[1.442s] -- Up-to-date: /home/darkdemon/work/motor_control/install/dynamixel_workbench_msgs/include/dynamixel_workbench_msgs/dynamixel_workbench_msgs/msg/detail/ex__struct.hpp
[1.442s] -- Up-to-date: /home/darkdemon/work/motor_control/install/dynamixel_workbench_msgs/include/dynamixel_workbench_msgs/dynamixel_workbench_msgs/msg/detail/ex__builder.hpp
[1.442s] -- Up-to-date: /home/darkdemon/work/motor_control/install/dynamixel_workbench_msgs/include/dynamixel_workbench_msgs/dynamixel_workbench_msgs/msg/detail/mx2_ext__traits.hpp
[1.442s] -- Up-to-date: /home/darkdemon/work/motor_control/install/dynamixel_workbench_msgs/include/dynamixel_workbench_msgs/dynamixel_workbench_msgs/msg/detail/dynamixel_info__builder.hpp
[1.442s] -- Up-to-date: /home/darkdemon/work/motor_control/install/dynamixel_workbench_msgs/include/dynamixel_workbench_msgs/dynamixel_workbench_msgs/msg/detail/pro_ext__type_support.hpp
[1.442s] -- Up-to-date: /home/darkdemon/work/motor_control/install/dynamixel_workbench_msgs/include/dynamixel_workbench_msgs/dynamixel_workbench_msgs/msg/detail/pro__builder.hpp
[1.442s] -- Up-to-date: /home/darkdemon/work/motor_control/install/dynamixel_workbench_msgs/include/dynamixel_workbench_msgs/dynamixel_workbench_msgs/msg/detail/mx_ext__struct.hpp
[1.442s] -- Up-to-date: /home/darkdemon/work/motor_control/install/dynamixel_workbench_msgs/include/dynamixel_workbench_msgs/dynamixel_workbench_msgs/msg/detail/dynamixel_state_list__traits.hpp
[1.442s] -- Up-to-date: /home/darkdemon/work/motor_control/install/dynamixel_workbench_msgs/include/dynamixel_workbench_msgs/dynamixel_workbench_msgs/msg/detail/mx_ext__traits.hpp
[1.442s] -- Up-to-date: /home/darkdemon/work/motor_control/install/dynamixel_workbench_msgs/include/dynamixel_workbench_msgs/dynamixel_workbench_msgs/msg/detail/rx__builder.hpp
[1.442s] -- Up-to-date: /home/darkdemon/work/motor_control/install/dynamixel_workbench_msgs/include/dynamixel_workbench_msgs/dynamixel_workbench_msgs/msg/detail/dynamixel_load_info__type_support.hpp
[1.442s] -- Up-to-date: /home/darkdemon/work/motor_control/install/dynamixel_workbench_msgs/include/dynamixel_workbench_msgs/dynamixel_workbench_msgs/msg/detail/dynamixel_info__struct.hpp
[1.442s] -- Up-to-date: /home/darkdemon/work/motor_control/install/dynamixel_workbench_msgs/include/dynamixel_workbench_msgs/dynamixel_workbench_msgs/msg/detail/xm_ext__traits.hpp
[1.442s] -- Up-to-date: /home/darkdemon/work/motor_control/install/dynamixel_workbench_msgs/include/dynamixel_workbench_msgs/dynamixel_workbench_msgs/msg/detail/xh__builder.hpp
[1.442s] -- Up-to-date: /home/darkdemon/work/motor_control/install/dynamixel_workbench_msgs/include/dynamixel_workbench_msgs/dynamixel_workbench_msgs/msg/detail/dynamixel_load_info__traits.hpp
[1.442s] -- Up-to-date: /home/darkdemon/work/motor_control/install/dynamixel_workbench_msgs/include/dynamixel_workbench_msgs/dynamixel_workbench_msgs/msg/detail/dynamixel_load_info__builder.hpp
[1.442s] -- Up-to-date: /home/darkdemon/work/motor_control/install/dynamixel_workbench_msgs/include/dynamixel_workbench_msgs/dynamixel_workbench_msgs/msg/detail/pro__type_support.hpp
[1.442s] -- Up-to-date: /home/darkdemon/work/motor_control/install/dynamixel_workbench_msgs/include/dynamixel_workbench_msgs/dynamixel_workbench_msgs/msg/detail/xm__traits.hpp
[1.442s] -- Up-to-date: /home/darkdemon/work/motor_control/install/dynamixel_workbench_msgs/include/dynamixel_workbench_msgs/dynamixel_workbench_msgs/msg/detail/ex__type_support.hpp
[1.442s] -- Up-to-date: /home/darkdemon/work/motor_control/install/dynamixel_workbench_msgs/include/dynamixel_workbench_msgs/dynamixel_workbench_msgs/msg/detail/pro__traits.hpp
[1.442s] -- Up-to-date: /home/darkdemon/work/motor_control/install/dynamixel_workbench_msgs/include/dynamixel_workbench_msgs/dynamixel_workbench_msgs/msg/detail/xl320__type_support.hpp
[1.442s] -- Up-to-date: /home/darkdemon/work/motor_control/install/dynamixel_workbench_msgs/include/dynamixel_workbench_msgs/dynamixel_workbench_msgs/msg/detail/xl__struct.hpp
[1.442s] -- Up-to-date: /home/darkdemon/work/motor_control/install/dynamixel_workbench_msgs/include/dynamixel_workbench_msgs/dynamixel_workbench_msgs/msg/detail/mx2__struct.hpp
[1.442s] -- Up-to-date: /home/darkdemon/work/motor_control/install/dynamixel_workbench_msgs/include/dynamixel_workbench_msgs/dynamixel_workbench_msgs/msg/detail/xm__type_support.hpp
[1.442s] -- Up-to-date: /home/darkdemon/work/motor_control/install/dynamixel_workbench_msgs/include/dynamixel_workbench_msgs/dynamixel_workbench_msgs/msg/detail/mx__type_support.hpp
[1.442s] -- Up-to-date: /home/darkdemon/work/motor_control/install/dynamixel_workbench_msgs/include/dynamixel_workbench_msgs/dynamixel_workbench_msgs/msg/detail/xh__struct.hpp
[1.442s] -- Up-to-date: /home/darkdemon/work/motor_control/install/dynamixel_workbench_msgs/include/dynamixel_workbench_msgs/dynamixel_workbench_msgs/msg/detail/xm_ext__struct.hpp
[1.442s] -- Up-to-date: /home/darkdemon/work/motor_control/install/dynamixel_workbench_msgs/include/dynamixel_workbench_msgs/dynamixel_workbench_msgs/msg/detail/ex__traits.hpp
[1.442s] -- Up-to-date: /home/darkdemon/work/motor_control/install/dynamixel_workbench_msgs/include/dynamixel_workbench_msgs/dynamixel_workbench_msgs/msg/detail/dynamixel_info__type_support.hpp
[1.442s] -- Up-to-date: /home/darkdemon/work/motor_control/install/dynamixel_workbench_msgs/include/dynamixel_workbench_msgs/dynamixel_workbench_msgs/msg/detail/xl__traits.hpp
[1.442s] -- Up-to-date: /home/darkdemon/work/motor_control/install/dynamixel_workbench_msgs/include/dynamixel_workbench_msgs/dynamixel_workbench_msgs/msg/detail/xl__builder.hpp
[1.442s] -- Up-to-date: /home/darkdemon/work/motor_control/install/dynamixel_workbench_msgs/include/dynamixel_workbench_msgs/dynamixel_workbench_msgs/msg/detail/dynamixel_state__type_support.hpp
[1.442s] -- Up-to-date: /home/darkdemon/work/motor_control/install/dynamixel_workbench_msgs/include/dynamixel_workbench_msgs/dynamixel_workbench_msgs/msg/detail/mx2__traits.hpp
[1.442s] -- Up-to-date: /home/darkdemon/work/motor_control/install/dynamixel_workbench_msgs/include/dynamixel_workbench_msgs/dynamixel_workbench_msgs/msg/detail/pro_ext__builder.hpp
[1.442s] -- Up-to-date: /home/darkdemon/work/motor_control/install/dynamixel_workbench_msgs/include/dynamixel_workbench_msgs/dynamixel_workbench_msgs/msg/detail/mx2__type_support.hpp
[1.442s] -- Up-to-date: /home/darkdemon/work/motor_control/install/dynamixel_workbench_msgs/include/dynamixel_workbench_msgs/dynamixel_workbench_msgs/msg/detail/xl320__traits.hpp
[1.442s] -- Up-to-date: /home/darkdemon/work/motor_control/install/dynamixel_workbench_msgs/include/dynamixel_workbench_msgs/dynamixel_workbench_msgs/msg/detail/ax__builder.hpp
[1.442s] -- Up-to-date: /home/darkdemon/work/motor_control/install/dynamixel_workbench_msgs/include/dynamixel_workbench_msgs/dynamixel_workbench_msgs/msg/detail/xh__traits.hpp
[1.443s] -- Up-to-date: /home/darkdemon/work/motor_control/install/dynamixel_workbench_msgs/include/dynamixel_workbench_msgs/dynamixel_workbench_msgs/msg/detail/mx2_ext__type_support.hpp
[1.443s] -- Up-to-date: /home/darkdemon/work/motor_control/install/dynamixel_workbench_msgs/include/dynamixel_workbench_msgs/dynamixel_workbench_msgs/msg/detail/mx2__builder.hpp
[1.443s] -- Up-to-date: /home/darkdemon/work/motor_control/install/dynamixel_workbench_msgs/include/dynamixel_workbench_msgs/dynamixel_workbench_msgs/msg/detail/pro_ext__traits.hpp
[1.443s] -- Up-to-date: /home/darkdemon/work/motor_control/install/dynamixel_workbench_msgs/include/dynamixel_workbench_msgs/dynamixel_workbench_msgs/msg/detail/rx__struct.hpp
[1.443s] -- Up-to-date: /home/darkdemon/work/motor_control/install/dynamixel_workbench_msgs/include/dynamixel_workbench_msgs/dynamixel_workbench_msgs/msg/detail/dynamixel_state__traits.hpp
[1.443s] -- Up-to-date: /home/darkdemon/work/motor_control/install/dynamixel_workbench_msgs/include/dynamixel_workbench_msgs/dynamixel_workbench_msgs/msg/detail/mx2_ext__builder.hpp
[1.443s] -- Up-to-date: /home/darkdemon/work/motor_control/install/dynamixel_workbench_msgs/include/dynamixel_workbench_msgs/dynamixel_workbench_msgs/msg/detail/dynamixel_info__traits.hpp
[1.443s] -- Up-to-date: /home/darkdemon/work/motor_control/install/dynamixel_workbench_msgs/include/dynamixel_workbench_msgs/dynamixel_workbench_msgs/msg/detail/xm__struct.hpp
[1.443s] -- Up-to-date: /home/darkdemon/work/motor_control/install/dynamixel_workbench_msgs/include/dynamixel_workbench_msgs/dynamixel_workbench_msgs/msg/dynamixel_info.hpp
[1.443s] -- Up-to-date: /home/darkdemon/work/motor_control/install/dynamixel_workbench_msgs/include/dynamixel_workbench_msgs/dynamixel_workbench_msgs/msg/xl.hpp
[1.443s] -- Up-to-date: /home/darkdemon/work/motor_control/install/dynamixel_workbench_msgs/include/dynamixel_workbench_msgs/dynamixel_workbench_msgs/msg/pro.hpp
[1.443s] -- Up-to-date: /home/darkdemon/work/motor_control/install/dynamixel_workbench_msgs/include/dynamixel_workbench_msgs/dynamixel_workbench_msgs/msg/pro_ext.hpp
[1.443s] -- Up-to-date: /home/darkdemon/work/motor_control/install/dynamixel_workbench_msgs/include/dynamixel_workbench_msgs/dynamixel_workbench_msgs/msg/dynamixel_state_list.hpp
[1.443s] -- Up-to-date: /home/darkdemon/work/motor_control/install/dynamixel_workbench_msgs/include/dynamixel_workbench_msgs/dynamixel_workbench_msgs/msg/mx2_ext.hpp
[1.443s] -- Up-to-date: /home/darkdemon/work/motor_control/install/dynamixel_workbench_msgs/include/dynamixel_workbench_msgs/dynamixel_workbench_msgs/msg/dynamixel_load_info.hpp
[1.443s] -- Up-to-date: /home/darkdemon/work/motor_control/install/dynamixel_workbench_msgs/include/dynamixel_workbench_msgs/dynamixel_workbench_msgs/msg/mx.hpp
[1.443s] -- Up-to-date: /home/darkdemon/work/motor_control/install/dynamixel_workbench_msgs/include/dynamixel_workbench_msgs/dynamixel_workbench_msgs/msg/mx_ext.hpp
[1.443s] -- Up-to-date: /home/darkdemon/work/motor_control/install/dynamixel_workbench_msgs/include/dynamixel_workbench_msgs/dynamixel_workbench_msgs/msg/rosidl_generator_cpp__visibility_control.hpp
[1.443s] -- Up-to-date: /home/darkdemon/work/motor_control/install/dynamixel_workbench_msgs/include/dynamixel_workbench_msgs/dynamixel_workbench_msgs/msg/ax.hpp
[1.443s] -- Up-to-date: /home/darkdemon/work/motor_control/install/dynamixel_workbench_msgs/include/dynamixel_workbench_msgs/dynamixel_workbench_msgs/msg/xh.hpp
[1.443s] -- Up-to-date: /home/darkdemon/work/motor_control/install/dynamixel_workbench_msgs/include/dynamixel_workbench_msgs/dynamixel_workbench_msgs/msg/xm_ext.hpp
[1.443s] -- Up-to-date: /home/darkdemon/work/motor_control/install/dynamixel_workbench_msgs/include/dynamixel_workbench_msgs/dynamixel_workbench_msgs/msg/rx.hpp
[1.443s] -- Up-to-date: /home/darkdemon/work/motor_control/install/dynamixel_workbench_msgs/include/dynamixel_workbench_msgs/dynamixel_workbench_msgs/msg/xm.hpp
[1.443s] -- Up-to-date: /home/darkdemon/work/motor_control/install/dynamixel_workbench_msgs/include/dynamixel_workbench_msgs/dynamixel_workbench_msgs/msg/xl320.hpp
[1.443s] -- Up-to-date: /home/darkdemon/work/motor_control/install/dynamixel_workbench_msgs/include/dynamixel_workbench_msgs/dynamixel_workbench_msgs/msg/dynamixel_state.hpp
[1.443s] -- Up-to-date: /home/darkdemon/work/motor_control/install/dynamixel_workbench_msgs/include/dynamixel_workbench_msgs/dynamixel_workbench_msgs/srv
[1.443s] -- Up-to-date: /home/darkdemon/work/motor_control/install/dynamixel_workbench_msgs/include/dynamixel_workbench_msgs/dynamixel_workbench_msgs/srv/detail
[1.443s] -- Up-to-date: /home/darkdemon/work/motor_control/install/dynamixel_workbench_msgs/include/dynamixel_workbench_msgs/dynamixel_workbench_msgs/srv/detail/dynamixel_command__builder.hpp
[1.443s] -- Up-to-date: /home/darkdemon/work/motor_control/install/dynamixel_workbench_msgs/include/dynamixel_workbench_msgs/dynamixel_workbench_msgs/srv/detail/get_dynamixel_info__traits.hpp
[1.443s] -- Up-to-date: /home/darkdemon/work/motor_control/install/dynamixel_workbench_msgs/include/dynamixel_workbench_msgs/dynamixel_workbench_msgs/srv/detail/get_dynamixel_info__type_support.hpp
[1.443s] -- Up-to-date: /home/darkdemon/work/motor_control/install/dynamixel_workbench_msgs/include/dynamixel_workbench_msgs/dynamixel_workbench_msgs/srv/detail/dynamixel_command__struct.hpp
[1.443s] -- Up-to-date: /home/darkdemon/work/motor_control/install/dynamixel_workbench_msgs/include/dynamixel_workbench_msgs/dynamixel_workbench_msgs/srv/detail/dynamixel_command__type_support.hpp
[1.443s] -- Up-to-date: /home/darkdemon/work/motor_control/install/dynamixel_workbench_msgs/include/dynamixel_workbench_msgs/dynamixel_workbench_msgs/srv/detail/get_dynamixel_info__builder.hpp
[1.443s] -- Up-to-date: /home/darkdemon/work/motor_control/install/dynamixel_workbench_msgs/include/dynamixel_workbench_msgs/dynamixel_workbench_msgs/srv/detail/dynamixel_command__traits.hpp
[1.443s] -- Up-to-date: /home/darkdemon/work/motor_control/install/dynamixel_workbench_msgs/include/dynamixel_workbench_msgs/dynamixel_workbench_msgs/srv/detail/get_dynamixel_info__struct.hpp
[1.443s] -- Up-to-date: /home/darkdemon/work/motor_control/install/dynamixel_workbench_msgs/include/dynamixel_workbench_msgs/dynamixel_workbench_msgs/srv/dynamixel_command.hpp
[1.443s] -- Up-to-date: /home/darkdemon/work/motor_control/install/dynamixel_workbench_msgs/include/dynamixel_workbench_msgs/dynamixel_workbench_msgs/srv/get_dynamixel_info.hpp
[1.443s] -- Up-to-date: /home/darkdemon/work/motor_control/install/dynamixel_workbench_msgs/include/dynamixel_workbench_msgs/dynamixel_workbench_msgs
[1.443s] -- Up-to-date: /home/darkdemon/work/motor_control/install/dynamixel_workbench_msgs/include/dynamixel_workbench_msgs/dynamixel_workbench_msgs/msg
[1.443s] -- Up-to-date: /home/darkdemon/work/motor_control/install/dynamixel_workbench_msgs/include/dynamixel_workbench_msgs/dynamixel_workbench_msgs/msg/detail
[1.443s] -- Up-to-date: /home/darkdemon/work/motor_control/install/dynamixel_workbench_msgs/include/dynamixel_workbench_msgs/dynamixel_workbench_msgs/msg/detail/xh__rosidl_typesupport_fastrtps_cpp.hpp
[1.444s] -- Up-to-date: /home/darkdemon/work/motor_control/install/dynamixel_workbench_msgs/include/dynamixel_workbench_msgs/dynamixel_workbench_msgs/msg/detail/pro_ext__rosidl_typesupport_fastrtps_cpp.hpp
[1.444s] -- Up-to-date: /home/darkdemon/work/motor_control/install/dynamixel_workbench_msgs/include/dynamixel_workbench_msgs/dynamixel_workbench_msgs/msg/detail/mx__rosidl_typesupport_fastrtps_cpp.hpp
[1.444s] -- Up-to-date: /home/darkdemon/work/motor_control/install/dynamixel_workbench_msgs/include/dynamixel_workbench_msgs/dynamixel_workbench_msgs/msg/detail/xl__rosidl_typesupport_fastrtps_cpp.hpp
[1.444s] -- Up-to-date: /home/darkdemon/work/motor_control/install/dynamixel_workbench_msgs/include/dynamixel_workbench_msgs/dynamixel_workbench_msgs/msg/detail/dynamixel_state__rosidl_typesupport_fastrtps_cpp.hpp
[1.444s] -- Up-to-date: /home/darkdemon/work/motor_control/install/dynamixel_workbench_msgs/include/dynamixel_workbench_msgs/dynamixel_workbench_msgs/msg/detail/pro__rosidl_typesupport_fastrtps_cpp.hpp
[1.444s] -- Up-to-date: /home/darkdemon/work/motor_control/install/dynamixel_workbench_msgs/include/dynamixel_workbench_msgs/dynamixel_workbench_msgs/msg/detail/ax__rosidl_typesupport_fastrtps_cpp.hpp
[1.444s] -- Up-to-date: /home/darkdemon/work/motor_control/install/dynamixel_workbench_msgs/include/dynamixel_workbench_msgs/dynamixel_workbench_msgs/msg/detail/dynamixel_load_info__rosidl_typesupport_fastrtps_cpp.hpp
[1.444s] -- Up-to-date: /home/darkdemon/work/motor_control/install/dynamixel_workbench_msgs/include/dynamixel_workbench_msgs/dynamixel_workbench_msgs/msg/detail/ex__rosidl_typesupport_fastrtps_cpp.hpp
[1.444s] -- Up-to-date: /home/darkdemon/work/motor_control/install/dynamixel_workbench_msgs/include/dynamixel_workbench_msgs/dynamixel_workbench_msgs/msg/detail/mx2_ext__rosidl_typesupport_fastrtps_cpp.hpp
[1.444s] -- Up-to-date: /home/darkdemon/work/motor_control/install/dynamixel_workbench_msgs/include/dynamixel_workbench_msgs/dynamixel_workbench_msgs/msg/detail/dynamixel_info__rosidl_typesupport_fastrtps_cpp.hpp
[1.444s] -- Up-to-date: /home/darkdemon/work/motor_control/install/dynamixel_workbench_msgs/include/dynamixel_workbench_msgs/dynamixel_workbench_msgs/msg/detail/xl320__rosidl_typesupport_fastrtps_cpp.hpp
[1.444s] -- Up-to-date: /home/darkdemon/work/motor_control/install/dynamixel_workbench_msgs/include/dynamixel_workbench_msgs/dynamixel_workbench_msgs/msg/detail/rx__rosidl_typesupport_fastrtps_cpp.hpp
[1.444s] -- Up-to-date: /home/darkdemon/work/motor_control/install/dynamixel_workbench_msgs/include/dynamixel_workbench_msgs/dynamixel_workbench_msgs/msg/detail/dynamixel_state_list__rosidl_typesupport_fastrtps_cpp.hpp
[1.444s] -- Up-to-date: /home/darkdemon/work/motor_control/install/dynamixel_workbench_msgs/include/dynamixel_workbench_msgs/dynamixel_workbench_msgs/msg/detail/xm__rosidl_typesupport_fastrtps_cpp.hpp
[1.444s] -- Up-to-date: /home/darkdemon/work/motor_control/install/dynamixel_workbench_msgs/include/dynamixel_workbench_msgs/dynamixel_workbench_msgs/msg/detail/dds_fastrtps
[1.444s] -- Up-to-date: /home/darkdemon/work/motor_control/install/dynamixel_workbench_msgs/include/dynamixel_workbench_msgs/dynamixel_workbench_msgs/msg/detail/xm_ext__rosidl_typesupport_fastrtps_cpp.hpp
[1.444s] -- Up-to-date: /home/darkdemon/work/motor_control/install/dynamixel_workbench_msgs/include/dynamixel_workbench_msgs/dynamixel_workbench_msgs/msg/detail/mx2__rosidl_typesupport_fastrtps_cpp.hpp
[1.444s] -- Up-to-date: /home/darkdemon/work/motor_control/install/dynamixel_workbench_msgs/include/dynamixel_workbench_msgs/dynamixel_workbench_msgs/msg/detail/mx_ext__rosidl_typesupport_fastrtps_cpp.hpp
[1.444s] -- Up-to-date: /home/darkdemon/work/motor_control/install/dynamixel_workbench_msgs/include/dynamixel_workbench_msgs/dynamixel_workbench_msgs/msg/rosidl_typesupport_fastrtps_cpp__visibility_control.h
[1.444s] -- Up-to-date: /home/darkdemon/work/motor_control/install/dynamixel_workbench_msgs/include/dynamixel_workbench_msgs/dynamixel_workbench_msgs/srv
[1.444s] -- Up-to-date: /home/darkdemon/work/motor_control/install/dynamixel_workbench_msgs/include/dynamixel_workbench_msgs/dynamixel_workbench_msgs/srv/detail
[1.444s] -- Up-to-date: /home/darkdemon/work/motor_control/install/dynamixel_workbench_msgs/include/dynamixel_workbench_msgs/dynamixel_workbench_msgs/srv/detail/get_dynamixel_info__rosidl_typesupport_fastrtps_cpp.hpp
[1.444s] -- Up-to-date: /home/darkdemon/work/motor_control/install/dynamixel_workbench_msgs/include/dynamixel_workbench_msgs/dynamixel_workbench_msgs/srv/detail/dynamixel_command__rosidl_typesupport_fastrtps_cpp.hpp
[1.444s] -- Up-to-date: /home/darkdemon/work/motor_control/install/dynamixel_workbench_msgs/include/dynamixel_workbench_msgs/dynamixel_workbench_msgs/srv/detail/dds_fastrtps
[1.444s] -- Up-to-date: /home/darkdemon/work/motor_control/install/dynamixel_workbench_msgs/lib/libdynamixel_workbench_msgs__rosidl_typesupport_fastrtps_cpp.so
[1.444s] -- Up-to-date: /home/darkdemon/work/motor_control/install/dynamixel_workbench_msgs/include/dynamixel_workbench_msgs/dynamixel_workbench_msgs
[1.444s] -- Up-to-date: /home/darkdemon/work/motor_control/install/dynamixel_workbench_msgs/include/dynamixel_workbench_msgs/dynamixel_workbench_msgs/msg
[1.444s] -- Up-to-date: /home/darkdemon/work/motor_control/install/dynamixel_workbench_msgs/include/dynamixel_workbench_msgs/dynamixel_workbench_msgs/msg/detail
[1.444s] -- Up-to-date: /home/darkdemon/work/motor_control/install/dynamixel_workbench_msgs/include/dynamixel_workbench_msgs/dynamixel_workbench_msgs/msg/detail/rx__type_support.cpp
[1.444s] -- Up-to-date: /home/darkdemon/work/motor_control/install/dynamixel_workbench_msgs/include/dynamixel_workbench_msgs/dynamixel_workbench_msgs/msg/detail/xh__rosidl_typesupport_introspection_cpp.hpp
[1.444s] -- Up-to-date: /home/darkdemon/work/motor_control/install/dynamixel_workbench_msgs/include/dynamixel_workbench_msgs/dynamixel_workbench_msgs/msg/detail/dynamixel_info__rosidl_typesupport_introspection_cpp.hpp
[1.444s] -- Up-to-date: /home/darkdemon/work/motor_control/install/dynamixel_workbench_msgs/include/dynamixel_workbench_msgs/dynamixel_workbench_msgs/msg/detail/mx2__rosidl_typesupport_introspection_cpp.hpp
[1.444s] -- Up-to-date: /home/darkdemon/work/motor_control/install/dynamixel_workbench_msgs/include/dynamixel_workbench_msgs/dynamixel_workbench_msgs/msg/detail/xl__rosidl_typesupport_introspection_cpp.hpp
[1.444s] -- Up-to-date: /home/darkdemon/work/motor_control/install/dynamixel_workbench_msgs/include/dynamixel_workbench_msgs/dynamixel_workbench_msgs/msg/detail/mx__type_support.cpp
[1.444s] -- Up-to-date: /home/darkdemon/work/motor_control/install/dynamixel_workbench_msgs/include/dynamixel_workbench_msgs/dynamixel_workbench_msgs/msg/detail/xm_ext__rosidl_typesupport_introspection_cpp.hpp
[1.444s] -- Up-to-date: /home/darkdemon/work/motor_control/install/dynamixel_workbench_msgs/include/dynamixel_workbench_msgs/dynamixel_workbench_msgs/msg/detail/mx_ext__type_support.cpp
[1.444s] -- Up-to-date: /home/darkdemon/work/motor_control/install/dynamixel_workbench_msgs/include/dynamixel_workbench_msgs/dynamixel_workbench_msgs/msg/detail/xm__type_support.cpp
[1.444s] -- Up-to-date: /home/darkdemon/work/motor_control/install/dynamixel_workbench_msgs/include/dynamixel_workbench_msgs/dynamixel_workbench_msgs/msg/detail/ax__type_support.cpp
[1.444s] -- Up-to-date: /home/darkdemon/work/motor_control/install/dynamixel_workbench_msgs/include/dynamixel_workbench_msgs/dynamixel_workbench_msgs/msg/detail/xl320__type_support.cpp
[1.445s] -- Up-to-date: /home/darkdemon/work/motor_control/install/dynamixel_workbench_msgs/include/dynamixel_workbench_msgs/dynamixel_workbench_msgs/msg/detail/rx__rosidl_typesupport_introspection_cpp.hpp
[1.445s] -- Up-to-date: /home/darkdemon/work/motor_control/install/dynamixel_workbench_msgs/include/dynamixel_workbench_msgs/dynamixel_workbench_msgs/msg/detail/mx2_ext__rosidl_typesupport_introspection_cpp.hpp
[1.445s] -- Up-to-date: /home/darkdemon/work/motor_control/install/dynamixel_workbench_msgs/include/dynamixel_workbench_msgs/dynamixel_workbench_msgs/msg/detail/dynamixel_load_info__type_support.cpp
[1.445s] -- Up-to-date: /home/darkdemon/work/motor_control/install/dynamixel_workbench_msgs/include/dynamixel_workbench_msgs/dynamixel_workbench_msgs/msg/detail/dynamixel_state_list__rosidl_typesupport_introspection_cpp.hpp
[1.445s] -- Up-to-date: /home/darkdemon/work/motor_control/install/dynamixel_workbench_msgs/include/dynamixel_workbench_msgs/dynamixel_workbench_msgs/msg/detail/pro_ext__rosidl_typesupport_introspection_cpp.hpp
[1.445s] -- Up-to-date: /home/darkdemon/work/motor_control/install/dynamixel_workbench_msgs/include/dynamixel_workbench_msgs/dynamixel_workbench_msgs/msg/detail/xl320__rosidl_typesupport_introspection_cpp.hpp
[1.445s] -- Up-to-date: /home/darkdemon/work/motor_control/install/dynamixel_workbench_msgs/include/dynamixel_workbench_msgs/dynamixel_workbench_msgs/msg/detail/dynamixel_info__type_support.cpp
[1.445s] -- Up-to-date: /home/darkdemon/work/motor_control/install/dynamixel_workbench_msgs/include/dynamixel_workbench_msgs/dynamixel_workbench_msgs/msg/detail/xm_ext__type_support.cpp
[1.445s] -- Up-to-date: /home/darkdemon/work/motor_control/install/dynamixel_workbench_msgs/include/dynamixel_workbench_msgs/dynamixel_workbench_msgs/msg/detail/pro__rosidl_typesupport_introspection_cpp.hpp
[1.445s] -- Up-to-date: /home/darkdemon/work/motor_control/install/dynamixel_workbench_msgs/include/dynamixel_workbench_msgs/dynamixel_workbench_msgs/msg/detail/dynamixel_state__type_support.cpp
[1.445s] -- Up-to-date: /home/darkdemon/work/motor_control/install/dynamixel_workbench_msgs/include/dynamixel_workbench_msgs/dynamixel_workbench_msgs/msg/detail/mx__rosidl_typesupport_introspection_cpp.hpp
[1.445s] -- Up-to-date: /home/darkdemon/work/motor_control/install/dynamixel_workbench_msgs/include/dynamixel_workbench_msgs/dynamixel_workbench_msgs/msg/detail/mx2__type_support.cpp
[1.445s] -- Up-to-date: /home/darkdemon/work/motor_control/install/dynamixel_workbench_msgs/include/dynamixel_workbench_msgs/dynamixel_workbench_msgs/msg/detail/dynamixel_state__rosidl_typesupport_introspection_cpp.hpp
[1.445s] -- Up-to-date: /home/darkdemon/work/motor_control/install/dynamixel_workbench_msgs/include/dynamixel_workbench_msgs/dynamixel_workbench_msgs/msg/detail/pro__type_support.cpp
[1.445s] -- Up-to-date: /home/darkdemon/work/motor_control/install/dynamixel_workbench_msgs/include/dynamixel_workbench_msgs/dynamixel_workbench_msgs/msg/detail/pro_ext__type_support.cpp
[1.445s] -- Up-to-date: /home/darkdemon/work/motor_control/install/dynamixel_workbench_msgs/include/dynamixel_workbench_msgs/dynamixel_workbench_msgs/msg/detail/mx2_ext__type_support.cpp
[1.445s] -- Up-to-date: /home/darkdemon/work/motor_control/install/dynamixel_workbench_msgs/include/dynamixel_workbench_msgs/dynamixel_workbench_msgs/msg/detail/ax__rosidl_typesupport_introspection_cpp.hpp
[1.445s] -- Up-to-date: /home/darkdemon/work/motor_control/install/dynamixel_workbench_msgs/include/dynamixel_workbench_msgs/dynamixel_workbench_msgs/msg/detail/xh__type_support.cpp
[1.445s] -- Up-to-date: /home/darkdemon/work/motor_control/install/dynamixel_workbench_msgs/include/dynamixel_workbench_msgs/dynamixel_workbench_msgs/msg/detail/dynamixel_state_list__type_support.cpp
[1.445s] -- Up-to-date: /home/darkdemon/work/motor_control/install/dynamixel_workbench_msgs/include/dynamixel_workbench_msgs/dynamixel_workbench_msgs/msg/detail/ex__type_support.cpp
[1.445s] -- Up-to-date: /home/darkdemon/work/motor_control/install/dynamixel_workbench_msgs/include/dynamixel_workbench_msgs/dynamixel_workbench_msgs/msg/detail/dynamixel_load_info__rosidl_typesupport_introspection_cpp.hpp
[1.445s] -- Up-to-date: /home/darkdemon/work/motor_control/install/dynamixel_workbench_msgs/include/dynamixel_workbench_msgs/dynamixel_workbench_msgs/msg/detail/ex__rosidl_typesupport_introspection_cpp.hpp
[1.445s] -- Up-to-date: /home/darkdemon/work/motor_control/install/dynamixel_workbench_msgs/include/dynamixel_workbench_msgs/dynamixel_workbench_msgs/msg/detail/xm__rosidl_typesupport_introspection_cpp.hpp
[1.445s] -- Up-to-date: /home/darkdemon/work/motor_control/install/dynamixel_workbench_msgs/include/dynamixel_workbench_msgs/dynamixel_workbench_msgs/msg/detail/mx_ext__rosidl_typesupport_introspection_cpp.hpp
[1.445s] -- Up-to-date: /home/darkdemon/work/motor_control/install/dynamixel_workbench_msgs/include/dynamixel_workbench_msgs/dynamixel_workbench_msgs/msg/detail/xl__type_support.cpp
[1.445s] -- Up-to-date: /home/darkdemon/work/motor_control/install/dynamixel_workbench_msgs/include/dynamixel_workbench_msgs/dynamixel_workbench_msgs/srv
[1.445s] -- Up-to-date: /home/darkdemon/work/motor_control/install/dynamixel_workbench_msgs/include/dynamixel_workbench_msgs/dynamixel_workbench_msgs/srv/detail
[1.445s] -- Up-to-date: /home/darkdemon/work/motor_control/install/dynamixel_workbench_msgs/include/dynamixel_workbench_msgs/dynamixel_workbench_msgs/srv/detail/dynamixel_command__rosidl_typesupport_introspection_cpp.hpp
[1.445s] -- Up-to-date: /home/darkdemon/work/motor_control/install/dynamixel_workbench_msgs/include/dynamixel_workbench_msgs/dynamixel_workbench_msgs/srv/detail/dynamixel_command__type_support.cpp
[1.445s] -- Up-to-date: /home/darkdemon/work/motor_control/install/dynamixel_workbench_msgs/include/dynamixel_workbench_msgs/dynamixel_workbench_msgs/srv/detail/get_dynamixel_info__rosidl_typesupport_introspection_cpp.hpp
[1.445s] -- Up-to-date: /home/darkdemon/work/motor_control/install/dynamixel_workbench_msgs/include/dynamixel_workbench_msgs/dynamixel_workbench_msgs/srv/detail/get_dynamixel_info__type_support.cpp
[1.446s] -- Up-to-date: /home/darkdemon/work/motor_control/install/dynamixel_workbench_msgs/lib/libdynamixel_workbench_msgs__rosidl_typesupport_introspection_cpp.so
[1.446s] -- Up-to-date: /home/darkdemon/work/motor_control/install/dynamixel_workbench_msgs/lib/libdynamixel_workbench_msgs__rosidl_typesupport_cpp.so
[1.447s] -- Up-to-date: /home/darkdemon/work/motor_control/install/dynamixel_workbench_msgs/share/dynamixel_workbench_msgs/environment/pythonpath.sh
[1.447s] -- Installing: /home/darkdemon/work/motor_control/install/dynamixel_workbench_msgs/share/dynamixel_workbench_msgs/environment/pythonpath.dsv
[1.448s] -- Up-to-date: /home/darkdemon/work/motor_control/install/dynamixel_workbench_msgs/local/lib/python3.10/dist-packages/dynamixel_workbench_msgs-2.0.3-py3.10.egg-info
[1.448s] -- Installing: /home/darkdemon/work/motor_control/install/dynamixel_workbench_msgs/local/lib/python3.10/dist-packages/dynamixel_workbench_msgs-2.0.3-py3.10.egg-info/top_level.txt
[1.448s] -- Installing: /home/darkdemon/work/motor_control/install/dynamixel_workbench_msgs/local/lib/python3.10/dist-packages/dynamixel_workbench_msgs-2.0.3-py3.10.egg-info/PKG-INFO
[1.448s] -- Installing: /home/darkdemon/work/motor_control/install/dynamixel_workbench_msgs/local/lib/python3.10/dist-packages/dynamixel_workbench_msgs-2.0.3-py3.10.egg-info/dependency_links.txt
[1.448s] -- Installing: /home/darkdemon/work/motor_control/install/dynamixel_workbench_msgs/local/lib/python3.10/dist-packages/dynamixel_workbench_msgs-2.0.3-py3.10.egg-info/SOURCES.txt
[1.448s] -- Up-to-date: /home/darkdemon/work/motor_control/install/dynamixel_workbench_msgs/local/lib/python3.10/dist-packages/dynamixel_workbench_msgs
[1.448s] -- Up-to-date: /home/darkdemon/work/motor_control/install/dynamixel_workbench_msgs/local/lib/python3.10/dist-packages/dynamixel_workbench_msgs/_dynamixel_workbench_msgs_s.ep.rosidl_typesupport_fastrtps_c.c
[1.448s] -- Up-to-date: /home/darkdemon/work/motor_control/install/dynamixel_workbench_msgs/local/lib/python3.10/dist-packages/dynamixel_workbench_msgs/libdynamixel_workbench_msgs__rosidl_generator_py.so
[1.448s] -- Up-to-date: /home/darkdemon/work/motor_control/install/dynamixel_workbench_msgs/local/lib/python3.10/dist-packages/dynamixel_workbench_msgs/dynamixel_workbench_msgs_s__rosidl_typesupport_introspection_c.cpython-310-x86_64-linux-gnu.so
[1.448s] -- Up-to-date: /home/darkdemon/work/motor_control/install/dynamixel_workbench_msgs/local/lib/python3.10/dist-packages/dynamixel_workbench_msgs/msg
[1.449s] -- Up-to-date: /home/darkdemon/work/motor_control/install/dynamixel_workbench_msgs/local/lib/python3.10/dist-packages/dynamixel_workbench_msgs/msg/_dynamixel_load_info_s.c
[1.449s] -- Up-to-date: /home/darkdemon/work/motor_control/install/dynamixel_workbench_msgs/local/lib/python3.10/dist-packages/dynamixel_workbench_msgs/msg/_pro.py
[1.449s] -- Up-to-date: /home/darkdemon/work/motor_control/install/dynamixel_workbench_msgs/local/lib/python3.10/dist-packages/dynamixel_workbench_msgs/msg/_ax.py
[1.449s] -- Up-to-date: /home/darkdemon/work/motor_control/install/dynamixel_workbench_msgs/local/lib/python3.10/dist-packages/dynamixel_workbench_msgs/msg/_mx2_ext.py
[1.449s] -- Up-to-date: /home/darkdemon/work/motor_control/install/dynamixel_workbench_msgs/local/lib/python3.10/dist-packages/dynamixel_workbench_msgs/msg/_rx.py
[1.449s] -- Up-to-date: /home/darkdemon/work/motor_control/install/dynamixel_workbench_msgs/local/lib/python3.10/dist-packages/dynamixel_workbench_msgs/msg/_xm_s.c
[1.449s] -- Up-to-date: /home/darkdemon/work/motor_control/install/dynamixel_workbench_msgs/local/lib/python3.10/dist-packages/dynamixel_workbench_msgs/msg/_dynamixel_state_list_s.c
[1.449s] -- Up-to-date: /home/darkdemon/work/motor_control/install/dynamixel_workbench_msgs/local/lib/python3.10/dist-packages/dynamixel_workbench_msgs/msg/_dynamixel_load_info.py
[1.449s] -- Up-to-date: /home/darkdemon/work/motor_control/install/dynamixel_workbench_msgs/local/lib/python3.10/dist-packages/dynamixel_workbench_msgs/msg/__init__.py
[1.449s] -- Up-to-date: /home/darkdemon/work/motor_control/install/dynamixel_workbench_msgs/local/lib/python3.10/dist-packages/dynamixel_workbench_msgs/msg/_xl_s.c
[1.449s] -- Up-to-date: /home/darkdemon/work/motor_control/install/dynamixel_workbench_msgs/local/lib/python3.10/dist-packages/dynamixel_workbench_msgs/msg/_xm_ext.py
[1.449s] -- Up-to-date: /home/darkdemon/work/motor_control/install/dynamixel_workbench_msgs/local/lib/python3.10/dist-packages/dynamixel_workbench_msgs/msg/_dynamixel_state_s.c
[1.449s] -- Up-to-date: /home/darkdemon/work/motor_control/install/dynamixel_workbench_msgs/local/lib/python3.10/dist-packages/dynamixel_workbench_msgs/msg/_xm.py
[1.449s] -- Up-to-date: /home/darkdemon/work/motor_control/install/dynamixel_workbench_msgs/local/lib/python3.10/dist-packages/dynamixel_workbench_msgs/msg/_mx2_ext_s.c
[1.449s] -- Up-to-date: /home/darkdemon/work/motor_control/install/dynamixel_workbench_msgs/local/lib/python3.10/dist-packages/dynamixel_workbench_msgs/msg/_mx_ext_s.c
[1.449s] -- Up-to-date: /home/darkdemon/work/motor_control/install/dynamixel_workbench_msgs/local/lib/python3.10/dist-packages/dynamixel_workbench_msgs/msg/_ax_s.c
[1.449s] -- Up-to-date: /home/darkdemon/work/motor_control/install/dynamixel_workbench_msgs/local/lib/python3.10/dist-packages/dynamixel_workbench_msgs/msg/_ex_s.c
[1.449s] -- Up-to-date: /home/darkdemon/work/motor_control/install/dynamixel_workbench_msgs/local/lib/python3.10/dist-packages/dynamixel_workbench_msgs/msg/_pro_ext_s.c
[1.449s] -- Up-to-date: /home/darkdemon/work/motor_control/install/dynamixel_workbench_msgs/local/lib/python3.10/dist-packages/dynamixel_workbench_msgs/msg/_mx.py
[1.449s] -- Up-to-date: /home/darkdemon/work/motor_control/install/dynamixel_workbench_msgs/local/lib/python3.10/dist-packages/dynamixel_workbench_msgs/msg/_xl.py
[1.449s] -- Up-to-date: /home/darkdemon/work/motor_control/install/dynamixel_workbench_msgs/local/lib/python3.10/dist-packages/dynamixel_workbench_msgs/msg/_rx_s.c
[1.449s] -- Up-to-date: /home/darkdemon/work/motor_control/install/dynamixel_workbench_msgs/local/lib/python3.10/dist-packages/dynamixel_workbench_msgs/msg/_pro_s.c
[1.449s] -- Up-to-date: /home/darkdemon/work/motor_control/install/dynamixel_workbench_msgs/local/lib/python3.10/dist-packages/dynamixel_workbench_msgs/msg/_xh_s.c
[1.449s] -- Up-to-date: /home/darkdemon/work/motor_control/install/dynamixel_workbench_msgs/local/lib/python3.10/dist-packages/dynamixel_workbench_msgs/msg/_xl320_s.c
[1.449s] -- Up-to-date: /home/darkdemon/work/motor_control/install/dynamixel_workbench_msgs/local/lib/python3.10/dist-packages/dynamixel_workbench_msgs/msg/_xl320.py
[1.449s] -- Up-to-date: /home/darkdemon/work/motor_control/install/dynamixel_workbench_msgs/local/lib/python3.10/dist-packages/dynamixel_workbench_msgs/msg/_mx2_s.c
[1.449s] -- Up-to-date: /home/darkdemon/work/motor_control/install/dynamixel_workbench_msgs/local/lib/python3.10/dist-packages/dynamixel_workbench_msgs/msg/_pro_ext.py
[1.449s] -- Up-to-date: /home/darkdemon/work/motor_control/install/dynamixel_workbench_msgs/local/lib/python3.10/dist-packages/dynamixel_workbench_msgs/msg/_dynamixel_state.py
[1.449s] -- Up-to-date: /home/darkdemon/work/motor_control/install/dynamixel_workbench_msgs/local/lib/python3.10/dist-packages/dynamixel_workbench_msgs/msg/_ex.py
[1.449s] -- Up-to-date: /home/darkdemon/work/motor_control/install/dynamixel_workbench_msgs/local/lib/python3.10/dist-packages/dynamixel_workbench_msgs/msg/_mx2.py
[1.449s] -- Up-to-date: /home/darkdemon/work/motor_control/install/dynamixel_workbench_msgs/local/lib/python3.10/dist-packages/dynamixel_workbench_msgs/msg/_xm_ext_s.c
[1.449s] -- Up-to-date: /home/darkdemon/work/motor_control/install/dynamixel_workbench_msgs/local/lib/python3.10/dist-packages/dynamixel_workbench_msgs/msg/_xh.py
[1.449s] -- Up-to-date: /home/darkdemon/work/motor_control/install/dynamixel_workbench_msgs/local/lib/python3.10/dist-packages/dynamixel_workbench_msgs/msg/_dynamixel_info_s.c
[1.449s] -- Up-to-date: /home/darkdemon/work/motor_control/install/dynamixel_workbench_msgs/local/lib/python3.10/dist-packages/dynamixel_workbench_msgs/msg/_dynamixel_info.py
[1.450s] -- Up-to-date: /home/darkdemon/work/motor_control/install/dynamixel_workbench_msgs/local/lib/python3.10/dist-packages/dynamixel_workbench_msgs/msg/_mx_ext.py
[1.450s] -- Up-to-date: /home/darkdemon/work/motor_control/install/dynamixel_workbench_msgs/local/lib/python3.10/dist-packages/dynamixel_workbench_msgs/msg/_dynamixel_state_list.py
[1.450s] -- Up-to-date: /home/darkdemon/work/motor_control/install/dynamixel_workbench_msgs/local/lib/python3.10/dist-packages/dynamixel_workbench_msgs/msg/_mx_s.c
[1.450s] -- Up-to-date: /home/darkdemon/work/motor_control/install/dynamixel_workbench_msgs/local/lib/python3.10/dist-packages/dynamixel_workbench_msgs/_dynamixel_workbench_msgs_s.ep.rosidl_typesupport_introspection_c.c
[1.450s] -- Installing: /home/darkdemon/work/motor_control/install/dynamixel_workbench_msgs/local/lib/python3.10/dist-packages/dynamixel_workbench_msgs/__init__.py
[1.450s] -- Up-to-date: /home/darkdemon/work/motor_control/install/dynamixel_workbench_msgs/local/lib/python3.10/dist-packages/dynamixel_workbench_msgs/srv
[1.450s] -- Up-to-date: /home/darkdemon/work/motor_control/install/dynamixel_workbench_msgs/local/lib/python3.10/dist-packages/dynamixel_workbench_msgs/srv/__init__.py
[1.450s] -- Up-to-date: /home/darkdemon/work/motor_control/install/dynamixel_workbench_msgs/local/lib/python3.10/dist-packages/dynamixel_workbench_msgs/srv/_get_dynamixel_info.py
[1.450s] -- Up-to-date: /home/darkdemon/work/motor_control/install/dynamixel_workbench_msgs/local/lib/python3.10/dist-packages/dynamixel_workbench_msgs/srv/_dynamixel_command_s.c
[1.450s] -- Up-to-date: /home/darkdemon/work/motor_control/install/dynamixel_workbench_msgs/local/lib/python3.10/dist-packages/dynamixel_workbench_msgs/srv/_get_dynamixel_info_s.c
[1.450s] -- Up-to-date: /home/darkdemon/work/motor_control/install/dynamixel_workbench_msgs/local/lib/python3.10/dist-packages/dynamixel_workbench_msgs/srv/_dynamixel_command.py
[1.450s] -- Up-to-date: /home/darkdemon/work/motor_control/install/dynamixel_workbench_msgs/local/lib/python3.10/dist-packages/dynamixel_workbench_msgs/dynamixel_workbench_msgs_s__rosidl_typesupport_c.cpython-310-x86_64-linux-gnu.so
[1.450s] -- Up-to-date: /home/darkdemon/work/motor_control/install/dynamixel_workbench_msgs/local/lib/python3.10/dist-packages/dynamixel_workbench_msgs/dynamixel_workbench_msgs_s__rosidl_typesupport_fastrtps_c.cpython-310-x86_64-linux-gnu.so
[1.450s] -- Up-to-date: /home/darkdemon/work/motor_control/install/dynamixel_workbench_msgs/local/lib/python3.10/dist-packages/dynamixel_workbench_msgs/_dynamixel_workbench_msgs_s.ep.rosidl_typesupport_c.c
[1.474s] Listing '/home/darkdemon/work/motor_control/install/dynamixel_workbench_msgs/local/lib/python3.10/dist-packages/dynamixel_workbench_msgs'...
[1.474s] Compiling '/home/darkdemon/work/motor_control/install/dynamixel_workbench_msgs/local/lib/python3.10/dist-packages/dynamixel_workbench_msgs/__init__.py'...
[1.474s] Listing '/home/darkdemon/work/motor_control/install/dynamixel_workbench_msgs/local/lib/python3.10/dist-packages/dynamixel_workbench_msgs/msg'...
[1.474s] Listing '/home/darkdemon/work/motor_control/install/dynamixel_workbench_msgs/local/lib/python3.10/dist-packages/dynamixel_workbench_msgs/srv'...
[1.477s] -- Up-to-date: /home/darkdemon/work/motor_control/install/dynamixel_workbench_msgs/local/lib/python3.10/dist-packages/dynamixel_workbench_msgs/dynamixel_workbench_msgs_s__rosidl_typesupport_fastrtps_c.cpython-310-x86_64-linux-gnu.so
[1.478s] -- Up-to-date: /home/darkdemon/work/motor_control/install/dynamixel_workbench_msgs/local/lib/python3.10/dist-packages/dynamixel_workbench_msgs/dynamixel_workbench_msgs_s__rosidl_typesupport_introspection_c.cpython-310-x86_64-linux-gnu.so
[1.478s] -- Up-to-date: /home/darkdemon/work/motor_control/install/dynamixel_workbench_msgs/local/lib/python3.10/dist-packages/dynamixel_workbench_msgs/dynamixel_workbench_msgs_s__rosidl_typesupport_c.cpython-310-x86_64-linux-gnu.so
[1.479s] -- Up-to-date: /home/darkdemon/work/motor_control/install/dynamixel_workbench_msgs/lib/libdynamixel_workbench_msgs__rosidl_generator_py.so
[1.479s] -- Up-to-date: /home/darkdemon/work/motor_control/install/dynamixel_workbench_msgs/share/dynamixel_workbench_msgs/msg/AX.idl
[1.479s] -- Up-to-date: /home/darkdemon/work/motor_control/install/dynamixel_workbench_msgs/share/dynamixel_workbench_msgs/msg/EX.idl
[1.479s] -- Up-to-date: /home/darkdemon/work/motor_control/install/dynamixel_workbench_msgs/share/dynamixel_workbench_msgs/msg/MX.idl
[1.479s] -- Up-to-date: /home/darkdemon/work/motor_control/install/dynamixel_workbench_msgs/share/dynamixel_workbench_msgs/msg/MX2.idl
[1.479s] -- Up-to-date: /home/darkdemon/work/motor_control/install/dynamixel_workbench_msgs/share/dynamixel_workbench_msgs/msg/MX2Ext.idl
[1.479s] -- Up-to-date: /home/darkdemon/work/motor_control/install/dynamixel_workbench_msgs/share/dynamixel_workbench_msgs/msg/MXExt.idl
[1.480s] -- Up-to-date: /home/darkdemon/work/motor_control/install/dynamixel_workbench_msgs/share/dynamixel_workbench_msgs/msg/PRO.idl
[1.480s] -- Up-to-date: /home/darkdemon/work/motor_control/install/dynamixel_workbench_msgs/share/dynamixel_workbench_msgs/msg/PROExt.idl
[1.480s] -- Up-to-date: /home/darkdemon/work/motor_control/install/dynamixel_workbench_msgs/share/dynamixel_workbench_msgs/msg/RX.idl
[1.480s] -- Up-to-date: /home/darkdemon/work/motor_control/install/dynamixel_workbench_msgs/share/dynamixel_workbench_msgs/msg/XH.idl
[1.480s] -- Up-to-date: /home/darkdemon/work/motor_control/install/dynamixel_workbench_msgs/share/dynamixel_workbench_msgs/msg/XL.idl
[1.480s] -- Up-to-date: /home/darkdemon/work/motor_control/install/dynamixel_workbench_msgs/share/dynamixel_workbench_msgs/msg/XL320.idl
[1.480s] -- Up-to-date: /home/darkdemon/work/motor_control/install/dynamixel_workbench_msgs/share/dynamixel_workbench_msgs/msg/XM.idl
[1.480s] -- Up-to-date: /home/darkdemon/work/motor_control/install/dynamixel_workbench_msgs/share/dynamixel_workbench_msgs/msg/XMExt.idl
[1.480s] -- Up-to-date: /home/darkdemon/work/motor_control/install/dynamixel_workbench_msgs/share/dynamixel_workbench_msgs/msg/DynamixelState.idl
[1.480s] -- Up-to-date: /home/darkdemon/work/motor_control/install/dynamixel_workbench_msgs/share/dynamixel_workbench_msgs/msg/DynamixelStateList.idl
[1.480s] -- Up-to-date: /home/darkdemon/work/motor_control/install/dynamixel_workbench_msgs/share/dynamixel_workbench_msgs/msg/DynamixelInfo.idl
[1.480s] -- Up-to-date: /home/darkdemon/work/motor_control/install/dynamixel_workbench_msgs/share/dynamixel_workbench_msgs/msg/DynamixelLoadInfo.idl
[1.480s] -- Up-to-date: /home/darkdemon/work/motor_control/install/dynamixel_workbench_msgs/share/dynamixel_workbench_msgs/srv/GetDynamixelInfo.idl
[1.480s] -- Up-to-date: /home/darkdemon/work/motor_control/install/dynamixel_workbench_msgs/share/dynamixel_workbench_msgs/srv/DynamixelCommand.idl
[1.480s] -- Installing: /home/darkdemon/work/motor_control/install/dynamixel_workbench_msgs/share/dynamixel_workbench_msgs/msg/AX.msg
[1.480s] -- Installing: /home/darkdemon/work/motor_control/install/dynamixel_workbench_msgs/share/dynamixel_workbench_msgs/msg/EX.msg
[1.480s] -- Installing: /home/darkdemon/work/motor_control/install/dynamixel_workbench_msgs/share/dynamixel_workbench_msgs/msg/MX.msg
[1.481s] -- Installing: /home/darkdemon/work/motor_control/install/dynamixel_workbench_msgs/share/dynamixel_workbench_msgs/msg/MX2.msg
[1.481s] -- Installing: /home/darkdemon/work/motor_control/install/dynamixel_workbench_msgs/share/dynamixel_workbench_msgs/msg/MX2Ext.msg
[1.481s] -- Installing: /home/darkdemon/work/motor_control/install/dynamixel_workbench_msgs/share/dynamixel_workbench_msgs/msg/MXExt.msg
[1.481s] -- Installing: /home/darkdemon/work/motor_control/install/dynamixel_workbench_msgs/share/dynamixel_workbench_msgs/msg/PRO.msg
[1.481s] -- Installing: /home/darkdemon/work/motor_control/install/dynamixel_workbench_msgs/share/dynamixel_workbench_msgs/msg/PROExt.msg
[1.481s] -- Installing: /home/darkdemon/work/motor_control/install/dynamixel_workbench_msgs/share/dynamixel_workbench_msgs/msg/RX.msg
[1.481s] -- Installing: /home/darkdemon/work/motor_control/install/dynamixel_workbench_msgs/share/dynamixel_workbench_msgs/msg/XH.msg
[1.481s] -- Installing: /home/darkdemon/work/motor_control/install/dynamixel_workbench_msgs/share/dynamixel_workbench_msgs/msg/XL.msg
[1.481s] -- Installing: /home/darkdemon/work/motor_control/install/dynamixel_workbench_msgs/share/dynamixel_workbench_msgs/msg/XL320.msg
[1.481s] -- Installing: /home/darkdemon/work/motor_control/install/dynamixel_workbench_msgs/share/dynamixel_workbench_msgs/msg/XM.msg
[1.481s] -- Installing: /home/darkdemon/work/motor_control/install/dynamixel_workbench_msgs/share/dynamixel_workbench_msgs/msg/XMExt.msg
[1.481s] -- Installing: /home/darkdemon/work/motor_control/install/dynamixel_workbench_msgs/share/dynamixel_workbench_msgs/msg/DynamixelState.msg
[1.481s] -- Installing: /home/darkdemon/work/motor_control/install/dynamixel_workbench_msgs/share/dynamixel_workbench_msgs/msg/DynamixelStateList.msg
[1.482s] -- Installing: /home/darkdemon/work/motor_control/install/dynamixel_workbench_msgs/share/dynamixel_workbench_msgs/msg/DynamixelInfo.msg
[1.482s] -- Installing: /home/darkdemon/work/motor_control/install/dynamixel_workbench_msgs/share/dynamixel_workbench_msgs/msg/DynamixelLoadInfo.msg
[1.482s] -- Installing: /home/darkdemon/work/motor_control/install/dynamixel_workbench_msgs/share/dynamixel_workbench_msgs/srv/GetDynamixelInfo.srv
[1.482s] -- Up-to-date: /home/darkdemon/work/motor_control/install/dynamixel_workbench_msgs/share/dynamixel_workbench_msgs/srv/GetDynamixelInfo_Request.msg
[1.482s] -- Up-to-date: /home/darkdemon/work/motor_control/install/dynamixel_workbench_msgs/share/dynamixel_workbench_msgs/srv/GetDynamixelInfo_Response.msg
[1.482s] -- Installing: /home/darkdemon/work/motor_control/install/dynamixel_workbench_msgs/share/dynamixel_workbench_msgs/srv/DynamixelCommand.srv
[1.482s] -- Up-to-date: /home/darkdemon/work/motor_control/install/dynamixel_workbench_msgs/share/dynamixel_workbench_msgs/srv/DynamixelCommand_Request.msg
[1.482s] -- Up-to-date: /home/darkdemon/work/motor_control/install/dynamixel_workbench_msgs/share/dynamixel_workbench_msgs/srv/DynamixelCommand_Response.msg
[1.482s] -- Up-to-date: /home/darkdemon/work/motor_control/install/dynamixel_workbench_msgs/share/ament_index/resource_index/package_run_dependencies/dynamixel_workbench_msgs
[1.482s] -- Up-to-date: /home/darkdemon/work/motor_control/install/dynamixel_workbench_msgs/share/ament_index/resource_index/parent_prefix_path/dynamixel_workbench_msgs
[1.482s] -- Up-to-date: /home/darkdemon/work/motor_control/install/dynamixel_workbench_msgs/share/dynamixel_workbench_msgs/environment/ament_prefix_path.sh
[1.483s] -- Installing: /home/darkdemon/work/motor_control/install/dynamixel_workbench_msgs/share/dynamixel_workbench_msgs/environment/ament_prefix_path.dsv
[1.483s] -- Up-to-date: /home/darkdemon/work/motor_control/install/dynamixel_workbench_msgs/share/dynamixel_workbench_msgs/environment/path.sh
[1.483s] -- Installing: /home/darkdemon/work/motor_control/install/dynamixel_workbench_msgs/share/dynamixel_workbench_msgs/environment/path.dsv
[1.483s] -- Up-to-date: /home/darkdemon/work/motor_control/install/dynamixel_workbench_msgs/share/dynamixel_workbench_msgs/local_setup.bash
[1.483s] -- Up-to-date: /home/darkdemon/work/motor_control/install/dynamixel_workbench_msgs/share/dynamixel_workbench_msgs/local_setup.sh
[1.483s] -- Up-to-date: /home/darkdemon/work/motor_control/install/dynamixel_workbench_msgs/share/dynamixel_workbench_msgs/local_setup.zsh
[1.483s] -- Installing: /home/darkdemon/work/motor_control/install/dynamixel_workbench_msgs/share/dynamixel_workbench_msgs/local_setup.dsv
[1.483s] -- Installing: /home/darkdemon/work/motor_control/install/dynamixel_workbench_msgs/share/dynamixel_workbench_msgs/package.dsv
[1.483s] -- Up-to-date: /home/darkdemon/work/motor_control/install/dynamixel_workbench_msgs/share/ament_index/resource_index/packages/dynamixel_workbench_msgs
[1.484s] -- Up-to-date: /home/darkdemon/work/motor_control/install/dynamixel_workbench_msgs/share/dynamixel_workbench_msgs/cmake/export_dynamixel_workbench_msgs__rosidl_generator_cExport.cmake
[1.484s] -- Up-to-date: /home/darkdemon/work/motor_control/install/dynamixel_workbench_msgs/share/dynamixel_workbench_msgs/cmake/export_dynamixel_workbench_msgs__rosidl_generator_cExport-noconfig.cmake
[1.484s] -- Up-to-date: /home/darkdemon/work/motor_control/install/dynamixel_workbench_msgs/share/dynamixel_workbench_msgs/cmake/export_dynamixel_workbench_msgs__rosidl_typesupport_fastrtps_cExport.cmake
[1.484s] -- Up-to-date: /home/darkdemon/work/motor_control/install/dynamixel_workbench_msgs/share/dynamixel_workbench_msgs/cmake/export_dynamixel_workbench_msgs__rosidl_typesupport_fastrtps_cExport-noconfig.cmake
[1.484s] -- Up-to-date: /home/darkdemon/work/motor_control/install/dynamixel_workbench_msgs/share/dynamixel_workbench_msgs/cmake/dynamixel_workbench_msgs__rosidl_typesupport_introspection_cExport.cmake
[1.484s] -- Up-to-date: /home/darkdemon/work/motor_control/install/dynamixel_workbench_msgs/share/dynamixel_workbench_msgs/cmake/dynamixel_workbench_msgs__rosidl_typesupport_introspection_cExport-noconfig.cmake
[1.485s] -- Up-to-date: /home/darkdemon/work/motor_control/install/dynamixel_workbench_msgs/share/dynamixel_workbench_msgs/cmake/dynamixel_workbench_msgs__rosidl_typesupport_cExport.cmake
[1.485s] -- Up-to-date: /home/darkdemon/work/motor_control/install/dynamixel_workbench_msgs/share/dynamixel_workbench_msgs/cmake/dynamixel_workbench_msgs__rosidl_typesupport_cExport-noconfig.cmake
[1.485s] -- Up-to-date: /home/darkdemon/work/motor_control/install/dynamixel_workbench_msgs/share/dynamixel_workbench_msgs/cmake/export_dynamixel_workbench_msgs__rosidl_generator_cppExport.cmake
[1.485s] -- Up-to-date: /home/darkdemon/work/motor_control/install/dynamixel_workbench_msgs/share/dynamixel_workbench_msgs/cmake/export_dynamixel_workbench_msgs__rosidl_typesupport_fastrtps_cppExport.cmake
[1.485s] -- Up-to-date: /home/darkdemon/work/motor_control/install/dynamixel_workbench_msgs/share/dynamixel_workbench_msgs/cmake/export_dynamixel_workbench_msgs__rosidl_typesupport_fastrtps_cppExport-noconfig.cmake
[1.486s] -- Up-to-date: /home/darkdemon/work/motor_control/install/dynamixel_workbench_msgs/share/dynamixel_workbench_msgs/cmake/dynamixel_workbench_msgs__rosidl_typesupport_introspection_cppExport.cmake
[1.486s] -- Up-to-date: /home/darkdemon/work/motor_control/install/dynamixel_workbench_msgs/share/dynamixel_workbench_msgs/cmake/dynamixel_workbench_msgs__rosidl_typesupport_introspection_cppExport-noconfig.cmake
[1.486s] -- Up-to-date: /home/darkdemon/work/motor_control/install/dynamixel_workbench_msgs/share/dynamixel_workbench_msgs/cmake/dynamixel_workbench_msgs__rosidl_typesupport_cppExport.cmake
[1.486s] -- Up-to-date: /home/darkdemon/work/motor_control/install/dynamixel_workbench_msgs/share/dynamixel_workbench_msgs/cmake/dynamixel_workbench_msgs__rosidl_typesupport_cppExport-noconfig.cmake
[1.486s] -- Up-to-date: /home/darkdemon/work/motor_control/install/dynamixel_workbench_msgs/share/dynamixel_workbench_msgs/cmake/export_dynamixel_workbench_msgs__rosidl_generator_pyExport.cmake
[1.486s] -- Up-to-date: /home/darkdemon/work/motor_control/install/dynamixel_workbench_msgs/share/dynamixel_workbench_msgs/cmake/export_dynamixel_workbench_msgs__rosidl_generator_pyExport-noconfig.cmake
[1.486s] -- Up-to-date: /home/darkdemon/work/motor_control/install/dynamixel_workbench_msgs/share/dynamixel_workbench_msgs/cmake/rosidl_cmake-extras.cmake
[1.486s] -- Up-to-date: /home/darkdemon/work/motor_control/install/dynamixel_workbench_msgs/share/dynamixel_workbench_msgs/cmake/ament_cmake_export_dependencies-extras.cmake
[1.486s] -- Up-to-date: /home/darkdemon/work/motor_control/install/dynamixel_workbench_msgs/share/dynamixel_workbench_msgs/cmake/ament_cmake_export_include_directories-extras.cmake
[1.486s] -- Up-to-date: /home/darkdemon/work/motor_control/install/dynamixel_workbench_msgs/share/dynamixel_workbench_msgs/cmake/ament_cmake_export_libraries-extras.cmake
[1.486s] -- Up-to-date: /home/darkdemon/work/motor_control/install/dynamixel_workbench_msgs/share/dynamixel_workbench_msgs/cmake/ament_cmake_export_targets-extras.cmake
[1.486s] -- Up-to-date: /home/darkdemon/work/motor_control/install/dynamixel_workbench_msgs/share/dynamixel_workbench_msgs/cmake/rosidl_cmake_export_typesupport_targets-extras.cmake
[1.486s] -- Up-to-date: /home/darkdemon/work/motor_control/install/dynamixel_workbench_msgs/share/dynamixel_workbench_msgs/cmake/rosidl_cmake_export_typesupport_libraries-extras.cmake
[1.486s] -- Up-to-date: /home/darkdemon/work/motor_control/install/dynamixel_workbench_msgs/share/dynamixel_workbench_msgs/cmake/dynamixel_workbench_msgsConfig.cmake
[1.486s] -- Up-to-date: /home/darkdemon/work/motor_control/install/dynamixel_workbench_msgs/share/dynamixel_workbench_msgs/cmake/dynamixel_workbench_msgsConfig-version.cmake
[1.486s] -- Installing: /home/darkdemon/work/motor_control/install/dynamixel_workbench_msgs/share/dynamixel_workbench_msgs/package.xml
[1.489s] Invoked command in '/home/darkdemon/work/motor_control/build/dynamixel_workbench_msgs' returned '0': CMAKE_PREFIX_PATH=/opt/ros/humble /usr/bin/cmake --install /home/darkdemon/work/motor_control/build/dynamixel_workbench_msgs
