Fatal Python error: init_import_site: Failed to import the site module
Python runtime state: initialized
Traceback (most recent call last):
  File "/usr/lib/python3.10/site.py", line 636, in <module>
    main()
  File "/usr/lib/python3.10/site.py", line 623, in main
gmake[2]: *** [CMakeFiles/python_moveit_interface.dir/build.make:155: CMakeFiles/python_moveit_interface.dir/depend] Interrupt
    known_paths = addsitepackages(known_paths)
  File "/usr/lib/python3.10/site.py", line 406, in addsitepackages
    addsitedir(sitedir, known_paths)
  File "/usr/lib/python3.10/site.py", line 232, in addsitedir
    addpackage(sitedir, name, known_paths)
  File "/usr/lib/python3.10/site.py", line 192, in addpackage
    exec(line)
  File "<string>", line 1, in <module>
gmake[1]: *** [CMakeFiles/Makefile2:186: CMakeFiles/python_moveit_interface.dir/all] Interrupt
  File "<frozen importlib._bootstrap_external>", line 1439, in find_spec
  File "<frozen importlib._bootstrap_external>", line 1411, in _get_spec
  File "<frozen importlib._bootstrap_external>", line 1548, in find_spec
  File "<frozen importlib._bootstrap_external>", line 1591, in _fill_cache
KeyboardInterrupt
gmake[2]: *** [CMakeFiles/ament_cmake_python_build_python_moveit_interface_egg.dir/build.make:70: CMakeFiles/ament_cmake_python_build_python_moveit_interface_egg] Interrupt
gmake[1]: *** [CMakeFiles/Makefile2:447: CMakeFiles/ament_cmake_python_build_python_moveit_interface_egg.dir/all] Interrupt
gmake: *** [Makefile:146: all] Interrupt
