[ 20%] Built target manual_pose_topic
[ 40%] Built target named_goal
[ 60%] Built target ee_pose_in_base
[ 80%] Built target gripper_open
[ 90%] [32mBuilding CXX object CMakeFiles/auto_pose_goal.dir/src/auto_pose_goal.cpp.o[0m
[01m[K/home/darkdemon/work/motor_control/src/tb4_arm_ros2/small_arm_moveit_cpp/src/auto_pose_goal.cpp:167:2:[m[K [01;31m[Kerror: [m[Kexpected ‘[01m[K}[m[K’ at end of input
  167 | }
      |  [01;31m[K^[m[K
[01m[K/home/darkdemon/work/motor_control/src/tb4_arm_ros2/small_arm_moveit_cpp/src/auto_pose_goal.cpp:18:1:[m[K [01;36m[Knote: [m[Kto match this ‘[01m[K{[m[K’
   18 | [01;36m[K{[m[K
      | [01;36m[K^[m[K
[01m[K/home/darkdemon/work/motor_control/src/tb4_arm_ros2/small_arm_moveit_cpp/src/auto_pose_goal.cpp:[m[K In member function ‘[01m[Kvoid AutoPoseService::handle_service(std::shared_ptr<python_moveit_interface::srv::DetectPose_Request_<std::allocator<void> > >, std::shared_ptr<python_moveit_interface::srv::DetectPose_Response_<std::allocator<void> > >)[m[K’:
[01m[K/home/darkdemon/work/motor_control/src/tb4_arm_ros2/small_arm_moveit_cpp/src/auto_pose_goal.cpp:137:42:[m[K [01;35m[Kwarning: [m[Kempty parentheses were disambiguated as a function declaration [[01;35m[K]8;;https://gcc.gnu.org/onlinedocs/gcc/Warning-Options.html#index-Wvexing-parse-Wvexing-parse]8;;[m[K]
  137 |     geometry_msgs::msg::Pose average_pose[01;35m[K()[m[K
      |                                          [01;35m[K^~[m[K
[01m[K/home/darkdemon/work/motor_control/src/tb4_arm_ros2/small_arm_moveit_cpp/src/auto_pose_goal.cpp:137:42:[m[K [01;36m[Knote: [m[Kremove parentheses to default-initialize a variable
  137 |     geometry_msgs::msg::Pose average_pose[01;36m[K()[m[K
      |                                          [01;36m[K^~[m[K
      |                                          [31m[K--[m[K
[01m[K/home/darkdemon/work/motor_control/src/tb4_arm_ros2/small_arm_moveit_cpp/src/auto_pose_goal.cpp:137:42:[m[K [01;36m[Knote: [m[Kor replace parentheses with braces to value-initialize a variable
[01m[K/home/darkdemon/work/motor_control/src/tb4_arm_ros2/small_arm_moveit_cpp/src/auto_pose_goal.cpp:138:5:[m[K [01;31m[Kerror: [m[Ka function-definition is not allowed here before ‘[01m[K{[m[K’ token
  138 |     [01;31m[K{[m[K
      |     [01;31m[K^[m[K
[01m[K/home/darkdemon/work/motor_control/src/tb4_arm_ros2/small_arm_moveit_cpp/src/auto_pose_goal.cpp:160:1:[m[K [01;31m[Kerror: [m[Ka function-definition is not allowed here before ‘[01m[K{[m[K’ token
  160 | [01;31m[K{[m[K
      | [01;31m[K^[m[K
[01m[K/home/darkdemon/work/motor_control/src/tb4_arm_ros2/small_arm_moveit_cpp/src/auto_pose_goal.cpp:167:2:[m[K [01;31m[Kerror: [m[Kexpected ‘[01m[K}[m[K’ at end of input
  167 | }
      |  [01;31m[K^[m[K
[01m[K/home/darkdemon/work/motor_control/src/tb4_arm_ros2/small_arm_moveit_cpp/src/auto_pose_goal.cpp:107:3:[m[K [01;36m[Knote: [m[Kto match this ‘[01m[K{[m[K’
  107 |   [01;36m[K{[m[K
      |   [01;36m[K^[m[K
[01m[K/home/darkdemon/work/motor_control/src/tb4_arm_ros2/small_arm_moveit_cpp/src/auto_pose_goal.cpp:[m[K At global scope:
[01m[K/home/darkdemon/work/motor_control/src/tb4_arm_ros2/small_arm_moveit_cpp/src/auto_pose_goal.cpp:167:2:[m[K [01;31m[Kerror: [m[Kexpected unqualified-id at end of input
  167 | }
      |  [01;31m[K^[m[K
gmake[2]: *** [CMakeFiles/auto_pose_goal.dir/build.make:76: CMakeFiles/auto_pose_goal.dir/src/auto_pose_goal.cpp.o] Error 1
gmake[1]: *** [CMakeFiles/Makefile2:171: CMakeFiles/auto_pose_goal.dir/all] Error 2
gmake: *** [Makefile:146: all] Error 2
