[0.030s] Invoking command in '/home/darkdemon/work/motor_control/build/small_arm_description': AMENT_PREFIX_PATH=/home/darkdemon/work/motor_control/install/dynamixel_hardware:/home/darkdemon/work/motor_control/install/dynamixel_workbench_toolbox:${AMENT_PREFIX_PATH} CMAKE_PREFIX_PATH=/home/darkdemon/work/motor_control/install/dynamixel_hardware:/home/darkdemon/work/motor_control/install/dynamixel_workbench_toolbox:/opt/ros/humble:${CMAKE_PREFIX_PATH} LD_LIBRARY_PATH=/home/darkdemon/work/motor_control/install/dynamixel_hardware/lib:/home/darkdemon/work/motor_control/install/dynamixel_workbench_toolbox/lib:${LD_LIBRARY_PATH} /usr/bin/cmake /home/darkdemon/work/motor_control/src/tb4_arm_ros2/small_arm_description -DCMAKE_INSTALL_PREFIX=/home/darkdemon/work/motor_control/install/small_arm_description
[0.122s] -- The C compiler identification is GNU 11.4.0
[0.173s] -- The CXX compiler identification is GNU 11.4.0
[0.179s] -- Detecting C compiler ABI info
[0.237s] -- Detecting C compiler ABI info - done
[0.244s] -- Check for working C compiler: /usr/bin/cc - skipped
[0.244s] -- Detecting C compile features
[0.245s] -- Detecting C compile features - done
[0.247s] -- Detecting CXX compiler ABI info
[0.310s] -- Detecting CXX compiler ABI info - done
[0.315s] -- Check for working CXX compiler: /usr/bin/c++ - skipped
[0.315s] -- Detecting CXX compile features
[0.316s] -- Detecting CXX compile features - done
[0.318s] -- Found ament_cmake: 1.3.11 (/opt/ros/humble/share/ament_cmake/cmake)
[0.428s] -- Found Python3: /usr/bin/python3 (found version "3.10.12") found components: Interpreter 
[0.497s] -- Found robot_state_publisher: 3.0.3 (/opt/ros/humble/share/robot_state_publisher/cmake)
[0.522s] -- Found rosidl_generator_c: 3.1.6 (/opt/ros/humble/share/rosidl_generator_c/cmake)
[0.527s] -- Found rosidl_adapter: 3.1.6 (/opt/ros/humble/share/rosidl_adapter/cmake)
[0.533s] -- Found rosidl_generator_cpp: 3.1.6 (/opt/ros/humble/share/rosidl_generator_cpp/cmake)
[0.541s] -- Using all available rosidl_typesupport_c: rosidl_typesupport_fastrtps_c;rosidl_typesupport_introspection_c
[0.553s] -- Using all available rosidl_typesupport_cpp: rosidl_typesupport_fastrtps_cpp;rosidl_typesupport_introspection_cpp
[0.595s] -- Found eigen3_cmake_module: 0.1.1 (/opt/ros/humble/share/eigen3_cmake_module/cmake)
[0.596s] -- Found Eigen3: TRUE (found version "3.4.0") 
[0.596s] -- Ensuring Eigen3 include directory is part of orocos-kdl CMake target
[0.630s] -- Found rmw_implementation_cmake: 6.1.2 (/opt/ros/humble/share/rmw_implementation_cmake/cmake)
[0.632s] -- Found rmw_cyclonedds_cpp: 1.3.4 (/opt/ros/humble/share/rmw_cyclonedds_cpp/cmake)
[0.647s] -- Using RMW implementation 'rmw_cyclonedds_cpp' as default
[0.655s] -- Looking for pthread.h
[0.713s] -- Looking for pthread.h - found
[0.713s] -- Performing Test CMAKE_HAVE_LIBC_PTHREAD
[0.773s] -- Performing Test CMAKE_HAVE_LIBC_PTHREAD - Success
[0.774s] -- Found Threads: TRUE  
[0.910s] -- Found xacro: 2.0.13 (/opt/ros/humble/share/xacro/cmake)
[0.912s] -- Found rviz2: 11.2.16 (/opt/ros/humble/share/rviz2/cmake)
[0.913s] -- Found ros2_control: 2.49.0 (/opt/ros/humble/share/ros2_control/cmake)
[0.915s] -- Found ros2_controllers: 2.43.0 (/opt/ros/humble/share/ros2_controllers/cmake)
[0.915s] -- Found dynamixel_hardware: 0.0.0 (/home/darkdemon/work/motor_control/install/dynamixel_hardware/share/dynamixel_hardware/cmake)
[0.969s] -- Found ament_lint_auto: 0.12.12 (/opt/ros/humble/share/ament_lint_auto/cmake)
[1.025s] -- Added test 'copyright' to check source files copyright and LICENSE
[1.028s] -- Added test 'flake8' to check Python code syntax and style conventions
[1.028s] -- Added test 'lint_cmake' to check CMake code style
[1.029s] -- Added test 'pep257' to check Python code against some of the docstring style conventions in PEP 257
[1.030s] -- Added test 'xmllint' to check XML markup files
[1.031s] -- Configuring done
[1.034s] -- Generating done
[1.036s] -- Build files have been written to: /home/darkdemon/work/motor_control/build/small_arm_description
[1.043s] Invoked command in '/home/darkdemon/work/motor_control/build/small_arm_description' returned '0': AMENT_PREFIX_PATH=/home/darkdemon/work/motor_control/install/dynamixel_hardware:/home/darkdemon/work/motor_control/install/dynamixel_workbench_toolbox:${AMENT_PREFIX_PATH} CMAKE_PREFIX_PATH=/home/darkdemon/work/motor_control/install/dynamixel_hardware:/home/darkdemon/work/motor_control/install/dynamixel_workbench_toolbox:/opt/ros/humble:${CMAKE_PREFIX_PATH} LD_LIBRARY_PATH=/home/darkdemon/work/motor_control/install/dynamixel_hardware/lib:/home/darkdemon/work/motor_control/install/dynamixel_workbench_toolbox/lib:${LD_LIBRARY_PATH} /usr/bin/cmake /home/darkdemon/work/motor_control/src/tb4_arm_ros2/small_arm_description -DCMAKE_INSTALL_PREFIX=/home/darkdemon/work/motor_control/install/small_arm_description
[1.043s] Invoking command in '/home/darkdemon/work/motor_control/build/small_arm_description': AMENT_PREFIX_PATH=/home/darkdemon/work/motor_control/install/dynamixel_hardware:/home/darkdemon/work/motor_control/install/dynamixel_workbench_toolbox:${AMENT_PREFIX_PATH} CMAKE_PREFIX_PATH=/home/darkdemon/work/motor_control/install/dynamixel_hardware:/home/darkdemon/work/motor_control/install/dynamixel_workbench_toolbox:/opt/ros/humble:${CMAKE_PREFIX_PATH} LD_LIBRARY_PATH=/home/darkdemon/work/motor_control/install/dynamixel_hardware/lib:/home/darkdemon/work/motor_control/install/dynamixel_workbench_toolbox/lib:${LD_LIBRARY_PATH} /usr/bin/cmake --build /home/darkdemon/work/motor_control/build/small_arm_description -- -j20 -l20
[1.075s] Invoked command in '/home/darkdemon/work/motor_control/build/small_arm_description' returned '0': AMENT_PREFIX_PATH=/home/darkdemon/work/motor_control/install/dynamixel_hardware:/home/darkdemon/work/motor_control/install/dynamixel_workbench_toolbox:${AMENT_PREFIX_PATH} CMAKE_PREFIX_PATH=/home/darkdemon/work/motor_control/install/dynamixel_hardware:/home/darkdemon/work/motor_control/install/dynamixel_workbench_toolbox:/opt/ros/humble:${CMAKE_PREFIX_PATH} LD_LIBRARY_PATH=/home/darkdemon/work/motor_control/install/dynamixel_hardware/lib:/home/darkdemon/work/motor_control/install/dynamixel_workbench_toolbox/lib:${LD_LIBRARY_PATH} /usr/bin/cmake --build /home/darkdemon/work/motor_control/build/small_arm_description -- -j20 -l20
[1.076s] Invoking command in '/home/darkdemon/work/motor_control/build/small_arm_description': AMENT_PREFIX_PATH=/home/darkdemon/work/motor_control/install/dynamixel_hardware:/home/darkdemon/work/motor_control/install/dynamixel_workbench_toolbox:${AMENT_PREFIX_PATH} CMAKE_PREFIX_PATH=/home/darkdemon/work/motor_control/install/dynamixel_hardware:/home/darkdemon/work/motor_control/install/dynamixel_workbench_toolbox:/opt/ros/humble:${CMAKE_PREFIX_PATH} LD_LIBRARY_PATH=/home/darkdemon/work/motor_control/install/dynamixel_hardware/lib:/home/darkdemon/work/motor_control/install/dynamixel_workbench_toolbox/lib:${LD_LIBRARY_PATH} /usr/bin/cmake --install /home/darkdemon/work/motor_control/build/small_arm_description
[1.083s] -- Install configuration: ""
[1.083s] -- Installing: /home/darkdemon/work/motor_control/install/small_arm_description/share/small_arm_description/meshes
[1.083s] -- Installing: /home/darkdemon/work/motor_control/install/small_arm_description/share/small_arm_description/meshes/link_4_1.stl
[1.083s] -- Installing: /home/darkdemon/work/motor_control/install/small_arm_description/share/small_arm_description/meshes/Claw_2_1.stl
[1.084s] -- Installing: /home/darkdemon/work/motor_control/install/small_arm_description/share/small_arm_description/meshes/base_link.stl
[1.084s] -- Installing: /home/darkdemon/work/motor_control/install/small_arm_description/share/small_arm_description/meshes/link_1_1.stl
[1.084s] -- Installing: /home/darkdemon/work/motor_control/install/small_arm_description/share/small_arm_description/meshes/Claw_1_1.stl
[1.085s] -- Installing: /home/darkdemon/work/motor_control/install/small_arm_description/share/small_arm_description/meshes/link_3_1.stl
[1.085s] -- Installing: /home/darkdemon/work/motor_control/install/small_arm_description/share/small_arm_description/meshes/Camera_1.stl
[1.085s] -- Installing: /home/darkdemon/work/motor_control/install/small_arm_description/share/small_arm_description/meshes/link_2_1.stl
[1.086s] -- Installing: /home/darkdemon/work/motor_control/install/small_arm_description/share/small_arm_description/meshes/link_5_1.stl
[1.086s] -- Installing: /home/darkdemon/work/motor_control/install/small_arm_description/share/small_arm_description/meshes/Claw_base_1.stl
[1.086s] -- Installing: /home/darkdemon/work/motor_control/install/small_arm_description/share/small_arm_description/urdf
[1.086s] -- Installing: /home/darkdemon/work/motor_control/install/small_arm_description/share/small_arm_description/urdf/small_arm copy.xacro
[1.087s] -- Installing: /home/darkdemon/work/motor_control/install/small_arm_description/share/small_arm_description/urdf/materials.xacro
[1.087s] -- Installing: /home/darkdemon/work/motor_control/install/small_arm_description/share/small_arm_description/urdf/small_arm.urdf
[1.087s] -- Installing: /home/darkdemon/work/motor_control/install/small_arm_description/share/small_arm_description/urdf/small_arm.xacro
[1.087s] -- Installing: /home/darkdemon/work/motor_control/install/small_arm_description/share/small_arm_description/urdf/small_arm.urdf.xacro
[1.087s] -- Installing: /home/darkdemon/work/motor_control/install/small_arm_description/share/small_arm_description/urdf/small_arm
[1.087s] -- Installing: /home/darkdemon/work/motor_control/install/small_arm_description/share/small_arm_description/urdf/small_arm/configuration
[1.087s] -- Installing: /home/darkdemon/work/motor_control/install/small_arm_description/share/small_arm_description/urdf/small_arm/configuration/small_arm_base.usd
[1.091s] -- Installing: /home/darkdemon/work/motor_control/install/small_arm_description/share/small_arm_description/urdf/small_arm/configuration/small_arm_physics.usd
[1.091s] -- Installing: /home/darkdemon/work/motor_control/install/small_arm_description/share/small_arm_description/urdf/small_arm/configuration/small_arm_sensor.usd
[1.091s] -- Installing: /home/darkdemon/work/motor_control/install/small_arm_description/share/small_arm_description/urdf/small_arm/small_arm.usd
[1.091s] -- Installing: /home/darkdemon/work/motor_control/install/small_arm_description/share/small_arm_description/urdf/small_arm.ros2_control.xacro
[1.091s] -- Installing: /home/darkdemon/work/motor_control/install/small_arm_description/share/small_arm_description/controllers
[1.091s] -- Installing: /home/darkdemon/work/motor_control/install/small_arm_description/share/small_arm_description/controllers/controllers.yaml
[1.091s] -- Installing: /home/darkdemon/work/motor_control/install/small_arm_description/share/small_arm_description/launch
[1.091s] -- Installing: /home/darkdemon/work/motor_control/install/small_arm_description/share/small_arm_description/launch/small_arm.launch.py
[1.091s] -- Installing: /home/darkdemon/work/motor_control/install/small_arm_description/share/small_arm_description/launch/pantilt_bot_gazebo.launch.py
[1.091s] -- Installing: /home/darkdemon/work/motor_control/install/small_arm_description/share/small_arm_description/launch/display.launch.py
[1.091s] -- Installing: /home/darkdemon/work/motor_control/install/small_arm_description/share/small_arm_description/launch/small_arm.rviz
[1.091s] -- Installing: /home/darkdemon/work/motor_control/install/small_arm_description/share/ament_index/resource_index/package_run_dependencies/small_arm_description
[1.091s] -- Installing: /home/darkdemon/work/motor_control/install/small_arm_description/share/ament_index/resource_index/parent_prefix_path/small_arm_description
[1.091s] -- Installing: /home/darkdemon/work/motor_control/install/small_arm_description/share/small_arm_description/environment/ament_prefix_path.sh
[1.091s] -- Installing: /home/darkdemon/work/motor_control/install/small_arm_description/share/small_arm_description/environment/ament_prefix_path.dsv
[1.091s] -- Installing: /home/darkdemon/work/motor_control/install/small_arm_description/share/small_arm_description/environment/path.sh
[1.092s] -- Installing: /home/darkdemon/work/motor_control/install/small_arm_description/share/small_arm_description/environment/path.dsv
[1.092s] -- Installing: /home/darkdemon/work/motor_control/install/small_arm_description/share/small_arm_description/local_setup.bash
[1.092s] -- Installing: /home/darkdemon/work/motor_control/install/small_arm_description/share/small_arm_description/local_setup.sh
[1.092s] -- Installing: /home/darkdemon/work/motor_control/install/small_arm_description/share/small_arm_description/local_setup.zsh
[1.092s] -- Installing: /home/darkdemon/work/motor_control/install/small_arm_description/share/small_arm_description/local_setup.dsv
[1.092s] -- Installing: /home/darkdemon/work/motor_control/install/small_arm_description/share/small_arm_description/package.dsv
[1.092s] -- Installing: /home/darkdemon/work/motor_control/install/small_arm_description/share/ament_index/resource_index/packages/small_arm_description
[1.092s] -- Installing: /home/darkdemon/work/motor_control/install/small_arm_description/share/small_arm_description/cmake/small_arm_descriptionConfig.cmake
[1.092s] -- Installing: /home/darkdemon/work/motor_control/install/small_arm_description/share/small_arm_description/cmake/small_arm_descriptionConfig-version.cmake
[1.092s] -- Installing: /home/darkdemon/work/motor_control/install/small_arm_description/share/small_arm_description/package.xml
[1.094s] Invoked command in '/home/darkdemon/work/motor_control/build/small_arm_description' returned '0': AMENT_PREFIX_PATH=/home/darkdemon/work/motor_control/install/dynamixel_hardware:/home/darkdemon/work/motor_control/install/dynamixel_workbench_toolbox:${AMENT_PREFIX_PATH} CMAKE_PREFIX_PATH=/home/darkdemon/work/motor_control/install/dynamixel_hardware:/home/darkdemon/work/motor_control/install/dynamixel_workbench_toolbox:/opt/ros/humble:${CMAKE_PREFIX_PATH} LD_LIBRARY_PATH=/home/darkdemon/work/motor_control/install/dynamixel_hardware/lib:/home/darkdemon/work/motor_control/install/dynamixel_workbench_toolbox/lib:${LD_LIBRARY_PATH} /usr/bin/cmake --install /home/darkdemon/work/motor_control/build/small_arm_description
