[35m[1mConsolidate compiler generated dependencies of target eye_hand_pose[0m
[35m[1mConsolidate compiler generated dependencies of target ee_pose_in_base[0m
[ 20%] Built target joint_goal
[ 20%] Built target gripper_open
[ 30%] Built target cartesian_path
[ 40%] Built target pliz_move
[ 50%] Built target tool_move
[ 60%] Built target pose_goal
[ 70%] Built target gripper_joint_value
[ 80%] [32mBuilding CXX object CMakeFiles/ee_pose_in_base.dir/src/ee_pose_in_base.cpp.o[0m
[ 85%] Built target named_goal
[ 90%] [32mBuilding CXX object CMakeFiles/eye_hand_pose.dir/src/eye_hand_pose.cpp.o[0m
[01m[K/home/darkdemon/work/motor_control/src/tb4_arm_ros2/small_arm_moveit_cpp/src/ee_pose_in_base.cpp:[m[K In member function ‘[01m[Kvoid CameraToBasePrinter::callback(std_msgs::msg::Float32MultiArray_<std::allocator<void> >::SharedPtr)[m[K’:
[01m[K/home/darkdemon/work/motor_control/src/tb4_arm_ros2/small_arm_moveit_cpp/src/ee_pose_in_base.cpp:47:12:[m[K [01;31m[Kerror: [m[Kexpected unqualified-id before ‘[01m[K-[m[K’ token
   47 |       msg->[01;31m[K-[m[Kdata[1],
      |            [01;31m[K^[m[K
[01m[K/home/darkdemon/work/motor_control/src/tb4_arm_ros2/small_arm_moveit_cpp/src/ee_pose_in_base.cpp:47:13:[m[K [01;31m[Kerror: [m[K‘[01m[Kdata[m[K’ was not declared in this scope; did you mean ‘[01m[Kstd::data[m[K’?
   47 |       msg->-[01;31m[Kdata[m[K[1],
      |             [01;31m[K^~~~[m[K
      |             [32m[Kstd::data[m[K
In file included from [01m[K/usr/include/c++/11/array:41[m[K,
                 from [01m[K/usr/include/c++/11/tuple:39[m[K,
                 from [01m[K/usr/include/c++/11/bits/unique_ptr.h:37[m[K,
                 from [01m[K/usr/include/c++/11/memory:76[m[K,
                 from [01m[K/home/darkdemon/work/motor_control/src/tb4_arm_ros2/small_arm_moveit_cpp/src/ee_pose_in_base.cpp:1[m[K:
[01m[K/usr/include/c++/11/bits/range_access.h:319:5:[m[K [01;36m[Knote: [m[K‘[01m[Kstd::data[m[K’ declared here
  319 |     [01;36m[Kdata[m[K(initializer_list<_Tp> __il) noexcept
      |     [01;36m[K^~~~[m[K
[01m[K/home/darkdemon/work/motor_control/src/tb4_arm_ros2/small_arm_moveit_cpp/src/eye_hand_pose.cpp:[m[K In function ‘[01m[Kint main(int, char**)[m[K’:
[01m[K/home/darkdemon/work/motor_control/src/tb4_arm_ros2/small_arm_moveit_cpp/src/eye_hand_pose.cpp:107:3:[m[K [01;31m[Kerror: [m[K‘[01m[Krclcp[m[K’ was not declared in this scope; did you mean ‘[01m[Krclcpp[m[K’?
  107 |   [01;31m[Krclcp[m[K p::init(argc, argv);  // 初始化 ROS2 節點
      |   [01;31m[K^~~~~[m[K
      |   [32m[Krclcpp[m[K
[01m[K/home/darkdemon/work/motor_control/src/tb4_arm_ros2/small_arm_moveit_cpp/src/eye_hand_pose.cpp:106:14:[m[K [01;35m[Kwarning: [m[Kunused parameter ‘[01m[Kargc[m[K’ [[01;35m[K]8;;https://gcc.gnu.org/onlinedocs/gcc/Warning-Options.html#index-Wunused-parameter-Wunused-parameter]8;;[m[K]
  106 | int main([01;35m[Kint argc[m[K, char * argv[]) {
      |          [01;35m[K~~~~^~~~[m[K
[01m[K/home/darkdemon/work/motor_control/src/tb4_arm_ros2/small_arm_moveit_cpp/src/eye_hand_pose.cpp:106:27:[m[K [01;35m[Kwarning: [m[Kunused parameter ‘[01m[Kargv[m[K’ [[01;35m[K]8;;https://gcc.gnu.org/onlinedocs/gcc/Warning-Options.html#index-Wunused-parameter-Wunused-parameter]8;;[m[K]
  106 | int main(int argc, [01;35m[Kchar * argv[][m[K) {
      |                    [01;35m[K~~~~~~~^~~~~~[m[K
gmake[2]: *** [CMakeFiles/ee_pose_in_base.dir/build.make:76: CMakeFiles/ee_pose_in_base.dir/src/ee_pose_in_base.cpp.o] Error 1
gmake[1]: *** [CMakeFiles/Makefile2:363: CMakeFiles/ee_pose_in_base.dir/all] Error 2
gmake[1]: *** Waiting for unfinished jobs....
gmake[2]: *** [CMakeFiles/eye_hand_pose.dir/build.make:76: CMakeFiles/eye_hand_pose.dir/src/eye_hand_pose.cpp.o] Error 1
gmake[1]: *** [CMakeFiles/Makefile2:389: CMakeFiles/eye_hand_pose.dir/all] Error 2
gmake: *** [Makefile:146: all] Error 2
