[0.211s] Invoking command in '/home/darkdemon/work/motor_control/build/small_arm_moveit_cpp': CMAKE_PREFIX_PATH=${CMAKE_PREFIX_PATH}:/home/darkdemon/work/motor_control/install/python_moveit2:/opt/ros/humble /usr/bin/cmake --build /home/darkdemon/work/motor_control/build/small_arm_moveit_cpp -- -j20 -l20
[0.258s] [35m[1mConsolidate compiler generated dependencies of target eye_hand_pose[0m
[0.259s] [35m[1mConsolidate compiler generated dependencies of target ee_pose_in_base[0m
[0.280s] [ 20%] Built target joint_goal
[0.281s] [ 20%] Built target gripper_open
[0.281s] [ 30%] Built target cartesian_path
[0.281s] [ 40%] Built target pliz_move
[0.281s] [ 50%] Built target tool_move
[0.281s] [ 60%] Built target pose_goal
[0.281s] [ 70%] Built target gripper_joint_value
[0.282s] [ 80%] [32mBuilding CXX object CMakeFiles/ee_pose_in_base.dir/src/ee_pose_in_base.cpp.o[0m
[0.283s] [ 85%] Built target named_goal
[0.286s] [ 90%] [32mBuilding CXX object CMakeFiles/eye_hand_pose.dir/src/eye_hand_pose.cpp.o[0m
[2.373s] [01m[K/home/darkdemon/work/motor_control/src/tb4_arm_ros2/small_arm_moveit_cpp/src/ee_pose_in_base.cpp:[m[K In member function ‘[01m[Kvoid CameraToBasePrinter::callback(std_msgs::msg::Float32MultiArray_<std::allocator<void> >::SharedPtr)[m[K’:
[2.373s] [01m[K/home/darkdemon/work/motor_control/src/tb4_arm_ros2/small_arm_moveit_cpp/src/ee_pose_in_base.cpp:47:12:[m[K [01;31m[Kerror: [m[Kexpected unqualified-id before ‘[01m[K-[m[K’ token
[2.373s]    47 |       msg->[01;31m[K-[m[Kdata[1],
[2.373s]       |            [01;31m[K^[m[K
[2.373s] [01m[K/home/darkdemon/work/motor_control/src/tb4_arm_ros2/small_arm_moveit_cpp/src/ee_pose_in_base.cpp:47:13:[m[K [01;31m[Kerror: [m[K‘[01m[Kdata[m[K’ was not declared in this scope; did you mean ‘[01m[Kstd::data[m[K’?
[2.373s]    47 |       msg->-[01;31m[Kdata[m[K[1],
[2.374s]       |             [01;31m[K^~~~[m[K
[2.374s]       |             [32m[Kstd::data[m[K
[2.374s] In file included from [01m[K/usr/include/c++/11/array:41[m[K,
[2.374s]                  from [01m[K/usr/include/c++/11/tuple:39[m[K,
[2.374s]                  from [01m[K/usr/include/c++/11/bits/unique_ptr.h:37[m[K,
[2.374s]                  from [01m[K/usr/include/c++/11/memory:76[m[K,
[2.374s]                  from [01m[K/home/darkdemon/work/motor_control/src/tb4_arm_ros2/small_arm_moveit_cpp/src/ee_pose_in_base.cpp:1[m[K:
[2.374s] [01m[K/usr/include/c++/11/bits/range_access.h:319:5:[m[K [01;36m[Knote: [m[K‘[01m[Kstd::data[m[K’ declared here
[2.374s]   319 |     [01;36m[Kdata[m[K(initializer_list<_Tp> __il) noexcept
[2.374s]       |     [01;36m[K^~~~[m[K
[3.770s] [01m[K/home/darkdemon/work/motor_control/src/tb4_arm_ros2/small_arm_moveit_cpp/src/eye_hand_pose.cpp:[m[K In function ‘[01m[Kint main(int, char**)[m[K’:
[3.771s] [01m[K/home/darkdemon/work/motor_control/src/tb4_arm_ros2/small_arm_moveit_cpp/src/eye_hand_pose.cpp:107:3:[m[K [01;31m[Kerror: [m[K‘[01m[Krclcp[m[K’ was not declared in this scope; did you mean ‘[01m[Krclcpp[m[K’?
[3.771s]   107 |   [01;31m[Krclcp[m[K p::init(argc, argv);  // 初始化 ROS2 節點
[3.771s]       |   [01;31m[K^~~~~[m[K
[3.771s]       |   [32m[Krclcpp[m[K
[3.771s] [01m[K/home/darkdemon/work/motor_control/src/tb4_arm_ros2/small_arm_moveit_cpp/src/eye_hand_pose.cpp:106:14:[m[K [01;35m[Kwarning: [m[Kunused parameter ‘[01m[Kargc[m[K’ [[01;35m[K]8;;https://gcc.gnu.org/onlinedocs/gcc/Warning-Options.html#index-Wunused-parameter-Wunused-parameter]8;;[m[K]
[3.771s]   106 | int main([01;35m[Kint argc[m[K, char * argv[]) {
[3.771s]       |          [01;35m[K~~~~^~~~[m[K
[3.771s] [01m[K/home/darkdemon/work/motor_control/src/tb4_arm_ros2/small_arm_moveit_cpp/src/eye_hand_pose.cpp:106:27:[m[K [01;35m[Kwarning: [m[Kunused parameter ‘[01m[Kargv[m[K’ [[01;35m[K]8;;https://gcc.gnu.org/onlinedocs/gcc/Warning-Options.html#index-Wunused-parameter-Wunused-parameter]8;;[m[K]
[3.771s]   106 | int main(int argc, [01;35m[Kchar * argv[][m[K) {
[3.772s]       |                    [01;35m[K~~~~~~~^~~~~~[m[K
[4.137s] gmake[2]: *** [CMakeFiles/ee_pose_in_base.dir/build.make:76: CMakeFiles/ee_pose_in_base.dir/src/ee_pose_in_base.cpp.o] Error 1
[4.137s] gmake[1]: *** [CMakeFiles/Makefile2:363: CMakeFiles/ee_pose_in_base.dir/all] Error 2
[4.137s] gmake[1]: *** Waiting for unfinished jobs....
[5.659s] gmake[2]: *** [CMakeFiles/eye_hand_pose.dir/build.make:76: CMakeFiles/eye_hand_pose.dir/src/eye_hand_pose.cpp.o] Error 1
[5.659s] gmake[1]: *** [CMakeFiles/Makefile2:389: CMakeFiles/eye_hand_pose.dir/all] Error 2
[5.659s] gmake: *** [Makefile:146: all] Error 2
[5.661s] Invoked command in '/home/darkdemon/work/motor_control/build/small_arm_moveit_cpp' returned '2': CMAKE_PREFIX_PATH=${CMAKE_PREFIX_PATH}:/home/darkdemon/work/motor_control/install/python_moveit2:/opt/ros/humble /usr/bin/cmake --build /home/darkdemon/work/motor_control/build/small_arm_moveit_cpp -- -j20 -l20
