[0.008s] Invoking command in '/home/darkdemon/work/motor_control/build/dynamixel_hardware': AMENT_PREFIX_PATH=/home/darkdemon/work/motor_control/install/dynamixel_workbench_toolbox:${AMENT_PREFIX_PATH} CMAKE_PREFIX_PATH=/home/darkdemon/work/motor_control/install/dynamixel_workbench_toolbox:/home/darkdemon/work/motor_control/install/python_moveit_interface:/opt/ros/humble LD_LIBRARY_PATH=/home/darkdemon/work/motor_control/install/dynamixel_workbench_toolbox/lib:${LD_LIBRARY_PATH} /usr/bin/cmake /home/darkdemon/work/motor_control/src/tb4_arm_ros2/dynamixel_hardware -DCMAKE_INSTALL_PREFIX=/home/darkdemon/work/motor_control/install/dynamixel_hardware
[0.049s] -- The C compiler identification is GNU 11.4.0
[0.092s] -- The CXX compiler identification is GNU 11.4.0
[0.096s] -- Detecting C compiler ABI info
[0.184s] -- Detecting C compiler ABI info - done
[0.193s] -- Check for working C compiler: /usr/bin/cc - skipped
[0.193s] -- Detecting C compile features
[0.194s] -- Detecting C compile features - done
[0.196s] -- Detecting CXX compiler ABI info
[0.257s] -- Detecting CXX compiler ABI info - done
[0.263s] -- Check for working CXX compiler: /usr/bin/c++ - skipped
[0.263s] -- Detecting CXX compile features
[0.264s] -- Detecting CXX compile features - done
[0.266s] -- Found ament_cmake: 1.3.11 (/opt/ros/humble/share/ament_cmake/cmake)
[0.411s] -- Found Python3: /usr/bin/python3 (found version "3.10.12") found components: Interpreter 
[0.480s] -- Found rclcpp: 16.0.12 (/opt/ros/humble/share/rclcpp/cmake)
[0.516s] -- Found rosidl_generator_c: 3.1.6 (/opt/ros/humble/share/rosidl_generator_c/cmake)
[0.523s] -- Found rosidl_adapter: 3.1.6 (/opt/ros/humble/share/rosidl_adapter/cmake)
[0.531s] -- Found rosidl_generator_cpp: 3.1.6 (/opt/ros/humble/share/rosidl_generator_cpp/cmake)
[0.541s] -- Using all available rosidl_typesupport_c: rosidl_typesupport_fastrtps_c;rosidl_typesupport_introspection_c
[0.553s] -- Using all available rosidl_typesupport_cpp: rosidl_typesupport_fastrtps_cpp;rosidl_typesupport_introspection_cpp
[0.588s] -- Found rmw_implementation_cmake: 6.1.2 (/opt/ros/humble/share/rmw_implementation_cmake/cmake)
[0.591s] -- Found rmw_cyclonedds_cpp: 1.3.4 (/opt/ros/humble/share/rmw_cyclonedds_cpp/cmake)
[0.607s] -- Using RMW implementation 'rmw_cyclonedds_cpp' as default
[0.618s] -- Looking for pthread.h
[0.692s] -- Looking for pthread.h - found
[0.692s] -- Performing Test CMAKE_HAVE_LIBC_PTHREAD
[0.765s] -- Performing Test CMAKE_HAVE_LIBC_PTHREAD - Success
[0.766s] -- Found Threads: TRUE  
[0.817s] -- Found rclcpp_lifecycle: 16.0.12 (/opt/ros/humble/share/rclcpp_lifecycle/cmake)
[0.832s] -- Found hardware_interface: 2.49.0 (/opt/ros/humble/share/hardware_interface/cmake)
[0.972s] -- Found dynamixel_workbench_toolbox: 2.2.3 (/home/darkdemon/work/motor_control/install/dynamixel_workbench_toolbox/share/dynamixel_workbench_toolbox/cmake)
[0.988s] -- Found ament_lint_auto: 0.12.12 (/opt/ros/humble/share/ament_lint_auto/cmake)
[1.073s] -- Added test 'copyright' to check source files copyright and LICENSE
[1.073s] -- Added test 'cppcheck' to perform static code analysis on C / C++ code
[1.073s] -- Configured cppcheck include dirs: /home/darkdemon/work/motor_control/src/tb4_arm_ros2/dynamixel_hardware/include
[1.073s] -- Configured cppcheck exclude dirs and/or files: 
[1.074s] -- Added test 'cpplint' to check C / C++ code against the Google style
[1.074s] -- Configured cpplint exclude dirs and/or files: 
[1.075s] -- Added test 'lint_cmake' to check CMake code style
[1.076s] -- Added test 'uncrustify' to check C / C++ code style
[1.076s] -- Configured uncrustify additional arguments: 
[1.076s] -- Added test 'xmllint' to check XML markup files
[1.078s] -- Configuring done
[1.107s] -- Generating done
[1.113s] -- Build files have been written to: /home/darkdemon/work/motor_control/build/dynamixel_hardware
[1.124s] Invoked command in '/home/darkdemon/work/motor_control/build/dynamixel_hardware' returned '0': AMENT_PREFIX_PATH=/home/darkdemon/work/motor_control/install/dynamixel_workbench_toolbox:${AMENT_PREFIX_PATH} CMAKE_PREFIX_PATH=/home/darkdemon/work/motor_control/install/dynamixel_workbench_toolbox:/home/darkdemon/work/motor_control/install/python_moveit_interface:/opt/ros/humble LD_LIBRARY_PATH=/home/darkdemon/work/motor_control/install/dynamixel_workbench_toolbox/lib:${LD_LIBRARY_PATH} /usr/bin/cmake /home/darkdemon/work/motor_control/src/tb4_arm_ros2/dynamixel_hardware -DCMAKE_INSTALL_PREFIX=/home/darkdemon/work/motor_control/install/dynamixel_hardware
[1.126s] Invoking command in '/home/darkdemon/work/motor_control/build/dynamixel_hardware': AMENT_PREFIX_PATH=/home/darkdemon/work/motor_control/install/dynamixel_workbench_toolbox:${AMENT_PREFIX_PATH} CMAKE_PREFIX_PATH=/home/darkdemon/work/motor_control/install/dynamixel_workbench_toolbox:/home/darkdemon/work/motor_control/install/python_moveit_interface:/opt/ros/humble LD_LIBRARY_PATH=/home/darkdemon/work/motor_control/install/dynamixel_workbench_toolbox/lib:${LD_LIBRARY_PATH} /usr/bin/cmake --build /home/darkdemon/work/motor_control/build/dynamixel_hardware -- -j20 -l20
[1.176s] [ 50%] [32mBuilding CXX object CMakeFiles/dynamixel_hardware.dir/src/dynamixel_hardware.cpp.o[0m
[5.251s] [100%] [32m[1mLinking CXX shared library libdynamixel_hardware.so[0m
[5.539s] [100%] Built target dynamixel_hardware
[5.572s] Invoked command in '/home/darkdemon/work/motor_control/build/dynamixel_hardware' returned '0': AMENT_PREFIX_PATH=/home/darkdemon/work/motor_control/install/dynamixel_workbench_toolbox:${AMENT_PREFIX_PATH} CMAKE_PREFIX_PATH=/home/darkdemon/work/motor_control/install/dynamixel_workbench_toolbox:/home/darkdemon/work/motor_control/install/python_moveit_interface:/opt/ros/humble LD_LIBRARY_PATH=/home/darkdemon/work/motor_control/install/dynamixel_workbench_toolbox/lib:${LD_LIBRARY_PATH} /usr/bin/cmake --build /home/darkdemon/work/motor_control/build/dynamixel_hardware -- -j20 -l20
[5.573s] Invoking command in '/home/darkdemon/work/motor_control/build/dynamixel_hardware': AMENT_PREFIX_PATH=/home/darkdemon/work/motor_control/install/dynamixel_workbench_toolbox:${AMENT_PREFIX_PATH} CMAKE_PREFIX_PATH=/home/darkdemon/work/motor_control/install/dynamixel_workbench_toolbox:/home/darkdemon/work/motor_control/install/python_moveit_interface:/opt/ros/humble LD_LIBRARY_PATH=/home/darkdemon/work/motor_control/install/dynamixel_workbench_toolbox/lib:${LD_LIBRARY_PATH} /usr/bin/cmake --install /home/darkdemon/work/motor_control/build/dynamixel_hardware
[5.591s] -- Install configuration: ""
[5.592s] -- Installing: /home/darkdemon/work/motor_control/install/dynamixel_hardware/share/dynamixel_hardware/dynamixel_hardware.xml
[5.592s] -- Installing: /home/darkdemon/work/motor_control/install/dynamixel_hardware/lib/libdynamixel_hardware.so
[5.593s] -- Set runtime path of "/home/darkdemon/work/motor_control/install/dynamixel_hardware/lib/libdynamixel_hardware.so" to ""
[5.593s] -- Installing: /home/darkdemon/work/motor_control/install/dynamixel_hardware/include
[5.593s] -- Installing: /home/darkdemon/work/motor_control/install/dynamixel_hardware/include/dynamixel_hardware
[5.593s] -- Installing: /home/darkdemon/work/motor_control/install/dynamixel_hardware/include/dynamixel_hardware/dynamixel_hardware.hpp
[5.593s] -- Installing: /home/darkdemon/work/motor_control/install/dynamixel_hardware/include/dynamixel_hardware/visiblity_control.h
[5.593s] -- Installing: /home/darkdemon/work/motor_control/install/dynamixel_hardware/share/dynamixel_hardware/environment/library_path.sh
[5.593s] -- Installing: /home/darkdemon/work/motor_control/install/dynamixel_hardware/share/dynamixel_hardware/environment/library_path.dsv
[5.597s] -- Installing: /home/darkdemon/work/motor_control/install/dynamixel_hardware/share/ament_index/resource_index/package_run_dependencies/dynamixel_hardware
[5.597s] -- Installing: /home/darkdemon/work/motor_control/install/dynamixel_hardware/share/ament_index/resource_index/parent_prefix_path/dynamixel_hardware
[5.597s] -- Installing: /home/darkdemon/work/motor_control/install/dynamixel_hardware/share/dynamixel_hardware/environment/ament_prefix_path.sh
[5.597s] -- Installing: /home/darkdemon/work/motor_control/install/dynamixel_hardware/share/dynamixel_hardware/environment/ament_prefix_path.dsv
[5.598s] -- Installing: /home/darkdemon/work/motor_control/install/dynamixel_hardware/share/dynamixel_hardware/environment/path.sh
[5.598s] -- Installing: /home/darkdemon/work/motor_control/install/dynamixel_hardware/share/dynamixel_hardware/environment/path.dsv
[5.598s] -- Installing: /home/darkdemon/work/motor_control/install/dynamixel_hardware/share/dynamixel_hardware/local_setup.bash
[5.598s] -- Installing: /home/darkdemon/work/motor_control/install/dynamixel_hardware/share/dynamixel_hardware/local_setup.sh
[5.598s] -- Installing: /home/darkdemon/work/motor_control/install/dynamixel_hardware/share/dynamixel_hardware/local_setup.zsh
[5.598s] -- Installing: /home/darkdemon/work/motor_control/install/dynamixel_hardware/share/dynamixel_hardware/local_setup.dsv
[5.598s] -- Installing: /home/darkdemon/work/motor_control/install/dynamixel_hardware/share/dynamixel_hardware/package.dsv
[5.598s] -- Installing: /home/darkdemon/work/motor_control/install/dynamixel_hardware/share/ament_index/resource_index/packages/dynamixel_hardware
[5.598s] -- Installing: /home/darkdemon/work/motor_control/install/dynamixel_hardware/share/ament_index/resource_index/hardware_interface__pluginlib__plugin/dynamixel_hardware
[5.598s] -- Installing: /home/darkdemon/work/motor_control/install/dynamixel_hardware/share/dynamixel_hardware/cmake/ament_cmake_export_include_directories-extras.cmake
[5.598s] -- Installing: /home/darkdemon/work/motor_control/install/dynamixel_hardware/share/dynamixel_hardware/cmake/ament_cmake_export_libraries-extras.cmake
[5.598s] -- Installing: /home/darkdemon/work/motor_control/install/dynamixel_hardware/share/dynamixel_hardware/cmake/ament_cmake_export_dependencies-extras.cmake
[5.598s] -- Installing: /home/darkdemon/work/motor_control/install/dynamixel_hardware/share/dynamixel_hardware/cmake/dynamixel_hardwareConfig.cmake
[5.598s] -- Installing: /home/darkdemon/work/motor_control/install/dynamixel_hardware/share/dynamixel_hardware/cmake/dynamixel_hardwareConfig-version.cmake
[5.598s] -- Installing: /home/darkdemon/work/motor_control/install/dynamixel_hardware/share/dynamixel_hardware/package.xml
[5.606s] Invoked command in '/home/darkdemon/work/motor_control/build/dynamixel_hardware' returned '0': AMENT_PREFIX_PATH=/home/darkdemon/work/motor_control/install/dynamixel_workbench_toolbox:${AMENT_PREFIX_PATH} CMAKE_PREFIX_PATH=/home/darkdemon/work/motor_control/install/dynamixel_workbench_toolbox:/home/darkdemon/work/motor_control/install/python_moveit_interface:/opt/ros/humble LD_LIBRARY_PATH=/home/darkdemon/work/motor_control/install/dynamixel_workbench_toolbox/lib:${LD_LIBRARY_PATH} /usr/bin/cmake --install /home/darkdemon/work/motor_control/build/dynamixel_hardware
