[1.111s] Invoking command in '/home/darkdemon/work/motor_control/src/realsense': PYTHONPATH=/home/darkdemon/work/motor_control/build/realsense/prefix_override:/usr/lib/python3/dist-packages/colcon_core/task/python/colcon_distutils_commands:/home/darkdemon/work/motor_control/install/realsense/lib/python3.10/site-packages:${PYTHONPATH} /usr/bin/python3 -W ignore:setup.py install is deprecated -W ignore:easy_install command is deprecated setup.py egg_info --egg-base ../../build/realsense build --build-base /home/darkdemon/work/motor_control/build/realsense/build install --record /home/darkdemon/work/motor_control/build/realsense/install.log --single-version-externally-managed install_data
[1.257s] running egg_info
[1.257s] writing ../../build/realsense/realsense.egg-info/PKG-INFO
[1.257s] writing dependency_links to ../../build/realsense/realsense.egg-info/dependency_links.txt
[1.257s] writing entry points to ../../build/realsense/realsense.egg-info/entry_points.txt
[1.257s] writing requirements to ../../build/realsense/realsense.egg-info/requires.txt
[1.257s] writing top-level names to ../../build/realsense/realsense.egg-info/top_level.txt
[1.259s] reading manifest file '../../build/realsense/realsense.egg-info/SOURCES.txt'
[1.259s] writing manifest file '../../build/realsense/realsense.egg-info/SOURCES.txt'
[1.259s] running build
[1.259s] running build_py
[1.259s] copying realsense/realsense_read.py -> /home/darkdemon/work/motor_control/build/realsense/build/lib/realsense
[1.259s] running install
[1.259s] running install_lib
[1.260s] copying /home/darkdemon/work/motor_control/build/realsense/build/lib/realsense/realsense_read.py -> /home/darkdemon/work/motor_control/install/realsense/lib/python3.10/site-packages/realsense
[1.260s] byte-compiling /home/darkdemon/work/motor_control/install/realsense/lib/python3.10/site-packages/realsense/realsense_read.py to realsense_read.cpython-310.pyc
[1.261s] running install_data
[1.261s] running install_egg_info
[1.263s] removing '/home/darkdemon/work/motor_control/install/realsense/lib/python3.10/site-packages/realsense-0.0.1-py3.10.egg-info' (and everything under it)
[1.263s] Copying ../../build/realsense/realsense.egg-info to /home/darkdemon/work/motor_control/install/realsense/lib/python3.10/site-packages/realsense-0.0.1-py3.10.egg-info
[1.263s] running install_scripts
[1.277s] Installing box_edge_detect script to /home/darkdemon/work/motor_control/install/realsense/lib/realsense
[1.277s] Installing color_detect script to /home/darkdemon/work/motor_control/install/realsense/lib/realsense
[1.277s] Installing color_range script to /home/darkdemon/work/motor_control/install/realsense/lib/realsense
[1.277s] Installing depth_calculate script to /home/darkdemon/work/motor_control/install/realsense/lib/realsense
[1.277s] Installing paddleorc script to /home/darkdemon/work/motor_control/install/realsense/lib/realsense
[1.277s] Installing realsense_read script to /home/darkdemon/work/motor_control/install/realsense/lib/realsense
[1.277s] Installing visiual script to /home/darkdemon/work/motor_control/install/realsense/lib/realsense
[1.277s] Installing yolo_number_detect script to /home/darkdemon/work/motor_control/install/realsense/lib/realsense
[1.277s] writing list of installed files to '/home/darkdemon/work/motor_control/build/realsense/install.log'
[1.295s] Invoked command in '/home/darkdemon/work/motor_control/src/realsense' returned '0': PYTHONPATH=/home/darkdemon/work/motor_control/build/realsense/prefix_override:/usr/lib/python3/dist-packages/colcon_core/task/python/colcon_distutils_commands:/home/darkdemon/work/motor_control/install/realsense/lib/python3.10/site-packages:${PYTHONPATH} /usr/bin/python3 -W ignore:setup.py install is deprecated -W ignore:easy_install command is deprecated setup.py egg_info --egg-base ../../build/realsense build --build-base /home/darkdemon/work/motor_control/build/realsense/build install --record /home/darkdemon/work/motor_control/build/realsense/install.log --single-version-externally-managed install_data
