[0.010s] Invoking command in '/home/darkdemon/work/motor_control/build/small_arm_moveit_config': AMENT_PREFIX_PATH=/home/darkdemon/work/motor_control/install/small_arm_description:/home/darkdemon/work/motor_control/install/dynamixel_hardware:/home/darkdemon/work/motor_control/install/dynamixel_workbench_toolbox:${AMENT_PREFIX_PATH} CMAKE_PREFIX_PATH=/home/darkdemon/work/motor_control/install/small_arm_description:/home/darkdemon/work/motor_control/install/dynamixel_hardware:/home/darkdemon/work/motor_control/install/dynamixel_workbench_toolbox:/opt/ros/humble LD_LIBRARY_PATH=/home/darkdemon/work/motor_control/install/dynamixel_hardware/lib:/home/darkdemon/work/motor_control/install/dynamixel_workbench_toolbox/lib:${LD_LIBRARY_PATH} /usr/bin/cmake /home/darkdemon/work/motor_control/src/tb4_arm_ros2/small_arm_moveit_config -DCMAKE_EXPORT_COMPILE_COMMANDS=ON -DAMENT_CMAKE_SYMLINK_INSTALL=1 -DCMAKE_INSTALL_PREFIX=/home/darkdemon/work/motor_control/install/small_arm_moveit_config
[0.058s] -- The C compiler identification is GNU 11.4.0
[0.105s] -- The CXX compiler identification is GNU 11.4.0
[0.112s] -- Detecting C compiler ABI info
[0.179s] -- Detecting C compiler ABI info - done
[0.187s] -- Check for working C compiler: /usr/bin/cc - skipped
[0.187s] -- Detecting C compile features
[0.187s] -- Detecting C compile features - done
[0.191s] -- Detecting CXX compiler ABI info
[0.262s] -- Detecting CXX compiler ABI info - done
[0.270s] -- Check for working CXX compiler: /usr/bin/c++ - skipped
[0.270s] -- Detecting CXX compile features
[0.270s] -- Detecting CXX compile features - done
[0.274s] -- Found ament_cmake: 1.3.11 (/opt/ros/humble/share/ament_cmake/cmake)
[0.405s] -- Found Python3: /usr/bin/python3 (found version "3.10.12") found components: Interpreter 
[0.460s] -- Override CMake install command with custom implementation using symlinks instead of copying resources
[0.540s] -- Configuring done
[0.542s] -- Generating done
[0.543s] [33mCMake Warning:
[0.543s]   Manually-specified variables were not used by the project:
[0.543s] 
[0.543s]     CMAKE_EXPORT_COMPILE_COMMANDS
[0.543s] 
[0.543s] [0m
[0.543s] -- Build files have been written to: /home/darkdemon/work/motor_control/build/small_arm_moveit_config
[0.547s] Invoked command in '/home/darkdemon/work/motor_control/build/small_arm_moveit_config' returned '0': AMENT_PREFIX_PATH=/home/darkdemon/work/motor_control/install/small_arm_description:/home/darkdemon/work/motor_control/install/dynamixel_hardware:/home/darkdemon/work/motor_control/install/dynamixel_workbench_toolbox:${AMENT_PREFIX_PATH} CMAKE_PREFIX_PATH=/home/darkdemon/work/motor_control/install/small_arm_description:/home/darkdemon/work/motor_control/install/dynamixel_hardware:/home/darkdemon/work/motor_control/install/dynamixel_workbench_toolbox:/opt/ros/humble LD_LIBRARY_PATH=/home/darkdemon/work/motor_control/install/dynamixel_hardware/lib:/home/darkdemon/work/motor_control/install/dynamixel_workbench_toolbox/lib:${LD_LIBRARY_PATH} /usr/bin/cmake /home/darkdemon/work/motor_control/src/tb4_arm_ros2/small_arm_moveit_config -DCMAKE_EXPORT_COMPILE_COMMANDS=ON -DAMENT_CMAKE_SYMLINK_INSTALL=1 -DCMAKE_INSTALL_PREFIX=/home/darkdemon/work/motor_control/install/small_arm_moveit_config
[0.549s] Invoking command in '/home/darkdemon/work/motor_control/build/small_arm_moveit_config': AMENT_PREFIX_PATH=/home/darkdemon/work/motor_control/install/small_arm_description:/home/darkdemon/work/motor_control/install/dynamixel_hardware:/home/darkdemon/work/motor_control/install/dynamixel_workbench_toolbox:${AMENT_PREFIX_PATH} CMAKE_PREFIX_PATH=/home/darkdemon/work/motor_control/install/small_arm_description:/home/darkdemon/work/motor_control/install/dynamixel_hardware:/home/darkdemon/work/motor_control/install/dynamixel_workbench_toolbox:/opt/ros/humble LD_LIBRARY_PATH=/home/darkdemon/work/motor_control/install/dynamixel_hardware/lib:/home/darkdemon/work/motor_control/install/dynamixel_workbench_toolbox/lib:${LD_LIBRARY_PATH} /usr/bin/cmake --build /home/darkdemon/work/motor_control/build/small_arm_moveit_config -- -j20 -l20
[0.579s] Invoked command in '/home/darkdemon/work/motor_control/build/small_arm_moveit_config' returned '0': AMENT_PREFIX_PATH=/home/darkdemon/work/motor_control/install/small_arm_description:/home/darkdemon/work/motor_control/install/dynamixel_hardware:/home/darkdemon/work/motor_control/install/dynamixel_workbench_toolbox:${AMENT_PREFIX_PATH} CMAKE_PREFIX_PATH=/home/darkdemon/work/motor_control/install/small_arm_description:/home/darkdemon/work/motor_control/install/dynamixel_hardware:/home/darkdemon/work/motor_control/install/dynamixel_workbench_toolbox:/opt/ros/humble LD_LIBRARY_PATH=/home/darkdemon/work/motor_control/install/dynamixel_hardware/lib:/home/darkdemon/work/motor_control/install/dynamixel_workbench_toolbox/lib:${LD_LIBRARY_PATH} /usr/bin/cmake --build /home/darkdemon/work/motor_control/build/small_arm_moveit_config -- -j20 -l20
[0.581s] Invoking command in '/home/darkdemon/work/motor_control/build/small_arm_moveit_config': AMENT_PREFIX_PATH=/home/darkdemon/work/motor_control/install/small_arm_description:/home/darkdemon/work/motor_control/install/dynamixel_hardware:/home/darkdemon/work/motor_control/install/dynamixel_workbench_toolbox:${AMENT_PREFIX_PATH} CMAKE_PREFIX_PATH=/home/darkdemon/work/motor_control/install/small_arm_description:/home/darkdemon/work/motor_control/install/dynamixel_hardware:/home/darkdemon/work/motor_control/install/dynamixel_workbench_toolbox:/opt/ros/humble LD_LIBRARY_PATH=/home/darkdemon/work/motor_control/install/dynamixel_hardware/lib:/home/darkdemon/work/motor_control/install/dynamixel_workbench_toolbox/lib:${LD_LIBRARY_PATH} /usr/bin/cmake --install /home/darkdemon/work/motor_control/build/small_arm_moveit_config
[0.588s] -- Install configuration: ""
[0.588s] -- Execute custom install script
[0.589s] -- Symlinking: /home/darkdemon/work/motor_control/install/small_arm_moveit_config/share/ament_index/resource_index/package_run_dependencies/small_arm_moveit_config
[0.598s] -- Symlinking: /home/darkdemon/work/motor_control/install/small_arm_moveit_config/share/ament_index/resource_index/parent_prefix_path/small_arm_moveit_config
[0.608s] -- Symlinking: /home/darkdemon/work/motor_control/install/small_arm_moveit_config/share/small_arm_moveit_config/environment/ament_prefix_path.sh
[0.615s] -- Symlinking: /home/darkdemon/work/motor_control/install/small_arm_moveit_config/share/small_arm_moveit_config/environment/ament_prefix_path.dsv
[0.622s] -- Symlinking: /home/darkdemon/work/motor_control/install/small_arm_moveit_config/share/small_arm_moveit_config/environment/path.sh
[0.631s] -- Symlinking: /home/darkdemon/work/motor_control/install/small_arm_moveit_config/share/small_arm_moveit_config/environment/path.dsv
[0.640s] -- Symlinking: /home/darkdemon/work/motor_control/install/small_arm_moveit_config/share/small_arm_moveit_config/local_setup.bash
[0.650s] -- Symlinking: /home/darkdemon/work/motor_control/install/small_arm_moveit_config/share/small_arm_moveit_config/local_setup.sh
[0.657s] -- Symlinking: /home/darkdemon/work/motor_control/install/small_arm_moveit_config/share/small_arm_moveit_config/local_setup.zsh
[0.664s] -- Symlinking: /home/darkdemon/work/motor_control/install/small_arm_moveit_config/share/small_arm_moveit_config/local_setup.dsv
[0.672s] -- Symlinking: /home/darkdemon/work/motor_control/install/small_arm_moveit_config/share/small_arm_moveit_config/package.dsv
[0.679s] -- Symlinking: /home/darkdemon/work/motor_control/install/small_arm_moveit_config/share/ament_index/resource_index/packages/small_arm_moveit_config
[0.686s] -- Symlinking: /home/darkdemon/work/motor_control/install/small_arm_moveit_config/share/small_arm_moveit_config/cmake/small_arm_moveit_configConfig.cmake
[0.693s] -- Symlinking: /home/darkdemon/work/motor_control/install/small_arm_moveit_config/share/small_arm_moveit_config/cmake/small_arm_moveit_configConfig-version.cmake
[0.704s] -- Symlinking: /home/darkdemon/work/motor_control/install/small_arm_moveit_config/share/small_arm_moveit_config/package.xml
[0.715s] -- Symlinking: /home/darkdemon/work/motor_control/install/small_arm_moveit_config/share/small_arm_moveit_config/launch/demo.launch.py
[0.724s] -- Symlinking: /home/darkdemon/work/motor_control/install/small_arm_moveit_config/share/small_arm_moveit_config/launch/move_group.launch.py
[0.733s] -- Symlinking: /home/darkdemon/work/motor_control/install/small_arm_moveit_config/share/small_arm_moveit_config/launch/moveit_rviz.launch.py
[0.744s] -- Symlinking: /home/darkdemon/work/motor_control/install/small_arm_moveit_config/share/small_arm_moveit_config/launch/real_demo.launch.py
[0.754s] -- Symlinking: /home/darkdemon/work/motor_control/install/small_arm_moveit_config/share/small_arm_moveit_config/launch/rsp.launch.py
[0.762s] -- Symlinking: /home/darkdemon/work/motor_control/install/small_arm_moveit_config/share/small_arm_moveit_config/launch/setup_assistant.launch.py
[0.770s] -- Symlinking: /home/darkdemon/work/motor_control/install/small_arm_moveit_config/share/small_arm_moveit_config/launch/spawn_controllers.launch.py
[0.778s] -- Symlinking: /home/darkdemon/work/motor_control/install/small_arm_moveit_config/share/small_arm_moveit_config/launch/static_virtual_joint_tfs.launch.py
[0.786s] -- Symlinking: /home/darkdemon/work/motor_control/install/small_arm_moveit_config/share/small_arm_moveit_config/launch/warehouse_db.launch.py
[0.794s] -- Symlinking: /home/darkdemon/work/motor_control/install/small_arm_moveit_config/share/small_arm_moveit_config/config/initial_positions.yaml
[0.804s] -- Symlinking: /home/darkdemon/work/motor_control/install/small_arm_moveit_config/share/small_arm_moveit_config/config/joint_limits.yaml
[0.811s] -- Symlinking: /home/darkdemon/work/motor_control/install/small_arm_moveit_config/share/small_arm_moveit_config/config/kinematics.yaml
[0.819s] -- Symlinking: /home/darkdemon/work/motor_control/install/small_arm_moveit_config/share/small_arm_moveit_config/config/moveit.rviz
[0.827s] -- Symlinking: /home/darkdemon/work/motor_control/install/small_arm_moveit_config/share/small_arm_moveit_config/config/moveit_controllers.yaml
[0.837s] -- Symlinking: /home/darkdemon/work/motor_control/install/small_arm_moveit_config/share/small_arm_moveit_config/config/pilz_cartesian_limits.yaml
[0.848s] -- Symlinking: /home/darkdemon/work/motor_control/install/small_arm_moveit_config/share/small_arm_moveit_config/config/ros2_controllers.yaml
[0.858s] -- Symlinking: /home/darkdemon/work/motor_control/install/small_arm_moveit_config/share/small_arm_moveit_config/config/sensors_3d.yaml
[0.877s] -- Symlinking: /home/darkdemon/work/motor_control/install/small_arm_moveit_config/share/small_arm_moveit_config/config/small_arm.ros2_control.xacro
[0.887s] -- Symlinking: /home/darkdemon/work/motor_control/install/small_arm_moveit_config/share/small_arm_moveit_config/config/small_arm.srdf
[0.896s] -- Symlinking: /home/darkdemon/work/motor_control/install/small_arm_moveit_config/share/small_arm_moveit_config/config/small_arm.urdf.xacro
[0.906s] -- Symlinking: /home/darkdemon/work/motor_control/install/small_arm_moveit_config/share/small_arm_moveit_config/.setup_assistant
[0.914s] Invoked command in '/home/darkdemon/work/motor_control/build/small_arm_moveit_config' returned '0': AMENT_PREFIX_PATH=/home/darkdemon/work/motor_control/install/small_arm_description:/home/darkdemon/work/motor_control/install/dynamixel_hardware:/home/darkdemon/work/motor_control/install/dynamixel_workbench_toolbox:${AMENT_PREFIX_PATH} CMAKE_PREFIX_PATH=/home/darkdemon/work/motor_control/install/small_arm_description:/home/darkdemon/work/motor_control/install/dynamixel_hardware:/home/darkdemon/work/motor_control/install/dynamixel_workbench_toolbox:/opt/ros/humble LD_LIBRARY_PATH=/home/darkdemon/work/motor_control/install/dynamixel_hardware/lib:/home/darkdemon/work/motor_control/install/dynamixel_workbench_toolbox/lib:${LD_LIBRARY_PATH} /usr/bin/cmake --install /home/darkdemon/work/motor_control/build/small_arm_moveit_config
