[0.072s] Invoking command in '/home/darkdemon/work/motor_control/build/dynamixel_workbench_msgs': CMAKE_PREFIX_PATH=/home/darkdemon/work/motor_control/install/small_arm_moveit_cpp:/home/darkdemon/work/motor_control/install/small_arm_moveit_config:/home/darkdemon/work/motor_control/install/small_arm_description:/home/darkdemon/work/motor_control/install/realsense:/home/darkdemon/work/motor_control/install/python_moveit2:/opt/ros/humble:/home/darkdemon/work/motor_control/install/python_moveit_interface:/home/darkdemon/work/motor_control/install/dynamixel_workbench:/home/darkdemon/work/motor_control/install/dynamixel_hardware:/home/darkdemon/work/motor_control/install/dynamixel_workbench_toolbox:/home/darkdemon/work/motor_control/install/dynamixel_workbench_msgs /usr/bin/cmake --build /home/darkdemon/work/motor_control/build/dynamixel_workbench_msgs -- -j20 -l20
[1.096s] [  0%] Built target dynamixel_workbench_msgs__cpp
[1.096s] [  0%] Built target ament_cmake_python_copy_dynamixel_workbench_msgs
[1.096s] [ 13%] Built target dynamixel_workbench_msgs__rosidl_typesupport_introspection_cpp
[1.096s] running egg_info
[1.096s] writing dynamixel_workbench_msgs.egg-info/PKG-INFO
[1.096s] writing dependency_links to dynamixel_workbench_msgs.egg-info/dependency_links.txt
[1.100s] writing top-level names to dynamixel_workbench_msgs.egg-info/top_level.txt
[1.100s] reading manifest file 'dynamixel_workbench_msgs.egg-info/SOURCES.txt'
[1.100s] writing manifest file 'dynamixel_workbench_msgs.egg-info/SOURCES.txt'
[1.100s] [ 13%] Built target ament_cmake_python_build_dynamixel_workbench_msgs_egg
[1.100s] [ 25%] Built target dynamixel_workbench_msgs__rosidl_typesupport_fastrtps_cpp
[1.100s] [ 37%] Built target dynamixel_workbench_msgs__rosidl_typesupport_cpp
[1.100s] [ 49%] Built target dynamixel_workbench_msgs__rosidl_generator_c
[1.101s] [ 61%] Built target dynamixel_workbench_msgs__rosidl_typesupport_fastrtps_c
[1.101s] [ 73%] Built target dynamixel_workbench_msgs__rosidl_typesupport_c
[1.101s] [ 85%] Built target dynamixel_workbench_msgs__rosidl_typesupport_introspection_c
[1.159s] [ 85%] Built target dynamixel_workbench_msgs
[1.180s] [ 86%] Built target dynamixel_workbench_msgs__py
[1.238s] [ 97%] Built target dynamixel_workbench_msgs__rosidl_generator_py
[1.280s] [ 98%] Built target dynamixel_workbench_msgs__rosidl_typesupport_fastrtps_c__pyext
[1.327s] [ 99%] Built target dynamixel_workbench_msgs__rosidl_typesupport_c__pyext
[1.380s] [100%] Built target dynamixel_workbench_msgs__rosidl_typesupport_introspection_c__pyext
[1.427s] Invoked command in '/home/darkdemon/work/motor_control/build/dynamixel_workbench_msgs' returned '0': CMAKE_PREFIX_PATH=/home/darkdemon/work/motor_control/install/small_arm_moveit_cpp:/home/darkdemon/work/motor_control/install/small_arm_moveit_config:/home/darkdemon/work/motor_control/install/small_arm_description:/home/darkdemon/work/motor_control/install/realsense:/home/darkdemon/work/motor_control/install/python_moveit2:/opt/ros/humble:/home/darkdemon/work/motor_control/install/python_moveit_interface:/home/darkdemon/work/motor_control/install/dynamixel_workbench:/home/darkdemon/work/motor_control/install/dynamixel_hardware:/home/darkdemon/work/motor_control/install/dynamixel_workbench_toolbox:/home/darkdemon/work/motor_control/install/dynamixel_workbench_msgs /usr/bin/cmake --build /home/darkdemon/work/motor_control/build/dynamixel_workbench_msgs -- -j20 -l20
[1.431s] Invoking command in '/home/darkdemon/work/motor_control/build/dynamixel_workbench_msgs': CMAKE_PREFIX_PATH=/home/darkdemon/work/motor_control/install/small_arm_moveit_cpp:/home/darkdemon/work/motor_control/install/small_arm_moveit_config:/home/darkdemon/work/motor_control/install/small_arm_description:/home/darkdemon/work/motor_control/install/realsense:/home/darkdemon/work/motor_control/install/python_moveit2:/opt/ros/humble:/home/darkdemon/work/motor_control/install/python_moveit_interface:/home/darkdemon/work/motor_control/install/dynamixel_workbench:/home/darkdemon/work/motor_control/install/dynamixel_hardware:/home/darkdemon/work/motor_control/install/dynamixel_workbench_toolbox:/home/darkdemon/work/motor_control/install/dynamixel_workbench_msgs /usr/bin/cmake --install /home/darkdemon/work/motor_control/build/dynamixel_workbench_msgs
[1.450s] -- Install configuration: ""
[1.450s] -- Up-to-date: /home/darkdemon/work/motor_control/install/dynamixel_workbench_msgs/share/ament_index/resource_index/rosidl_interfaces/dynamixel_workbench_msgs
[1.450s] -- Up-to-date: /home/darkdemon/work/motor_control/install/dynamixel_workbench_msgs/include/dynamixel_workbench_msgs/dynamixel_workbench_msgs
[1.452s] -- Up-to-date: /home/darkdemon/work/motor_control/install/dynamixel_workbench_msgs/include/dynamixel_workbench_msgs/dynamixel_workbench_msgs/msg
[1.452s] -- Up-to-date: /home/darkdemon/work/motor_control/install/dynamixel_workbench_msgs/include/dynamixel_workbench_msgs/dynamixel_workbench_msgs/msg/detail
[1.452s] -- Up-to-date: /home/darkdemon/work/motor_control/install/dynamixel_workbench_msgs/include/dynamixel_workbench_msgs/dynamixel_workbench_msgs/msg/detail/xh__struct.h
[1.452s] -- Up-to-date: /home/darkdemon/work/motor_control/install/dynamixel_workbench_msgs/include/dynamixel_workbench_msgs/dynamixel_workbench_msgs/msg/detail/mx2_ext__struct.h
[1.452s] -- Up-to-date: /home/darkdemon/work/motor_control/install/dynamixel_workbench_msgs/include/dynamixel_workbench_msgs/dynamixel_workbench_msgs/msg/detail/xh__functions.h
[1.453s] -- Up-to-date: /home/darkdemon/work/motor_control/install/dynamixel_workbench_msgs/include/dynamixel_workbench_msgs/dynamixel_workbench_msgs/msg/detail/mx2__functions.c
[1.453s] -- Up-to-date: /home/darkdemon/work/motor_control/install/dynamixel_workbench_msgs/include/dynamixel_workbench_msgs/dynamixel_workbench_msgs/msg/detail/xl__functions.h
[1.453s] -- Up-to-date: /home/darkdemon/work/motor_control/install/dynamixel_workbench_msgs/include/dynamixel_workbench_msgs/dynamixel_workbench_msgs/msg/detail/dynamixel_state__functions.h
[1.453s] -- Up-to-date: /home/darkdemon/work/motor_control/install/dynamixel_workbench_msgs/include/dynamixel_workbench_msgs/dynamixel_workbench_msgs/msg/detail/mx2__struct.h
[1.453s] -- Up-to-date: /home/darkdemon/work/motor_control/install/dynamixel_workbench_msgs/include/dynamixel_workbench_msgs/dynamixel_workbench_msgs/msg/detail/xh__type_support.h
[1.453s] -- Up-to-date: /home/darkdemon/work/motor_control/install/dynamixel_workbench_msgs/include/dynamixel_workbench_msgs/dynamixel_workbench_msgs/msg/detail/xl320__type_support.h
[1.453s] -- Up-to-date: /home/darkdemon/work/motor_control/install/dynamixel_workbench_msgs/include/dynamixel_workbench_msgs/dynamixel_workbench_msgs/msg/detail/xl__type_support.h
[1.454s] -- Up-to-date: /home/darkdemon/work/motor_control/install/dynamixel_workbench_msgs/include/dynamixel_workbench_msgs/dynamixel_workbench_msgs/msg/detail/dynamixel_state_list__type_support.h
[1.454s] -- Up-to-date: /home/darkdemon/work/motor_control/install/dynamixel_workbench_msgs/include/dynamixel_workbench_msgs/dynamixel_workbench_msgs/msg/detail/pro_ext__type_support.h
[1.454s] -- Up-to-date: /home/darkdemon/work/motor_control/install/dynamixel_workbench_msgs/include/dynamixel_workbench_msgs/dynamixel_workbench_msgs/msg/detail/xm_ext__functions.c
[1.454s] -- Up-to-date: /home/darkdemon/work/motor_control/install/dynamixel_workbench_msgs/include/dynamixel_workbench_msgs/dynamixel_workbench_msgs/msg/detail/ax__functions.h
[1.454s] -- Up-to-date: /home/darkdemon/work/motor_control/install/dynamixel_workbench_msgs/include/dynamixel_workbench_msgs/dynamixel_workbench_msgs/msg/detail/xl320__struct.h
[1.454s] -- Up-to-date: /home/darkdemon/work/motor_control/install/dynamixel_workbench_msgs/include/dynamixel_workbench_msgs/dynamixel_workbench_msgs/msg/detail/mx__functions.c
[1.454s] -- Up-to-date: /home/darkdemon/work/motor_control/install/dynamixel_workbench_msgs/include/dynamixel_workbench_msgs/dynamixel_workbench_msgs/msg/detail/dynamixel_state_list__struct.h
[1.454s] -- Up-to-date: /home/darkdemon/work/motor_control/install/dynamixel_workbench_msgs/include/dynamixel_workbench_msgs/dynamixel_workbench_msgs/msg/detail/dynamixel_load_info__type_support.h
[1.454s] -- Up-to-date: /home/darkdemon/work/motor_control/install/dynamixel_workbench_msgs/include/dynamixel_workbench_msgs/dynamixel_workbench_msgs/msg/detail/rx__functions.h
[1.454s] -- Up-to-date: /home/darkdemon/work/motor_control/install/dynamixel_workbench_msgs/include/dynamixel_workbench_msgs/dynamixel_workbench_msgs/msg/detail/mx__functions.h
[1.454s] -- Up-to-date: /home/darkdemon/work/motor_control/install/dynamixel_workbench_msgs/include/dynamixel_workbench_msgs/dynamixel_workbench_msgs/msg/detail/pro_ext__functions.c
[1.455s] -- Up-to-date: /home/darkdemon/work/motor_control/install/dynamixel_workbench_msgs/include/dynamixel_workbench_msgs/dynamixel_workbench_msgs/msg/detail/xl__functions.c
[1.455s] -- Up-to-date: /home/darkdemon/work/motor_control/install/dynamixel_workbench_msgs/include/dynamixel_workbench_msgs/dynamixel_workbench_msgs/msg/detail/xl320__functions.h
[1.455s] -- Up-to-date: /home/darkdemon/work/motor_control/install/dynamixel_workbench_msgs/include/dynamixel_workbench_msgs/dynamixel_workbench_msgs/msg/detail/ax__type_support.h
[1.455s] -- Up-to-date: /home/darkdemon/work/motor_control/install/dynamixel_workbench_msgs/include/dynamixel_workbench_msgs/dynamixel_workbench_msgs/msg/detail/xm__functions.h
[1.455s] -- Up-to-date: /home/darkdemon/work/motor_control/install/dynamixel_workbench_msgs/include/dynamixel_workbench_msgs/dynamixel_workbench_msgs/msg/detail/ex__type_support.h
[1.455s] -- Up-to-date: /home/darkdemon/work/motor_control/install/dynamixel_workbench_msgs/include/dynamixel_workbench_msgs/dynamixel_workbench_msgs/msg/detail/dynamixel_state__type_support.h
[1.455s] -- Up-to-date: /home/darkdemon/work/motor_control/install/dynamixel_workbench_msgs/include/dynamixel_workbench_msgs/dynamixel_workbench_msgs/msg/detail/rx__struct.h
[1.455s] -- Up-to-date: /home/darkdemon/work/motor_control/install/dynamixel_workbench_msgs/include/dynamixel_workbench_msgs/dynamixel_workbench_msgs/msg/detail/mx_ext__struct.h
[1.455s] -- Up-to-date: /home/darkdemon/work/motor_control/install/dynamixel_workbench_msgs/include/dynamixel_workbench_msgs/dynamixel_workbench_msgs/msg/detail/xm_ext__struct.h
[1.455s] -- Up-to-date: /home/darkdemon/work/motor_control/install/dynamixel_workbench_msgs/include/dynamixel_workbench_msgs/dynamixel_workbench_msgs/msg/detail/ex__functions.c
[1.455s] -- Up-to-date: /home/darkdemon/work/motor_control/install/dynamixel_workbench_msgs/include/dynamixel_workbench_msgs/dynamixel_workbench_msgs/msg/detail/ex__functions.h
[1.456s] -- Up-to-date: /home/darkdemon/work/motor_control/install/dynamixel_workbench_msgs/include/dynamixel_workbench_msgs/dynamixel_workbench_msgs/msg/detail/mx2__type_support.h
[1.461s] -- Up-to-date: /home/darkdemon/work/motor_control/install/dynamixel_workbench_msgs/include/dynamixel_workbench_msgs/dynamixel_workbench_msgs/msg/detail/mx2_ext__functions.h
[1.461s] -- Up-to-date: /home/darkdemon/work/motor_control/install/dynamixel_workbench_msgs/include/dynamixel_workbench_msgs/dynamixel_workbench_msgs/msg/detail/dynamixel_state_list__functions.c
[1.461s] -- Up-to-date: /home/darkdemon/work/motor_control/install/dynamixel_workbench_msgs/include/dynamixel_workbench_msgs/dynamixel_workbench_msgs/msg/detail/dynamixel_state__functions.c
[1.461s] -- Up-to-date: /home/darkdemon/work/motor_control/install/dynamixel_workbench_msgs/include/dynamixel_workbench_msgs/dynamixel_workbench_msgs/msg/detail/mx_ext__functions.c
[1.461s] -- Up-to-date: /home/darkdemon/work/motor_control/install/dynamixel_workbench_msgs/include/dynamixel_workbench_msgs/dynamixel_workbench_msgs/msg/detail/pro__functions.h
[1.461s] -- Up-to-date: /home/darkdemon/work/motor_control/install/dynamixel_workbench_msgs/include/dynamixel_workbench_msgs/dynamixel_workbench_msgs/msg/detail/mx2_ext__type_support.h
[1.461s] -- Up-to-date: /home/darkdemon/work/motor_control/install/dynamixel_workbench_msgs/include/dynamixel_workbench_msgs/dynamixel_workbench_msgs/msg/detail/dynamixel_info__type_support.h
[1.461s] -- Up-to-date: /home/darkdemon/work/motor_control/install/dynamixel_workbench_msgs/include/dynamixel_workbench_msgs/dynamixel_workbench_msgs/msg/detail/ex__struct.h
[1.462s] -- Up-to-date: /home/darkdemon/work/motor_control/install/dynamixel_workbench_msgs/include/dynamixel_workbench_msgs/dynamixel_workbench_msgs/msg/detail/xm__struct.h
[1.462s] -- Up-to-date: /home/darkdemon/work/motor_control/install/dynamixel_workbench_msgs/include/dynamixel_workbench_msgs/dynamixel_workbench_msgs/msg/detail/xm__functions.c
[1.462s] -- Up-to-date: /home/darkdemon/work/motor_control/install/dynamixel_workbench_msgs/include/dynamixel_workbench_msgs/dynamixel_workbench_msgs/msg/detail/pro_ext__functions.h
[1.462s] -- Up-to-date: /home/darkdemon/work/motor_control/install/dynamixel_workbench_msgs/include/dynamixel_workbench_msgs/dynamixel_workbench_msgs/msg/detail/pro__type_support.h
[1.462s] -- Up-to-date: /home/darkdemon/work/motor_control/install/dynamixel_workbench_msgs/include/dynamixel_workbench_msgs/dynamixel_workbench_msgs/msg/detail/xm_ext__functions.h
[1.462s] -- Up-to-date: /home/darkdemon/work/motor_control/install/dynamixel_workbench_msgs/include/dynamixel_workbench_msgs/dynamixel_workbench_msgs/msg/detail/mx__type_support.h
[1.462s] -- Up-to-date: /home/darkdemon/work/motor_control/install/dynamixel_workbench_msgs/include/dynamixel_workbench_msgs/dynamixel_workbench_msgs/msg/detail/pro__struct.h
[1.462s] -- Up-to-date: /home/darkdemon/work/motor_control/install/dynamixel_workbench_msgs/include/dynamixel_workbench_msgs/dynamixel_workbench_msgs/msg/detail/dynamixel_info__struct.h
[1.462s] -- Up-to-date: /home/darkdemon/work/motor_control/install/dynamixel_workbench_msgs/include/dynamixel_workbench_msgs/dynamixel_workbench_msgs/msg/detail/mx_ext__type_support.h
[1.462s] -- Up-to-date: /home/darkdemon/work/motor_control/install/dynamixel_workbench_msgs/include/dynamixel_workbench_msgs/dynamixel_workbench_msgs/msg/detail/xm__type_support.h
[1.462s] -- Up-to-date: /home/darkdemon/work/motor_control/install/dynamixel_workbench_msgs/include/dynamixel_workbench_msgs/dynamixel_workbench_msgs/msg/detail/mx__struct.h
[1.462s] -- Up-to-date: /home/darkdemon/work/motor_control/install/dynamixel_workbench_msgs/include/dynamixel_workbench_msgs/dynamixel_workbench_msgs/msg/detail/dynamixel_load_info__struct.h
[1.463s] -- Up-to-date: /home/darkdemon/work/motor_control/install/dynamixel_workbench_msgs/include/dynamixel_workbench_msgs/dynamixel_workbench_msgs/msg/detail/pro__functions.c
[1.463s] -- Up-to-date: /home/darkdemon/work/motor_control/install/dynamixel_workbench_msgs/include/dynamixel_workbench_msgs/dynamixel_workbench_msgs/msg/detail/mx_ext__functions.h
[1.463s] -- Up-to-date: /home/darkdemon/work/motor_control/install/dynamixel_workbench_msgs/include/dynamixel_workbench_msgs/dynamixel_workbench_msgs/msg/detail/mx2_ext__functions.c
[1.463s] -- Up-to-date: /home/darkdemon/work/motor_control/install/dynamixel_workbench_msgs/include/dynamixel_workbench_msgs/dynamixel_workbench_msgs/msg/detail/ax__functions.c
[1.463s] -- Up-to-date: /home/darkdemon/work/motor_control/install/dynamixel_workbench_msgs/include/dynamixel_workbench_msgs/dynamixel_workbench_msgs/msg/detail/xl320__functions.c
[1.463s] -- Up-to-date: /home/darkdemon/work/motor_control/install/dynamixel_workbench_msgs/include/dynamixel_workbench_msgs/dynamixel_workbench_msgs/msg/detail/ax__struct.h
[1.463s] -- Up-to-date: /home/darkdemon/work/motor_control/install/dynamixel_workbench_msgs/include/dynamixel_workbench_msgs/dynamixel_workbench_msgs/msg/detail/dynamixel_load_info__functions.h
[1.463s] -- Up-to-date: /home/darkdemon/work/motor_control/install/dynamixel_workbench_msgs/include/dynamixel_workbench_msgs/dynamixel_workbench_msgs/msg/detail/pro_ext__struct.h
[1.464s] -- Up-to-date: /home/darkdemon/work/motor_control/install/dynamixel_workbench_msgs/include/dynamixel_workbench_msgs/dynamixel_workbench_msgs/msg/detail/xm_ext__type_support.h
[1.464s] -- Up-to-date: /home/darkdemon/work/motor_control/install/dynamixel_workbench_msgs/include/dynamixel_workbench_msgs/dynamixel_workbench_msgs/msg/detail/dynamixel_info__functions.h
[1.464s] -- Up-to-date: /home/darkdemon/work/motor_control/install/dynamixel_workbench_msgs/include/dynamixel_workbench_msgs/dynamixel_workbench_msgs/msg/detail/mx2__functions.h
[1.464s] -- Up-to-date: /home/darkdemon/work/motor_control/install/dynamixel_workbench_msgs/include/dynamixel_workbench_msgs/dynamixel_workbench_msgs/msg/detail/dynamixel_state_list__functions.h
[1.464s] -- Up-to-date: /home/darkdemon/work/motor_control/install/dynamixel_workbench_msgs/include/dynamixel_workbench_msgs/dynamixel_workbench_msgs/msg/detail/xh__functions.c
[1.464s] -- Up-to-date: /home/darkdemon/work/motor_control/install/dynamixel_workbench_msgs/include/dynamixel_workbench_msgs/dynamixel_workbench_msgs/msg/detail/dynamixel_state__struct.h
[1.464s] -- Up-to-date: /home/darkdemon/work/motor_control/install/dynamixel_workbench_msgs/include/dynamixel_workbench_msgs/dynamixel_workbench_msgs/msg/detail/rx__functions.c
[1.464s] -- Up-to-date: /home/darkdemon/work/motor_control/install/dynamixel_workbench_msgs/include/dynamixel_workbench_msgs/dynamixel_workbench_msgs/msg/detail/dynamixel_load_info__functions.c
[1.464s] -- Up-to-date: /home/darkdemon/work/motor_control/install/dynamixel_workbench_msgs/include/dynamixel_workbench_msgs/dynamixel_workbench_msgs/msg/detail/rx__type_support.h
[1.465s] -- Up-to-date: /home/darkdemon/work/motor_control/install/dynamixel_workbench_msgs/include/dynamixel_workbench_msgs/dynamixel_workbench_msgs/msg/detail/dynamixel_info__functions.c
[1.465s] -- Up-to-date: /home/darkdemon/work/motor_control/install/dynamixel_workbench_msgs/include/dynamixel_workbench_msgs/dynamixel_workbench_msgs/msg/detail/xl__struct.h
[1.465s] -- Up-to-date: /home/darkdemon/work/motor_control/install/dynamixel_workbench_msgs/include/dynamixel_workbench_msgs/dynamixel_workbench_msgs/msg/pro.h
[1.465s] -- Up-to-date: /home/darkdemon/work/motor_control/install/dynamixel_workbench_msgs/include/dynamixel_workbench_msgs/dynamixel_workbench_msgs/msg/xh.h
[1.465s] -- Up-to-date: /home/darkdemon/work/motor_control/install/dynamixel_workbench_msgs/include/dynamixel_workbench_msgs/dynamixel_workbench_msgs/msg/xl.h
[1.465s] -- Up-to-date: /home/darkdemon/work/motor_control/install/dynamixel_workbench_msgs/include/dynamixel_workbench_msgs/dynamixel_workbench_msgs/msg/rosidl_generator_c__visibility_control.h
[1.468s] -- Up-to-date: /home/darkdemon/work/motor_control/install/dynamixel_workbench_msgs/include/dynamixel_workbench_msgs/dynamixel_workbench_msgs/msg/mx2_ext.h
[1.469s] -- Up-to-date: /home/darkdemon/work/motor_control/install/dynamixel_workbench_msgs/include/dynamixel_workbench_msgs/dynamixel_workbench_msgs/msg/xm_ext.h
[1.469s] -- Up-to-date: /home/darkdemon/work/motor_control/install/dynamixel_workbench_msgs/include/dynamixel_workbench_msgs/dynamixel_workbench_msgs/msg/xm.h
[1.469s] -- Up-to-date: /home/darkdemon/work/motor_control/install/dynamixel_workbench_msgs/include/dynamixel_workbench_msgs/dynamixel_workbench_msgs/msg/mx.h
[1.469s] -- Up-to-date: /home/darkdemon/work/motor_control/install/dynamixel_workbench_msgs/include/dynamixel_workbench_msgs/dynamixel_workbench_msgs/msg/dynamixel_info.h
[1.469s] -- Up-to-date: /home/darkdemon/work/motor_control/install/dynamixel_workbench_msgs/include/dynamixel_workbench_msgs/dynamixel_workbench_msgs/msg/pro_ext.h
[1.469s] -- Up-to-date: /home/darkdemon/work/motor_control/install/dynamixel_workbench_msgs/include/dynamixel_workbench_msgs/dynamixel_workbench_msgs/msg/mx2.h
[1.469s] -- Up-to-date: /home/darkdemon/work/motor_control/install/dynamixel_workbench_msgs/include/dynamixel_workbench_msgs/dynamixel_workbench_msgs/msg/xl320.h
[1.469s] -- Up-to-date: /home/darkdemon/work/motor_control/install/dynamixel_workbench_msgs/include/dynamixel_workbench_msgs/dynamixel_workbench_msgs/msg/ax.h
[1.469s] -- Up-to-date: /home/darkdemon/work/motor_control/install/dynamixel_workbench_msgs/include/dynamixel_workbench_msgs/dynamixel_workbench_msgs/msg/dynamixel_state.h
[1.469s] -- Up-to-date: /home/darkdemon/work/motor_control/install/dynamixel_workbench_msgs/include/dynamixel_workbench_msgs/dynamixel_workbench_msgs/msg/dynamixel_load_info.h
[1.470s] -- Up-to-date: /home/darkdemon/work/motor_control/install/dynamixel_workbench_msgs/include/dynamixel_workbench_msgs/dynamixel_workbench_msgs/msg/dynamixel_state_list.h
[1.470s] -- Up-to-date: /home/darkdemon/work/motor_control/install/dynamixel_workbench_msgs/include/dynamixel_workbench_msgs/dynamixel_workbench_msgs/msg/ex.h
[1.470s] -- Up-to-date: /home/darkdemon/work/motor_control/install/dynamixel_workbench_msgs/include/dynamixel_workbench_msgs/dynamixel_workbench_msgs/msg/mx_ext.h
[1.470s] -- Up-to-date: /home/darkdemon/work/motor_control/install/dynamixel_workbench_msgs/include/dynamixel_workbench_msgs/dynamixel_workbench_msgs/msg/rx.h
[1.470s] -- Up-to-date: /home/darkdemon/work/motor_control/install/dynamixel_workbench_msgs/include/dynamixel_workbench_msgs/dynamixel_workbench_msgs/srv
[1.470s] -- Up-to-date: /home/darkdemon/work/motor_control/install/dynamixel_workbench_msgs/include/dynamixel_workbench_msgs/dynamixel_workbench_msgs/srv/detail
[1.470s] -- Up-to-date: /home/darkdemon/work/motor_control/install/dynamixel_workbench_msgs/include/dynamixel_workbench_msgs/dynamixel_workbench_msgs/srv/detail/dynamixel_command__struct.h
[1.470s] -- Up-to-date: /home/darkdemon/work/motor_control/install/dynamixel_workbench_msgs/include/dynamixel_workbench_msgs/dynamixel_workbench_msgs/srv/detail/dynamixel_command__functions.c
[1.470s] -- Up-to-date: /home/darkdemon/work/motor_control/install/dynamixel_workbench_msgs/include/dynamixel_workbench_msgs/dynamixel_workbench_msgs/srv/detail/get_dynamixel_info__type_support.h
[1.470s] -- Up-to-date: /home/darkdemon/work/motor_control/install/dynamixel_workbench_msgs/include/dynamixel_workbench_msgs/dynamixel_workbench_msgs/srv/detail/dynamixel_command__functions.h
[1.470s] -- Up-to-date: /home/darkdemon/work/motor_control/install/dynamixel_workbench_msgs/include/dynamixel_workbench_msgs/dynamixel_workbench_msgs/srv/detail/get_dynamixel_info__functions.h
[1.470s] -- Up-to-date: /home/darkdemon/work/motor_control/install/dynamixel_workbench_msgs/include/dynamixel_workbench_msgs/dynamixel_workbench_msgs/srv/detail/dynamixel_command__type_support.h
[1.470s] -- Up-to-date: /home/darkdemon/work/motor_control/install/dynamixel_workbench_msgs/include/dynamixel_workbench_msgs/dynamixel_workbench_msgs/srv/detail/get_dynamixel_info__struct.h
[1.470s] -- Up-to-date: /home/darkdemon/work/motor_control/install/dynamixel_workbench_msgs/include/dynamixel_workbench_msgs/dynamixel_workbench_msgs/srv/detail/get_dynamixel_info__functions.c
[1.470s] -- Up-to-date: /home/darkdemon/work/motor_control/install/dynamixel_workbench_msgs/include/dynamixel_workbench_msgs/dynamixel_workbench_msgs/srv/get_dynamixel_info.h
[1.470s] -- Up-to-date: /home/darkdemon/work/motor_control/install/dynamixel_workbench_msgs/include/dynamixel_workbench_msgs/dynamixel_workbench_msgs/srv/dynamixel_command.h
[1.470s] -- Up-to-date: /home/darkdemon/work/motor_control/install/dynamixel_workbench_msgs/share/dynamixel_workbench_msgs/environment/library_path.sh
[1.470s] -- Up-to-date: /home/darkdemon/work/motor_control/install/dynamixel_workbench_msgs/share/dynamixel_workbench_msgs/environment/library_path.dsv
[1.471s] -- Up-to-date: /home/darkdemon/work/motor_control/install/dynamixel_workbench_msgs/lib/libdynamixel_workbench_msgs__rosidl_generator_c.so
[1.471s] -- Up-to-date: /home/darkdemon/work/motor_control/install/dynamixel_workbench_msgs/include/dynamixel_workbench_msgs/dynamixel_workbench_msgs
[1.471s] -- Up-to-date: /home/darkdemon/work/motor_control/install/dynamixel_workbench_msgs/include/dynamixel_workbench_msgs/dynamixel_workbench_msgs/msg
[1.471s] -- Up-to-date: /home/darkdemon/work/motor_control/install/dynamixel_workbench_msgs/include/dynamixel_workbench_msgs/dynamixel_workbench_msgs/msg/detail
[1.471s] -- Up-to-date: /home/darkdemon/work/motor_control/install/dynamixel_workbench_msgs/include/dynamixel_workbench_msgs/dynamixel_workbench_msgs/msg/detail/dynamixel_info__rosidl_typesupport_fastrtps_c.h
[1.471s] -- Up-to-date: /home/darkdemon/work/motor_control/install/dynamixel_workbench_msgs/include/dynamixel_workbench_msgs/dynamixel_workbench_msgs/msg/detail/mx2_ext__rosidl_typesupport_fastrtps_c.h
[1.474s] -- Up-to-date: /home/darkdemon/work/motor_control/install/dynamixel_workbench_msgs/include/dynamixel_workbench_msgs/dynamixel_workbench_msgs/msg/detail/pro__rosidl_typesupport_fastrtps_c.h
[1.475s] -- Up-to-date: /home/darkdemon/work/motor_control/install/dynamixel_workbench_msgs/include/dynamixel_workbench_msgs/dynamixel_workbench_msgs/msg/detail/dynamixel_load_info__rosidl_typesupport_fastrtps_c.h
[1.475s] -- Up-to-date: /home/darkdemon/work/motor_control/install/dynamixel_workbench_msgs/include/dynamixel_workbench_msgs/dynamixel_workbench_msgs/msg/detail/dynamixel_state_list__rosidl_typesupport_fastrtps_c.h
[1.475s] -- Up-to-date: /home/darkdemon/work/motor_control/install/dynamixel_workbench_msgs/include/dynamixel_workbench_msgs/dynamixel_workbench_msgs/msg/detail/mx2__rosidl_typesupport_fastrtps_c.h
[1.475s] -- Up-to-date: /home/darkdemon/work/motor_control/install/dynamixel_workbench_msgs/include/dynamixel_workbench_msgs/dynamixel_workbench_msgs/msg/detail/xl320__rosidl_typesupport_fastrtps_c.h
[1.475s] -- Up-to-date: /home/darkdemon/work/motor_control/install/dynamixel_workbench_msgs/include/dynamixel_workbench_msgs/dynamixel_workbench_msgs/msg/detail/xl__rosidl_typesupport_fastrtps_c.h
[1.475s] -- Up-to-date: /home/darkdemon/work/motor_control/install/dynamixel_workbench_msgs/include/dynamixel_workbench_msgs/dynamixel_workbench_msgs/msg/detail/rx__rosidl_typesupport_fastrtps_c.h
[1.475s] -- Up-to-date: /home/darkdemon/work/motor_control/install/dynamixel_workbench_msgs/include/dynamixel_workbench_msgs/dynamixel_workbench_msgs/msg/detail/ax__rosidl_typesupport_fastrtps_c.h
[1.475s] -- Up-to-date: /home/darkdemon/work/motor_control/install/dynamixel_workbench_msgs/include/dynamixel_workbench_msgs/dynamixel_workbench_msgs/msg/detail/xh__rosidl_typesupport_fastrtps_c.h
[1.475s] -- Up-to-date: /home/darkdemon/work/motor_control/install/dynamixel_workbench_msgs/include/dynamixel_workbench_msgs/dynamixel_workbench_msgs/msg/detail/mx_ext__rosidl_typesupport_fastrtps_c.h
[1.475s] -- Up-to-date: /home/darkdemon/work/motor_control/install/dynamixel_workbench_msgs/include/dynamixel_workbench_msgs/dynamixel_workbench_msgs/msg/detail/mx__rosidl_typesupport_fastrtps_c.h
[1.475s] -- Up-to-date: /home/darkdemon/work/motor_control/install/dynamixel_workbench_msgs/include/dynamixel_workbench_msgs/dynamixel_workbench_msgs/msg/detail/pro_ext__rosidl_typesupport_fastrtps_c.h
[1.475s] -- Up-to-date: /home/darkdemon/work/motor_control/install/dynamixel_workbench_msgs/include/dynamixel_workbench_msgs/dynamixel_workbench_msgs/msg/detail/ex__rosidl_typesupport_fastrtps_c.h
[1.475s] -- Up-to-date: /home/darkdemon/work/motor_control/install/dynamixel_workbench_msgs/include/dynamixel_workbench_msgs/dynamixel_workbench_msgs/msg/detail/xm_ext__rosidl_typesupport_fastrtps_c.h
[1.475s] -- Up-to-date: /home/darkdemon/work/motor_control/install/dynamixel_workbench_msgs/include/dynamixel_workbench_msgs/dynamixel_workbench_msgs/msg/detail/xm__rosidl_typesupport_fastrtps_c.h
[1.475s] -- Up-to-date: /home/darkdemon/work/motor_control/install/dynamixel_workbench_msgs/include/dynamixel_workbench_msgs/dynamixel_workbench_msgs/msg/detail/dynamixel_state__rosidl_typesupport_fastrtps_c.h
[1.475s] -- Up-to-date: /home/darkdemon/work/motor_control/install/dynamixel_workbench_msgs/include/dynamixel_workbench_msgs/dynamixel_workbench_msgs/msg/rosidl_typesupport_fastrtps_c__visibility_control.h
[1.475s] -- Up-to-date: /home/darkdemon/work/motor_control/install/dynamixel_workbench_msgs/include/dynamixel_workbench_msgs/dynamixel_workbench_msgs/srv
[1.476s] -- Up-to-date: /home/darkdemon/work/motor_control/install/dynamixel_workbench_msgs/include/dynamixel_workbench_msgs/dynamixel_workbench_msgs/srv/detail
[1.476s] -- Up-to-date: /home/darkdemon/work/motor_control/install/dynamixel_workbench_msgs/include/dynamixel_workbench_msgs/dynamixel_workbench_msgs/srv/detail/get_dynamixel_info__rosidl_typesupport_fastrtps_c.h
[1.476s] -- Up-to-date: /home/darkdemon/work/motor_control/install/dynamixel_workbench_msgs/include/dynamixel_workbench_msgs/dynamixel_workbench_msgs/srv/detail/dynamixel_command__rosidl_typesupport_fastrtps_c.h
[1.476s] -- Up-to-date: /home/darkdemon/work/motor_control/install/dynamixel_workbench_msgs/lib/libdynamixel_workbench_msgs__rosidl_typesupport_fastrtps_c.so
[1.476s] -- Up-to-date: /home/darkdemon/work/motor_control/install/dynamixel_workbench_msgs/include/dynamixel_workbench_msgs/dynamixel_workbench_msgs
[1.476s] -- Up-to-date: /home/darkdemon/work/motor_control/install/dynamixel_workbench_msgs/include/dynamixel_workbench_msgs/dynamixel_workbench_msgs/msg
[1.476s] -- Up-to-date: /home/darkdemon/work/motor_control/install/dynamixel_workbench_msgs/include/dynamixel_workbench_msgs/dynamixel_workbench_msgs/msg/detail
[1.476s] -- Up-to-date: /home/darkdemon/work/motor_control/install/dynamixel_workbench_msgs/include/dynamixel_workbench_msgs/dynamixel_workbench_msgs/msg/detail/mx__rosidl_typesupport_introspection_c.h
[1.476s] -- Up-to-date: /home/darkdemon/work/motor_control/install/dynamixel_workbench_msgs/include/dynamixel_workbench_msgs/dynamixel_workbench_msgs/msg/detail/dynamixel_state__rosidl_typesupport_introspection_c.h
[1.476s] -- Up-to-date: /home/darkdemon/work/motor_control/install/dynamixel_workbench_msgs/include/dynamixel_workbench_msgs/dynamixel_workbench_msgs/msg/detail/xm__type_support.c
[1.476s] -- Up-to-date: /home/darkdemon/work/motor_control/install/dynamixel_workbench_msgs/include/dynamixel_workbench_msgs/dynamixel_workbench_msgs/msg/detail/rx__type_support.c
[1.476s] -- Up-to-date: /home/darkdemon/work/motor_control/install/dynamixel_workbench_msgs/include/dynamixel_workbench_msgs/dynamixel_workbench_msgs/msg/detail/xl__type_support.c
[1.476s] -- Up-to-date: /home/darkdemon/work/motor_control/install/dynamixel_workbench_msgs/include/dynamixel_workbench_msgs/dynamixel_workbench_msgs/msg/detail/xh__type_support.c
[1.476s] -- Up-to-date: /home/darkdemon/work/motor_control/install/dynamixel_workbench_msgs/include/dynamixel_workbench_msgs/dynamixel_workbench_msgs/msg/detail/dynamixel_state_list__type_support.c
[1.476s] -- Up-to-date: /home/darkdemon/work/motor_control/install/dynamixel_workbench_msgs/include/dynamixel_workbench_msgs/dynamixel_workbench_msgs/msg/detail/pro_ext__rosidl_typesupport_introspection_c.h
[1.476s] -- Up-to-date: /home/darkdemon/work/motor_control/install/dynamixel_workbench_msgs/include/dynamixel_workbench_msgs/dynamixel_workbench_msgs/msg/detail/pro__type_support.c
[1.476s] -- Up-to-date: /home/darkdemon/work/motor_control/install/dynamixel_workbench_msgs/include/dynamixel_workbench_msgs/dynamixel_workbench_msgs/msg/detail/mx_ext__type_support.c
[1.477s] -- Up-to-date: /home/darkdemon/work/motor_control/install/dynamixel_workbench_msgs/include/dynamixel_workbench_msgs/dynamixel_workbench_msgs/msg/detail/ex__rosidl_typesupport_introspection_c.h
[1.477s] -- Up-to-date: /home/darkdemon/work/motor_control/install/dynamixel_workbench_msgs/include/dynamixel_workbench_msgs/dynamixel_workbench_msgs/msg/detail/dynamixel_info__type_support.c
[1.477s] -- Up-to-date: /home/darkdemon/work/motor_control/install/dynamixel_workbench_msgs/include/dynamixel_workbench_msgs/dynamixel_workbench_msgs/msg/detail/dynamixel_load_info__type_support.c
[1.477s] -- Up-to-date: /home/darkdemon/work/motor_control/install/dynamixel_workbench_msgs/include/dynamixel_workbench_msgs/dynamixel_workbench_msgs/msg/detail/xl320__type_support.c
[1.477s] -- Up-to-date: /home/darkdemon/work/motor_control/install/dynamixel_workbench_msgs/include/dynamixel_workbench_msgs/dynamixel_workbench_msgs/msg/detail/xm_ext__type_support.c
[1.477s] -- Up-to-date: /home/darkdemon/work/motor_control/install/dynamixel_workbench_msgs/include/dynamixel_workbench_msgs/dynamixel_workbench_msgs/msg/detail/rx__rosidl_typesupport_introspection_c.h
[1.477s] -- Up-to-date: /home/darkdemon/work/motor_control/install/dynamixel_workbench_msgs/include/dynamixel_workbench_msgs/dynamixel_workbench_msgs/msg/detail/dynamixel_state__type_support.c
[1.477s] -- Up-to-date: /home/darkdemon/work/motor_control/install/dynamixel_workbench_msgs/include/dynamixel_workbench_msgs/dynamixel_workbench_msgs/msg/detail/dynamixel_load_info__rosidl_typesupport_introspection_c.h
[1.477s] -- Up-to-date: /home/darkdemon/work/motor_control/install/dynamixel_workbench_msgs/include/dynamixel_workbench_msgs/dynamixel_workbench_msgs/msg/detail/ax__type_support.c
[1.477s] -- Up-to-date: /home/darkdemon/work/motor_control/install/dynamixel_workbench_msgs/include/dynamixel_workbench_msgs/dynamixel_workbench_msgs/msg/detail/dynamixel_info__rosidl_typesupport_introspection_c.h
[1.477s] -- Up-to-date: /home/darkdemon/work/motor_control/install/dynamixel_workbench_msgs/include/dynamixel_workbench_msgs/dynamixel_workbench_msgs/msg/detail/mx2__rosidl_typesupport_introspection_c.h
[1.477s] -- Up-to-date: /home/darkdemon/work/motor_control/install/dynamixel_workbench_msgs/include/dynamixel_workbench_msgs/dynamixel_workbench_msgs/msg/detail/xh__rosidl_typesupport_introspection_c.h
[1.477s] -- Up-to-date: /home/darkdemon/work/motor_control/install/dynamixel_workbench_msgs/include/dynamixel_workbench_msgs/dynamixel_workbench_msgs/msg/detail/ex__type_support.c
[1.477s] -- Up-to-date: /home/darkdemon/work/motor_control/install/dynamixel_workbench_msgs/include/dynamixel_workbench_msgs/dynamixel_workbench_msgs/msg/detail/xl__rosidl_typesupport_introspection_c.h
[1.477s] -- Up-to-date: /home/darkdemon/work/motor_control/install/dynamixel_workbench_msgs/include/dynamixel_workbench_msgs/dynamixel_workbench_msgs/msg/detail/mx__type_support.c
[1.482s] -- Up-to-date: /home/darkdemon/work/motor_control/install/dynamixel_workbench_msgs/include/dynamixel_workbench_msgs/dynamixel_workbench_msgs/msg/detail/xm_ext__rosidl_typesupport_introspection_c.h
[1.482s] -- Up-to-date: /home/darkdemon/work/motor_control/install/dynamixel_workbench_msgs/include/dynamixel_workbench_msgs/dynamixel_workbench_msgs/msg/detail/mx2_ext__type_support.c
[1.482s] -- Up-to-date: /home/darkdemon/work/motor_control/install/dynamixel_workbench_msgs/include/dynamixel_workbench_msgs/dynamixel_workbench_msgs/msg/detail/mx2_ext__rosidl_typesupport_introspection_c.h
[1.482s] -- Up-to-date: /home/darkdemon/work/motor_control/install/dynamixel_workbench_msgs/include/dynamixel_workbench_msgs/dynamixel_workbench_msgs/msg/detail/xl320__rosidl_typesupport_introspection_c.h
[1.482s] -- Up-to-date: /home/darkdemon/work/motor_control/install/dynamixel_workbench_msgs/include/dynamixel_workbench_msgs/dynamixel_workbench_msgs/msg/detail/mx2__type_support.c
[1.482s] -- Up-to-date: /home/darkdemon/work/motor_control/install/dynamixel_workbench_msgs/include/dynamixel_workbench_msgs/dynamixel_workbench_msgs/msg/detail/dynamixel_state_list__rosidl_typesupport_introspection_c.h
[1.482s] -- Up-to-date: /home/darkdemon/work/motor_control/install/dynamixel_workbench_msgs/include/dynamixel_workbench_msgs/dynamixel_workbench_msgs/msg/detail/pro__rosidl_typesupport_introspection_c.h
[1.482s] -- Up-to-date: /home/darkdemon/work/motor_control/install/dynamixel_workbench_msgs/include/dynamixel_workbench_msgs/dynamixel_workbench_msgs/msg/detail/mx_ext__rosidl_typesupport_introspection_c.h
[1.482s] -- Up-to-date: /home/darkdemon/work/motor_control/install/dynamixel_workbench_msgs/include/dynamixel_workbench_msgs/dynamixel_workbench_msgs/msg/detail/ax__rosidl_typesupport_introspection_c.h
[1.482s] -- Up-to-date: /home/darkdemon/work/motor_control/install/dynamixel_workbench_msgs/include/dynamixel_workbench_msgs/dynamixel_workbench_msgs/msg/detail/xm__rosidl_typesupport_introspection_c.h
[1.482s] -- Up-to-date: /home/darkdemon/work/motor_control/install/dynamixel_workbench_msgs/include/dynamixel_workbench_msgs/dynamixel_workbench_msgs/msg/detail/pro_ext__type_support.c
[1.483s] -- Up-to-date: /home/darkdemon/work/motor_control/install/dynamixel_workbench_msgs/include/dynamixel_workbench_msgs/dynamixel_workbench_msgs/msg/rosidl_typesupport_introspection_c__visibility_control.h
[1.483s] -- Up-to-date: /home/darkdemon/work/motor_control/install/dynamixel_workbench_msgs/include/dynamixel_workbench_msgs/dynamixel_workbench_msgs/srv
[1.483s] -- Up-to-date: /home/darkdemon/work/motor_control/install/dynamixel_workbench_msgs/include/dynamixel_workbench_msgs/dynamixel_workbench_msgs/srv/detail
[1.483s] -- Up-to-date: /home/darkdemon/work/motor_control/install/dynamixel_workbench_msgs/include/dynamixel_workbench_msgs/dynamixel_workbench_msgs/srv/detail/dynamixel_command__rosidl_typesupport_introspection_c.h
[1.483s] -- Up-to-date: /home/darkdemon/work/motor_control/install/dynamixel_workbench_msgs/include/dynamixel_workbench_msgs/dynamixel_workbench_msgs/srv/detail/dynamixel_command__type_support.c
[1.483s] -- Up-to-date: /home/darkdemon/work/motor_control/install/dynamixel_workbench_msgs/include/dynamixel_workbench_msgs/dynamixel_workbench_msgs/srv/detail/get_dynamixel_info__type_support.c
[1.483s] -- Up-to-date: /home/darkdemon/work/motor_control/install/dynamixel_workbench_msgs/include/dynamixel_workbench_msgs/dynamixel_workbench_msgs/srv/detail/get_dynamixel_info__rosidl_typesupport_introspection_c.h
[1.483s] -- Up-to-date: /home/darkdemon/work/motor_control/install/dynamixel_workbench_msgs/lib/libdynamixel_workbench_msgs__rosidl_typesupport_introspection_c.so
[1.483s] -- Up-to-date: /home/darkdemon/work/motor_control/install/dynamixel_workbench_msgs/lib/libdynamixel_workbench_msgs__rosidl_typesupport_c.so
[1.483s] -- Up-to-date: /home/darkdemon/work/motor_control/install/dynamixel_workbench_msgs/include/dynamixel_workbench_msgs/dynamixel_workbench_msgs
[1.483s] -- Up-to-date: /home/darkdemon/work/motor_control/install/dynamixel_workbench_msgs/include/dynamixel_workbench_msgs/dynamixel_workbench_msgs/msg
[1.483s] -- Up-to-date: /home/darkdemon/work/motor_control/install/dynamixel_workbench_msgs/include/dynamixel_workbench_msgs/dynamixel_workbench_msgs/msg/mx2.hpp
[1.483s] -- Up-to-date: /home/darkdemon/work/motor_control/install/dynamixel_workbench_msgs/include/dynamixel_workbench_msgs/dynamixel_workbench_msgs/msg/ex.hpp
[1.483s] -- Up-to-date: /home/darkdemon/work/motor_control/install/dynamixel_workbench_msgs/include/dynamixel_workbench_msgs/dynamixel_workbench_msgs/msg/detail
[1.483s] -- Up-to-date: /home/darkdemon/work/motor_control/install/dynamixel_workbench_msgs/include/dynamixel_workbench_msgs/dynamixel_workbench_msgs/msg/detail/mx_ext__type_support.hpp
[1.483s] -- Up-to-date: /home/darkdemon/work/motor_control/install/dynamixel_workbench_msgs/include/dynamixel_workbench_msgs/dynamixel_workbench_msgs/msg/detail/pro_ext__struct.hpp
[1.484s] -- Up-to-date: /home/darkdemon/work/motor_control/install/dynamixel_workbench_msgs/include/dynamixel_workbench_msgs/dynamixel_workbench_msgs/msg/detail/mx__struct.hpp
[1.484s] -- Up-to-date: /home/darkdemon/work/motor_control/install/dynamixel_workbench_msgs/include/dynamixel_workbench_msgs/dynamixel_workbench_msgs/msg/detail/mx2_ext__struct.hpp
[1.484s] -- Up-to-date: /home/darkdemon/work/motor_control/install/dynamixel_workbench_msgs/include/dynamixel_workbench_msgs/dynamixel_workbench_msgs/msg/detail/xm_ext__builder.hpp
[1.484s] -- Up-to-date: /home/darkdemon/work/motor_control/install/dynamixel_workbench_msgs/include/dynamixel_workbench_msgs/dynamixel_workbench_msgs/msg/detail/mx_ext__builder.hpp
[1.484s] -- Up-to-date: /home/darkdemon/work/motor_control/install/dynamixel_workbench_msgs/include/dynamixel_workbench_msgs/dynamixel_workbench_msgs/msg/detail/dynamixel_state_list__type_support.hpp
[1.484s] -- Up-to-date: /home/darkdemon/work/motor_control/install/dynamixel_workbench_msgs/include/dynamixel_workbench_msgs/dynamixel_workbench_msgs/msg/detail/xm__builder.hpp
[1.484s] -- Up-to-date: /home/darkdemon/work/motor_control/install/dynamixel_workbench_msgs/include/dynamixel_workbench_msgs/dynamixel_workbench_msgs/msg/detail/xl320__builder.hpp
[1.484s] -- Up-to-date: /home/darkdemon/work/motor_control/install/dynamixel_workbench_msgs/include/dynamixel_workbench_msgs/dynamixel_workbench_msgs/msg/detail/ax__type_support.hpp
[1.484s] -- Up-to-date: /home/darkdemon/work/motor_control/install/dynamixel_workbench_msgs/include/dynamixel_workbench_msgs/dynamixel_workbench_msgs/msg/detail/rx__type_support.hpp
[1.484s] -- Up-to-date: /home/darkdemon/work/motor_control/install/dynamixel_workbench_msgs/include/dynamixel_workbench_msgs/dynamixel_workbench_msgs/msg/detail/mx__builder.hpp
[1.484s] -- Up-to-date: /home/darkdemon/work/motor_control/install/dynamixel_workbench_msgs/include/dynamixel_workbench_msgs/dynamixel_workbench_msgs/msg/detail/ax__struct.hpp
[1.484s] -- Up-to-date: /home/darkdemon/work/motor_control/install/dynamixel_workbench_msgs/include/dynamixel_workbench_msgs/dynamixel_workbench_msgs/msg/detail/dynamixel_load_info__struct.hpp
[1.484s] -- Up-to-date: /home/darkdemon/work/motor_control/install/dynamixel_workbench_msgs/include/dynamixel_workbench_msgs/dynamixel_workbench_msgs/msg/detail/rx__traits.hpp
[1.484s] -- Up-to-date: /home/darkdemon/work/motor_control/install/dynamixel_workbench_msgs/include/dynamixel_workbench_msgs/dynamixel_workbench_msgs/msg/detail/mx__traits.hpp
[1.484s] -- Up-to-date: /home/darkdemon/work/motor_control/install/dynamixel_workbench_msgs/include/dynamixel_workbench_msgs/dynamixel_workbench_msgs/msg/detail/xh__type_support.hpp
[1.484s] -- Up-to-date: /home/darkdemon/work/motor_control/install/dynamixel_workbench_msgs/include/dynamixel_workbench_msgs/dynamixel_workbench_msgs/msg/detail/ax__traits.hpp
[1.485s] -- Up-to-date: /home/darkdemon/work/motor_control/install/dynamixel_workbench_msgs/include/dynamixel_workbench_msgs/dynamixel_workbench_msgs/msg/detail/dynamixel_state_list__struct.hpp
[1.485s] -- Up-to-date: /home/darkdemon/work/motor_control/install/dynamixel_workbench_msgs/include/dynamixel_workbench_msgs/dynamixel_workbench_msgs/msg/detail/dynamixel_state__builder.hpp
[1.485s] -- Up-to-date: /home/darkdemon/work/motor_control/install/dynamixel_workbench_msgs/include/dynamixel_workbench_msgs/dynamixel_workbench_msgs/msg/detail/pro__struct.hpp
[1.485s] -- Up-to-date: /home/darkdemon/work/motor_control/install/dynamixel_workbench_msgs/include/dynamixel_workbench_msgs/dynamixel_workbench_msgs/msg/detail/xl__type_support.hpp
[1.485s] -- Up-to-date: /home/darkdemon/work/motor_control/install/dynamixel_workbench_msgs/include/dynamixel_workbench_msgs/dynamixel_workbench_msgs/msg/detail/dynamixel_state__struct.hpp
[1.485s] -- Up-to-date: /home/darkdemon/work/motor_control/install/dynamixel_workbench_msgs/include/dynamixel_workbench_msgs/dynamixel_workbench_msgs/msg/detail/xl320__struct.hpp
[1.485s] -- Up-to-date: /home/darkdemon/work/motor_control/install/dynamixel_workbench_msgs/include/dynamixel_workbench_msgs/dynamixel_workbench_msgs/msg/detail/xm_ext__type_support.hpp
[1.485s] -- Up-to-date: /home/darkdemon/work/motor_control/install/dynamixel_workbench_msgs/include/dynamixel_workbench_msgs/dynamixel_workbench_msgs/msg/detail/dynamixel_state_list__builder.hpp
[1.485s] -- Up-to-date: /home/darkdemon/work/motor_control/install/dynamixel_workbench_msgs/include/dynamixel_workbench_msgs/dynamixel_workbench_msgs/msg/detail/ex__struct.hpp
[1.486s] -- Up-to-date: /home/darkdemon/work/motor_control/install/dynamixel_workbench_msgs/include/dynamixel_workbench_msgs/dynamixel_workbench_msgs/msg/detail/ex__builder.hpp
[1.486s] -- Up-to-date: /home/darkdemon/work/motor_control/install/dynamixel_workbench_msgs/include/dynamixel_workbench_msgs/dynamixel_workbench_msgs/msg/detail/mx2_ext__traits.hpp
[1.487s] -- Up-to-date: /home/darkdemon/work/motor_control/install/dynamixel_workbench_msgs/include/dynamixel_workbench_msgs/dynamixel_workbench_msgs/msg/detail/dynamixel_info__builder.hpp
[1.487s] -- Up-to-date: /home/darkdemon/work/motor_control/install/dynamixel_workbench_msgs/include/dynamixel_workbench_msgs/dynamixel_workbench_msgs/msg/detail/pro_ext__type_support.hpp
[1.487s] -- Up-to-date: /home/darkdemon/work/motor_control/install/dynamixel_workbench_msgs/include/dynamixel_workbench_msgs/dynamixel_workbench_msgs/msg/detail/pro__builder.hpp
[1.487s] -- Up-to-date: /home/darkdemon/work/motor_control/install/dynamixel_workbench_msgs/include/dynamixel_workbench_msgs/dynamixel_workbench_msgs/msg/detail/mx_ext__struct.hpp
[1.487s] -- Up-to-date: /home/darkdemon/work/motor_control/install/dynamixel_workbench_msgs/include/dynamixel_workbench_msgs/dynamixel_workbench_msgs/msg/detail/dynamixel_state_list__traits.hpp
[1.487s] -- Up-to-date: /home/darkdemon/work/motor_control/install/dynamixel_workbench_msgs/include/dynamixel_workbench_msgs/dynamixel_workbench_msgs/msg/detail/mx_ext__traits.hpp
[1.487s] -- Up-to-date: /home/darkdemon/work/motor_control/install/dynamixel_workbench_msgs/include/dynamixel_workbench_msgs/dynamixel_workbench_msgs/msg/detail/rx__builder.hpp
[1.487s] -- Up-to-date: /home/darkdemon/work/motor_control/install/dynamixel_workbench_msgs/include/dynamixel_workbench_msgs/dynamixel_workbench_msgs/msg/detail/dynamixel_load_info__type_support.hpp
[1.487s] -- Up-to-date: /home/darkdemon/work/motor_control/install/dynamixel_workbench_msgs/include/dynamixel_workbench_msgs/dynamixel_workbench_msgs/msg/detail/dynamixel_info__struct.hpp
[1.487s] -- Up-to-date: /home/darkdemon/work/motor_control/install/dynamixel_workbench_msgs/include/dynamixel_workbench_msgs/dynamixel_workbench_msgs/msg/detail/xm_ext__traits.hpp
[1.488s] -- Up-to-date: /home/darkdemon/work/motor_control/install/dynamixel_workbench_msgs/include/dynamixel_workbench_msgs/dynamixel_workbench_msgs/msg/detail/xh__builder.hpp
[1.488s] -- Up-to-date: /home/darkdemon/work/motor_control/install/dynamixel_workbench_msgs/include/dynamixel_workbench_msgs/dynamixel_workbench_msgs/msg/detail/dynamixel_load_info__traits.hpp
[1.488s] -- Up-to-date: /home/darkdemon/work/motor_control/install/dynamixel_workbench_msgs/include/dynamixel_workbench_msgs/dynamixel_workbench_msgs/msg/detail/dynamixel_load_info__builder.hpp
[1.488s] -- Up-to-date: /home/darkdemon/work/motor_control/install/dynamixel_workbench_msgs/include/dynamixel_workbench_msgs/dynamixel_workbench_msgs/msg/detail/pro__type_support.hpp
[1.488s] -- Up-to-date: /home/darkdemon/work/motor_control/install/dynamixel_workbench_msgs/include/dynamixel_workbench_msgs/dynamixel_workbench_msgs/msg/detail/xm__traits.hpp
[1.488s] -- Up-to-date: /home/darkdemon/work/motor_control/install/dynamixel_workbench_msgs/include/dynamixel_workbench_msgs/dynamixel_workbench_msgs/msg/detail/ex__type_support.hpp
[1.488s] -- Up-to-date: /home/darkdemon/work/motor_control/install/dynamixel_workbench_msgs/include/dynamixel_workbench_msgs/dynamixel_workbench_msgs/msg/detail/pro__traits.hpp
[1.488s] -- Up-to-date: /home/darkdemon/work/motor_control/install/dynamixel_workbench_msgs/include/dynamixel_workbench_msgs/dynamixel_workbench_msgs/msg/detail/xl320__type_support.hpp
[1.488s] -- Up-to-date: /home/darkdemon/work/motor_control/install/dynamixel_workbench_msgs/include/dynamixel_workbench_msgs/dynamixel_workbench_msgs/msg/detail/xl__struct.hpp
[1.488s] -- Up-to-date: /home/darkdemon/work/motor_control/install/dynamixel_workbench_msgs/include/dynamixel_workbench_msgs/dynamixel_workbench_msgs/msg/detail/mx2__struct.hpp
[1.488s] -- Up-to-date: /home/darkdemon/work/motor_control/install/dynamixel_workbench_msgs/include/dynamixel_workbench_msgs/dynamixel_workbench_msgs/msg/detail/xm__type_support.hpp
[1.488s] -- Up-to-date: /home/darkdemon/work/motor_control/install/dynamixel_workbench_msgs/include/dynamixel_workbench_msgs/dynamixel_workbench_msgs/msg/detail/mx__type_support.hpp
[1.488s] -- Up-to-date: /home/darkdemon/work/motor_control/install/dynamixel_workbench_msgs/include/dynamixel_workbench_msgs/dynamixel_workbench_msgs/msg/detail/xh__struct.hpp
[1.488s] -- Up-to-date: /home/darkdemon/work/motor_control/install/dynamixel_workbench_msgs/include/dynamixel_workbench_msgs/dynamixel_workbench_msgs/msg/detail/xm_ext__struct.hpp
[1.488s] -- Up-to-date: /home/darkdemon/work/motor_control/install/dynamixel_workbench_msgs/include/dynamixel_workbench_msgs/dynamixel_workbench_msgs/msg/detail/ex__traits.hpp
[1.488s] -- Up-to-date: /home/darkdemon/work/motor_control/install/dynamixel_workbench_msgs/include/dynamixel_workbench_msgs/dynamixel_workbench_msgs/msg/detail/dynamixel_info__type_support.hpp
[1.489s] -- Up-to-date: /home/darkdemon/work/motor_control/install/dynamixel_workbench_msgs/include/dynamixel_workbench_msgs/dynamixel_workbench_msgs/msg/detail/xl__traits.hpp
[1.489s] -- Up-to-date: /home/darkdemon/work/motor_control/install/dynamixel_workbench_msgs/include/dynamixel_workbench_msgs/dynamixel_workbench_msgs/msg/detail/xl__builder.hpp
[1.489s] -- Up-to-date: /home/darkdemon/work/motor_control/install/dynamixel_workbench_msgs/include/dynamixel_workbench_msgs/dynamixel_workbench_msgs/msg/detail/dynamixel_state__type_support.hpp
[1.489s] -- Up-to-date: /home/darkdemon/work/motor_control/install/dynamixel_workbench_msgs/include/dynamixel_workbench_msgs/dynamixel_workbench_msgs/msg/detail/mx2__traits.hpp
[1.489s] -- Up-to-date: /home/darkdemon/work/motor_control/install/dynamixel_workbench_msgs/include/dynamixel_workbench_msgs/dynamixel_workbench_msgs/msg/detail/pro_ext__builder.hpp
[1.489s] -- Up-to-date: /home/darkdemon/work/motor_control/install/dynamixel_workbench_msgs/include/dynamixel_workbench_msgs/dynamixel_workbench_msgs/msg/detail/mx2__type_support.hpp
[1.489s] -- Up-to-date: /home/darkdemon/work/motor_control/install/dynamixel_workbench_msgs/include/dynamixel_workbench_msgs/dynamixel_workbench_msgs/msg/detail/xl320__traits.hpp
[1.489s] -- Up-to-date: /home/darkdemon/work/motor_control/install/dynamixel_workbench_msgs/include/dynamixel_workbench_msgs/dynamixel_workbench_msgs/msg/detail/ax__builder.hpp
[1.489s] -- Up-to-date: /home/darkdemon/work/motor_control/install/dynamixel_workbench_msgs/include/dynamixel_workbench_msgs/dynamixel_workbench_msgs/msg/detail/xh__traits.hpp
[1.489s] -- Up-to-date: /home/darkdemon/work/motor_control/install/dynamixel_workbench_msgs/include/dynamixel_workbench_msgs/dynamixel_workbench_msgs/msg/detail/mx2_ext__type_support.hpp
[1.489s] -- Up-to-date: /home/darkdemon/work/motor_control/install/dynamixel_workbench_msgs/include/dynamixel_workbench_msgs/dynamixel_workbench_msgs/msg/detail/mx2__builder.hpp
[1.489s] -- Up-to-date: /home/darkdemon/work/motor_control/install/dynamixel_workbench_msgs/include/dynamixel_workbench_msgs/dynamixel_workbench_msgs/msg/detail/pro_ext__traits.hpp
[1.489s] -- Up-to-date: /home/darkdemon/work/motor_control/install/dynamixel_workbench_msgs/include/dynamixel_workbench_msgs/dynamixel_workbench_msgs/msg/detail/rx__struct.hpp
[1.489s] -- Up-to-date: /home/darkdemon/work/motor_control/install/dynamixel_workbench_msgs/include/dynamixel_workbench_msgs/dynamixel_workbench_msgs/msg/detail/dynamixel_state__traits.hpp
[1.489s] -- Up-to-date: /home/darkdemon/work/motor_control/install/dynamixel_workbench_msgs/include/dynamixel_workbench_msgs/dynamixel_workbench_msgs/msg/detail/mx2_ext__builder.hpp
[1.489s] -- Up-to-date: /home/darkdemon/work/motor_control/install/dynamixel_workbench_msgs/include/dynamixel_workbench_msgs/dynamixel_workbench_msgs/msg/detail/dynamixel_info__traits.hpp
[1.490s] -- Up-to-date: /home/darkdemon/work/motor_control/install/dynamixel_workbench_msgs/include/dynamixel_workbench_msgs/dynamixel_workbench_msgs/msg/detail/xm__struct.hpp
[1.490s] -- Up-to-date: /home/darkdemon/work/motor_control/install/dynamixel_workbench_msgs/include/dynamixel_workbench_msgs/dynamixel_workbench_msgs/msg/dynamixel_info.hpp
[1.490s] -- Up-to-date: /home/darkdemon/work/motor_control/install/dynamixel_workbench_msgs/include/dynamixel_workbench_msgs/dynamixel_workbench_msgs/msg/xl.hpp
[1.490s] -- Up-to-date: /home/darkdemon/work/motor_control/install/dynamixel_workbench_msgs/include/dynamixel_workbench_msgs/dynamixel_workbench_msgs/msg/pro.hpp
[1.490s] -- Up-to-date: /home/darkdemon/work/motor_control/install/dynamixel_workbench_msgs/include/dynamixel_workbench_msgs/dynamixel_workbench_msgs/msg/pro_ext.hpp
[1.490s] -- Up-to-date: /home/darkdemon/work/motor_control/install/dynamixel_workbench_msgs/include/dynamixel_workbench_msgs/dynamixel_workbench_msgs/msg/dynamixel_state_list.hpp
[1.490s] -- Up-to-date: /home/darkdemon/work/motor_control/install/dynamixel_workbench_msgs/include/dynamixel_workbench_msgs/dynamixel_workbench_msgs/msg/mx2_ext.hpp
[1.490s] -- Up-to-date: /home/darkdemon/work/motor_control/install/dynamixel_workbench_msgs/include/dynamixel_workbench_msgs/dynamixel_workbench_msgs/msg/dynamixel_load_info.hpp
[1.490s] -- Up-to-date: /home/darkdemon/work/motor_control/install/dynamixel_workbench_msgs/include/dynamixel_workbench_msgs/dynamixel_workbench_msgs/msg/mx.hpp
[1.491s] -- Up-to-date: /home/darkdemon/work/motor_control/install/dynamixel_workbench_msgs/include/dynamixel_workbench_msgs/dynamixel_workbench_msgs/msg/mx_ext.hpp
[1.492s] -- Up-to-date: /home/darkdemon/work/motor_control/install/dynamixel_workbench_msgs/include/dynamixel_workbench_msgs/dynamixel_workbench_msgs/msg/rosidl_generator_cpp__visibility_control.hpp
[1.492s] -- Up-to-date: /home/darkdemon/work/motor_control/install/dynamixel_workbench_msgs/include/dynamixel_workbench_msgs/dynamixel_workbench_msgs/msg/ax.hpp
[1.496s] -- Up-to-date: /home/darkdemon/work/motor_control/install/dynamixel_workbench_msgs/include/dynamixel_workbench_msgs/dynamixel_workbench_msgs/msg/xh.hpp
[1.496s] -- Up-to-date: /home/darkdemon/work/motor_control/install/dynamixel_workbench_msgs/include/dynamixel_workbench_msgs/dynamixel_workbench_msgs/msg/xm_ext.hpp
[1.496s] -- Up-to-date: /home/darkdemon/work/motor_control/install/dynamixel_workbench_msgs/include/dynamixel_workbench_msgs/dynamixel_workbench_msgs/msg/rx.hpp
[1.496s] -- Up-to-date: /home/darkdemon/work/motor_control/install/dynamixel_workbench_msgs/include/dynamixel_workbench_msgs/dynamixel_workbench_msgs/msg/xm.hpp
[1.496s] -- Up-to-date: /home/darkdemon/work/motor_control/install/dynamixel_workbench_msgs/include/dynamixel_workbench_msgs/dynamixel_workbench_msgs/msg/xl320.hpp
[1.497s] -- Up-to-date: /home/darkdemon/work/motor_control/install/dynamixel_workbench_msgs/include/dynamixel_workbench_msgs/dynamixel_workbench_msgs/msg/dynamixel_state.hpp
[1.497s] -- Up-to-date: /home/darkdemon/work/motor_control/install/dynamixel_workbench_msgs/include/dynamixel_workbench_msgs/dynamixel_workbench_msgs/srv
[1.497s] -- Up-to-date: /home/darkdemon/work/motor_control/install/dynamixel_workbench_msgs/include/dynamixel_workbench_msgs/dynamixel_workbench_msgs/srv/detail
[1.497s] -- Up-to-date: /home/darkdemon/work/motor_control/install/dynamixel_workbench_msgs/include/dynamixel_workbench_msgs/dynamixel_workbench_msgs/srv/detail/dynamixel_command__builder.hpp
[1.497s] -- Up-to-date: /home/darkdemon/work/motor_control/install/dynamixel_workbench_msgs/include/dynamixel_workbench_msgs/dynamixel_workbench_msgs/srv/detail/get_dynamixel_info__traits.hpp
[1.497s] -- Up-to-date: /home/darkdemon/work/motor_control/install/dynamixel_workbench_msgs/include/dynamixel_workbench_msgs/dynamixel_workbench_msgs/srv/detail/get_dynamixel_info__type_support.hpp
[1.497s] -- Up-to-date: /home/darkdemon/work/motor_control/install/dynamixel_workbench_msgs/include/dynamixel_workbench_msgs/dynamixel_workbench_msgs/srv/detail/dynamixel_command__struct.hpp
[1.498s] -- Up-to-date: /home/darkdemon/work/motor_control/install/dynamixel_workbench_msgs/include/dynamixel_workbench_msgs/dynamixel_workbench_msgs/srv/detail/dynamixel_command__type_support.hpp
[1.498s] -- Up-to-date: /home/darkdemon/work/motor_control/install/dynamixel_workbench_msgs/include/dynamixel_workbench_msgs/dynamixel_workbench_msgs/srv/detail/get_dynamixel_info__builder.hpp
[1.499s] -- Up-to-date: /home/darkdemon/work/motor_control/install/dynamixel_workbench_msgs/include/dynamixel_workbench_msgs/dynamixel_workbench_msgs/srv/detail/dynamixel_command__traits.hpp
[1.499s] -- Up-to-date: /home/darkdemon/work/motor_control/install/dynamixel_workbench_msgs/include/dynamixel_workbench_msgs/dynamixel_workbench_msgs/srv/detail/get_dynamixel_info__struct.hpp
[1.499s] -- Up-to-date: /home/darkdemon/work/motor_control/install/dynamixel_workbench_msgs/include/dynamixel_workbench_msgs/dynamixel_workbench_msgs/srv/dynamixel_command.hpp
[1.499s] -- Up-to-date: /home/darkdemon/work/motor_control/install/dynamixel_workbench_msgs/include/dynamixel_workbench_msgs/dynamixel_workbench_msgs/srv/get_dynamixel_info.hpp
[1.499s] -- Up-to-date: /home/darkdemon/work/motor_control/install/dynamixel_workbench_msgs/include/dynamixel_workbench_msgs/dynamixel_workbench_msgs
[1.500s] -- Up-to-date: /home/darkdemon/work/motor_control/install/dynamixel_workbench_msgs/include/dynamixel_workbench_msgs/dynamixel_workbench_msgs/msg
[1.500s] -- Up-to-date: /home/darkdemon/work/motor_control/install/dynamixel_workbench_msgs/include/dynamixel_workbench_msgs/dynamixel_workbench_msgs/msg/detail
[1.501s] -- Up-to-date: /home/darkdemon/work/motor_control/install/dynamixel_workbench_msgs/include/dynamixel_workbench_msgs/dynamixel_workbench_msgs/msg/detail/xh__rosidl_typesupport_fastrtps_cpp.hpp
[1.501s] -- Up-to-date: /home/darkdemon/work/motor_control/install/dynamixel_workbench_msgs/include/dynamixel_workbench_msgs/dynamixel_workbench_msgs/msg/detail/pro_ext__rosidl_typesupport_fastrtps_cpp.hpp
[1.501s] -- Up-to-date: /home/darkdemon/work/motor_control/install/dynamixel_workbench_msgs/include/dynamixel_workbench_msgs/dynamixel_workbench_msgs/msg/detail/mx__rosidl_typesupport_fastrtps_cpp.hpp
[1.501s] -- Up-to-date: /home/darkdemon/work/motor_control/install/dynamixel_workbench_msgs/include/dynamixel_workbench_msgs/dynamixel_workbench_msgs/msg/detail/xl__rosidl_typesupport_fastrtps_cpp.hpp
[1.501s] -- Up-to-date: /home/darkdemon/work/motor_control/install/dynamixel_workbench_msgs/include/dynamixel_workbench_msgs/dynamixel_workbench_msgs/msg/detail/dynamixel_state__rosidl_typesupport_fastrtps_cpp.hpp
[1.502s] -- Up-to-date: /home/darkdemon/work/motor_control/install/dynamixel_workbench_msgs/include/dynamixel_workbench_msgs/dynamixel_workbench_msgs/msg/detail/pro__rosidl_typesupport_fastrtps_cpp.hpp
[1.502s] -- Up-to-date: /home/darkdemon/work/motor_control/install/dynamixel_workbench_msgs/include/dynamixel_workbench_msgs/dynamixel_workbench_msgs/msg/detail/ax__rosidl_typesupport_fastrtps_cpp.hpp
[1.502s] -- Up-to-date: /home/darkdemon/work/motor_control/install/dynamixel_workbench_msgs/include/dynamixel_workbench_msgs/dynamixel_workbench_msgs/msg/detail/dynamixel_load_info__rosidl_typesupport_fastrtps_cpp.hpp
[1.502s] -- Up-to-date: /home/darkdemon/work/motor_control/install/dynamixel_workbench_msgs/include/dynamixel_workbench_msgs/dynamixel_workbench_msgs/msg/detail/ex__rosidl_typesupport_fastrtps_cpp.hpp
[1.505s] -- Up-to-date: /home/darkdemon/work/motor_control/install/dynamixel_workbench_msgs/include/dynamixel_workbench_msgs/dynamixel_workbench_msgs/msg/detail/mx2_ext__rosidl_typesupport_fastrtps_cpp.hpp
[1.505s] -- Up-to-date: /home/darkdemon/work/motor_control/install/dynamixel_workbench_msgs/include/dynamixel_workbench_msgs/dynamixel_workbench_msgs/msg/detail/dynamixel_info__rosidl_typesupport_fastrtps_cpp.hpp
[1.505s] -- Up-to-date: /home/darkdemon/work/motor_control/install/dynamixel_workbench_msgs/include/dynamixel_workbench_msgs/dynamixel_workbench_msgs/msg/detail/xl320__rosidl_typesupport_fastrtps_cpp.hpp
[1.505s] -- Up-to-date: /home/darkdemon/work/motor_control/install/dynamixel_workbench_msgs/include/dynamixel_workbench_msgs/dynamixel_workbench_msgs/msg/detail/rx__rosidl_typesupport_fastrtps_cpp.hpp
[1.505s] -- Up-to-date: /home/darkdemon/work/motor_control/install/dynamixel_workbench_msgs/include/dynamixel_workbench_msgs/dynamixel_workbench_msgs/msg/detail/dynamixel_state_list__rosidl_typesupport_fastrtps_cpp.hpp
[1.505s] -- Up-to-date: /home/darkdemon/work/motor_control/install/dynamixel_workbench_msgs/include/dynamixel_workbench_msgs/dynamixel_workbench_msgs/msg/detail/xm__rosidl_typesupport_fastrtps_cpp.hpp
[1.505s] -- Up-to-date: /home/darkdemon/work/motor_control/install/dynamixel_workbench_msgs/include/dynamixel_workbench_msgs/dynamixel_workbench_msgs/msg/detail/dds_fastrtps
[1.505s] -- Up-to-date: /home/darkdemon/work/motor_control/install/dynamixel_workbench_msgs/include/dynamixel_workbench_msgs/dynamixel_workbench_msgs/msg/detail/xm_ext__rosidl_typesupport_fastrtps_cpp.hpp
[1.505s] -- Up-to-date: /home/darkdemon/work/motor_control/install/dynamixel_workbench_msgs/include/dynamixel_workbench_msgs/dynamixel_workbench_msgs/msg/detail/mx2__rosidl_typesupport_fastrtps_cpp.hpp
[1.505s] -- Up-to-date: /home/darkdemon/work/motor_control/install/dynamixel_workbench_msgs/include/dynamixel_workbench_msgs/dynamixel_workbench_msgs/msg/detail/mx_ext__rosidl_typesupport_fastrtps_cpp.hpp
[1.506s] -- Up-to-date: /home/darkdemon/work/motor_control/install/dynamixel_workbench_msgs/include/dynamixel_workbench_msgs/dynamixel_workbench_msgs/msg/rosidl_typesupport_fastrtps_cpp__visibility_control.h
[1.507s] -- Up-to-date: /home/darkdemon/work/motor_control/install/dynamixel_workbench_msgs/include/dynamixel_workbench_msgs/dynamixel_workbench_msgs/srv
[1.507s] -- Up-to-date: /home/darkdemon/work/motor_control/install/dynamixel_workbench_msgs/include/dynamixel_workbench_msgs/dynamixel_workbench_msgs/srv/detail
[1.507s] -- Up-to-date: /home/darkdemon/work/motor_control/install/dynamixel_workbench_msgs/include/dynamixel_workbench_msgs/dynamixel_workbench_msgs/srv/detail/get_dynamixel_info__rosidl_typesupport_fastrtps_cpp.hpp
[1.507s] -- Up-to-date: /home/darkdemon/work/motor_control/install/dynamixel_workbench_msgs/include/dynamixel_workbench_msgs/dynamixel_workbench_msgs/srv/detail/dynamixel_command__rosidl_typesupport_fastrtps_cpp.hpp
[1.508s] -- Up-to-date: /home/darkdemon/work/motor_control/install/dynamixel_workbench_msgs/include/dynamixel_workbench_msgs/dynamixel_workbench_msgs/srv/detail/dds_fastrtps
[1.508s] -- Up-to-date: /home/darkdemon/work/motor_control/install/dynamixel_workbench_msgs/lib/libdynamixel_workbench_msgs__rosidl_typesupport_fastrtps_cpp.so
[1.508s] -- Up-to-date: /home/darkdemon/work/motor_control/install/dynamixel_workbench_msgs/include/dynamixel_workbench_msgs/dynamixel_workbench_msgs
[1.508s] -- Up-to-date: /home/darkdemon/work/motor_control/install/dynamixel_workbench_msgs/include/dynamixel_workbench_msgs/dynamixel_workbench_msgs/msg
[1.508s] -- Up-to-date: /home/darkdemon/work/motor_control/install/dynamixel_workbench_msgs/include/dynamixel_workbench_msgs/dynamixel_workbench_msgs/msg/detail
[1.509s] -- Up-to-date: /home/darkdemon/work/motor_control/install/dynamixel_workbench_msgs/include/dynamixel_workbench_msgs/dynamixel_workbench_msgs/msg/detail/rx__type_support.cpp
[1.509s] -- Up-to-date: /home/darkdemon/work/motor_control/install/dynamixel_workbench_msgs/include/dynamixel_workbench_msgs/dynamixel_workbench_msgs/msg/detail/xh__rosidl_typesupport_introspection_cpp.hpp
[1.509s] -- Up-to-date: /home/darkdemon/work/motor_control/install/dynamixel_workbench_msgs/include/dynamixel_workbench_msgs/dynamixel_workbench_msgs/msg/detail/dynamixel_info__rosidl_typesupport_introspection_cpp.hpp
[1.509s] -- Up-to-date: /home/darkdemon/work/motor_control/install/dynamixel_workbench_msgs/include/dynamixel_workbench_msgs/dynamixel_workbench_msgs/msg/detail/mx2__rosidl_typesupport_introspection_cpp.hpp
[1.509s] -- Up-to-date: /home/darkdemon/work/motor_control/install/dynamixel_workbench_msgs/include/dynamixel_workbench_msgs/dynamixel_workbench_msgs/msg/detail/xl__rosidl_typesupport_introspection_cpp.hpp
[1.510s] -- Up-to-date: /home/darkdemon/work/motor_control/install/dynamixel_workbench_msgs/include/dynamixel_workbench_msgs/dynamixel_workbench_msgs/msg/detail/mx__type_support.cpp
[1.510s] -- Up-to-date: /home/darkdemon/work/motor_control/install/dynamixel_workbench_msgs/include/dynamixel_workbench_msgs/dynamixel_workbench_msgs/msg/detail/xm_ext__rosidl_typesupport_introspection_cpp.hpp
[1.510s] -- Up-to-date: /home/darkdemon/work/motor_control/install/dynamixel_workbench_msgs/include/dynamixel_workbench_msgs/dynamixel_workbench_msgs/msg/detail/mx_ext__type_support.cpp
[1.510s] -- Up-to-date: /home/darkdemon/work/motor_control/install/dynamixel_workbench_msgs/include/dynamixel_workbench_msgs/dynamixel_workbench_msgs/msg/detail/xm__type_support.cpp
[1.511s] -- Up-to-date: /home/darkdemon/work/motor_control/install/dynamixel_workbench_msgs/include/dynamixel_workbench_msgs/dynamixel_workbench_msgs/msg/detail/ax__type_support.cpp
[1.511s] -- Up-to-date: /home/darkdemon/work/motor_control/install/dynamixel_workbench_msgs/include/dynamixel_workbench_msgs/dynamixel_workbench_msgs/msg/detail/xl320__type_support.cpp
[1.511s] -- Up-to-date: /home/darkdemon/work/motor_control/install/dynamixel_workbench_msgs/include/dynamixel_workbench_msgs/dynamixel_workbench_msgs/msg/detail/rx__rosidl_typesupport_introspection_cpp.hpp
[1.511s] -- Up-to-date: /home/darkdemon/work/motor_control/install/dynamixel_workbench_msgs/include/dynamixel_workbench_msgs/dynamixel_workbench_msgs/msg/detail/mx2_ext__rosidl_typesupport_introspection_cpp.hpp
[1.511s] -- Up-to-date: /home/darkdemon/work/motor_control/install/dynamixel_workbench_msgs/include/dynamixel_workbench_msgs/dynamixel_workbench_msgs/msg/detail/dynamixel_load_info__type_support.cpp
[1.512s] -- Up-to-date: /home/darkdemon/work/motor_control/install/dynamixel_workbench_msgs/include/dynamixel_workbench_msgs/dynamixel_workbench_msgs/msg/detail/dynamixel_state_list__rosidl_typesupport_introspection_cpp.hpp
[1.512s] -- Up-to-date: /home/darkdemon/work/motor_control/install/dynamixel_workbench_msgs/include/dynamixel_workbench_msgs/dynamixel_workbench_msgs/msg/detail/pro_ext__rosidl_typesupport_introspection_cpp.hpp
[1.512s] -- Up-to-date: /home/darkdemon/work/motor_control/install/dynamixel_workbench_msgs/include/dynamixel_workbench_msgs/dynamixel_workbench_msgs/msg/detail/xl320__rosidl_typesupport_introspection_cpp.hpp
[1.512s] -- Up-to-date: /home/darkdemon/work/motor_control/install/dynamixel_workbench_msgs/include/dynamixel_workbench_msgs/dynamixel_workbench_msgs/msg/detail/dynamixel_info__type_support.cpp
[1.513s] -- Up-to-date: /home/darkdemon/work/motor_control/install/dynamixel_workbench_msgs/include/dynamixel_workbench_msgs/dynamixel_workbench_msgs/msg/detail/xm_ext__type_support.cpp
[1.513s] -- Up-to-date: /home/darkdemon/work/motor_control/install/dynamixel_workbench_msgs/include/dynamixel_workbench_msgs/dynamixel_workbench_msgs/msg/detail/pro__rosidl_typesupport_introspection_cpp.hpp
[1.513s] -- Up-to-date: /home/darkdemon/work/motor_control/install/dynamixel_workbench_msgs/include/dynamixel_workbench_msgs/dynamixel_workbench_msgs/msg/detail/dynamixel_state__type_support.cpp
[1.513s] -- Up-to-date: /home/darkdemon/work/motor_control/install/dynamixel_workbench_msgs/include/dynamixel_workbench_msgs/dynamixel_workbench_msgs/msg/detail/mx__rosidl_typesupport_introspection_cpp.hpp
[1.514s] -- Up-to-date: /home/darkdemon/work/motor_control/install/dynamixel_workbench_msgs/include/dynamixel_workbench_msgs/dynamixel_workbench_msgs/msg/detail/mx2__type_support.cpp
[1.514s] -- Up-to-date: /home/darkdemon/work/motor_control/install/dynamixel_workbench_msgs/include/dynamixel_workbench_msgs/dynamixel_workbench_msgs/msg/detail/dynamixel_state__rosidl_typesupport_introspection_cpp.hpp
[1.515s] -- Up-to-date: /home/darkdemon/work/motor_control/install/dynamixel_workbench_msgs/include/dynamixel_workbench_msgs/dynamixel_workbench_msgs/msg/detail/pro__type_support.cpp
[1.515s] -- Up-to-date: /home/darkdemon/work/motor_control/install/dynamixel_workbench_msgs/include/dynamixel_workbench_msgs/dynamixel_workbench_msgs/msg/detail/pro_ext__type_support.cpp
[1.516s] -- Up-to-date: /home/darkdemon/work/motor_control/install/dynamixel_workbench_msgs/include/dynamixel_workbench_msgs/dynamixel_workbench_msgs/msg/detail/mx2_ext__type_support.cpp
[1.516s] -- Up-to-date: /home/darkdemon/work/motor_control/install/dynamixel_workbench_msgs/include/dynamixel_workbench_msgs/dynamixel_workbench_msgs/msg/detail/ax__rosidl_typesupport_introspection_cpp.hpp
[1.516s] -- Up-to-date: /home/darkdemon/work/motor_control/install/dynamixel_workbench_msgs/include/dynamixel_workbench_msgs/dynamixel_workbench_msgs/msg/detail/xh__type_support.cpp
[1.517s] -- Up-to-date: /home/darkdemon/work/motor_control/install/dynamixel_workbench_msgs/include/dynamixel_workbench_msgs/dynamixel_workbench_msgs/msg/detail/dynamixel_state_list__type_support.cpp
[1.517s] -- Up-to-date: /home/darkdemon/work/motor_control/install/dynamixel_workbench_msgs/include/dynamixel_workbench_msgs/dynamixel_workbench_msgs/msg/detail/ex__type_support.cpp
[1.517s] -- Up-to-date: /home/darkdemon/work/motor_control/install/dynamixel_workbench_msgs/include/dynamixel_workbench_msgs/dynamixel_workbench_msgs/msg/detail/dynamixel_load_info__rosidl_typesupport_introspection_cpp.hpp
[1.517s] -- Up-to-date: /home/darkdemon/work/motor_control/install/dynamixel_workbench_msgs/include/dynamixel_workbench_msgs/dynamixel_workbench_msgs/msg/detail/ex__rosidl_typesupport_introspection_cpp.hpp
[1.517s] -- Up-to-date: /home/darkdemon/work/motor_control/install/dynamixel_workbench_msgs/include/dynamixel_workbench_msgs/dynamixel_workbench_msgs/msg/detail/xm__rosidl_typesupport_introspection_cpp.hpp
[1.517s] -- Up-to-date: /home/darkdemon/work/motor_control/install/dynamixel_workbench_msgs/include/dynamixel_workbench_msgs/dynamixel_workbench_msgs/msg/detail/mx_ext__rosidl_typesupport_introspection_cpp.hpp
[1.517s] -- Up-to-date: /home/darkdemon/work/motor_control/install/dynamixel_workbench_msgs/include/dynamixel_workbench_msgs/dynamixel_workbench_msgs/msg/detail/xl__type_support.cpp
[1.517s] -- Up-to-date: /home/darkdemon/work/motor_control/install/dynamixel_workbench_msgs/include/dynamixel_workbench_msgs/dynamixel_workbench_msgs/srv
[1.517s] -- Up-to-date: /home/darkdemon/work/motor_control/install/dynamixel_workbench_msgs/include/dynamixel_workbench_msgs/dynamixel_workbench_msgs/srv/detail
[1.517s] -- Up-to-date: /home/darkdemon/work/motor_control/install/dynamixel_workbench_msgs/include/dynamixel_workbench_msgs/dynamixel_workbench_msgs/srv/detail/dynamixel_command__rosidl_typesupport_introspection_cpp.hpp
[1.517s] -- Up-to-date: /home/darkdemon/work/motor_control/install/dynamixel_workbench_msgs/include/dynamixel_workbench_msgs/dynamixel_workbench_msgs/srv/detail/dynamixel_command__type_support.cpp
[1.517s] -- Up-to-date: /home/darkdemon/work/motor_control/install/dynamixel_workbench_msgs/include/dynamixel_workbench_msgs/dynamixel_workbench_msgs/srv/detail/get_dynamixel_info__rosidl_typesupport_introspection_cpp.hpp
[1.518s] -- Up-to-date: /home/darkdemon/work/motor_control/install/dynamixel_workbench_msgs/include/dynamixel_workbench_msgs/dynamixel_workbench_msgs/srv/detail/get_dynamixel_info__type_support.cpp
[1.518s] -- Up-to-date: /home/darkdemon/work/motor_control/install/dynamixel_workbench_msgs/lib/libdynamixel_workbench_msgs__rosidl_typesupport_introspection_cpp.so
[1.518s] -- Up-to-date: /home/darkdemon/work/motor_control/install/dynamixel_workbench_msgs/lib/libdynamixel_workbench_msgs__rosidl_typesupport_cpp.so
[1.518s] -- Up-to-date: /home/darkdemon/work/motor_control/install/dynamixel_workbench_msgs/share/dynamixel_workbench_msgs/environment/pythonpath.sh
[1.518s] -- Up-to-date: /home/darkdemon/work/motor_control/install/dynamixel_workbench_msgs/share/dynamixel_workbench_msgs/environment/pythonpath.dsv
[1.518s] -- Up-to-date: /home/darkdemon/work/motor_control/install/dynamixel_workbench_msgs/local/lib/python3.10/dist-packages/dynamixel_workbench_msgs-2.0.3-py3.10.egg-info
[1.518s] -- Installing: /home/darkdemon/work/motor_control/install/dynamixel_workbench_msgs/local/lib/python3.10/dist-packages/dynamixel_workbench_msgs-2.0.3-py3.10.egg-info/top_level.txt
[1.518s] -- Installing: /home/darkdemon/work/motor_control/install/dynamixel_workbench_msgs/local/lib/python3.10/dist-packages/dynamixel_workbench_msgs-2.0.3-py3.10.egg-info/PKG-INFO
[1.518s] -- Installing: /home/darkdemon/work/motor_control/install/dynamixel_workbench_msgs/local/lib/python3.10/dist-packages/dynamixel_workbench_msgs-2.0.3-py3.10.egg-info/dependency_links.txt
[1.518s] -- Installing: /home/darkdemon/work/motor_control/install/dynamixel_workbench_msgs/local/lib/python3.10/dist-packages/dynamixel_workbench_msgs-2.0.3-py3.10.egg-info/SOURCES.txt
[1.518s] -- Up-to-date: /home/darkdemon/work/motor_control/install/dynamixel_workbench_msgs/local/lib/python3.10/dist-packages/dynamixel_workbench_msgs
[1.518s] -- Up-to-date: /home/darkdemon/work/motor_control/install/dynamixel_workbench_msgs/local/lib/python3.10/dist-packages/dynamixel_workbench_msgs/_dynamixel_workbench_msgs_s.ep.rosidl_typesupport_fastrtps_c.c
[1.519s] -- Up-to-date: /home/darkdemon/work/motor_control/install/dynamixel_workbench_msgs/local/lib/python3.10/dist-packages/dynamixel_workbench_msgs/libdynamixel_workbench_msgs__rosidl_generator_py.so
[1.519s] -- Up-to-date: /home/darkdemon/work/motor_control/install/dynamixel_workbench_msgs/local/lib/python3.10/dist-packages/dynamixel_workbench_msgs/dynamixel_workbench_msgs_s__rosidl_typesupport_introspection_c.cpython-310-x86_64-linux-gnu.so
[1.519s] -- Up-to-date: /home/darkdemon/work/motor_control/install/dynamixel_workbench_msgs/local/lib/python3.10/dist-packages/dynamixel_workbench_msgs/msg
[1.519s] -- Up-to-date: /home/darkdemon/work/motor_control/install/dynamixel_workbench_msgs/local/lib/python3.10/dist-packages/dynamixel_workbench_msgs/msg/_dynamixel_load_info_s.c
[1.519s] -- Up-to-date: /home/darkdemon/work/motor_control/install/dynamixel_workbench_msgs/local/lib/python3.10/dist-packages/dynamixel_workbench_msgs/msg/_pro.py
[1.519s] -- Up-to-date: /home/darkdemon/work/motor_control/install/dynamixel_workbench_msgs/local/lib/python3.10/dist-packages/dynamixel_workbench_msgs/msg/_ax.py
[1.519s] -- Up-to-date: /home/darkdemon/work/motor_control/install/dynamixel_workbench_msgs/local/lib/python3.10/dist-packages/dynamixel_workbench_msgs/msg/_mx2_ext.py
[1.519s] -- Up-to-date: /home/darkdemon/work/motor_control/install/dynamixel_workbench_msgs/local/lib/python3.10/dist-packages/dynamixel_workbench_msgs/msg/_rx.py
[1.519s] -- Up-to-date: /home/darkdemon/work/motor_control/install/dynamixel_workbench_msgs/local/lib/python3.10/dist-packages/dynamixel_workbench_msgs/msg/_xm_s.c
[1.519s] -- Up-to-date: /home/darkdemon/work/motor_control/install/dynamixel_workbench_msgs/local/lib/python3.10/dist-packages/dynamixel_workbench_msgs/msg/_dynamixel_state_list_s.c
[1.519s] -- Up-to-date: /home/darkdemon/work/motor_control/install/dynamixel_workbench_msgs/local/lib/python3.10/dist-packages/dynamixel_workbench_msgs/msg/_dynamixel_load_info.py
[1.519s] -- Up-to-date: /home/darkdemon/work/motor_control/install/dynamixel_workbench_msgs/local/lib/python3.10/dist-packages/dynamixel_workbench_msgs/msg/__init__.py
[1.519s] -- Up-to-date: /home/darkdemon/work/motor_control/install/dynamixel_workbench_msgs/local/lib/python3.10/dist-packages/dynamixel_workbench_msgs/msg/_xl_s.c
[1.520s] -- Up-to-date: /home/darkdemon/work/motor_control/install/dynamixel_workbench_msgs/local/lib/python3.10/dist-packages/dynamixel_workbench_msgs/msg/_xm_ext.py
[1.520s] -- Up-to-date: /home/darkdemon/work/motor_control/install/dynamixel_workbench_msgs/local/lib/python3.10/dist-packages/dynamixel_workbench_msgs/msg/_dynamixel_state_s.c
[1.520s] -- Up-to-date: /home/darkdemon/work/motor_control/install/dynamixel_workbench_msgs/local/lib/python3.10/dist-packages/dynamixel_workbench_msgs/msg/_xm.py
[1.520s] -- Up-to-date: /home/darkdemon/work/motor_control/install/dynamixel_workbench_msgs/local/lib/python3.10/dist-packages/dynamixel_workbench_msgs/msg/_mx2_ext_s.c
[1.520s] -- Up-to-date: /home/darkdemon/work/motor_control/install/dynamixel_workbench_msgs/local/lib/python3.10/dist-packages/dynamixel_workbench_msgs/msg/_mx_ext_s.c
[1.520s] -- Up-to-date: /home/darkdemon/work/motor_control/install/dynamixel_workbench_msgs/local/lib/python3.10/dist-packages/dynamixel_workbench_msgs/msg/_ax_s.c
[1.520s] -- Up-to-date: /home/darkdemon/work/motor_control/install/dynamixel_workbench_msgs/local/lib/python3.10/dist-packages/dynamixel_workbench_msgs/msg/_ex_s.c
[1.520s] -- Up-to-date: /home/darkdemon/work/motor_control/install/dynamixel_workbench_msgs/local/lib/python3.10/dist-packages/dynamixel_workbench_msgs/msg/_pro_ext_s.c
[1.520s] -- Up-to-date: /home/darkdemon/work/motor_control/install/dynamixel_workbench_msgs/local/lib/python3.10/dist-packages/dynamixel_workbench_msgs/msg/_mx.py
[1.520s] -- Up-to-date: /home/darkdemon/work/motor_control/install/dynamixel_workbench_msgs/local/lib/python3.10/dist-packages/dynamixel_workbench_msgs/msg/_xl.py
[1.520s] -- Up-to-date: /home/darkdemon/work/motor_control/install/dynamixel_workbench_msgs/local/lib/python3.10/dist-packages/dynamixel_workbench_msgs/msg/_rx_s.c
[1.520s] -- Up-to-date: /home/darkdemon/work/motor_control/install/dynamixel_workbench_msgs/local/lib/python3.10/dist-packages/dynamixel_workbench_msgs/msg/_pro_s.c
[1.520s] -- Up-to-date: /home/darkdemon/work/motor_control/install/dynamixel_workbench_msgs/local/lib/python3.10/dist-packages/dynamixel_workbench_msgs/msg/_xh_s.c
[1.521s] -- Up-to-date: /home/darkdemon/work/motor_control/install/dynamixel_workbench_msgs/local/lib/python3.10/dist-packages/dynamixel_workbench_msgs/msg/_xl320_s.c
[1.521s] -- Up-to-date: /home/darkdemon/work/motor_control/install/dynamixel_workbench_msgs/local/lib/python3.10/dist-packages/dynamixel_workbench_msgs/msg/_xl320.py
[1.521s] -- Up-to-date: /home/darkdemon/work/motor_control/install/dynamixel_workbench_msgs/local/lib/python3.10/dist-packages/dynamixel_workbench_msgs/msg/_mx2_s.c
[1.521s] -- Up-to-date: /home/darkdemon/work/motor_control/install/dynamixel_workbench_msgs/local/lib/python3.10/dist-packages/dynamixel_workbench_msgs/msg/_pro_ext.py
[1.521s] -- Up-to-date: /home/darkdemon/work/motor_control/install/dynamixel_workbench_msgs/local/lib/python3.10/dist-packages/dynamixel_workbench_msgs/msg/_dynamixel_state.py
[1.521s] -- Up-to-date: /home/darkdemon/work/motor_control/install/dynamixel_workbench_msgs/local/lib/python3.10/dist-packages/dynamixel_workbench_msgs/msg/_ex.py
[1.522s] -- Up-to-date: /home/darkdemon/work/motor_control/install/dynamixel_workbench_msgs/local/lib/python3.10/dist-packages/dynamixel_workbench_msgs/msg/_mx2.py
[1.522s] -- Up-to-date: /home/darkdemon/work/motor_control/install/dynamixel_workbench_msgs/local/lib/python3.10/dist-packages/dynamixel_workbench_msgs/msg/_xm_ext_s.c
[1.522s] -- Up-to-date: /home/darkdemon/work/motor_control/install/dynamixel_workbench_msgs/local/lib/python3.10/dist-packages/dynamixel_workbench_msgs/msg/_xh.py
[1.522s] -- Up-to-date: /home/darkdemon/work/motor_control/install/dynamixel_workbench_msgs/local/lib/python3.10/dist-packages/dynamixel_workbench_msgs/msg/_dynamixel_info_s.c
[1.522s] -- Up-to-date: /home/darkdemon/work/motor_control/install/dynamixel_workbench_msgs/local/lib/python3.10/dist-packages/dynamixel_workbench_msgs/msg/_dynamixel_info.py
[1.522s] -- Up-to-date: /home/darkdemon/work/motor_control/install/dynamixel_workbench_msgs/local/lib/python3.10/dist-packages/dynamixel_workbench_msgs/msg/_mx_ext.py
[1.522s] -- Up-to-date: /home/darkdemon/work/motor_control/install/dynamixel_workbench_msgs/local/lib/python3.10/dist-packages/dynamixel_workbench_msgs/msg/_dynamixel_state_list.py
[1.523s] -- Up-to-date: /home/darkdemon/work/motor_control/install/dynamixel_workbench_msgs/local/lib/python3.10/dist-packages/dynamixel_workbench_msgs/msg/_mx_s.c
[1.523s] -- Up-to-date: /home/darkdemon/work/motor_control/install/dynamixel_workbench_msgs/local/lib/python3.10/dist-packages/dynamixel_workbench_msgs/_dynamixel_workbench_msgs_s.ep.rosidl_typesupport_introspection_c.c
[1.523s] -- Up-to-date: /home/darkdemon/work/motor_control/install/dynamixel_workbench_msgs/local/lib/python3.10/dist-packages/dynamixel_workbench_msgs/__init__.py
[1.523s] -- Up-to-date: /home/darkdemon/work/motor_control/install/dynamixel_workbench_msgs/local/lib/python3.10/dist-packages/dynamixel_workbench_msgs/srv
[1.523s] -- Up-to-date: /home/darkdemon/work/motor_control/install/dynamixel_workbench_msgs/local/lib/python3.10/dist-packages/dynamixel_workbench_msgs/srv/__init__.py
[1.523s] -- Up-to-date: /home/darkdemon/work/motor_control/install/dynamixel_workbench_msgs/local/lib/python3.10/dist-packages/dynamixel_workbench_msgs/srv/_get_dynamixel_info.py
[1.523s] -- Up-to-date: /home/darkdemon/work/motor_control/install/dynamixel_workbench_msgs/local/lib/python3.10/dist-packages/dynamixel_workbench_msgs/srv/_dynamixel_command_s.c
[1.523s] -- Up-to-date: /home/darkdemon/work/motor_control/install/dynamixel_workbench_msgs/local/lib/python3.10/dist-packages/dynamixel_workbench_msgs/srv/_get_dynamixel_info_s.c
[1.523s] -- Up-to-date: /home/darkdemon/work/motor_control/install/dynamixel_workbench_msgs/local/lib/python3.10/dist-packages/dynamixel_workbench_msgs/srv/_dynamixel_command.py
[1.524s] -- Up-to-date: /home/darkdemon/work/motor_control/install/dynamixel_workbench_msgs/local/lib/python3.10/dist-packages/dynamixel_workbench_msgs/dynamixel_workbench_msgs_s__rosidl_typesupport_c.cpython-310-x86_64-linux-gnu.so
[1.524s] -- Up-to-date: /home/darkdemon/work/motor_control/install/dynamixel_workbench_msgs/local/lib/python3.10/dist-packages/dynamixel_workbench_msgs/dynamixel_workbench_msgs_s__rosidl_typesupport_fastrtps_c.cpython-310-x86_64-linux-gnu.so
[1.527s] -- Up-to-date: /home/darkdemon/work/motor_control/install/dynamixel_workbench_msgs/local/lib/python3.10/dist-packages/dynamixel_workbench_msgs/_dynamixel_workbench_msgs_s.ep.rosidl_typesupport_c.c
[1.578s] Listing '/home/darkdemon/work/motor_control/install/dynamixel_workbench_msgs/local/lib/python3.10/dist-packages/dynamixel_workbench_msgs'...
[1.579s] Listing '/home/darkdemon/work/motor_control/install/dynamixel_workbench_msgs/local/lib/python3.10/dist-packages/dynamixel_workbench_msgs/msg'...
[1.579s] Listing '/home/darkdemon/work/motor_control/install/dynamixel_workbench_msgs/local/lib/python3.10/dist-packages/dynamixel_workbench_msgs/srv'...
[1.598s] -- Up-to-date: /home/darkdemon/work/motor_control/install/dynamixel_workbench_msgs/local/lib/python3.10/dist-packages/dynamixel_workbench_msgs/dynamixel_workbench_msgs_s__rosidl_typesupport_fastrtps_c.cpython-310-x86_64-linux-gnu.so
[1.601s] -- Up-to-date: /home/darkdemon/work/motor_control/install/dynamixel_workbench_msgs/local/lib/python3.10/dist-packages/dynamixel_workbench_msgs/dynamixel_workbench_msgs_s__rosidl_typesupport_introspection_c.cpython-310-x86_64-linux-gnu.so
[1.601s] -- Up-to-date: /home/darkdemon/work/motor_control/install/dynamixel_workbench_msgs/local/lib/python3.10/dist-packages/dynamixel_workbench_msgs/dynamixel_workbench_msgs_s__rosidl_typesupport_c.cpython-310-x86_64-linux-gnu.so
[1.605s] -- Up-to-date: /home/darkdemon/work/motor_control/install/dynamixel_workbench_msgs/lib/libdynamixel_workbench_msgs__rosidl_generator_py.so
[1.605s] -- Up-to-date: /home/darkdemon/work/motor_control/install/dynamixel_workbench_msgs/share/dynamixel_workbench_msgs/msg/AX.idl
[1.605s] -- Up-to-date: /home/darkdemon/work/motor_control/install/dynamixel_workbench_msgs/share/dynamixel_workbench_msgs/msg/EX.idl
[1.605s] -- Up-to-date: /home/darkdemon/work/motor_control/install/dynamixel_workbench_msgs/share/dynamixel_workbench_msgs/msg/MX.idl
[1.605s] -- Up-to-date: /home/darkdemon/work/motor_control/install/dynamixel_workbench_msgs/share/dynamixel_workbench_msgs/msg/MX2.idl
[1.605s] -- Up-to-date: /home/darkdemon/work/motor_control/install/dynamixel_workbench_msgs/share/dynamixel_workbench_msgs/msg/MX2Ext.idl
[1.605s] -- Up-to-date: /home/darkdemon/work/motor_control/install/dynamixel_workbench_msgs/share/dynamixel_workbench_msgs/msg/MXExt.idl
[1.605s] -- Up-to-date: /home/darkdemon/work/motor_control/install/dynamixel_workbench_msgs/share/dynamixel_workbench_msgs/msg/PRO.idl
[1.605s] -- Up-to-date: /home/darkdemon/work/motor_control/install/dynamixel_workbench_msgs/share/dynamixel_workbench_msgs/msg/PROExt.idl
[1.605s] -- Up-to-date: /home/darkdemon/work/motor_control/install/dynamixel_workbench_msgs/share/dynamixel_workbench_msgs/msg/RX.idl
[1.605s] -- Up-to-date: /home/darkdemon/work/motor_control/install/dynamixel_workbench_msgs/share/dynamixel_workbench_msgs/msg/XH.idl
[1.606s] -- Up-to-date: /home/darkdemon/work/motor_control/install/dynamixel_workbench_msgs/share/dynamixel_workbench_msgs/msg/XL.idl
[1.606s] -- Up-to-date: /home/darkdemon/work/motor_control/install/dynamixel_workbench_msgs/share/dynamixel_workbench_msgs/msg/XL320.idl
[1.607s] -- Up-to-date: /home/darkdemon/work/motor_control/install/dynamixel_workbench_msgs/share/dynamixel_workbench_msgs/msg/XM.idl
[1.607s] -- Up-to-date: /home/darkdemon/work/motor_control/install/dynamixel_workbench_msgs/share/dynamixel_workbench_msgs/msg/XMExt.idl
[1.607s] -- Up-to-date: /home/darkdemon/work/motor_control/install/dynamixel_workbench_msgs/share/dynamixel_workbench_msgs/msg/DynamixelState.idl
[1.607s] -- Up-to-date: /home/darkdemon/work/motor_control/install/dynamixel_workbench_msgs/share/dynamixel_workbench_msgs/msg/DynamixelStateList.idl
[1.607s] -- Up-to-date: /home/darkdemon/work/motor_control/install/dynamixel_workbench_msgs/share/dynamixel_workbench_msgs/msg/DynamixelInfo.idl
[1.607s] -- Up-to-date: /home/darkdemon/work/motor_control/install/dynamixel_workbench_msgs/share/dynamixel_workbench_msgs/msg/DynamixelLoadInfo.idl
[1.608s] -- Up-to-date: /home/darkdemon/work/motor_control/install/dynamixel_workbench_msgs/share/dynamixel_workbench_msgs/srv/GetDynamixelInfo.idl
[1.608s] -- Up-to-date: /home/darkdemon/work/motor_control/install/dynamixel_workbench_msgs/share/dynamixel_workbench_msgs/srv/DynamixelCommand.idl
[1.608s] -- Up-to-date: /home/darkdemon/work/motor_control/install/dynamixel_workbench_msgs/share/dynamixel_workbench_msgs/msg/AX.msg
[1.608s] -- Up-to-date: /home/darkdemon/work/motor_control/install/dynamixel_workbench_msgs/share/dynamixel_workbench_msgs/msg/EX.msg
[1.608s] -- Up-to-date: /home/darkdemon/work/motor_control/install/dynamixel_workbench_msgs/share/dynamixel_workbench_msgs/msg/MX.msg
[1.608s] -- Up-to-date: /home/darkdemon/work/motor_control/install/dynamixel_workbench_msgs/share/dynamixel_workbench_msgs/msg/MX2.msg
[1.608s] -- Up-to-date: /home/darkdemon/work/motor_control/install/dynamixel_workbench_msgs/share/dynamixel_workbench_msgs/msg/MX2Ext.msg
[1.608s] -- Up-to-date: /home/darkdemon/work/motor_control/install/dynamixel_workbench_msgs/share/dynamixel_workbench_msgs/msg/MXExt.msg
[1.608s] -- Up-to-date: /home/darkdemon/work/motor_control/install/dynamixel_workbench_msgs/share/dynamixel_workbench_msgs/msg/PRO.msg
[1.610s] -- Up-to-date: /home/darkdemon/work/motor_control/install/dynamixel_workbench_msgs/share/dynamixel_workbench_msgs/msg/PROExt.msg
[1.610s] -- Up-to-date: /home/darkdemon/work/motor_control/install/dynamixel_workbench_msgs/share/dynamixel_workbench_msgs/msg/RX.msg
[1.610s] -- Up-to-date: /home/darkdemon/work/motor_control/install/dynamixel_workbench_msgs/share/dynamixel_workbench_msgs/msg/XH.msg
[1.610s] -- Up-to-date: /home/darkdemon/work/motor_control/install/dynamixel_workbench_msgs/share/dynamixel_workbench_msgs/msg/XL.msg
[1.610s] -- Up-to-date: /home/darkdemon/work/motor_control/install/dynamixel_workbench_msgs/share/dynamixel_workbench_msgs/msg/XL320.msg
[1.610s] -- Up-to-date: /home/darkdemon/work/motor_control/install/dynamixel_workbench_msgs/share/dynamixel_workbench_msgs/msg/XM.msg
[1.610s] -- Up-to-date: /home/darkdemon/work/motor_control/install/dynamixel_workbench_msgs/share/dynamixel_workbench_msgs/msg/XMExt.msg
[1.611s] -- Up-to-date: /home/darkdemon/work/motor_control/install/dynamixel_workbench_msgs/share/dynamixel_workbench_msgs/msg/DynamixelState.msg
[1.611s] -- Up-to-date: /home/darkdemon/work/motor_control/install/dynamixel_workbench_msgs/share/dynamixel_workbench_msgs/msg/DynamixelStateList.msg
[1.612s] -- Up-to-date: /home/darkdemon/work/motor_control/install/dynamixel_workbench_msgs/share/dynamixel_workbench_msgs/msg/DynamixelInfo.msg
[1.612s] -- Up-to-date: /home/darkdemon/work/motor_control/install/dynamixel_workbench_msgs/share/dynamixel_workbench_msgs/msg/DynamixelLoadInfo.msg
[1.612s] -- Up-to-date: /home/darkdemon/work/motor_control/install/dynamixel_workbench_msgs/share/dynamixel_workbench_msgs/srv/GetDynamixelInfo.srv
[1.612s] -- Up-to-date: /home/darkdemon/work/motor_control/install/dynamixel_workbench_msgs/share/dynamixel_workbench_msgs/srv/GetDynamixelInfo_Request.msg
[1.612s] -- Up-to-date: /home/darkdemon/work/motor_control/install/dynamixel_workbench_msgs/share/dynamixel_workbench_msgs/srv/GetDynamixelInfo_Response.msg
[1.612s] -- Up-to-date: /home/darkdemon/work/motor_control/install/dynamixel_workbench_msgs/share/dynamixel_workbench_msgs/srv/DynamixelCommand.srv
[1.612s] -- Up-to-date: /home/darkdemon/work/motor_control/install/dynamixel_workbench_msgs/share/dynamixel_workbench_msgs/srv/DynamixelCommand_Request.msg
[1.612s] -- Up-to-date: /home/darkdemon/work/motor_control/install/dynamixel_workbench_msgs/share/dynamixel_workbench_msgs/srv/DynamixelCommand_Response.msg
[1.613s] -- Up-to-date: /home/darkdemon/work/motor_control/install/dynamixel_workbench_msgs/share/ament_index/resource_index/package_run_dependencies/dynamixel_workbench_msgs
[1.613s] -- Up-to-date: /home/darkdemon/work/motor_control/install/dynamixel_workbench_msgs/share/ament_index/resource_index/parent_prefix_path/dynamixel_workbench_msgs
[1.613s] -- Up-to-date: /home/darkdemon/work/motor_control/install/dynamixel_workbench_msgs/share/dynamixel_workbench_msgs/environment/ament_prefix_path.sh
[1.613s] -- Up-to-date: /home/darkdemon/work/motor_control/install/dynamixel_workbench_msgs/share/dynamixel_workbench_msgs/environment/ament_prefix_path.dsv
[1.613s] -- Up-to-date: /home/darkdemon/work/motor_control/install/dynamixel_workbench_msgs/share/dynamixel_workbench_msgs/environment/path.sh
[1.614s] -- Up-to-date: /home/darkdemon/work/motor_control/install/dynamixel_workbench_msgs/share/dynamixel_workbench_msgs/environment/path.dsv
[1.614s] -- Up-to-date: /home/darkdemon/work/motor_control/install/dynamixel_workbench_msgs/share/dynamixel_workbench_msgs/local_setup.bash
[1.615s] -- Up-to-date: /home/darkdemon/work/motor_control/install/dynamixel_workbench_msgs/share/dynamixel_workbench_msgs/local_setup.sh
[1.615s] -- Up-to-date: /home/darkdemon/work/motor_control/install/dynamixel_workbench_msgs/share/dynamixel_workbench_msgs/local_setup.zsh
[1.615s] -- Up-to-date: /home/darkdemon/work/motor_control/install/dynamixel_workbench_msgs/share/dynamixel_workbench_msgs/local_setup.dsv
[1.615s] -- Installing: /home/darkdemon/work/motor_control/install/dynamixel_workbench_msgs/share/dynamixel_workbench_msgs/package.dsv
[1.615s] -- Up-to-date: /home/darkdemon/work/motor_control/install/dynamixel_workbench_msgs/share/ament_index/resource_index/packages/dynamixel_workbench_msgs
[1.616s] -- Up-to-date: /home/darkdemon/work/motor_control/install/dynamixel_workbench_msgs/share/dynamixel_workbench_msgs/cmake/export_dynamixel_workbench_msgs__rosidl_generator_cExport.cmake
[1.616s] -- Up-to-date: /home/darkdemon/work/motor_control/install/dynamixel_workbench_msgs/share/dynamixel_workbench_msgs/cmake/export_dynamixel_workbench_msgs__rosidl_generator_cExport-noconfig.cmake
[1.616s] -- Up-to-date: /home/darkdemon/work/motor_control/install/dynamixel_workbench_msgs/share/dynamixel_workbench_msgs/cmake/export_dynamixel_workbench_msgs__rosidl_typesupport_fastrtps_cExport.cmake
[1.616s] -- Up-to-date: /home/darkdemon/work/motor_control/install/dynamixel_workbench_msgs/share/dynamixel_workbench_msgs/cmake/export_dynamixel_workbench_msgs__rosidl_typesupport_fastrtps_cExport-noconfig.cmake
[1.617s] -- Up-to-date: /home/darkdemon/work/motor_control/install/dynamixel_workbench_msgs/share/dynamixel_workbench_msgs/cmake/dynamixel_workbench_msgs__rosidl_typesupport_introspection_cExport.cmake
[1.617s] -- Up-to-date: /home/darkdemon/work/motor_control/install/dynamixel_workbench_msgs/share/dynamixel_workbench_msgs/cmake/dynamixel_workbench_msgs__rosidl_typesupport_introspection_cExport-noconfig.cmake
[1.617s] -- Up-to-date: /home/darkdemon/work/motor_control/install/dynamixel_workbench_msgs/share/dynamixel_workbench_msgs/cmake/dynamixel_workbench_msgs__rosidl_typesupport_cExport.cmake
[1.617s] -- Up-to-date: /home/darkdemon/work/motor_control/install/dynamixel_workbench_msgs/share/dynamixel_workbench_msgs/cmake/dynamixel_workbench_msgs__rosidl_typesupport_cExport-noconfig.cmake
[1.618s] -- Up-to-date: /home/darkdemon/work/motor_control/install/dynamixel_workbench_msgs/share/dynamixel_workbench_msgs/cmake/export_dynamixel_workbench_msgs__rosidl_generator_cppExport.cmake
[1.618s] -- Up-to-date: /home/darkdemon/work/motor_control/install/dynamixel_workbench_msgs/share/dynamixel_workbench_msgs/cmake/export_dynamixel_workbench_msgs__rosidl_typesupport_fastrtps_cppExport.cmake
[1.618s] -- Up-to-date: /home/darkdemon/work/motor_control/install/dynamixel_workbench_msgs/share/dynamixel_workbench_msgs/cmake/export_dynamixel_workbench_msgs__rosidl_typesupport_fastrtps_cppExport-noconfig.cmake
[1.619s] -- Up-to-date: /home/darkdemon/work/motor_control/install/dynamixel_workbench_msgs/share/dynamixel_workbench_msgs/cmake/dynamixel_workbench_msgs__rosidl_typesupport_introspection_cppExport.cmake
[1.619s] -- Up-to-date: /home/darkdemon/work/motor_control/install/dynamixel_workbench_msgs/share/dynamixel_workbench_msgs/cmake/dynamixel_workbench_msgs__rosidl_typesupport_introspection_cppExport-noconfig.cmake
[1.619s] -- Up-to-date: /home/darkdemon/work/motor_control/install/dynamixel_workbench_msgs/share/dynamixel_workbench_msgs/cmake/dynamixel_workbench_msgs__rosidl_typesupport_cppExport.cmake
[1.620s] -- Up-to-date: /home/darkdemon/work/motor_control/install/dynamixel_workbench_msgs/share/dynamixel_workbench_msgs/cmake/dynamixel_workbench_msgs__rosidl_typesupport_cppExport-noconfig.cmake
[1.620s] -- Up-to-date: /home/darkdemon/work/motor_control/install/dynamixel_workbench_msgs/share/dynamixel_workbench_msgs/cmake/export_dynamixel_workbench_msgs__rosidl_generator_pyExport.cmake
[1.620s] -- Up-to-date: /home/darkdemon/work/motor_control/install/dynamixel_workbench_msgs/share/dynamixel_workbench_msgs/cmake/export_dynamixel_workbench_msgs__rosidl_generator_pyExport-noconfig.cmake
[1.620s] -- Up-to-date: /home/darkdemon/work/motor_control/install/dynamixel_workbench_msgs/share/dynamixel_workbench_msgs/cmake/rosidl_cmake-extras.cmake
[1.621s] -- Up-to-date: /home/darkdemon/work/motor_control/install/dynamixel_workbench_msgs/share/dynamixel_workbench_msgs/cmake/ament_cmake_export_dependencies-extras.cmake
[1.621s] -- Up-to-date: /home/darkdemon/work/motor_control/install/dynamixel_workbench_msgs/share/dynamixel_workbench_msgs/cmake/ament_cmake_export_include_directories-extras.cmake
[1.621s] -- Up-to-date: /home/darkdemon/work/motor_control/install/dynamixel_workbench_msgs/share/dynamixel_workbench_msgs/cmake/ament_cmake_export_libraries-extras.cmake
[1.622s] -- Up-to-date: /home/darkdemon/work/motor_control/install/dynamixel_workbench_msgs/share/dynamixel_workbench_msgs/cmake/ament_cmake_export_targets-extras.cmake
[1.623s] -- Up-to-date: /home/darkdemon/work/motor_control/install/dynamixel_workbench_msgs/share/dynamixel_workbench_msgs/cmake/rosidl_cmake_export_typesupport_targets-extras.cmake
[1.623s] -- Up-to-date: /home/darkdemon/work/motor_control/install/dynamixel_workbench_msgs/share/dynamixel_workbench_msgs/cmake/rosidl_cmake_export_typesupport_libraries-extras.cmake
[1.623s] -- Up-to-date: /home/darkdemon/work/motor_control/install/dynamixel_workbench_msgs/share/dynamixel_workbench_msgs/cmake/dynamixel_workbench_msgsConfig.cmake
[1.623s] -- Up-to-date: /home/darkdemon/work/motor_control/install/dynamixel_workbench_msgs/share/dynamixel_workbench_msgs/cmake/dynamixel_workbench_msgsConfig-version.cmake
[1.624s] -- Up-to-date: /home/darkdemon/work/motor_control/install/dynamixel_workbench_msgs/share/dynamixel_workbench_msgs/package.xml
[1.634s] Invoked command in '/home/darkdemon/work/motor_control/build/dynamixel_workbench_msgs' returned '0': CMAKE_PREFIX_PATH=/home/darkdemon/work/motor_control/install/small_arm_moveit_cpp:/home/darkdemon/work/motor_control/install/small_arm_moveit_config:/home/darkdemon/work/motor_control/install/small_arm_description:/home/darkdemon/work/motor_control/install/realsense:/home/darkdemon/work/motor_control/install/python_moveit2:/opt/ros/humble:/home/darkdemon/work/motor_control/install/python_moveit_interface:/home/darkdemon/work/motor_control/install/dynamixel_workbench:/home/darkdemon/work/motor_control/install/dynamixel_hardware:/home/darkdemon/work/motor_control/install/dynamixel_workbench_toolbox:/home/darkdemon/work/motor_control/install/dynamixel_workbench_msgs /usr/bin/cmake --install /home/darkdemon/work/motor_control/build/dynamixel_workbench_msgs
