[0.945s] Invoking command in '/home/darkdemon/work/motor_control/build/small_arm_moveit_cpp': CMAKE_PREFIX_PATH=/home/darkdemon/work/motor_control/install/small_arm_moveit_cpp:/home/darkdemon/work/motor_control/install/small_arm_moveit_config:/home/darkdemon/work/motor_control/install/small_arm_description:/home/darkdemon/work/motor_control/install/visual:/home/darkdemon/work/motor_control/install/realsense:/home/darkdemon/work/motor_control/install/python_moveit2:/home/darkdemon/work/motor_control/install/map_tool:/home/darkdemon/work/motor_control/install/lidar_filter:/opt/ros/humble:/home/darkdemon/work/motor_control/install/python_moveit_interface:/home/darkdemon/work/motor_control/install/map_if:/home/darkdemon/work/motor_control/install/dynamixel_workbench:/home/darkdemon/work/motor_control/install/dynamixel_hardware:/home/darkdemon/work/motor_control/install/dynamixel_workbench_toolbox:/home/darkdemon/work/motor_control/install/dynamixel_workbench_msgs /usr/bin/cmake --build /home/darkdemon/work/motor_control/build/small_arm_moveit_cpp -- -j20 -l20
[0.991s] [35m[1mConsolidate compiler generated dependencies of target auto_pose_goal[0m
[1.002s] [ 20%] Built target ee_pose_in_base
[1.006s] [ 50%] Built target named_goal
[1.006s] [ 60%] Built target gripper_open
[1.007s] [ 80%] Built target manual_pose_topic
[1.012s] [ 90%] [32mBuilding CXX object CMakeFiles/auto_pose_goal.dir/src/auto_pose_goal.cpp.o[0m
[5.026s] [01m[K/home/darkdemon/work/motor_control/src/tb4_arm_ros2/small_arm_moveit_cpp/src/auto_pose_goal.cpp:46:36:[m[K [01;31m[Kerror: [m[K‘[01m[KString[m[K’ is not a member of ‘[01m[Kstd_msgs::msg[m[K’
[5.026s]    46 |   rclcpp::Publisher<std_msgs::msg::[01;31m[KString[m[K>::SharedPtr status_pub_;
[5.026s]       |                                    [01;31m[K^~~~~~[m[K
[5.026s] [01m[K/home/darkdemon/work/motor_control/src/tb4_arm_ros2/small_arm_moveit_cpp/src/auto_pose_goal.cpp:46:42:[m[K [01;31m[Kerror: [m[Ktemplate argument 1 is invalid
[5.026s]    46 |   rclcpp::Publisher<std_msgs::msg::String[01;31m[K>[m[K::SharedPtr status_pub_;
[5.026s]       |                                          [01;31m[K^[m[K
[5.035s] [01m[K/home/darkdemon/work/motor_control/src/tb4_arm_ros2/small_arm_moveit_cpp/src/auto_pose_goal.cpp:46:45:[m[K [01;31m[Kerror: [m[Kexpected ‘[01m[K;[m[K’ at end of member declaration
[5.035s]    46 |   rclcpp::Publisher<std_msgs::msg::String>::[01;31m[KSharedPtr[m[K status_pub_;
[5.035s]       |                                             [01;31m[K^~~~~~~~~[m[K
[5.035s]       |                                                      [32m[K;[m[K
[5.040s] [01m[K/home/darkdemon/work/motor_control/src/tb4_arm_ros2/small_arm_moveit_cpp/src/auto_pose_goal.cpp:46:55:[m[K [01;31m[Kerror: [m[K‘[01m[Kstatus_pub_[m[K’ does not name a type
[5.040s]    46 |   rclcpp::Publisher<std_msgs::msg::String>::SharedPtr [01;31m[Kstatus_pub_[m[K;
[5.040s]       |                                                       [01;31m[K^~~~~~~~~~~[m[K
[5.066s] [01m[K/home/darkdemon/work/motor_control/src/tb4_arm_ros2/small_arm_moveit_cpp/src/auto_pose_goal.cpp:[m[K In constructor ‘[01m[KAutoPoseService::AutoPoseService()[m[K’:
[5.066s] [01m[K/home/darkdemon/work/motor_control/src/tb4_arm_ros2/small_arm_moveit_cpp/src/auto_pose_goal.cpp:34:5:[m[K [01;31m[Kerror: [m[K‘[01m[Kstatus_pub_[m[K’ was not declared in this scope
[5.066s]    34 |     [01;31m[Kstatus_pub_[m[K = this->create_publisher<std_msgs::msg::String>("/auto_pose_status", 10);
[5.066s]       |     [01;31m[K^~~~~~~~~~~[m[K
[5.067s] [01m[K/home/darkdemon/work/motor_control/src/tb4_arm_ros2/small_arm_moveit_cpp/src/auto_pose_goal.cpp:34:57:[m[K [01;31m[Kerror: [m[K‘[01m[KString[m[K’ is not a member of ‘[01m[Kstd_msgs::msg[m[K’
[5.067s]    34 |     status_pub_ = this->create_publisher<std_msgs::msg::[01;31m[KString[m[K>("/auto_pose_status", 10);
[5.067s]       |                                                         [01;31m[K^~~~~~[m[K
[5.067s] [01m[K/home/darkdemon/work/motor_control/src/tb4_arm_ros2/small_arm_moveit_cpp/src/auto_pose_goal.cpp:34:64:[m[K [01;31m[Kerror: [m[Kno matching function for call to ‘[01m[KAutoPoseService::create_publisher<<expression error> >(const char [18], int)[m[K’
[5.067s]    34 |     status_pub_ = [01;31m[Kthis->create_publisher<std_msgs::msg::String>("/auto_pose_status", 10)[m[K;
[5.067s]       |                   [01;31m[K~~~~~~~~~~~~~~~~~~~~~~~~~~~~~~~~~~~~~~~~~~~~~^~~~~~~~~~~~~~~~~~~~~~~~~[m[K
[5.067s] In file included from [01m[K/opt/ros/humble/include/rclcpp/rclcpp/executors/single_threaded_executor.hpp:28[m[K,
[5.067s]                  from [01m[K/opt/ros/humble/include/rclcpp/rclcpp/executors.hpp:22[m[K,
[5.067s]                  from [01m[K/opt/ros/humble/include/rclcpp/rclcpp/rclcpp.hpp:155[m[K,
[5.067s]                  from [01m[K/home/darkdemon/work/motor_control/src/tb4_arm_ros2/small_arm_moveit_cpp/src/auto_pose_goal.cpp:3[m[K:
[5.067s] [01m[K/opt/ros/humble/include/rclcpp/rclcpp/node.hpp:195:3:[m[K [01;36m[Knote: [m[Kcandidate: ‘[01m[Ktemplate<class MessageT, class AllocatorT, class PublisherT> std::shared_ptr<PublisherT> rclcpp::Node::create_publisher(const string&, const rclcpp::QoS&, const rclcpp::PublisherOptionsWithAllocator<AllocatorT>&)[m[K’
[5.067s]   195 |   [01;36m[Kcreate_publisher[m[K(
[5.067s]       |   [01;36m[K^~~~~~~~~~~~~~~~[m[K
[5.067s] [01m[K/opt/ros/humble/include/rclcpp/rclcpp/node.hpp:195:3:[m[K [01;36m[Knote: [m[K  template argument deduction/substitution failed:
[5.067s] [01m[K/home/darkdemon/work/motor_control/src/tb4_arm_ros2/small_arm_moveit_cpp/src/auto_pose_goal.cpp:34:64:[m[K [01;31m[Kerror: [m[Ktemplate argument 1 is invalid
[5.067s]    34 |     status_pub_ = [01;31m[Kthis->create_publisher<std_msgs::msg::String>("/auto_pose_status", 10)[m[K;
[5.068s]       |                   [01;31m[K~~~~~~~~~~~~~~~~~~~~~~~~~~~~~~~~~~~~~~~~~~~~~^~~~~~~~~~~~~~~~~~~~~~~~~[m[K
[5.079s] [01m[K/home/darkdemon/work/motor_control/src/tb4_arm_ros2/small_arm_moveit_cpp/src/auto_pose_goal.cpp:[m[K In member function ‘[01m[Kvoid AutoPoseService::publish_status(const string&)[m[K’:
[5.079s] [01m[K/home/darkdemon/work/motor_control/src/tb4_arm_ros2/small_arm_moveit_cpp/src/auto_pose_goal.cpp:72:20:[m[K [01;31m[Kerror: [m[K‘[01m[KString[m[K’ is not a member of ‘[01m[Kstd_msgs::msg[m[K’
[5.079s]    72 |     std_msgs::msg::[01;31m[KString[m[K msg;
[5.079s]       |                    [01;31m[K^~~~~~[m[K
[5.081s] [01m[K/home/darkdemon/work/motor_control/src/tb4_arm_ros2/small_arm_moveit_cpp/src/auto_pose_goal.cpp:73:5:[m[K [01;31m[Kerror: [m[K‘[01m[Kmsg[m[K’ was not declared in this scope
[5.081s]    73 |     [01;31m[Kmsg[m[K.data = status;
[5.081s]       |     [01;31m[K^~~[m[K
[5.082s] [01m[K/home/darkdemon/work/motor_control/src/tb4_arm_ros2/small_arm_moveit_cpp/src/auto_pose_goal.cpp:73:5:[m[K [01;36m[Knote: [m[Ksuggested alternatives:
[5.082s] In file included from [01m[K/opt/ros/humble/include/builtin_interfaces/builtin_interfaces/msg/duration.hpp:7[m[K,
[5.082s]                  from [01m[K/opt/ros/humble/include/rclcpp/rclcpp/duration.hpp:20[m[K,
[5.082s]                  from [01m[K/opt/ros/humble/include/rclcpp/rclcpp/qos.hpp:20[m[K,
[5.083s]                  from [01m[K/opt/ros/humble/include/rclcpp/rclcpp/node_interfaces/node_graph_interface.hpp:32[m[K,
[5.083s]                  from [01m[K/opt/ros/humble/include/rclcpp/rclcpp/client.hpp:42[m[K,
[5.083s]                  from [01m[K/opt/ros/humble/include/rclcpp/rclcpp/callback_group.hpp:24[m[K,
[5.083s]                  from [01m[K/opt/ros/humble/include/rclcpp/rclcpp/any_executable.hpp:20[m[K,
[5.083s]                  from [01m[K/opt/ros/humble/include/rclcpp/rclcpp/memory_strategy.hpp:25[m[K,
[5.083s]                  from [01m[K/opt/ros/humble/include/rclcpp/rclcpp/memory_strategies.hpp:18[m[K,
[5.083s]                  from [01m[K/opt/ros/humble/include/rclcpp/rclcpp/executor_options.hpp:20[m[K,
[5.083s]                  from [01m[K/opt/ros/humble/include/rclcpp/rclcpp/executor.hpp:37[m[K,
[5.083s]                  from [01m[K/opt/ros/humble/include/rclcpp/rclcpp/executors/multi_threaded_executor.hpp:25[m[K,
[5.083s]                  from [01m[K/opt/ros/humble/include/rclcpp/rclcpp/executors.hpp:21[m[K,
[5.083s]                  from [01m[K/opt/ros/humble/include/rclcpp/rclcpp/rclcpp.hpp:155[m[K,
[5.083s]                  from [01m[K/home/darkdemon/work/motor_control/src/tb4_arm_ros2/small_arm_moveit_cpp/src/auto_pose_goal.cpp:3[m[K:
[5.083s] [01m[K/opt/ros/humble/include/builtin_interfaces/builtin_interfaces/msg/detail/duration__struct.hpp:27:11:[m[K [01;36m[Knote: [m[K  ‘[01m[Kbuiltin_interfaces::msg[m[K’
[5.084s]    27 | namespace [01;36m[Kmsg[m[K
[5.084s]       |           [01;36m[K^~~[m[K
[5.084s] In file included from [01m[K/opt/ros/humble/include/rcl_interfaces/rcl_interfaces/msg/set_parameters_result.hpp:7[m[K,
[5.084s]                  from [01m[K/opt/ros/humble/include/rclcpp/rclcpp/qos_overriding_options.hpp:28[m[K,
[5.084s]                  from [01m[K/opt/ros/humble/include/rclcpp/rclcpp/subscription_options.hpp:30[m[K,
[5.084s]                  from [01m[K/opt/ros/humble/include/rclcpp/rclcpp/subscription.hpp:45[m[K,
[5.084s]                  from [01m[K/opt/ros/humble/include/rclcpp/rclcpp/any_executable.hpp:25[m[K,
[5.084s]                  from [01m[K/opt/ros/humble/include/rclcpp/rclcpp/memory_strategy.hpp:25[m[K,
[5.084s]                  from [01m[K/opt/ros/humble/include/rclcpp/rclcpp/memory_strategies.hpp:18[m[K,
[5.084s]                  from [01m[K/opt/ros/humble/include/rclcpp/rclcpp/executor_options.hpp:20[m[K,
[5.084s]                  from [01m[K/opt/ros/humble/include/rclcpp/rclcpp/executor.hpp:37[m[K,
[5.084s]                  from [01m[K/opt/ros/humble/include/rclcpp/rclcpp/executors/multi_threaded_executor.hpp:25[m[K,
[5.084s]                  from [01m[K/opt/ros/humble/include/rclcpp/rclcpp/executors.hpp:21[m[K,
[5.084s]                  from [01m[K/opt/ros/humble/include/rclcpp/rclcpp/rclcpp.hpp:155[m[K,
[5.084s]                  from [01m[K/home/darkdemon/work/motor_control/src/tb4_arm_ros2/small_arm_moveit_cpp/src/auto_pose_goal.cpp:3[m[K:
[5.084s] [01m[K/opt/ros/humble/include/rcl_interfaces/rcl_interfaces/msg/detail/set_parameters_result__struct.hpp:27:11:[m[K [01;36m[Knote: [m[K  ‘[01m[Krcl_interfaces::msg[m[K’
[5.084s]    27 | namespace [01;36m[Kmsg[m[K
[5.084s]       |           [01;36m[K^~~[m[K
[5.084s] In file included from [01m[K/opt/ros/humble/include/statistics_msgs/statistics_msgs/msg/detail/metrics_message__struct.hpp:23[m[K,
[5.084s]                  from [01m[K/opt/ros/humble/include/statistics_msgs/statistics_msgs/msg/metrics_message.hpp:7[m[K,
[5.084s]                  from [01m[K/opt/ros/humble/include/libstatistics_collector/libstatistics_collector/collector/generate_statistics_message.hpp:21[m[K,
[5.084s]                  from [01m[K/opt/ros/humble/include/rclcpp/rclcpp/topic_statistics/subscription_topic_statistics.hpp:23[m[K,
[5.084s]                  from [01m[K/opt/ros/humble/include/rclcpp/rclcpp/subscription.hpp:50[m[K,
[5.084s]                  from [01m[K/opt/ros/humble/include/rclcpp/rclcpp/any_executable.hpp:25[m[K,
[5.085s]                  from [01m[K/opt/ros/humble/include/rclcpp/rclcpp/memory_strategy.hpp:25[m[K,
[5.085s]                  from [01m[K/opt/ros/humble/include/rclcpp/rclcpp/memory_strategies.hpp:18[m[K,
[5.085s]                  from [01m[K/opt/ros/humble/include/rclcpp/rclcpp/executor_options.hpp:20[m[K,
[5.085s]                  from [01m[K/opt/ros/humble/include/rclcpp/rclcpp/executor.hpp:37[m[K,
[5.085s]                  from [01m[K/opt/ros/humble/include/rclcpp/rclcpp/executors/multi_threaded_executor.hpp:25[m[K,
[5.085s]                  from [01m[K/opt/ros/humble/include/rclcpp/rclcpp/executors.hpp:21[m[K,
[5.085s]                  from [01m[K/opt/ros/humble/include/rclcpp/rclcpp/rclcpp.hpp:155[m[K,
[5.085s]                  from [01m[K/home/darkdemon/work/motor_control/src/tb4_arm_ros2/small_arm_moveit_cpp/src/auto_pose_goal.cpp:3[m[K:
[5.085s] [01m[K/opt/ros/humble/include/statistics_msgs/statistics_msgs/msg/detail/statistic_data_point__struct.hpp:27:11:[m[K [01;36m[Knote: [m[K  ‘[01m[Kstatistics_msgs::msg[m[K’
[5.085s]    27 | namespace [01;36m[Kmsg[m[K
[5.085s]       |           [01;36m[K^~~[m[K
[5.085s] In file included from [01m[K/opt/ros/humble/include/geometry_msgs/geometry_msgs/msg/detail/pose__struct.hpp:20[m[K,
[5.085s]                  from [01m[K/opt/ros/humble/include/geometry_msgs/geometry_msgs/msg/pose.hpp:7[m[K,
[5.085s]                  from [01m[K/home/darkdemon/work/motor_control/src/tb4_arm_ros2/small_arm_moveit_cpp/src/auto_pose_goal.cpp:4[m[K:
[5.085s] [01m[K/opt/ros/humble/include/geometry_msgs/geometry_msgs/msg/detail/point__struct.hpp:27:11:[m[K [01;36m[Knote: [m[K  ‘[01m[Kgeometry_msgs::msg[m[K’
[5.085s]    27 | namespace [01;36m[Kmsg[m[K
[5.085s]       |           [01;36m[K^~~[m[K
[5.085s] In file included from [01m[K/opt/ros/humble/include/moveit_msgs/moveit_msgs/msg/joint_limits.hpp:7[m[K,
[5.085s]                  from [01m[K/opt/ros/humble/include/moveit/robot_model/joint_model.h:44[m[K,
[5.085s]                  from [01m[K/opt/ros/humble/include/moveit/robot_model/joint_model_group.h:40[m[K,
[5.085s]                  from [01m[K/opt/ros/humble/include/moveit/robot_model/robot_model.h:45[m[K,
[5.085s]                  from [01m[K/opt/ros/humble/include/moveit/robot_state/robot_state.h:40[m[K,
[5.085s]                  from [01m[K/opt/ros/humble/include/moveit/move_group_interface/move_group_interface.h:41[m[K,
[5.085s]                  from [01m[K/home/darkdemon/work/motor_control/src/tb4_arm_ros2/small_arm_moveit_cpp/src/auto_pose_goal.cpp:5[m[K:
[5.086s] [01m[K/opt/ros/humble/include/moveit_msgs/moveit_msgs/msg/detail/joint_limits__struct.hpp:27:11:[m[K [01;36m[Knote: [m[K  ‘[01m[Kmoveit_msgs::msg[m[K’
[5.086s]    27 | namespace [01;36m[Kmsg[m[K
[5.086s]       |           [01;36m[K^~~[m[K
[5.086s] In file included from [01m[K/opt/ros/humble/include/geometry_msgs/geometry_msgs/msg/detail/transform_stamped__struct.hpp:20[m[K,
[5.086s]                  from [01m[K/opt/ros/humble/include/geometry_msgs/geometry_msgs/msg/transform_stamped.hpp:7[m[K,
[5.086s]                  from [01m[K/opt/ros/humble/include/moveit/transforms/transforms.h:39[m[K,
[5.086s]                  from [01m[K/opt/ros/humble/include/moveit/robot_state/attached_body.h:40[m[K,
[5.086s]                  from [01m[K/opt/ros/humble/include/moveit/robot_state/robot_state.h:41[m[K,
[5.086s]                  from [01m[K/opt/ros/humble/include/moveit/move_group_interface/move_group_interface.h:41[m[K,
[5.086s]                  from [01m[K/home/darkdemon/work/motor_control/src/tb4_arm_ros2/small_arm_moveit_cpp/src/auto_pose_goal.cpp:5[m[K:
[5.086s] [01m[K/opt/ros/humble/include/std_msgs/std_msgs/msg/detail/header__struct.hpp:31:11:[m[K [01;36m[Knote: [m[K  ‘[01m[Kstd_msgs::msg[m[K’
[5.086s]    31 | namespace [01;36m[Kmsg[m[K
[5.086s]       |           [01;36m[K^~~[m[K
[5.086s] In file included from [01m[K/opt/ros/humble/include/trajectory_msgs/trajectory_msgs/msg/detail/joint_trajectory__struct.hpp:22[m[K,
[5.086s]                  from [01m[K/opt/ros/humble/include/trajectory_msgs/trajectory_msgs/msg/joint_trajectory.hpp:7[m[K,
[5.086s]                  from [01m[K/opt/ros/humble/include/moveit/robot_state/attached_body.h:43[m[K,
[5.086s]                  from [01m[K/opt/ros/humble/include/moveit/robot_state/robot_state.h:41[m[K,
[5.086s]                  from [01m[K/opt/ros/humble/include/moveit/move_group_interface/move_group_interface.h:41[m[K,
[5.086s]                  from [01m[K/home/darkdemon/work/motor_control/src/tb4_arm_ros2/small_arm_moveit_cpp/src/auto_pose_goal.cpp:5[m[K:
[5.086s] [01m[K/opt/ros/humble/include/trajectory_msgs/trajectory_msgs/msg/detail/joint_trajectory_point__struct.hpp:31:11:[m[K [01;36m[Knote: [m[K  ‘[01m[Ktrajectory_msgs::msg[m[K’
[5.086s]    31 | namespace [01;36m[Kmsg[m[K
[5.086s]       |           [01;36m[K^~~[m[K
[5.086s] In file included from [01m[K/opt/ros/humble/include/sensor_msgs/sensor_msgs/msg/joint_state.hpp:7[m[K,
[5.086s]                  from [01m[K/opt/ros/humble/include/moveit/robot_state/robot_state.h:43[m[K,
[5.086s]                  from [01m[K/opt/ros/humble/include/moveit/move_group_interface/move_group_interface.h:41[m[K,
[5.086s]                  from [01m[K/home/darkdemon/work/motor_control/src/tb4_arm_ros2/small_arm_moveit_cpp/src/auto_pose_goal.cpp:5[m[K:
[5.086s] [01m[K/opt/ros/humble/include/sensor_msgs/sensor_msgs/msg/detail/joint_state__struct.hpp:31:11:[m[K [01;36m[Knote: [m[K  ‘[01m[Ksensor_msgs::msg[m[K’
[5.086s]    31 | namespace [01;36m[Kmsg[m[K
[5.086s]       |           [01;36m[K^~~[m[K
[5.086s] In file included from [01m[K/opt/ros/humble/include/visualization_msgs/visualization_msgs/msg/detail/marker__struct.hpp:35[m[K,
[5.086s]                  from [01m[K/opt/ros/humble/include/visualization_msgs/visualization_msgs/msg/detail/marker_array__struct.hpp:20[m[K,
[5.086s]                  from [01m[K/opt/ros/humble/include/visualization_msgs/visualization_msgs/msg/marker_array.hpp:7[m[K,
[5.087s]                  from [01m[K/opt/ros/humble/include/moveit/robot_state/robot_state.h:44[m[K,
[5.087s]                  from [01m[K/opt/ros/humble/include/moveit/move_group_interface/move_group_interface.h:41[m[K,
[5.087s]                  from [01m[K/home/darkdemon/work/motor_control/src/tb4_arm_ros2/small_arm_moveit_cpp/src/auto_pose_goal.cpp:5[m[K:
[5.087s] [01m[K/opt/ros/humble/include/visualization_msgs/visualization_msgs/msg/detail/uv_coordinate__struct.hpp:27:11:[m[K [01;36m[Knote: [m[K  ‘[01m[Kvisualization_msgs::msg[m[K’
[5.087s]    27 | namespace [01;36m[Kmsg[m[K
[5.087s]       |           [01;36m[K^~~[m[K
[5.087s] In file included from [01m[K/opt/ros/humble/include/moveit_msgs/moveit_msgs/msg/detail/collision_object__struct.hpp:28[m[K,
[5.087s]                  from [01m[K/opt/ros/humble/include/moveit_msgs/moveit_msgs/msg/detail/attached_collision_object__struct.hpp:20[m[K,
[5.087s]                  from [01m[K/opt/ros/humble/include/moveit_msgs/moveit_msgs/msg/detail/robot_state__struct.hpp:24[m[K,
[5.087s]                  from [01m[K/opt/ros/humble/include/moveit_msgs/moveit_msgs/msg/robot_state.hpp:7[m[K,
[5.087s]                  from [01m[K/opt/ros/humble/include/moveit/move_group_interface/move_group_interface.h:44[m[K,
[5.087s]                  from [01m[K/home/darkdemon/work/motor_control/src/tb4_arm_ros2/small_arm_moveit_cpp/src/auto_pose_goal.cpp:5[m[K:
[5.087s] [01m[K/opt/ros/humble/include/object_recognition_msgs/object_recognition_msgs/msg/detail/object_type__struct.hpp:27:11:[m[K [01;36m[Knote: [m[K  ‘[01m[Kobject_recognition_msgs::msg[m[K’
[5.087s]    27 | namespace [01;36m[Kmsg[m[K
[5.087s]       |           [01;36m[K^~~[m[K
[5.087s] In file included from [01m[K/opt/ros/humble/include/moveit_msgs/moveit_msgs/msg/detail/collision_object__struct.hpp:30[m[K,
[5.087s]                  from [01m[K/opt/ros/humble/include/moveit_msgs/moveit_msgs/msg/detail/attached_collision_object__struct.hpp:20[m[K,
[5.087s]                  from [01m[K/opt/ros/humble/include/moveit_msgs/moveit_msgs/msg/detail/robot_state__struct.hpp:24[m[K,
[5.087s]                  from [01m[K/opt/ros/humble/include/moveit_msgs/moveit_msgs/msg/robot_state.hpp:7[m[K,
[5.087s]                  from [01m[K/opt/ros/humble/include/moveit/move_group_interface/move_group_interface.h:44[m[K,
[5.087s]                  from [01m[K/home/darkdemon/work/motor_control/src/tb4_arm_ros2/small_arm_moveit_cpp/src/auto_pose_goal.cpp:5[m[K:
[5.087s] [01m[K/opt/ros/humble/include/shape_msgs/shape_msgs/msg/detail/solid_primitive__struct.hpp:31:11:[m[K [01;36m[Knote: [m[K  ‘[01m[Kshape_msgs::msg[m[K’
[5.087s]    31 | namespace [01;36m[Kmsg[m[K
[5.087s]       |           [01;36m[K^~~[m[K
[5.087s] In file included from [01m[K/opt/ros/humble/include/octomap_msgs/octomap_msgs/msg/detail/octomap_with_pose__struct.hpp:24[m[K,
[5.087s]                  from [01m[K/opt/ros/humble/include/moveit_msgs/moveit_msgs/msg/detail/planning_scene_world__struct.hpp:22[m[K,
[5.087s]                  from [01m[K/opt/ros/humble/include/moveit_msgs/moveit_msgs/msg/detail/planning_scene__struct.hpp:32[m[K,
[5.087s]                  from [01m[K/opt/ros/humble/include/moveit_msgs/moveit_msgs/msg/detail/planning_options__struct.hpp:20[m[K,
[5.087s]                  from [01m[K/opt/ros/humble/include/moveit_msgs/moveit_msgs/action/detail/move_group__struct.hpp:22[m[K,
[5.087s]                  from [01m[K/opt/ros/humble/include/moveit_msgs/moveit_msgs/action/move_group.hpp:7[m[K,
[5.087s]                  from [01m[K/opt/ros/humble/include/moveit/move_group_interface/move_group_interface.h:52[m[K,
[5.087s]                  from [01m[K/home/darkdemon/work/motor_control/src/tb4_arm_ros2/small_arm_moveit_cpp/src/auto_pose_goal.cpp:5[m[K:
[5.087s] [01m[K/opt/ros/humble/include/octomap_msgs/octomap_msgs/msg/detail/octomap__struct.hpp:31:11:[m[K [01;36m[Knote: [m[K  ‘[01m[Koctomap_msgs::msg[m[K’
[5.088s]    31 | namespace [01;36m[Kmsg[m[K
[5.088s]       |           [01;36m[K^~~[m[K
[5.088s] In file included from [01m[K/opt/ros/humble/include/moveit_msgs/moveit_msgs/action/detail/move_group__struct.hpp:439[m[K,
[5.088s]                  from [01m[K/opt/ros/humble/include/moveit_msgs/moveit_msgs/action/move_group.hpp:7[m[K,
[5.088s]                  from [01m[K/opt/ros/humble/include/moveit/move_group_interface/move_group_interface.h:52[m[K,
[5.088s]                  from [01m[K/home/darkdemon/work/motor_control/src/tb4_arm_ros2/small_arm_moveit_cpp/src/auto_pose_goal.cpp:5[m[K:
[5.088s] [01m[K/opt/ros/humble/include/unique_identifier_msgs/unique_identifier_msgs/msg/detail/uuid__struct.hpp:27:11:[m[K [01;36m[Knote: [m[K  ‘[01m[Kunique_identifier_msgs::msg[m[K’
[5.088s]    27 | namespace [01;36m[Kmsg[m[K
[5.088s]       |           [01;36m[K^~~[m[K
[5.088s] In file included from [01m[K/opt/ros/humble/include/action_msgs/action_msgs/srv/detail/cancel_goal__struct.hpp:20[m[K,
[5.088s]                  from [01m[K/opt/ros/humble/include/action_msgs/action_msgs/srv/cancel_goal.hpp:7[m[K,
[5.088s]                  from [01m[K/opt/ros/humble/include/moveit_msgs/moveit_msgs/action/detail/move_group__struct.hpp:1099[m[K,
[5.088s]                  from [01m[K/opt/ros/humble/include/moveit_msgs/moveit_msgs/action/move_group.hpp:7[m[K,
[5.088s]                  from [01m[K/opt/ros/humble/include/moveit/move_group_interface/move_group_interface.h:52[m[K,
[5.088s]                  from [01m[K/home/darkdemon/work/motor_control/src/tb4_arm_ros2/small_arm_moveit_cpp/src/auto_pose_goal.cpp:5[m[K:
[5.088s] [01m[K/opt/ros/humble/include/action_msgs/action_msgs/msg/detail/goal_info__struct.hpp:33:11:[m[K [01;36m[Knote: [m[K  ‘[01m[Kaction_msgs::msg[m[K’
[5.088s]    33 | namespace [01;36m[Kmsg[m[K
[5.088s]       |           [01;36m[K^~~[m[K
[5.094s] [01m[K/home/darkdemon/work/motor_control/src/tb4_arm_ros2/small_arm_moveit_cpp/src/auto_pose_goal.cpp:74:5:[m[K [01;31m[Kerror: [m[K‘[01m[Kstatus_pub_[m[K’ was not declared in this scope
[5.094s]    74 |     [01;31m[Kstatus_pub_[m[K->publish(msg);
[5.094s]       |     [01;31m[K^~~~~~~~~~~[m[K
[8.621s] gmake[2]: *** [CMakeFiles/auto_pose_goal.dir/build.make:76: CMakeFiles/auto_pose_goal.dir/src/auto_pose_goal.cpp.o] Error 1
[8.621s] gmake[1]: *** [CMakeFiles/Makefile2:171: CMakeFiles/auto_pose_goal.dir/all] Error 2
[8.621s] gmake: *** [Makefile:146: all] Error 2
[8.623s] Invoked command in '/home/darkdemon/work/motor_control/build/small_arm_moveit_cpp' returned '2': CMAKE_PREFIX_PATH=/home/darkdemon/work/motor_control/install/small_arm_moveit_cpp:/home/darkdemon/work/motor_control/install/small_arm_moveit_config:/home/darkdemon/work/motor_control/install/small_arm_description:/home/darkdemon/work/motor_control/install/visual:/home/darkdemon/work/motor_control/install/realsense:/home/darkdemon/work/motor_control/install/python_moveit2:/home/darkdemon/work/motor_control/install/map_tool:/home/darkdemon/work/motor_control/install/lidar_filter:/opt/ros/humble:/home/darkdemon/work/motor_control/install/python_moveit_interface:/home/darkdemon/work/motor_control/install/map_if:/home/darkdemon/work/motor_control/install/dynamixel_workbench:/home/darkdemon/work/motor_control/install/dynamixel_hardware:/home/darkdemon/work/motor_control/install/dynamixel_workbench_toolbox:/home/darkdemon/work/motor_control/install/dynamixel_workbench_msgs /usr/bin/cmake --build /home/darkdemon/work/motor_control/build/small_arm_moveit_cpp -- -j20 -l20
