[0.008s] Invoking command in '/home/darkdemon/work/motor_control/build/dynamixel_workbench': AMENT_PREFIX_PATH=/home/darkdemon/work/motor_control/install/dynamixel_workbench_toolbox:${AMENT_PREFIX_PATH} CMAKE_PREFIX_PATH=/home/darkdemon/work/motor_control/install/dynamixel_workbench_toolbox:/home/darkdemon/work/motor_control/install/python_moveit_interface:/opt/ros/humble LD_LIBRARY_PATH=/home/darkdemon/work/motor_control/install/dynamixel_workbench_toolbox/lib:${LD_LIBRARY_PATH} /usr/bin/cmake /home/darkdemon/work/motor_control/src/dynamixel-workbench/dynamixel_workbench -DCMAKE_INSTALL_PREFIX=/home/darkdemon/work/motor_control/install/dynamixel_workbench
[0.047s] -- The C compiler identification is GNU 11.4.0
[0.086s] -- The CXX compiler identification is GNU 11.4.0
[0.091s] -- Detecting C compiler ABI info
[0.172s] -- Detecting C compiler ABI info - done
[0.187s] -- Check for working C compiler: /usr/bin/cc - skipped
[0.187s] -- Detecting C compile features
[0.188s] -- Detecting C compile features - done
[0.190s] -- Detecting CXX compiler ABI info
[0.247s] -- Detecting CXX compiler ABI info - done
[0.252s] -- Check for working CXX compiler: /usr/bin/c++ - skipped
[0.252s] -- Detecting CXX compile features
[0.253s] -- Detecting CXX compile features - done
[0.255s] -- Found ament_cmake: 1.3.11 (/opt/ros/humble/share/ament_cmake/cmake)
[0.402s] -- Found Python3: /usr/bin/python3 (found version "3.10.12") found components: Interpreter 
[0.515s] -- Configuring done
[0.517s] -- Generating done
[0.518s] -- Build files have been written to: /home/darkdemon/work/motor_control/build/dynamixel_workbench
[0.522s] Invoked command in '/home/darkdemon/work/motor_control/build/dynamixel_workbench' returned '0': AMENT_PREFIX_PATH=/home/darkdemon/work/motor_control/install/dynamixel_workbench_toolbox:${AMENT_PREFIX_PATH} CMAKE_PREFIX_PATH=/home/darkdemon/work/motor_control/install/dynamixel_workbench_toolbox:/home/darkdemon/work/motor_control/install/python_moveit_interface:/opt/ros/humble LD_LIBRARY_PATH=/home/darkdemon/work/motor_control/install/dynamixel_workbench_toolbox/lib:${LD_LIBRARY_PATH} /usr/bin/cmake /home/darkdemon/work/motor_control/src/dynamixel-workbench/dynamixel_workbench -DCMAKE_INSTALL_PREFIX=/home/darkdemon/work/motor_control/install/dynamixel_workbench
[0.523s] Invoking command in '/home/darkdemon/work/motor_control/build/dynamixel_workbench': AMENT_PREFIX_PATH=/home/darkdemon/work/motor_control/install/dynamixel_workbench_toolbox:${AMENT_PREFIX_PATH} CMAKE_PREFIX_PATH=/home/darkdemon/work/motor_control/install/dynamixel_workbench_toolbox:/home/darkdemon/work/motor_control/install/python_moveit_interface:/opt/ros/humble LD_LIBRARY_PATH=/home/darkdemon/work/motor_control/install/dynamixel_workbench_toolbox/lib:${LD_LIBRARY_PATH} /usr/bin/cmake --build /home/darkdemon/work/motor_control/build/dynamixel_workbench -- -j20 -l20
[0.549s] Invoked command in '/home/darkdemon/work/motor_control/build/dynamixel_workbench' returned '0': AMENT_PREFIX_PATH=/home/darkdemon/work/motor_control/install/dynamixel_workbench_toolbox:${AMENT_PREFIX_PATH} CMAKE_PREFIX_PATH=/home/darkdemon/work/motor_control/install/dynamixel_workbench_toolbox:/home/darkdemon/work/motor_control/install/python_moveit_interface:/opt/ros/humble LD_LIBRARY_PATH=/home/darkdemon/work/motor_control/install/dynamixel_workbench_toolbox/lib:${LD_LIBRARY_PATH} /usr/bin/cmake --build /home/darkdemon/work/motor_control/build/dynamixel_workbench -- -j20 -l20
[0.551s] Invoking command in '/home/darkdemon/work/motor_control/build/dynamixel_workbench': AMENT_PREFIX_PATH=/home/darkdemon/work/motor_control/install/dynamixel_workbench_toolbox:${AMENT_PREFIX_PATH} CMAKE_PREFIX_PATH=/home/darkdemon/work/motor_control/install/dynamixel_workbench_toolbox:/home/darkdemon/work/motor_control/install/python_moveit_interface:/opt/ros/humble LD_LIBRARY_PATH=/home/darkdemon/work/motor_control/install/dynamixel_workbench_toolbox/lib:${LD_LIBRARY_PATH} /usr/bin/cmake --install /home/darkdemon/work/motor_control/build/dynamixel_workbench
[0.555s] -- Install configuration: ""
[0.555s] -- Installing: /home/darkdemon/work/motor_control/install/dynamixel_workbench/share/ament_index/resource_index/package_run_dependencies/dynamixel_workbench
[0.555s] -- Installing: /home/darkdemon/work/motor_control/install/dynamixel_workbench/share/ament_index/resource_index/parent_prefix_path/dynamixel_workbench
[0.555s] -- Installing: /home/darkdemon/work/motor_control/install/dynamixel_workbench/share/dynamixel_workbench/environment/ament_prefix_path.sh
[0.555s] -- Installing: /home/darkdemon/work/motor_control/install/dynamixel_workbench/share/dynamixel_workbench/environment/ament_prefix_path.dsv
[0.555s] -- Installing: /home/darkdemon/work/motor_control/install/dynamixel_workbench/share/dynamixel_workbench/environment/path.sh
[0.556s] -- Installing: /home/darkdemon/work/motor_control/install/dynamixel_workbench/share/dynamixel_workbench/environment/path.dsv
[0.556s] -- Installing: /home/darkdemon/work/motor_control/install/dynamixel_workbench/share/dynamixel_workbench/local_setup.bash
[0.556s] -- Installing: /home/darkdemon/work/motor_control/install/dynamixel_workbench/share/dynamixel_workbench/local_setup.sh
[0.556s] -- Installing: /home/darkdemon/work/motor_control/install/dynamixel_workbench/share/dynamixel_workbench/local_setup.zsh
[0.556s] -- Installing: /home/darkdemon/work/motor_control/install/dynamixel_workbench/share/dynamixel_workbench/local_setup.dsv
[0.556s] -- Installing: /home/darkdemon/work/motor_control/install/dynamixel_workbench/share/dynamixel_workbench/package.dsv
[0.556s] -- Installing: /home/darkdemon/work/motor_control/install/dynamixel_workbench/share/ament_index/resource_index/packages/dynamixel_workbench
[0.556s] -- Installing: /home/darkdemon/work/motor_control/install/dynamixel_workbench/share/dynamixel_workbench/cmake/dynamixel_workbenchConfig.cmake
[0.556s] -- Installing: /home/darkdemon/work/motor_control/install/dynamixel_workbench/share/dynamixel_workbench/cmake/dynamixel_workbenchConfig-version.cmake
[0.556s] -- Installing: /home/darkdemon/work/motor_control/install/dynamixel_workbench/share/dynamixel_workbench/package.xml
[0.558s] Invoked command in '/home/darkdemon/work/motor_control/build/dynamixel_workbench' returned '0': AMENT_PREFIX_PATH=/home/darkdemon/work/motor_control/install/dynamixel_workbench_toolbox:${AMENT_PREFIX_PATH} CMAKE_PREFIX_PATH=/home/darkdemon/work/motor_control/install/dynamixel_workbench_toolbox:/home/darkdemon/work/motor_control/install/python_moveit_interface:/opt/ros/humble LD_LIBRARY_PATH=/home/darkdemon/work/motor_control/install/dynamixel_workbench_toolbox/lib:${LD_LIBRARY_PATH} /usr/bin/cmake --install /home/darkdemon/work/motor_control/build/dynamixel_workbench
