[0.609s] Invoking command in '/home/darkdemon/work/motor_control/src/realsense': PYTHONPATH=/home/darkdemon/work/motor_control/build/realsense/prefix_override:/usr/lib/python3/dist-packages/colcon_core/task/python/colcon_distutils_commands:/home/darkdemon/work/motor_control/install/realsense/lib/python3.10/site-packages:${PYTHONPATH} /usr/bin/python3 -W ignore:setup.py install is deprecated -W ignore:easy_install command is deprecated setup.py egg_info --egg-base ../../build/realsense build --build-base /home/darkdemon/work/motor_control/build/realsense/build install --record /home/darkdemon/work/motor_control/build/realsense/install.log --single-version-externally-managed install_data
[0.758s] running egg_info
[0.758s] writing ../../build/realsense/realsense.egg-info/PKG-INFO
[0.758s] writing dependency_links to ../../build/realsense/realsense.egg-info/dependency_links.txt
[0.758s] writing entry points to ../../build/realsense/realsense.egg-info/entry_points.txt
[0.758s] writing requirements to ../../build/realsense/realsense.egg-info/requires.txt
[0.758s] writing top-level names to ../../build/realsense/realsense.egg-info/top_level.txt
[0.759s] reading manifest file '../../build/realsense/realsense.egg-info/SOURCES.txt'
[0.760s] writing manifest file '../../build/realsense/realsense.egg-info/SOURCES.txt'
[0.760s] running build
[0.760s] running build_py
[0.760s] copying realsense/depth_calculate.py -> /home/darkdemon/work/motor_control/build/realsense/build/lib/realsense
[0.760s] copying realsense/paddleorc.py -> /home/darkdemon/work/motor_control/build/realsense/build/lib/realsense
[0.761s] copying realsense/visiual.py -> /home/darkdemon/work/motor_control/build/realsense/build/lib/realsense
[0.761s] running install
[0.761s] running install_lib
[0.761s] copying /home/darkdemon/work/motor_control/build/realsense/build/lib/realsense/depth_calculate.py -> /home/darkdemon/work/motor_control/install/realsense/lib/python3.10/site-packages/realsense
[0.761s] copying /home/darkdemon/work/motor_control/build/realsense/build/lib/realsense/paddleorc.py -> /home/darkdemon/work/motor_control/install/realsense/lib/python3.10/site-packages/realsense
[0.761s] copying /home/darkdemon/work/motor_control/build/realsense/build/lib/realsense/visiual.py -> /home/darkdemon/work/motor_control/install/realsense/lib/python3.10/site-packages/realsense
[0.762s] byte-compiling /home/darkdemon/work/motor_control/install/realsense/lib/python3.10/site-packages/realsense/depth_calculate.py to depth_calculate.cpython-310.pyc
[0.762s] byte-compiling /home/darkdemon/work/motor_control/install/realsense/lib/python3.10/site-packages/realsense/paddleorc.py to paddleorc.cpython-310.pyc
[0.763s] byte-compiling /home/darkdemon/work/motor_control/install/realsense/lib/python3.10/site-packages/realsense/visiual.py to visiual.cpython-310.pyc
[0.764s] running install_data
[0.764s] running install_egg_info
[0.766s] removing '/home/darkdemon/work/motor_control/install/realsense/lib/python3.10/site-packages/realsense-0.0.1-py3.10.egg-info' (and everything under it)
[0.766s] Copying ../../build/realsense/realsense.egg-info to /home/darkdemon/work/motor_control/install/realsense/lib/python3.10/site-packages/realsense-0.0.1-py3.10.egg-info
[0.766s] running install_scripts
[0.781s] Installing box_edge_detect script to /home/darkdemon/work/motor_control/install/realsense/lib/realsense
[0.782s] Installing color_detect script to /home/darkdemon/work/motor_control/install/realsense/lib/realsense
[0.782s] Installing color_range script to /home/darkdemon/work/motor_control/install/realsense/lib/realsense
[0.782s] Installing depth_calculate script to /home/darkdemon/work/motor_control/install/realsense/lib/realsense
[0.782s] Installing paddleorc script to /home/darkdemon/work/motor_control/install/realsense/lib/realsense
[0.782s] Installing realsense_read script to /home/darkdemon/work/motor_control/install/realsense/lib/realsense
[0.782s] Installing visual script to /home/darkdemon/work/motor_control/install/realsense/lib/realsense
[0.782s] Installing yolo_number_detect script to /home/darkdemon/work/motor_control/install/realsense/lib/realsense
[0.782s] writing list of installed files to '/home/darkdemon/work/motor_control/build/realsense/install.log'
[0.805s] Invoked command in '/home/darkdemon/work/motor_control/src/realsense' returned '0': PYTHONPATH=/home/darkdemon/work/motor_control/build/realsense/prefix_override:/usr/lib/python3/dist-packages/colcon_core/task/python/colcon_distutils_commands:/home/darkdemon/work/motor_control/install/realsense/lib/python3.10/site-packages:${PYTHONPATH} /usr/bin/python3 -W ignore:setup.py install is deprecated -W ignore:easy_install command is deprecated setup.py egg_info --egg-base ../../build/realsense build --build-base /home/darkdemon/work/motor_control/build/realsense/build install --record /home/darkdemon/work/motor_control/build/realsense/install.log --single-version-externally-managed install_data
