[0.206s] Invoking command in '/home/darkdemon/work/motor_control/build/python_moveit_interface': CMAKE_PREFIX_PATH=${CMAKE_PREFIX_PATH}:/home/darkdemon/work/motor_control/install/realsense:/home/darkdemon/work/motor_control/install/python_moveit2:/opt/ros/humble /usr/bin/cmake --build /home/darkdemon/work/motor_control/build/python_moveit_interface -- -j20 -l20
[0.396s] Invoked command in '/home/darkdemon/work/motor_control/build/python_moveit_interface' returned '0': CMAKE_PREFIX_PATH=${CMAKE_PREFIX_PATH}:/home/darkdemon/work/motor_control/install/realsense:/home/darkdemon/work/motor_control/install/python_moveit2:/opt/ros/humble /usr/bin/cmake --build /home/darkdemon/work/motor_control/build/python_moveit_interface -- -j20 -l20
[0.396s] Invoking command in '/home/darkdemon/work/motor_control/build/python_moveit_interface': CMAKE_PREFIX_PATH=${CMAKE_PREFIX_PATH}:/home/darkdemon/work/motor_control/install/realsense:/home/darkdemon/work/motor_control/install/python_moveit2:/opt/ros/humble /usr/bin/cmake --install /home/darkdemon/work/motor_control/build/python_moveit_interface
[0.407s] -- Install configuration: ""
[0.408s] -- Up-to-date: /home/darkdemon/work/motor_control/install/python_moveit_interface/share/ament_index/resource_index/package_run_dependencies/python_moveit_interface
[0.409s] -- Up-to-date: /home/darkdemon/work/motor_control/install/python_moveit_interface/share/ament_index/resource_index/parent_prefix_path/python_moveit_interface
[0.410s] -- Up-to-date: /home/darkdemon/work/motor_control/install/python_moveit_interface/share/python_moveit_interface/environment/ament_prefix_path.sh
[0.410s] -- Up-to-date: /home/darkdemon/work/motor_control/install/python_moveit_interface/share/python_moveit_interface/environment/ament_prefix_path.dsv
[0.410s] -- Up-to-date: /home/darkdemon/work/motor_control/install/python_moveit_interface/share/python_moveit_interface/environment/path.sh
[0.410s] -- Up-to-date: /home/darkdemon/work/motor_control/install/python_moveit_interface/share/python_moveit_interface/environment/path.dsv
[0.410s] -- Up-to-date: /home/darkdemon/work/motor_control/install/python_moveit_interface/share/python_moveit_interface/local_setup.bash
[0.410s] -- Up-to-date: /home/darkdemon/work/motor_control/install/python_moveit_interface/share/python_moveit_interface/local_setup.sh
[0.410s] -- Up-to-date: /home/darkdemon/work/motor_control/install/python_moveit_interface/share/python_moveit_interface/local_setup.zsh
[0.410s] -- Up-to-date: /home/darkdemon/work/motor_control/install/python_moveit_interface/share/python_moveit_interface/local_setup.dsv
[0.410s] -- Installing: /home/darkdemon/work/motor_control/install/python_moveit_interface/share/python_moveit_interface/package.dsv
[0.410s] -- Up-to-date: /home/darkdemon/work/motor_control/install/python_moveit_interface/share/ament_index/resource_index/packages/python_moveit_interface
[0.410s] -- Up-to-date: /home/darkdemon/work/motor_control/install/python_moveit_interface/share/python_moveit_interface/cmake/python_moveit_interfaceConfig.cmake
[0.410s] -- Up-to-date: /home/darkdemon/work/motor_control/install/python_moveit_interface/share/python_moveit_interface/cmake/python_moveit_interfaceConfig-version.cmake
[0.410s] -- Up-to-date: /home/darkdemon/work/motor_control/install/python_moveit_interface/share/python_moveit_interface/package.xml
[0.421s] Invoked command in '/home/darkdemon/work/motor_control/build/python_moveit_interface' returned '0': CMAKE_PREFIX_PATH=${CMAKE_PREFIX_PATH}:/home/darkdemon/work/motor_control/install/realsense:/home/darkdemon/work/motor_control/install/python_moveit2:/opt/ros/humble /usr/bin/cmake --install /home/darkdemon/work/motor_control/build/python_moveit_interface
