[0.236s] Invoking command in '/home/darkdemon/work/motor_control/build/small_arm_moveit_cpp': CMAKE_PREFIX_PATH=/opt/ros/humble /usr/bin/cmake --build /home/darkdemon/work/motor_control/build/small_arm_moveit_cpp -- -j20 -l20
[0.253s] -- Found ament_cmake: 1.3.11 (/opt/ros/humble/share/ament_cmake/cmake)
[0.330s] -- Found moveit_ros_planning_interface: 2.5.8 (/opt/ros/humble/share/moveit_ros_planning_interface/cmake)
[0.337s] -- Found Boost: /usr/lib/x86_64-linux-gnu/cmake/Boost-1.74.0/BoostConfig.cmake (found version "1.74.0") found components: date_time filesystem program_options system thread 
[0.351s] -- Found rosidl_generator_c: 3.1.6 (/opt/ros/humble/share/rosidl_generator_c/cmake)
[0.352s] -- Found rosidl_adapter: 3.1.6 (/opt/ros/humble/share/rosidl_adapter/cmake)
[0.355s] -- Found rosidl_generator_cpp: 3.1.6 (/opt/ros/humble/share/rosidl_generator_cpp/cmake)
[0.360s] -- Using all available rosidl_typesupport_c: rosidl_typesupport_fastrtps_c;rosidl_typesupport_introspection_c
[0.367s] -- Using all available rosidl_typesupport_cpp: rosidl_typesupport_fastrtps_cpp;rosidl_typesupport_introspection_cpp
[0.463s] -- Found Boost: /usr/lib/x86_64-linux-gnu/cmake/Boost-1.74.0/BoostConfig.cmake (found version "1.74.0") found components: chrono date_time filesystem iostreams program_options regex serialization system thread 
[0.476s] -- Found parameter_traits: 0.4.0 (/opt/ros/humble/share/parameter_traits/cmake)
[0.492s] -- Found rmw_implementation_cmake: 6.1.2 (/opt/ros/humble/share/rmw_implementation_cmake/cmake)
[0.493s] -- Found rmw_cyclonedds_cpp: 1.3.4 (/opt/ros/humble/share/rmw_cyclonedds_cpp/cmake)
[0.504s] -- Using RMW implementation 'rmw_cyclonedds_cpp' as default
[0.537s] -- Found rclcpp_lifecycle: 16.0.12 (/opt/ros/humble/share/rclcpp_lifecycle/cmake)
[0.549s] -- Found Boost: /usr/lib/x86_64-linux-gnu/cmake/Boost-1.74.0/BoostConfig.cmake (found version "1.74.0") found components: filesystem 
[0.567s] -- library: /usr/lib/x86_64-linux-gnu/libcurl.so
[0.582s] -- Ensuring Eigen3 include directory is part of orocos-kdl CMake target
[0.651s] -- Found Boost: /usr/lib/x86_64-linux-gnu/cmake/Boost-1.74.0/BoostConfig.cmake (found version "1.74.0") found components: system filesystem date_time program_options thread chrono 
[0.668s] -- Found Boost: /usr/lib/x86_64-linux-gnu/cmake/Boost-1.74.0/BoostConfig.cmake (found version "1.74.0") found components: thread system filesystem regex date_time program_options 
[0.685s] -- Found Boost: /usr/lib/x86_64-linux-gnu/cmake/Boost-1.74.0/BoostConfig.cmake (found version "1.74.0") found components: system filesystem date_time program_options thread 
[0.709s] [31mCMake Error at CMakeLists.txt:48 (find_package):
[0.709s]   By not providing "Findament_lint_auto.cmake" in CMAKE_MODULE_PATH this
[0.709s]   project has asked CMake to find a package configuration file provided by
[0.709s]   "ament_lint_auto", but CMake did not find one.
[0.709s] 
[0.709s]   Could not find a package configuration file provided by "ament_lint_auto"
[0.709s]   with any of the following names:
[0.709s] 
[0.709s]     ament_lint_autoConfig.cmake
[0.709s]     ament_lint_auto-config.cmake
[0.709s] 
[0.709s]   Add the installation prefix of "ament_lint_auto" to CMAKE_PREFIX_PATH or
[0.709s]   set "ament_lint_auto_DIR" to a directory containing one of the above files.
[0.709s]   If "ament_lint_auto" provides a separate development package or SDK, be
[0.709s]   sure it has been installed.
[0.709s] 
[0.709s] [0m
[0.709s] -- Configuring incomplete, errors occurred!
[0.709s] See also "/home/darkdemon/work/motor_control/build/small_arm_moveit_cpp/CMakeFiles/CMakeOutput.log".
[0.715s] gmake: *** [Makefile:390: cmake_check_build_system] Error 1
