[0.042s] Invoking command in '/home/darkdemon/work/motor_control/build/dynamixel_hardware': AMENT_PREFIX_PATH=/home/darkdemon/work/motor_control/install/dynamixel_workbench_toolbox:${AMENT_PREFIX_PATH} CMAKE_PREFIX_PATH=/home/darkdemon/work/motor_control/install/dynamixel_workbench_toolbox:/opt/ros/humble LD_LIBRARY_PATH=/home/darkdemon/work/motor_control/install/dynamixel_workbench_toolbox/lib:${LD_LIBRARY_PATH} /usr/bin/cmake --build /home/darkdemon/work/motor_control/build/dynamixel_hardware -- -j20 -l20
[0.095s] [100%] Built target dynamixel_hardware
[0.103s] Invoked command in '/home/darkdemon/work/motor_control/build/dynamixel_hardware' returned '0': AMENT_PREFIX_PATH=/home/darkdemon/work/motor_control/install/dynamixel_workbench_toolbox:${AMENT_PREFIX_PATH} CMAKE_PREFIX_PATH=/home/darkdemon/work/motor_control/install/dynamixel_workbench_toolbox:/opt/ros/humble LD_LIBRARY_PATH=/home/darkdemon/work/motor_control/install/dynamixel_workbench_toolbox/lib:${LD_LIBRARY_PATH} /usr/bin/cmake --build /home/darkdemon/work/motor_control/build/dynamixel_hardware -- -j20 -l20
[0.105s] Invoking command in '/home/darkdemon/work/motor_control/build/dynamixel_hardware': AMENT_PREFIX_PATH=/home/darkdemon/work/motor_control/install/dynamixel_workbench_toolbox:${AMENT_PREFIX_PATH} CMAKE_PREFIX_PATH=/home/darkdemon/work/motor_control/install/dynamixel_workbench_toolbox:/opt/ros/humble LD_LIBRARY_PATH=/home/darkdemon/work/motor_control/install/dynamixel_workbench_toolbox/lib:${LD_LIBRARY_PATH} /usr/bin/cmake --install /home/darkdemon/work/motor_control/build/dynamixel_hardware
[0.111s] -- Install configuration: ""
[0.111s] -- Up-to-date: /home/darkdemon/work/motor_control/install/dynamixel_hardware/share/dynamixel_hardware/dynamixel_hardware.xml
[0.111s] -- Up-to-date: /home/darkdemon/work/motor_control/install/dynamixel_hardware/lib/libdynamixel_hardware.so
[0.111s] -- Up-to-date: /home/darkdemon/work/motor_control/install/dynamixel_hardware/include
[0.111s] -- Up-to-date: /home/darkdemon/work/motor_control/install/dynamixel_hardware/include/dynamixel_hardware
[0.112s] -- Up-to-date: /home/darkdemon/work/motor_control/install/dynamixel_hardware/include/dynamixel_hardware/dynamixel_hardware.hpp
[0.112s] -- Up-to-date: /home/darkdemon/work/motor_control/install/dynamixel_hardware/include/dynamixel_hardware/visiblity_control.h
[0.112s] -- Up-to-date: /home/darkdemon/work/motor_control/install/dynamixel_hardware/share/dynamixel_hardware/environment/library_path.sh
[0.112s] -- Up-to-date: /home/darkdemon/work/motor_control/install/dynamixel_hardware/share/dynamixel_hardware/environment/library_path.dsv
[0.112s] -- Up-to-date: /home/darkdemon/work/motor_control/install/dynamixel_hardware/share/ament_index/resource_index/package_run_dependencies/dynamixel_hardware
[0.112s] -- Up-to-date: /home/darkdemon/work/motor_control/install/dynamixel_hardware/share/ament_index/resource_index/parent_prefix_path/dynamixel_hardware
[0.112s] -- Up-to-date: /home/darkdemon/work/motor_control/install/dynamixel_hardware/share/dynamixel_hardware/environment/ament_prefix_path.sh
[0.112s] -- Up-to-date: /home/darkdemon/work/motor_control/install/dynamixel_hardware/share/dynamixel_hardware/environment/ament_prefix_path.dsv
[0.112s] -- Up-to-date: /home/darkdemon/work/motor_control/install/dynamixel_hardware/share/dynamixel_hardware/environment/path.sh
[0.112s] -- Up-to-date: /home/darkdemon/work/motor_control/install/dynamixel_hardware/share/dynamixel_hardware/environment/path.dsv
[0.112s] -- Up-to-date: /home/darkdemon/work/motor_control/install/dynamixel_hardware/share/dynamixel_hardware/local_setup.bash
[0.112s] -- Up-to-date: /home/darkdemon/work/motor_control/install/dynamixel_hardware/share/dynamixel_hardware/local_setup.sh
[0.112s] -- Up-to-date: /home/darkdemon/work/motor_control/install/dynamixel_hardware/share/dynamixel_hardware/local_setup.zsh
[0.112s] -- Up-to-date: /home/darkdemon/work/motor_control/install/dynamixel_hardware/share/dynamixel_hardware/local_setup.dsv
[0.112s] -- Installing: /home/darkdemon/work/motor_control/install/dynamixel_hardware/share/dynamixel_hardware/package.dsv
[0.112s] -- Up-to-date: /home/darkdemon/work/motor_control/install/dynamixel_hardware/share/ament_index/resource_index/packages/dynamixel_hardware
[0.112s] -- Up-to-date: /home/darkdemon/work/motor_control/install/dynamixel_hardware/share/ament_index/resource_index/hardware_interface__pluginlib__plugin/dynamixel_hardware
[0.113s] -- Up-to-date: /home/darkdemon/work/motor_control/install/dynamixel_hardware/share/dynamixel_hardware/cmake/ament_cmake_export_include_directories-extras.cmake
[0.113s] -- Up-to-date: /home/darkdemon/work/motor_control/install/dynamixel_hardware/share/dynamixel_hardware/cmake/ament_cmake_export_libraries-extras.cmake
[0.113s] -- Up-to-date: /home/darkdemon/work/motor_control/install/dynamixel_hardware/share/dynamixel_hardware/cmake/ament_cmake_export_dependencies-extras.cmake
[0.113s] -- Up-to-date: /home/darkdemon/work/motor_control/install/dynamixel_hardware/share/dynamixel_hardware/cmake/dynamixel_hardwareConfig.cmake
[0.113s] -- Up-to-date: /home/darkdemon/work/motor_control/install/dynamixel_hardware/share/dynamixel_hardware/cmake/dynamixel_hardwareConfig-version.cmake
[0.113s] -- Up-to-date: /home/darkdemon/work/motor_control/install/dynamixel_hardware/share/dynamixel_hardware/package.xml
[0.114s] Invoked command in '/home/darkdemon/work/motor_control/build/dynamixel_hardware' returned '0': AMENT_PREFIX_PATH=/home/darkdemon/work/motor_control/install/dynamixel_workbench_toolbox:${AMENT_PREFIX_PATH} CMAKE_PREFIX_PATH=/home/darkdemon/work/motor_control/install/dynamixel_workbench_toolbox:/opt/ros/humble LD_LIBRARY_PATH=/home/darkdemon/work/motor_control/install/dynamixel_workbench_toolbox/lib:${LD_LIBRARY_PATH} /usr/bin/cmake --install /home/darkdemon/work/motor_control/build/dynamixel_hardware
