[0.457s] Invoking command in '/home/darkdemon/work/motor_control/build/small_arm_moveit_cpp': CMAKE_PREFIX_PATH=/home/darkdemon/work/motor_control/install/small_arm_moveit_cpp:/home/darkdemon/work/motor_control/install/small_arm_moveit_config:/home/darkdemon/work/motor_control/install/small_arm_description:/home/darkdemon/work/motor_control/install/realsense:/home/darkdemon/work/motor_control/install/python_moveit2:/opt/ros/humble:/home/darkdemon/work/motor_control/install/python_moveit_interface:/home/darkdemon/work/motor_control/install/dynamixel_workbench:/home/darkdemon/work/motor_control/install/dynamixel_hardware:/home/darkdemon/work/motor_control/install/dynamixel_workbench_toolbox:/home/darkdemon/work/motor_control/install/dynamixel_workbench_msgs /usr/bin/cmake --build /home/darkdemon/work/motor_control/build/small_arm_moveit_cpp -- -j20 -l20
[0.786s] [35m[1mConsolidate compiler generated dependencies of target ee_pose_in_base[0m
[0.787s] [35m[1mConsolidate compiler generated dependencies of target auto_pose_goal[0m
[0.787s] [ 16%] Built target manual_pose_topic
[0.788s] [ 33%] Built target cartesian_path
[0.788s] [ 50%] Built target gripper_open
[0.788s] [ 66%] Built target named_goal
[0.789s] [ 83%] Built target ee_pose_in_base
[0.789s] [ 91%] [32mBuilding CXX object CMakeFiles/auto_pose_goal.dir/src/auto_pose_goal.cpp.o[0m
[15.263s] [100%] [32m[1mLinking CXX executable auto_pose_goal[0m
[16.231s] [100%] Built target auto_pose_goal
[16.243s] Invoked command in '/home/darkdemon/work/motor_control/build/small_arm_moveit_cpp' returned '0': CMAKE_PREFIX_PATH=/home/darkdemon/work/motor_control/install/small_arm_moveit_cpp:/home/darkdemon/work/motor_control/install/small_arm_moveit_config:/home/darkdemon/work/motor_control/install/small_arm_description:/home/darkdemon/work/motor_control/install/realsense:/home/darkdemon/work/motor_control/install/python_moveit2:/opt/ros/humble:/home/darkdemon/work/motor_control/install/python_moveit_interface:/home/darkdemon/work/motor_control/install/dynamixel_workbench:/home/darkdemon/work/motor_control/install/dynamixel_hardware:/home/darkdemon/work/motor_control/install/dynamixel_workbench_toolbox:/home/darkdemon/work/motor_control/install/dynamixel_workbench_msgs /usr/bin/cmake --build /home/darkdemon/work/motor_control/build/small_arm_moveit_cpp -- -j20 -l20
[16.245s] Invoking command in '/home/darkdemon/work/motor_control/build/small_arm_moveit_cpp': CMAKE_PREFIX_PATH=/home/darkdemon/work/motor_control/install/small_arm_moveit_cpp:/home/darkdemon/work/motor_control/install/small_arm_moveit_config:/home/darkdemon/work/motor_control/install/small_arm_description:/home/darkdemon/work/motor_control/install/realsense:/home/darkdemon/work/motor_control/install/python_moveit2:/opt/ros/humble:/home/darkdemon/work/motor_control/install/python_moveit_interface:/home/darkdemon/work/motor_control/install/dynamixel_workbench:/home/darkdemon/work/motor_control/install/dynamixel_hardware:/home/darkdemon/work/motor_control/install/dynamixel_workbench_toolbox:/home/darkdemon/work/motor_control/install/dynamixel_workbench_msgs /usr/bin/cmake --install /home/darkdemon/work/motor_control/build/small_arm_moveit_cpp
[16.252s] -- Install configuration: ""
[16.252s] -- Installing: /home/darkdemon/work/motor_control/install/small_arm_moveit_cpp/lib/small_arm_moveit_cpp/auto_pose_goal
[16.256s] -- Set runtime path of "/home/darkdemon/work/motor_control/install/small_arm_moveit_cpp/lib/small_arm_moveit_cpp/auto_pose_goal" to ""
[16.256s] -- Up-to-date: /home/darkdemon/work/motor_control/install/small_arm_moveit_cpp/lib/small_arm_moveit_cpp/named_goal
[16.256s] -- Up-to-date: /home/darkdemon/work/motor_control/install/small_arm_moveit_cpp/lib/small_arm_moveit_cpp/gripper_open
[16.256s] -- Up-to-date: /home/darkdemon/work/motor_control/install/small_arm_moveit_cpp/lib/small_arm_moveit_cpp/ee_pose_in_base
[16.256s] -- Up-to-date: /home/darkdemon/work/motor_control/install/small_arm_moveit_cpp/lib/small_arm_moveit_cpp/manual_pose_topic
[16.256s] -- Up-to-date: /home/darkdemon/work/motor_control/install/small_arm_moveit_cpp/lib/small_arm_moveit_cpp/cartesian_path
[16.257s] -- Up-to-date: /home/darkdemon/work/motor_control/install/small_arm_moveit_cpp/share/small_arm_moveit_cpp/launch
[16.257s] -- Up-to-date: /home/darkdemon/work/motor_control/install/small_arm_moveit_cpp/share/small_arm_moveit_cpp/launch/motion_planning.launch.py
[16.257s] -- Up-to-date: /home/darkdemon/work/motor_control/install/small_arm_moveit_cpp/share/small_arm_moveit_cpp/config
[16.257s] -- Up-to-date: /home/darkdemon/work/motor_control/install/small_arm_moveit_cpp/share/small_arm_moveit_cpp/config/moveit_cpp.yaml
[16.257s] -- Up-to-date: /home/darkdemon/work/motor_control/install/small_arm_moveit_cpp/share/ament_index/resource_index/package_run_dependencies/small_arm_moveit_cpp
[16.257s] -- Up-to-date: /home/darkdemon/work/motor_control/install/small_arm_moveit_cpp/share/ament_index/resource_index/parent_prefix_path/small_arm_moveit_cpp
[16.257s] -- Up-to-date: /home/darkdemon/work/motor_control/install/small_arm_moveit_cpp/share/small_arm_moveit_cpp/environment/ament_prefix_path.sh
[16.257s] -- Up-to-date: /home/darkdemon/work/motor_control/install/small_arm_moveit_cpp/share/small_arm_moveit_cpp/environment/ament_prefix_path.dsv
[16.257s] -- Up-to-date: /home/darkdemon/work/motor_control/install/small_arm_moveit_cpp/share/small_arm_moveit_cpp/environment/path.sh
[16.257s] -- Up-to-date: /home/darkdemon/work/motor_control/install/small_arm_moveit_cpp/share/small_arm_moveit_cpp/environment/path.dsv
[16.258s] -- Up-to-date: /home/darkdemon/work/motor_control/install/small_arm_moveit_cpp/share/small_arm_moveit_cpp/local_setup.bash
[16.258s] -- Up-to-date: /home/darkdemon/work/motor_control/install/small_arm_moveit_cpp/share/small_arm_moveit_cpp/local_setup.sh
[16.258s] -- Up-to-date: /home/darkdemon/work/motor_control/install/small_arm_moveit_cpp/share/small_arm_moveit_cpp/local_setup.zsh
[16.258s] -- Up-to-date: /home/darkdemon/work/motor_control/install/small_arm_moveit_cpp/share/small_arm_moveit_cpp/local_setup.dsv
[16.258s] -- Installing: /home/darkdemon/work/motor_control/install/small_arm_moveit_cpp/share/small_arm_moveit_cpp/package.dsv
[16.258s] -- Up-to-date: /home/darkdemon/work/motor_control/install/small_arm_moveit_cpp/share/ament_index/resource_index/packages/small_arm_moveit_cpp
[16.258s] -- Up-to-date: /home/darkdemon/work/motor_control/install/small_arm_moveit_cpp/share/small_arm_moveit_cpp/cmake/small_arm_moveit_cppConfig.cmake
[16.258s] -- Up-to-date: /home/darkdemon/work/motor_control/install/small_arm_moveit_cpp/share/small_arm_moveit_cpp/cmake/small_arm_moveit_cppConfig-version.cmake
[16.259s] -- Up-to-date: /home/darkdemon/work/motor_control/install/small_arm_moveit_cpp/share/small_arm_moveit_cpp/package.xml
[16.260s] Invoked command in '/home/darkdemon/work/motor_control/build/small_arm_moveit_cpp' returned '0': CMAKE_PREFIX_PATH=/home/darkdemon/work/motor_control/install/small_arm_moveit_cpp:/home/darkdemon/work/motor_control/install/small_arm_moveit_config:/home/darkdemon/work/motor_control/install/small_arm_description:/home/darkdemon/work/motor_control/install/realsense:/home/darkdemon/work/motor_control/install/python_moveit2:/opt/ros/humble:/home/darkdemon/work/motor_control/install/python_moveit_interface:/home/darkdemon/work/motor_control/install/dynamixel_workbench:/home/darkdemon/work/motor_control/install/dynamixel_hardware:/home/darkdemon/work/motor_control/install/dynamixel_workbench_toolbox:/home/darkdemon/work/motor_control/install/dynamixel_workbench_msgs /usr/bin/cmake --install /home/darkdemon/work/motor_control/build/small_arm_moveit_cpp
