-- Install configuration: ""
-- Up-to-date: /home/darkdemon/work/motor_control/install/small_arm_description/share/small_arm_description/meshes
-- Up-to-date: /home/darkdemon/work/motor_control/install/small_arm_description/share/small_arm_description/meshes/link_4_1.stl
-- Up-to-date: /home/darkdemon/work/motor_control/install/small_arm_description/share/small_arm_description/meshes/Claw_2_1.stl
-- Up-to-date: /home/darkdemon/work/motor_control/install/small_arm_description/share/small_arm_description/meshes/base_link.stl
-- Up-to-date: /home/darkdemon/work/motor_control/install/small_arm_description/share/small_arm_description/meshes/link_1_1.stl
-- Up-to-date: /home/darkdemon/work/motor_control/install/small_arm_description/share/small_arm_description/meshes/Claw_1_1.stl
-- Up-to-date: /home/darkdemon/work/motor_control/install/small_arm_description/share/small_arm_description/meshes/link_3_1.stl
-- Up-to-date: /home/darkdemon/work/motor_control/install/small_arm_description/share/small_arm_description/meshes/Camera_1.stl
-- Up-to-date: /home/darkdemon/work/motor_control/install/small_arm_description/share/small_arm_description/meshes/link_2_1.stl
-- Up-to-date: /home/darkdemon/work/motor_control/install/small_arm_description/share/small_arm_description/meshes/link_5_1.stl
-- Up-to-date: /home/darkdemon/work/motor_control/install/small_arm_description/share/small_arm_description/meshes/Claw_base_1.stl
-- Up-to-date: /home/darkdemon/work/motor_control/install/small_arm_description/share/small_arm_description/urdf
-- Up-to-date: /home/darkdemon/work/motor_control/install/small_arm_description/share/small_arm_description/urdf/small_arm copy.xacro
-- Up-to-date: /home/darkdemon/work/motor_control/install/small_arm_description/share/small_arm_description/urdf/materials.xacro
-- Up-to-date: /home/darkdemon/work/motor_control/install/small_arm_description/share/small_arm_description/urdf/small_arm.urdf
-- Up-to-date: /home/darkdemon/work/motor_control/install/small_arm_description/share/small_arm_description/urdf/small_arm.xacro
-- Up-to-date: /home/darkdemon/work/motor_control/install/small_arm_description/share/small_arm_description/urdf/small_arm.urdf.xacro
-- Up-to-date: /home/darkdemon/work/motor_control/install/small_arm_description/share/small_arm_description/urdf/small_arm
-- Up-to-date: /home/darkdemon/work/motor_control/install/small_arm_description/share/small_arm_description/urdf/small_arm/configuration
-- Up-to-date: /home/darkdemon/work/motor_control/install/small_arm_description/share/small_arm_description/urdf/small_arm/configuration/small_arm_base.usd
-- Up-to-date: /home/darkdemon/work/motor_control/install/small_arm_description/share/small_arm_description/urdf/small_arm/configuration/small_arm_physics.usd
-- Up-to-date: /home/darkdemon/work/motor_control/install/small_arm_description/share/small_arm_description/urdf/small_arm/configuration/small_arm_sensor.usd
-- Up-to-date: /home/darkdemon/work/motor_control/install/small_arm_description/share/small_arm_description/urdf/small_arm/small_arm.usd
-- Up-to-date: /home/darkdemon/work/motor_control/install/small_arm_description/share/small_arm_description/urdf/small_arm.ros2_control.xacro
-- Up-to-date: /home/darkdemon/work/motor_control/install/small_arm_description/share/small_arm_description/controllers
-- Up-to-date: /home/darkdemon/work/motor_control/install/small_arm_description/share/small_arm_description/controllers/controllers.yaml
-- Up-to-date: /home/darkdemon/work/motor_control/install/small_arm_description/share/small_arm_description/launch
-- Up-to-date: /home/darkdemon/work/motor_control/install/small_arm_description/share/small_arm_description/launch/small_arm.launch.py
-- Up-to-date: /home/darkdemon/work/motor_control/install/small_arm_description/share/small_arm_description/launch/pantilt_bot_gazebo.launch.py
-- Up-to-date: /home/darkdemon/work/motor_control/install/small_arm_description/share/small_arm_description/launch/display.launch.py
-- Up-to-date: /home/darkdemon/work/motor_control/install/small_arm_description/share/small_arm_description/launch/small_arm.rviz
-- Up-to-date: /home/darkdemon/work/motor_control/install/small_arm_description/share/ament_index/resource_index/package_run_dependencies/small_arm_description
-- Up-to-date: /home/darkdemon/work/motor_control/install/small_arm_description/share/ament_index/resource_index/parent_prefix_path/small_arm_description
-- Up-to-date: /home/darkdemon/work/motor_control/install/small_arm_description/share/small_arm_description/environment/ament_prefix_path.sh
-- Up-to-date: /home/darkdemon/work/motor_control/install/small_arm_description/share/small_arm_description/environment/ament_prefix_path.dsv
-- Up-to-date: /home/darkdemon/work/motor_control/install/small_arm_description/share/small_arm_description/environment/path.sh
-- Up-to-date: /home/darkdemon/work/motor_control/install/small_arm_description/share/small_arm_description/environment/path.dsv
-- Up-to-date: /home/darkdemon/work/motor_control/install/small_arm_description/share/small_arm_description/local_setup.bash
-- Up-to-date: /home/darkdemon/work/motor_control/install/small_arm_description/share/small_arm_description/local_setup.sh
-- Up-to-date: /home/darkdemon/work/motor_control/install/small_arm_description/share/small_arm_description/local_setup.zsh
-- Up-to-date: /home/darkdemon/work/motor_control/install/small_arm_description/share/small_arm_description/local_setup.dsv
-- Installing: /home/darkdemon/work/motor_control/install/small_arm_description/share/small_arm_description/package.dsv
-- Up-to-date: /home/darkdemon/work/motor_control/install/small_arm_description/share/ament_index/resource_index/packages/small_arm_description
-- Up-to-date: /home/darkdemon/work/motor_control/install/small_arm_description/share/small_arm_description/cmake/small_arm_descriptionConfig.cmake
-- Up-to-date: /home/darkdemon/work/motor_control/install/small_arm_description/share/small_arm_description/cmake/small_arm_descriptionConfig-version.cmake
-- Up-to-date: /home/darkdemon/work/motor_control/install/small_arm_description/share/small_arm_description/package.xml
