[0.681s] Invoking command in '/home/darkdemon/work/motor_control/build/python_moveit_interface': /usr/bin/cmake --build /home/darkdemon/work/motor_control/build/python_moveit_interface -- -j20 -l20
[0.890s] [  1%] Built target python_moveit_interface__cpp
[0.890s] [ 12%] Built target python_moveit_interface__rosidl_generator_c
[0.890s] [ 12%] Built target ament_cmake_python_copy_python_moveit_interface
[0.890s] [ 41%] Built target python_moveit_interface__rosidl_typesupport_c
[0.890s] [ 41%] Built target python_moveit_interface__rosidl_typesupport_introspection_c
[0.890s] [ 45%] Built target python_moveit_interface__rosidl_typesupport_fastrtps_c
[0.890s] [ 56%] Built target python_moveit_interface__rosidl_typesupport_introspection_cpp
[0.890s] [ 67%] Built target python_moveit_interface__rosidl_typesupport_cpp
[0.890s] [ 78%] Built target python_moveit_interface__rosidl_typesupport_fastrtps_cpp
[0.890s] [ 78%] Built target python_moveit_interface
[0.890s] [ 80%] Built target python_moveit_interface__py
[0.890s] [ 89%] Built target python_moveit_interface__rosidl_generator_py
[0.890s] [ 96%] Built target python_moveit_interface__rosidl_typesupport_fastrtps_c__pyext
[0.890s] [ 96%] Built target python_moveit_interface__rosidl_typesupport_c__pyext
[0.890s] [100%] Built target python_moveit_interface__rosidl_typesupport_introspection_c__pyext
[0.910s] running egg_info
[0.910s] writing python_moveit_interface.egg-info/PKG-INFO
[0.910s] writing dependency_links to python_moveit_interface.egg-info/dependency_links.txt
[0.911s] writing top-level names to python_moveit_interface.egg-info/top_level.txt
[0.912s] reading manifest file 'python_moveit_interface.egg-info/SOURCES.txt'
[0.912s] writing manifest file 'python_moveit_interface.egg-info/SOURCES.txt'
[0.934s] gmake[2]: *** [CMakeFiles/ament_cmake_python_build_python_moveit_interface_egg.dir/build.make:70: CMakeFiles/ament_cmake_python_build_python_moveit_interface_egg] Interrupt
[0.934s] gmake[1]: *** [CMakeFiles/Makefile2:447: CMakeFiles/ament_cmake_python_build_python_moveit_interface_egg.dir/all] Interrupt
[0.935s] gmake: *** [Makefile:146: all] Interrupt
