[0.009s] Invoking command in '/home/darkdemon/work/motor_control/build/python_moveit_interface': /usr/bin/cmake /home/darkdemon/work/motor_control/src/tb4_arm_ros2/python_moveit_interface -DCATKIN_INSTALL_INTO_PREFIX_ROOT=0 -DCMAKE_INSTALL_PREFIX=/home/darkdemon/work/motor_control/install/python_moveit_interface
[0.067s] -- The C compiler identification is GNU 11.4.0
[0.117s] -- The CXX compiler identification is GNU 11.4.0
[0.122s] -- Detecting C compiler ABI info
[0.176s] -- Detecting C compiler ABI info - done
[0.182s] -- Check for working C compiler: /usr/bin/cc - skipped
[0.182s] -- Detecting C compile features
[0.182s] -- Detecting C compile features - done
[0.185s] -- Detecting CXX compiler ABI info
[0.250s] -- Detecting CXX compiler ABI info - done
[0.256s] -- Check for working CXX compiler: /usr/bin/c++ - skipped
[0.256s] -- Detecting CXX compile features
[0.256s] -- Detecting CXX compile features - done
[0.259s] -- Found ament_cmake: 1.3.11 (/opt/ros/humble/share/ament_cmake/cmake)
[0.378s] -- Found Python3: /usr/bin/python3 (found version "3.10.12") found components: Interpreter 
[0.452s] -- Found rosidl_default_generators: 1.2.0 (/opt/ros/humble/share/rosidl_default_generators/cmake)
[0.454s] -- Using all available rosidl_typesupport_c: rosidl_typesupport_fastrtps_c;rosidl_typesupport_introspection_c
[0.470s] -- Found rosidl_adapter: 3.1.6 (/opt/ros/humble/share/rosidl_adapter/cmake)
[0.508s] -- Using all available rosidl_typesupport_cpp: rosidl_typesupport_fastrtps_cpp;rosidl_typesupport_introspection_cpp
[0.535s] -- Found geometry_msgs: 4.8.0 (/opt/ros/humble/share/geometry_msgs/cmake)
[0.785s] -- Found ament_cmake_ros: 0.10.0 (/opt/ros/humble/share/ament_cmake_ros/cmake)
[0.974s] -- Using all available rosidl_typesupport_c: rosidl_typesupport_fastrtps_c;rosidl_typesupport_introspection_c
[1.212s] -- Using all available rosidl_typesupport_cpp: rosidl_typesupport_fastrtps_cpp;rosidl_typesupport_introspection_cpp
[1.227s] -- Found PythonInterp: /usr/bin/python3 (found suitable version "3.10.12", minimum required is "3.6") 
[1.229s] -- Found python_cmake_module: 0.10.0 (/opt/ros/humble/share/python_cmake_module/cmake)
[1.245s] -- Found PythonLibs: /usr/lib/x86_64-linux-gnu/libpython3.10.so (found suitable version "3.10.12", minimum required is "3.5") 
[1.245s] -- Using PYTHON_EXECUTABLE: /usr/bin/python3
[1.245s] -- Using PYTHON_INCLUDE_DIRS: /usr/include/python3.10
[1.245s] -- Using PYTHON_LIBRARIES: /usr/lib/x86_64-linux-gnu/libpython3.10.so
[1.259s] -- Found PythonExtra: .so  
[1.402s] -- Using numpy include directory: /usr/local/lib/python3.10/dist-packages/numpy/core/include
[1.416s] -- Configuring done
[1.441s] -- Generating done
[1.442s] [33mCMake Warning:
[1.442s]   Manually-specified variables were not used by the project:
[1.442s] 
[1.442s]     CATKIN_INSTALL_INTO_PREFIX_ROOT
[1.442s] 
[1.442s] [0m
[1.449s] -- Build files have been written to: /home/darkdemon/work/motor_control/build/python_moveit_interface
[1.456s] Invoked command in '/home/darkdemon/work/motor_control/build/python_moveit_interface' returned '0': /usr/bin/cmake /home/darkdemon/work/motor_control/src/tb4_arm_ros2/python_moveit_interface -DCATKIN_INSTALL_INTO_PREFIX_ROOT=0 -DCMAKE_INSTALL_PREFIX=/home/darkdemon/work/motor_control/install/python_moveit_interface
[1.457s] Invoking command in '/home/darkdemon/work/motor_control/build/python_moveit_interface': /usr/bin/cmake --build /home/darkdemon/work/motor_control/build/python_moveit_interface -- -j20 -l20
[1.486s] [  1%] [34m[1mGenerating C code for ROS interfaces[0m
[1.497s] [  3%] [34m[1mGenerating C++ code for ROS interfaces[0m
[1.504s] [  3%] Built target ament_cmake_python_copy_python_moveit_interface
[1.659s] running egg_info
[1.659s] creating python_moveit_interface.egg-info
[1.659s] writing python_moveit_interface.egg-info/PKG-INFO
[1.660s] writing dependency_links to python_moveit_interface.egg-info/dependency_links.txt
[1.660s] writing top-level names to python_moveit_interface.egg-info/top_level.txt
[1.660s] writing manifest file 'python_moveit_interface.egg-info/SOURCES.txt'
[1.661s] reading manifest file 'python_moveit_interface.egg-info/SOURCES.txt'
[1.661s] writing manifest file 'python_moveit_interface.egg-info/SOURCES.txt'
[1.680s] [  3%] Built target ament_cmake_python_build_python_moveit_interface_egg
[1.859s] [  5%] [32mBuilding C object CMakeFiles/python_moveit_interface__rosidl_generator_c.dir/rosidl_generator_c/python_moveit_interface/srv/detail/pose_request__functions.c.o[0m
[1.861s] [  7%] [32mBuilding C object CMakeFiles/python_moveit_interface__rosidl_generator_c.dir/rosidl_generator_c/python_moveit_interface/srv/detail/gripper_control__functions.c.o[0m
[1.861s] [  9%] [32mBuilding C object CMakeFiles/python_moveit_interface__rosidl_generator_c.dir/rosidl_generator_c/python_moveit_interface/srv/detail/detect_pose__functions.c.o[0m
[1.862s] [ 10%] [32mBuilding C object CMakeFiles/python_moveit_interface__rosidl_generator_c.dir/rosidl_generator_c/python_moveit_interface/srv/detail/arm_control__functions.c.o[0m
[1.867s] [ 10%] Built target python_moveit_interface__cpp
[1.875s] [ 12%] [34m[1mGenerating C++ introspection for ROS interfaces[0m
[1.876s] [ 14%] [34m[1mGenerating C++ type support dispatch for ROS interfaces[0m
[1.877s] [ 16%] [34m[1mGenerating C++ type support for eProsima Fast-RTPS[0m
[1.907s] [ 18%] [32m[1mLinking C shared library libpython_moveit_interface__rosidl_generator_c.so[0m
[1.937s] [ 18%] Built target python_moveit_interface__rosidl_generator_c
[1.944s] [ 20%] [34m[1mGenerating C type support for eProsima Fast-RTPS[0m
[1.946s] [ 23%] [34m[1mGenerating C introspection for ROS interfaces[0m
[1.946s] [ 23%] [34m[1mGenerating C type support dispatch for ROS interfaces[0m
[2.150s] [ 25%] [32mBuilding CXX object CMakeFiles/python_moveit_interface__rosidl_typesupport_cpp.dir/rosidl_typesupport_cpp/python_moveit_interface/srv/pose_request__type_support.cpp.o[0m
[2.150s] [ 29%] [32mBuilding CXX object CMakeFiles/python_moveit_interface__rosidl_typesupport_cpp.dir/rosidl_typesupport_cpp/python_moveit_interface/srv/gripper_control__type_support.cpp.o[0m
[2.150s] [ 29%] [32mBuilding CXX object CMakeFiles/python_moveit_interface__rosidl_typesupport_cpp.dir/rosidl_typesupport_cpp/python_moveit_interface/srv/arm_control__type_support.cpp.o[0m
[2.152s] [ 30%] [32mBuilding CXX object CMakeFiles/python_moveit_interface__rosidl_typesupport_cpp.dir/rosidl_typesupport_cpp/python_moveit_interface/srv/detect_pose__type_support.cpp.o[0m
[2.222s] [ 34%] [32mBuilding CXX object CMakeFiles/python_moveit_interface__rosidl_typesupport_c.dir/rosidl_typesupport_c/python_moveit_interface/srv/detect_pose__type_support.cpp.o[0m
[2.222s] [ 34%] [32mBuilding CXX object CMakeFiles/python_moveit_interface__rosidl_typesupport_c.dir/rosidl_typesupport_c/python_moveit_interface/srv/arm_control__type_support.cpp.o[0m
[2.222s] [ 36%] [32mBuilding CXX object CMakeFiles/python_moveit_interface__rosidl_typesupport_c.dir/rosidl_typesupport_c/python_moveit_interface/srv/gripper_control__type_support.cpp.o[0m
[2.223s] [ 38%] [32mBuilding CXX object CMakeFiles/python_moveit_interface__rosidl_typesupport_c.dir/rosidl_typesupport_c/python_moveit_interface/srv/pose_request__type_support.cpp.o[0m
[2.235s] [ 40%] [32mBuilding CXX object CMakeFiles/python_moveit_interface__rosidl_typesupport_introspection_cpp.dir/rosidl_typesupport_introspection_cpp/python_moveit_interface/srv/detail/gripper_control__type_support.cpp.o[0m
[2.235s] [ 41%] [32mBuilding CXX object CMakeFiles/python_moveit_interface__rosidl_typesupport_introspection_cpp.dir/rosidl_typesupport_introspection_cpp/python_moveit_interface/srv/detail/pose_request__type_support.cpp.o[0m
[2.236s] [ 43%] [32mBuilding CXX object CMakeFiles/python_moveit_interface__rosidl_typesupport_introspection_cpp.dir/rosidl_typesupport_introspection_cpp/python_moveit_interface/srv/detail/detect_pose__type_support.cpp.o[0m
[2.239s] [ 45%] [32mBuilding CXX object CMakeFiles/python_moveit_interface__rosidl_typesupport_introspection_cpp.dir/rosidl_typesupport_introspection_cpp/python_moveit_interface/srv/detail/arm_control__type_support.cpp.o[0m
[2.249s] [ 47%] [32mBuilding CXX object CMakeFiles/python_moveit_interface__rosidl_typesupport_fastrtps_cpp.dir/rosidl_typesupport_fastrtps_cpp/python_moveit_interface/srv/detail/dds_fastrtps/gripper_control__type_support.cpp.o[0m
[2.250s] [ 49%] [32mBuilding CXX object CMakeFiles/python_moveit_interface__rosidl_typesupport_fastrtps_cpp.dir/rosidl_typesupport_fastrtps_cpp/python_moveit_interface/srv/detail/dds_fastrtps/detect_pose__type_support.cpp.o[0m
[2.250s] [ 50%] [32mBuilding CXX object CMakeFiles/python_moveit_interface__rosidl_typesupport_fastrtps_cpp.dir/rosidl_typesupport_fastrtps_cpp/python_moveit_interface/srv/detail/dds_fastrtps/pose_request__type_support.cpp.o[0m
[2.251s] [ 52%] [32mBuilding CXX object CMakeFiles/python_moveit_interface__rosidl_typesupport_fastrtps_cpp.dir/rosidl_typesupport_fastrtps_cpp/python_moveit_interface/srv/detail/dds_fastrtps/arm_control__type_support.cpp.o[0m
[2.259s] [ 54%] [32m[1mLinking CXX shared library libpython_moveit_interface__rosidl_typesupport_c.so[0m
[2.309s] [ 54%] Built target python_moveit_interface__rosidl_typesupport_c
[2.360s] [ 60%] [32mBuilding C object CMakeFiles/python_moveit_interface__rosidl_typesupport_introspection_c.dir/rosidl_typesupport_introspection_c/python_moveit_interface/srv/detail/arm_control__type_support.c.o[0m
[2.360s] [ 60%] [32mBuilding C object CMakeFiles/python_moveit_interface__rosidl_typesupport_introspection_c.dir/rosidl_typesupport_introspection_c/python_moveit_interface/srv/detail/detect_pose__type_support.c.o[0m
[2.360s] [ 60%] [32mBuilding C object CMakeFiles/python_moveit_interface__rosidl_typesupport_introspection_c.dir/rosidl_typesupport_introspection_c/python_moveit_interface/srv/detail/gripper_control__type_support.c.o[0m
[2.361s] [ 61%] [32mBuilding C object CMakeFiles/python_moveit_interface__rosidl_typesupport_introspection_c.dir/rosidl_typesupport_introspection_c/python_moveit_interface/srv/detail/pose_request__type_support.c.o[0m
[2.403s] [ 63%] [32m[1mLinking C shared library libpython_moveit_interface__rosidl_typesupport_introspection_c.so[0m
[2.427s] [ 65%] [32mBuilding CXX object CMakeFiles/python_moveit_interface__rosidl_typesupport_fastrtps_c.dir/rosidl_typesupport_fastrtps_c/python_moveit_interface/srv/detail/gripper_control__type_support_c.cpp.o[0m
[2.428s] [ 69%] [32mBuilding CXX object CMakeFiles/python_moveit_interface__rosidl_typesupport_fastrtps_c.dir/rosidl_typesupport_fastrtps_c/python_moveit_interface/srv/detail/detect_pose__type_support_c.cpp.o[0m
[2.428s] [ 69%] [32mBuilding CXX object CMakeFiles/python_moveit_interface__rosidl_typesupport_fastrtps_c.dir/rosidl_typesupport_fastrtps_c/python_moveit_interface/srv/detail/pose_request__type_support_c.cpp.o[0m
[2.429s] [ 70%] [32mBuilding CXX object CMakeFiles/python_moveit_interface__rosidl_typesupport_fastrtps_c.dir/rosidl_typesupport_fastrtps_c/python_moveit_interface/srv/detail/arm_control__type_support_c.cpp.o[0m
[2.438s] [ 70%] Built target python_moveit_interface__rosidl_typesupport_introspection_c
[2.457s] [ 72%] [32m[1mLinking CXX shared library libpython_moveit_interface__rosidl_typesupport_cpp.so[0m
[2.528s] [ 72%] Built target python_moveit_interface__rosidl_typesupport_cpp
[2.687s] [ 74%] [32m[1mLinking CXX shared library libpython_moveit_interface__rosidl_typesupport_introspection_cpp.so[0m
[2.723s] [ 76%] [32m[1mLinking CXX shared library libpython_moveit_interface__rosidl_typesupport_fastrtps_cpp.so[0m
[2.754s] [ 76%] Built target python_moveit_interface__rosidl_typesupport_introspection_cpp
[2.778s] [ 78%] [32m[1mLinking CXX shared library libpython_moveit_interface__rosidl_typesupport_fastrtps_c.so[0m
[2.786s] [ 78%] Built target python_moveit_interface__rosidl_typesupport_fastrtps_cpp
[2.848s] [ 78%] Built target python_moveit_interface__rosidl_typesupport_fastrtps_c
[2.867s] [ 78%] Built target python_moveit_interface
[2.884s] [ 80%] [34m[1mGenerating Python code for ROS interfaces[0m
[3.466s] [ 80%] Built target python_moveit_interface__py
[3.482s] [ 83%] [32mBuilding C object CMakeFiles/python_moveit_interface__rosidl_generator_py.dir/rosidl_generator_py/python_moveit_interface/srv/_arm_control_s.c.o[0m
[3.482s] [ 83%] [32mBuilding C object CMakeFiles/python_moveit_interface__rosidl_generator_py.dir/rosidl_generator_py/python_moveit_interface/srv/_gripper_control_s.c.o[0m
[3.483s] [ 85%] [32mBuilding C object CMakeFiles/python_moveit_interface__rosidl_generator_py.dir/rosidl_generator_py/python_moveit_interface/srv/_pose_request_s.c.o[0m
[3.483s] [ 87%] [32mBuilding C object CMakeFiles/python_moveit_interface__rosidl_generator_py.dir/rosidl_generator_py/python_moveit_interface/srv/_detect_pose_s.c.o[0m
[3.579s] [ 89%] [32m[1mLinking C shared library rosidl_generator_py/python_moveit_interface/libpython_moveit_interface__rosidl_generator_py.so[0m
[3.621s] [ 89%] Built target python_moveit_interface__rosidl_generator_py
[3.636s] [ 90%] [32mBuilding C object CMakeFiles/python_moveit_interface__rosidl_typesupport_fastrtps_c__pyext.dir/rosidl_generator_py/python_moveit_interface/_python_moveit_interface_s.ep.rosidl_typesupport_fastrtps_c.c.o[0m
[3.637s] [ 94%] [32mBuilding C object CMakeFiles/python_moveit_interface__rosidl_typesupport_introspection_c__pyext.dir/rosidl_generator_py/python_moveit_interface/_python_moveit_interface_s.ep.rosidl_typesupport_introspection_c.c.o[0m
[3.637s] [ 94%] [32mBuilding C object CMakeFiles/python_moveit_interface__rosidl_typesupport_c__pyext.dir/rosidl_generator_py/python_moveit_interface/_python_moveit_interface_s.ep.rosidl_typesupport_c.c.o[0m
[3.715s] [ 96%] [32m[1mLinking C shared library rosidl_generator_py/python_moveit_interface/python_moveit_interface_s__rosidl_typesupport_fastrtps_c.cpython-310-x86_64-linux-gnu.so[0m
[3.715s] [ 98%] [32m[1mLinking C shared library rosidl_generator_py/python_moveit_interface/python_moveit_interface_s__rosidl_typesupport_c.cpython-310-x86_64-linux-gnu.so[0m
[3.719s] [100%] [32m[1mLinking C shared library rosidl_generator_py/python_moveit_interface/python_moveit_interface_s__rosidl_typesupport_introspection_c.cpython-310-x86_64-linux-gnu.so[0m
[3.745s] [100%] Built target python_moveit_interface__rosidl_typesupport_c__pyext
[3.746s] [100%] Built target python_moveit_interface__rosidl_typesupport_introspection_c__pyext
[3.748s] [100%] Built target python_moveit_interface__rosidl_typesupport_fastrtps_c__pyext
[3.757s] Invoked command in '/home/darkdemon/work/motor_control/build/python_moveit_interface' returned '0': /usr/bin/cmake --build /home/darkdemon/work/motor_control/build/python_moveit_interface -- -j20 -l20
[3.763s] Invoking command in '/home/darkdemon/work/motor_control/build/python_moveit_interface': /usr/bin/cmake --install /home/darkdemon/work/motor_control/build/python_moveit_interface
[3.768s] -- Install configuration: ""
[3.768s] -- Installing: /home/darkdemon/work/motor_control/install/python_moveit_interface/share/ament_index/resource_index/rosidl_interfaces/python_moveit_interface
[3.768s] -- Installing: /home/darkdemon/work/motor_control/install/python_moveit_interface/include/python_moveit_interface/python_moveit_interface
[3.768s] -- Installing: /home/darkdemon/work/motor_control/install/python_moveit_interface/include/python_moveit_interface/python_moveit_interface/msg
[3.768s] -- Installing: /home/darkdemon/work/motor_control/install/python_moveit_interface/include/python_moveit_interface/python_moveit_interface/msg/rosidl_generator_c__visibility_control.h
[3.768s] -- Installing: /home/darkdemon/work/motor_control/install/python_moveit_interface/include/python_moveit_interface/python_moveit_interface/srv
[3.768s] -- Installing: /home/darkdemon/work/motor_control/install/python_moveit_interface/include/python_moveit_interface/python_moveit_interface/srv/detail
[3.768s] -- Installing: /home/darkdemon/work/motor_control/install/python_moveit_interface/include/python_moveit_interface/python_moveit_interface/srv/detail/gripper_control__functions.h
[3.768s] -- Installing: /home/darkdemon/work/motor_control/install/python_moveit_interface/include/python_moveit_interface/python_moveit_interface/srv/detail/detect_pose__functions.h
[3.768s] -- Installing: /home/darkdemon/work/motor_control/install/python_moveit_interface/include/python_moveit_interface/python_moveit_interface/srv/detail/detect_pose__functions.c
[3.768s] -- Installing: /home/darkdemon/work/motor_control/install/python_moveit_interface/include/python_moveit_interface/python_moveit_interface/srv/detail/arm_control__type_support.h
[3.768s] -- Installing: /home/darkdemon/work/motor_control/install/python_moveit_interface/include/python_moveit_interface/python_moveit_interface/srv/detail/gripper_control__struct.h
[3.768s] -- Installing: /home/darkdemon/work/motor_control/install/python_moveit_interface/include/python_moveit_interface/python_moveit_interface/srv/detail/gripper_control__functions.c
[3.768s] -- Installing: /home/darkdemon/work/motor_control/install/python_moveit_interface/include/python_moveit_interface/python_moveit_interface/srv/detail/arm_control__struct.h
[3.768s] -- Installing: /home/darkdemon/work/motor_control/install/python_moveit_interface/include/python_moveit_interface/python_moveit_interface/srv/detail/pose_request__struct.h
[3.768s] -- Installing: /home/darkdemon/work/motor_control/install/python_moveit_interface/include/python_moveit_interface/python_moveit_interface/srv/detail/pose_request__functions.h
[3.768s] -- Installing: /home/darkdemon/work/motor_control/install/python_moveit_interface/include/python_moveit_interface/python_moveit_interface/srv/detail/gripper_control__type_support.h
[3.768s] -- Installing: /home/darkdemon/work/motor_control/install/python_moveit_interface/include/python_moveit_interface/python_moveit_interface/srv/detail/arm_control__functions.h
[3.769s] -- Installing: /home/darkdemon/work/motor_control/install/python_moveit_interface/include/python_moveit_interface/python_moveit_interface/srv/detail/pose_request__functions.c
[3.769s] -- Installing: /home/darkdemon/work/motor_control/install/python_moveit_interface/include/python_moveit_interface/python_moveit_interface/srv/detail/detect_pose__type_support.h
[3.769s] -- Installing: /home/darkdemon/work/motor_control/install/python_moveit_interface/include/python_moveit_interface/python_moveit_interface/srv/detail/arm_control__functions.c
[3.769s] -- Installing: /home/darkdemon/work/motor_control/install/python_moveit_interface/include/python_moveit_interface/python_moveit_interface/srv/detail/pose_request__type_support.h
[3.769s] -- Installing: /home/darkdemon/work/motor_control/install/python_moveit_interface/include/python_moveit_interface/python_moveit_interface/srv/detail/detect_pose__struct.h
[3.769s] -- Installing: /home/darkdemon/work/motor_control/install/python_moveit_interface/include/python_moveit_interface/python_moveit_interface/srv/arm_control.h
[3.769s] -- Installing: /home/darkdemon/work/motor_control/install/python_moveit_interface/include/python_moveit_interface/python_moveit_interface/srv/gripper_control.h
[3.769s] -- Installing: /home/darkdemon/work/motor_control/install/python_moveit_interface/include/python_moveit_interface/python_moveit_interface/srv/pose_request.h
[3.769s] -- Installing: /home/darkdemon/work/motor_control/install/python_moveit_interface/include/python_moveit_interface/python_moveit_interface/srv/detect_pose.h
[3.769s] -- Installing: /home/darkdemon/work/motor_control/install/python_moveit_interface/share/python_moveit_interface/environment/library_path.sh
[3.769s] -- Installing: /home/darkdemon/work/motor_control/install/python_moveit_interface/share/python_moveit_interface/environment/library_path.dsv
[3.769s] -- Installing: /home/darkdemon/work/motor_control/install/python_moveit_interface/lib/libpython_moveit_interface__rosidl_generator_c.so
[3.769s] -- Set runtime path of "/home/darkdemon/work/motor_control/install/python_moveit_interface/lib/libpython_moveit_interface__rosidl_generator_c.so" to ""
[3.769s] -- Up-to-date: /home/darkdemon/work/motor_control/install/python_moveit_interface/include/python_moveit_interface/python_moveit_interface
[3.769s] -- Up-to-date: /home/darkdemon/work/motor_control/install/python_moveit_interface/include/python_moveit_interface/python_moveit_interface/msg
[3.769s] -- Installing: /home/darkdemon/work/motor_control/install/python_moveit_interface/include/python_moveit_interface/python_moveit_interface/msg/rosidl_typesupport_fastrtps_c__visibility_control.h
[3.769s] -- Up-to-date: /home/darkdemon/work/motor_control/install/python_moveit_interface/include/python_moveit_interface/python_moveit_interface/srv
[3.769s] -- Up-to-date: /home/darkdemon/work/motor_control/install/python_moveit_interface/include/python_moveit_interface/python_moveit_interface/srv/detail
[3.769s] -- Installing: /home/darkdemon/work/motor_control/install/python_moveit_interface/include/python_moveit_interface/python_moveit_interface/srv/detail/gripper_control__rosidl_typesupport_fastrtps_c.h
[3.769s] -- Installing: /home/darkdemon/work/motor_control/install/python_moveit_interface/include/python_moveit_interface/python_moveit_interface/srv/detail/arm_control__rosidl_typesupport_fastrtps_c.h
[3.769s] -- Installing: /home/darkdemon/work/motor_control/install/python_moveit_interface/include/python_moveit_interface/python_moveit_interface/srv/detail/pose_request__rosidl_typesupport_fastrtps_c.h
[3.770s] -- Installing: /home/darkdemon/work/motor_control/install/python_moveit_interface/include/python_moveit_interface/python_moveit_interface/srv/detail/detect_pose__rosidl_typesupport_fastrtps_c.h
[3.770s] -- Installing: /home/darkdemon/work/motor_control/install/python_moveit_interface/lib/libpython_moveit_interface__rosidl_typesupport_fastrtps_c.so
[3.770s] -- Set runtime path of "/home/darkdemon/work/motor_control/install/python_moveit_interface/lib/libpython_moveit_interface__rosidl_typesupport_fastrtps_c.so" to ""
[3.770s] -- Up-to-date: /home/darkdemon/work/motor_control/install/python_moveit_interface/include/python_moveit_interface/python_moveit_interface
[3.770s] -- Up-to-date: /home/darkdemon/work/motor_control/install/python_moveit_interface/include/python_moveit_interface/python_moveit_interface/msg
[3.770s] -- Installing: /home/darkdemon/work/motor_control/install/python_moveit_interface/include/python_moveit_interface/python_moveit_interface/msg/rosidl_typesupport_introspection_c__visibility_control.h
[3.770s] -- Up-to-date: /home/darkdemon/work/motor_control/install/python_moveit_interface/include/python_moveit_interface/python_moveit_interface/srv
[3.770s] -- Up-to-date: /home/darkdemon/work/motor_control/install/python_moveit_interface/include/python_moveit_interface/python_moveit_interface/srv/detail
[3.770s] -- Installing: /home/darkdemon/work/motor_control/install/python_moveit_interface/include/python_moveit_interface/python_moveit_interface/srv/detail/gripper_control__type_support.c
[3.770s] -- Installing: /home/darkdemon/work/motor_control/install/python_moveit_interface/include/python_moveit_interface/python_moveit_interface/srv/detail/arm_control__rosidl_typesupport_introspection_c.h
[3.770s] -- Installing: /home/darkdemon/work/motor_control/install/python_moveit_interface/include/python_moveit_interface/python_moveit_interface/srv/detail/detect_pose__type_support.c
[3.770s] -- Installing: /home/darkdemon/work/motor_control/install/python_moveit_interface/include/python_moveit_interface/python_moveit_interface/srv/detail/detect_pose__rosidl_typesupport_introspection_c.h
[3.770s] -- Installing: /home/darkdemon/work/motor_control/install/python_moveit_interface/include/python_moveit_interface/python_moveit_interface/srv/detail/pose_request__type_support.c
[3.770s] -- Installing: /home/darkdemon/work/motor_control/install/python_moveit_interface/include/python_moveit_interface/python_moveit_interface/srv/detail/gripper_control__rosidl_typesupport_introspection_c.h
[3.770s] -- Installing: /home/darkdemon/work/motor_control/install/python_moveit_interface/include/python_moveit_interface/python_moveit_interface/srv/detail/pose_request__rosidl_typesupport_introspection_c.h
[3.770s] -- Installing: /home/darkdemon/work/motor_control/install/python_moveit_interface/include/python_moveit_interface/python_moveit_interface/srv/detail/arm_control__type_support.c
[3.770s] -- Installing: /home/darkdemon/work/motor_control/install/python_moveit_interface/lib/libpython_moveit_interface__rosidl_typesupport_introspection_c.so
[3.770s] -- Set runtime path of "/home/darkdemon/work/motor_control/install/python_moveit_interface/lib/libpython_moveit_interface__rosidl_typesupport_introspection_c.so" to ""
[3.770s] -- Installing: /home/darkdemon/work/motor_control/install/python_moveit_interface/lib/libpython_moveit_interface__rosidl_typesupport_c.so
[3.770s] -- Set runtime path of "/home/darkdemon/work/motor_control/install/python_moveit_interface/lib/libpython_moveit_interface__rosidl_typesupport_c.so" to ""
[3.770s] -- Up-to-date: /home/darkdemon/work/motor_control/install/python_moveit_interface/include/python_moveit_interface/python_moveit_interface
[3.771s] -- Up-to-date: /home/darkdemon/work/motor_control/install/python_moveit_interface/include/python_moveit_interface/python_moveit_interface/msg
[3.771s] -- Installing: /home/darkdemon/work/motor_control/install/python_moveit_interface/include/python_moveit_interface/python_moveit_interface/msg/rosidl_generator_cpp__visibility_control.hpp
[3.771s] -- Up-to-date: /home/darkdemon/work/motor_control/install/python_moveit_interface/include/python_moveit_interface/python_moveit_interface/srv
[3.771s] -- Up-to-date: /home/darkdemon/work/motor_control/install/python_moveit_interface/include/python_moveit_interface/python_moveit_interface/srv/detail
[3.771s] -- Installing: /home/darkdemon/work/motor_control/install/python_moveit_interface/include/python_moveit_interface/python_moveit_interface/srv/detail/arm_control__type_support.hpp
[3.771s] -- Installing: /home/darkdemon/work/motor_control/install/python_moveit_interface/include/python_moveit_interface/python_moveit_interface/srv/detail/arm_control__traits.hpp
[3.771s] -- Installing: /home/darkdemon/work/motor_control/install/python_moveit_interface/include/python_moveit_interface/python_moveit_interface/srv/detail/detect_pose__type_support.hpp
[3.771s] -- Installing: /home/darkdemon/work/motor_control/install/python_moveit_interface/include/python_moveit_interface/python_moveit_interface/srv/detail/gripper_control__type_support.hpp
[3.771s] -- Installing: /home/darkdemon/work/motor_control/install/python_moveit_interface/include/python_moveit_interface/python_moveit_interface/srv/detail/detect_pose__builder.hpp
[3.771s] -- Installing: /home/darkdemon/work/motor_control/install/python_moveit_interface/include/python_moveit_interface/python_moveit_interface/srv/detail/detect_pose__struct.hpp
[3.771s] -- Installing: /home/darkdemon/work/motor_control/install/python_moveit_interface/include/python_moveit_interface/python_moveit_interface/srv/detail/gripper_control__struct.hpp
[3.771s] -- Installing: /home/darkdemon/work/motor_control/install/python_moveit_interface/include/python_moveit_interface/python_moveit_interface/srv/detail/gripper_control__builder.hpp
[3.771s] -- Installing: /home/darkdemon/work/motor_control/install/python_moveit_interface/include/python_moveit_interface/python_moveit_interface/srv/detail/arm_control__builder.hpp
[3.771s] -- Installing: /home/darkdemon/work/motor_control/install/python_moveit_interface/include/python_moveit_interface/python_moveit_interface/srv/detail/pose_request__type_support.hpp
[3.771s] -- Installing: /home/darkdemon/work/motor_control/install/python_moveit_interface/include/python_moveit_interface/python_moveit_interface/srv/detail/gripper_control__traits.hpp
[3.771s] -- Installing: /home/darkdemon/work/motor_control/install/python_moveit_interface/include/python_moveit_interface/python_moveit_interface/srv/detail/arm_control__struct.hpp
[3.771s] -- Installing: /home/darkdemon/work/motor_control/install/python_moveit_interface/include/python_moveit_interface/python_moveit_interface/srv/detail/pose_request__struct.hpp
[3.771s] -- Installing: /home/darkdemon/work/motor_control/install/python_moveit_interface/include/python_moveit_interface/python_moveit_interface/srv/detail/detect_pose__traits.hpp
[3.771s] -- Installing: /home/darkdemon/work/motor_control/install/python_moveit_interface/include/python_moveit_interface/python_moveit_interface/srv/detail/pose_request__traits.hpp
[3.771s] -- Installing: /home/darkdemon/work/motor_control/install/python_moveit_interface/include/python_moveit_interface/python_moveit_interface/srv/detail/pose_request__builder.hpp
[3.771s] -- Installing: /home/darkdemon/work/motor_control/install/python_moveit_interface/include/python_moveit_interface/python_moveit_interface/srv/arm_control.hpp
[3.771s] -- Installing: /home/darkdemon/work/motor_control/install/python_moveit_interface/include/python_moveit_interface/python_moveit_interface/srv/gripper_control.hpp
[3.771s] -- Installing: /home/darkdemon/work/motor_control/install/python_moveit_interface/include/python_moveit_interface/python_moveit_interface/srv/pose_request.hpp
[3.771s] -- Installing: /home/darkdemon/work/motor_control/install/python_moveit_interface/include/python_moveit_interface/python_moveit_interface/srv/detect_pose.hpp
[3.771s] -- Up-to-date: /home/darkdemon/work/motor_control/install/python_moveit_interface/include/python_moveit_interface/python_moveit_interface
[3.771s] -- Up-to-date: /home/darkdemon/work/motor_control/install/python_moveit_interface/include/python_moveit_interface/python_moveit_interface/msg
[3.772s] -- Installing: /home/darkdemon/work/motor_control/install/python_moveit_interface/include/python_moveit_interface/python_moveit_interface/msg/rosidl_typesupport_fastrtps_cpp__visibility_control.h
[3.772s] -- Up-to-date: /home/darkdemon/work/motor_control/install/python_moveit_interface/include/python_moveit_interface/python_moveit_interface/srv
[3.772s] -- Up-to-date: /home/darkdemon/work/motor_control/install/python_moveit_interface/include/python_moveit_interface/python_moveit_interface/srv/detail
[3.772s] -- Installing: /home/darkdemon/work/motor_control/install/python_moveit_interface/include/python_moveit_interface/python_moveit_interface/srv/detail/arm_control__rosidl_typesupport_fastrtps_cpp.hpp
[3.772s] -- Installing: /home/darkdemon/work/motor_control/install/python_moveit_interface/include/python_moveit_interface/python_moveit_interface/srv/detail/gripper_control__rosidl_typesupport_fastrtps_cpp.hpp
[3.772s] -- Installing: /home/darkdemon/work/motor_control/install/python_moveit_interface/include/python_moveit_interface/python_moveit_interface/srv/detail/pose_request__rosidl_typesupport_fastrtps_cpp.hpp
[3.772s] -- Installing: /home/darkdemon/work/motor_control/install/python_moveit_interface/include/python_moveit_interface/python_moveit_interface/srv/detail/detect_pose__rosidl_typesupport_fastrtps_cpp.hpp
[3.772s] -- Installing: /home/darkdemon/work/motor_control/install/python_moveit_interface/include/python_moveit_interface/python_moveit_interface/srv/detail/dds_fastrtps
[3.772s] -- Installing: /home/darkdemon/work/motor_control/install/python_moveit_interface/lib/libpython_moveit_interface__rosidl_typesupport_fastrtps_cpp.so
[3.772s] -- Set runtime path of "/home/darkdemon/work/motor_control/install/python_moveit_interface/lib/libpython_moveit_interface__rosidl_typesupport_fastrtps_cpp.so" to ""
[3.772s] -- Up-to-date: /home/darkdemon/work/motor_control/install/python_moveit_interface/include/python_moveit_interface/python_moveit_interface
[3.772s] -- Up-to-date: /home/darkdemon/work/motor_control/install/python_moveit_interface/include/python_moveit_interface/python_moveit_interface/srv
[3.772s] -- Up-to-date: /home/darkdemon/work/motor_control/install/python_moveit_interface/include/python_moveit_interface/python_moveit_interface/srv/detail
[3.772s] -- Installing: /home/darkdemon/work/motor_control/install/python_moveit_interface/include/python_moveit_interface/python_moveit_interface/srv/detail/gripper_control__type_support.cpp
[3.772s] -- Installing: /home/darkdemon/work/motor_control/install/python_moveit_interface/include/python_moveit_interface/python_moveit_interface/srv/detail/arm_control__rosidl_typesupport_introspection_cpp.hpp
[3.772s] -- Installing: /home/darkdemon/work/motor_control/install/python_moveit_interface/include/python_moveit_interface/python_moveit_interface/srv/detail/detect_pose__rosidl_typesupport_introspection_cpp.hpp
[3.772s] -- Installing: /home/darkdemon/work/motor_control/install/python_moveit_interface/include/python_moveit_interface/python_moveit_interface/srv/detail/pose_request__rosidl_typesupport_introspection_cpp.hpp
[3.772s] -- Installing: /home/darkdemon/work/motor_control/install/python_moveit_interface/include/python_moveit_interface/python_moveit_interface/srv/detail/gripper_control__rosidl_typesupport_introspection_cpp.hpp
[3.772s] -- Installing: /home/darkdemon/work/motor_control/install/python_moveit_interface/include/python_moveit_interface/python_moveit_interface/srv/detail/detect_pose__type_support.cpp
[3.772s] -- Installing: /home/darkdemon/work/motor_control/install/python_moveit_interface/include/python_moveit_interface/python_moveit_interface/srv/detail/pose_request__type_support.cpp
[3.772s] -- Installing: /home/darkdemon/work/motor_control/install/python_moveit_interface/include/python_moveit_interface/python_moveit_interface/srv/detail/arm_control__type_support.cpp
[3.772s] -- Installing: /home/darkdemon/work/motor_control/install/python_moveit_interface/lib/libpython_moveit_interface__rosidl_typesupport_introspection_cpp.so
[3.773s] -- Set runtime path of "/home/darkdemon/work/motor_control/install/python_moveit_interface/lib/libpython_moveit_interface__rosidl_typesupport_introspection_cpp.so" to ""
[3.773s] -- Installing: /home/darkdemon/work/motor_control/install/python_moveit_interface/lib/libpython_moveit_interface__rosidl_typesupport_cpp.so
[3.773s] -- Set runtime path of "/home/darkdemon/work/motor_control/install/python_moveit_interface/lib/libpython_moveit_interface__rosidl_typesupport_cpp.so" to ""
[3.773s] -- Installing: /home/darkdemon/work/motor_control/install/python_moveit_interface/share/python_moveit_interface/environment/pythonpath.sh
[3.773s] -- Installing: /home/darkdemon/work/motor_control/install/python_moveit_interface/share/python_moveit_interface/environment/pythonpath.dsv
[3.773s] -- Installing: /home/darkdemon/work/motor_control/install/python_moveit_interface/local/lib/python3.10/dist-packages/python_moveit_interface-0.0.0-py3.10.egg-info
[3.773s] -- Installing: /home/darkdemon/work/motor_control/install/python_moveit_interface/local/lib/python3.10/dist-packages/python_moveit_interface-0.0.0-py3.10.egg-info/top_level.txt
[3.773s] -- Installing: /home/darkdemon/work/motor_control/install/python_moveit_interface/local/lib/python3.10/dist-packages/python_moveit_interface-0.0.0-py3.10.egg-info/PKG-INFO
[3.773s] -- Installing: /home/darkdemon/work/motor_control/install/python_moveit_interface/local/lib/python3.10/dist-packages/python_moveit_interface-0.0.0-py3.10.egg-info/dependency_links.txt
[3.773s] -- Installing: /home/darkdemon/work/motor_control/install/python_moveit_interface/local/lib/python3.10/dist-packages/python_moveit_interface-0.0.0-py3.10.egg-info/SOURCES.txt
[3.773s] -- Installing: /home/darkdemon/work/motor_control/install/python_moveit_interface/local/lib/python3.10/dist-packages/python_moveit_interface
[3.773s] -- Installing: /home/darkdemon/work/motor_control/install/python_moveit_interface/local/lib/python3.10/dist-packages/python_moveit_interface/python_moveit_interface_s__rosidl_typesupport_fastrtps_c.cpython-310-x86_64-linux-gnu.so
[3.773s] -- Installing: /home/darkdemon/work/motor_control/install/python_moveit_interface/local/lib/python3.10/dist-packages/python_moveit_interface/_python_moveit_interface_s.ep.rosidl_typesupport_c.c
[3.773s] -- Installing: /home/darkdemon/work/motor_control/install/python_moveit_interface/local/lib/python3.10/dist-packages/python_moveit_interface/python_moveit_interface_s__rosidl_typesupport_c.cpython-310-x86_64-linux-gnu.so
[3.773s] -- Installing: /home/darkdemon/work/motor_control/install/python_moveit_interface/local/lib/python3.10/dist-packages/python_moveit_interface/_python_moveit_interface_s.ep.rosidl_typesupport_fastrtps_c.c
[3.773s] -- Installing: /home/darkdemon/work/motor_control/install/python_moveit_interface/local/lib/python3.10/dist-packages/python_moveit_interface/__init__.py
[3.773s] -- Installing: /home/darkdemon/work/motor_control/install/python_moveit_interface/local/lib/python3.10/dist-packages/python_moveit_interface/srv
[3.773s] -- Installing: /home/darkdemon/work/motor_control/install/python_moveit_interface/local/lib/python3.10/dist-packages/python_moveit_interface/srv/_arm_control_s.c
[3.773s] -- Installing: /home/darkdemon/work/motor_control/install/python_moveit_interface/local/lib/python3.10/dist-packages/python_moveit_interface/srv/_detect_pose_s.c
[3.774s] -- Installing: /home/darkdemon/work/motor_control/install/python_moveit_interface/local/lib/python3.10/dist-packages/python_moveit_interface/srv/_arm_control.py
[3.774s] -- Installing: /home/darkdemon/work/motor_control/install/python_moveit_interface/local/lib/python3.10/dist-packages/python_moveit_interface/srv/__init__.py
[3.774s] -- Installing: /home/darkdemon/work/motor_control/install/python_moveit_interface/local/lib/python3.10/dist-packages/python_moveit_interface/srv/_detect_pose.py
[3.774s] -- Installing: /home/darkdemon/work/motor_control/install/python_moveit_interface/local/lib/python3.10/dist-packages/python_moveit_interface/srv/_gripper_control_s.c
[3.774s] -- Installing: /home/darkdemon/work/motor_control/install/python_moveit_interface/local/lib/python3.10/dist-packages/python_moveit_interface/srv/_pose_request.py
[3.774s] -- Installing: /home/darkdemon/work/motor_control/install/python_moveit_interface/local/lib/python3.10/dist-packages/python_moveit_interface/srv/_gripper_control.py
[3.774s] -- Installing: /home/darkdemon/work/motor_control/install/python_moveit_interface/local/lib/python3.10/dist-packages/python_moveit_interface/srv/_pose_request_s.c
[3.774s] -- Installing: /home/darkdemon/work/motor_control/install/python_moveit_interface/local/lib/python3.10/dist-packages/python_moveit_interface/python_moveit_interface_s__rosidl_typesupport_introspection_c.cpython-310-x86_64-linux-gnu.so
[3.774s] -- Installing: /home/darkdemon/work/motor_control/install/python_moveit_interface/local/lib/python3.10/dist-packages/python_moveit_interface/_python_moveit_interface_s.ep.rosidl_typesupport_introspection_c.c
[3.774s] -- Installing: /home/darkdemon/work/motor_control/install/python_moveit_interface/local/lib/python3.10/dist-packages/python_moveit_interface/libpython_moveit_interface__rosidl_generator_py.so
[3.803s] Listing '/home/darkdemon/work/motor_control/install/python_moveit_interface/local/lib/python3.10/dist-packages/python_moveit_interface'...
[3.803s] Compiling '/home/darkdemon/work/motor_control/install/python_moveit_interface/local/lib/python3.10/dist-packages/python_moveit_interface/__init__.py'...
[3.803s] Listing '/home/darkdemon/work/motor_control/install/python_moveit_interface/local/lib/python3.10/dist-packages/python_moveit_interface/srv'...
[3.803s] Compiling '/home/darkdemon/work/motor_control/install/python_moveit_interface/local/lib/python3.10/dist-packages/python_moveit_interface/srv/__init__.py'...
[3.803s] Compiling '/home/darkdemon/work/motor_control/install/python_moveit_interface/local/lib/python3.10/dist-packages/python_moveit_interface/srv/_arm_control.py'...
[3.803s] Compiling '/home/darkdemon/work/motor_control/install/python_moveit_interface/local/lib/python3.10/dist-packages/python_moveit_interface/srv/_detect_pose.py'...
[3.804s] Compiling '/home/darkdemon/work/motor_control/install/python_moveit_interface/local/lib/python3.10/dist-packages/python_moveit_interface/srv/_gripper_control.py'...
[3.804s] Compiling '/home/darkdemon/work/motor_control/install/python_moveit_interface/local/lib/python3.10/dist-packages/python_moveit_interface/srv/_pose_request.py'...
[3.807s] -- Installing: /home/darkdemon/work/motor_control/install/python_moveit_interface/local/lib/python3.10/dist-packages/python_moveit_interface/python_moveit_interface_s__rosidl_typesupport_fastrtps_c.cpython-310-x86_64-linux-gnu.so
[3.807s] -- Set runtime path of "/home/darkdemon/work/motor_control/install/python_moveit_interface/local/lib/python3.10/dist-packages/python_moveit_interface/python_moveit_interface_s__rosidl_typesupport_fastrtps_c.cpython-310-x86_64-linux-gnu.so" to ""
[3.807s] -- Installing: /home/darkdemon/work/motor_control/install/python_moveit_interface/local/lib/python3.10/dist-packages/python_moveit_interface/python_moveit_interface_s__rosidl_typesupport_introspection_c.cpython-310-x86_64-linux-gnu.so
[3.808s] -- Set runtime path of "/home/darkdemon/work/motor_control/install/python_moveit_interface/local/lib/python3.10/dist-packages/python_moveit_interface/python_moveit_interface_s__rosidl_typesupport_introspection_c.cpython-310-x86_64-linux-gnu.so" to ""
[3.808s] -- Installing: /home/darkdemon/work/motor_control/install/python_moveit_interface/local/lib/python3.10/dist-packages/python_moveit_interface/python_moveit_interface_s__rosidl_typesupport_c.cpython-310-x86_64-linux-gnu.so
[3.808s] -- Set runtime path of "/home/darkdemon/work/motor_control/install/python_moveit_interface/local/lib/python3.10/dist-packages/python_moveit_interface/python_moveit_interface_s__rosidl_typesupport_c.cpython-310-x86_64-linux-gnu.so" to ""
[3.808s] -- Installing: /home/darkdemon/work/motor_control/install/python_moveit_interface/lib/libpython_moveit_interface__rosidl_generator_py.so
[3.808s] -- Set runtime path of "/home/darkdemon/work/motor_control/install/python_moveit_interface/lib/libpython_moveit_interface__rosidl_generator_py.so" to ""
[3.808s] -- Installing: /home/darkdemon/work/motor_control/install/python_moveit_interface/share/python_moveit_interface/srv/PoseRequest.idl
[3.808s] -- Installing: /home/darkdemon/work/motor_control/install/python_moveit_interface/share/python_moveit_interface/srv/GripperControl.idl
[3.808s] -- Installing: /home/darkdemon/work/motor_control/install/python_moveit_interface/share/python_moveit_interface/srv/DetectPose.idl
[3.808s] -- Installing: /home/darkdemon/work/motor_control/install/python_moveit_interface/share/python_moveit_interface/srv/ArmControl.idl
[3.808s] -- Installing: /home/darkdemon/work/motor_control/install/python_moveit_interface/share/python_moveit_interface/srv/PoseRequest.srv
[3.808s] -- Installing: /home/darkdemon/work/motor_control/install/python_moveit_interface/share/python_moveit_interface/srv/PoseRequest_Request.msg
[3.809s] -- Installing: /home/darkdemon/work/motor_control/install/python_moveit_interface/share/python_moveit_interface/srv/PoseRequest_Response.msg
[3.809s] -- Installing: /home/darkdemon/work/motor_control/install/python_moveit_interface/share/python_moveit_interface/srv/GripperControl.srv
[3.809s] -- Installing: /home/darkdemon/work/motor_control/install/python_moveit_interface/share/python_moveit_interface/srv/GripperControl_Request.msg
[3.809s] -- Installing: /home/darkdemon/work/motor_control/install/python_moveit_interface/share/python_moveit_interface/srv/GripperControl_Response.msg
[3.809s] -- Installing: /home/darkdemon/work/motor_control/install/python_moveit_interface/share/python_moveit_interface/srv/DetectPose.srv
[3.809s] -- Installing: /home/darkdemon/work/motor_control/install/python_moveit_interface/share/python_moveit_interface/srv/DetectPose_Request.msg
[3.809s] -- Installing: /home/darkdemon/work/motor_control/install/python_moveit_interface/share/python_moveit_interface/srv/DetectPose_Response.msg
[3.809s] -- Installing: /home/darkdemon/work/motor_control/install/python_moveit_interface/share/python_moveit_interface/srv/ArmControl.srv
[3.809s] -- Installing: /home/darkdemon/work/motor_control/install/python_moveit_interface/share/python_moveit_interface/srv/ArmControl_Request.msg
[3.809s] -- Installing: /home/darkdemon/work/motor_control/install/python_moveit_interface/share/python_moveit_interface/srv/ArmControl_Response.msg
[3.809s] -- Installing: /home/darkdemon/work/motor_control/install/python_moveit_interface/share/ament_index/resource_index/package_run_dependencies/python_moveit_interface
[3.810s] -- Installing: /home/darkdemon/work/motor_control/install/python_moveit_interface/share/ament_index/resource_index/parent_prefix_path/python_moveit_interface
[3.810s] -- Installing: /home/darkdemon/work/motor_control/install/python_moveit_interface/share/python_moveit_interface/environment/ament_prefix_path.sh
[3.810s] -- Installing: /home/darkdemon/work/motor_control/install/python_moveit_interface/share/python_moveit_interface/environment/ament_prefix_path.dsv
[3.810s] -- Installing: /home/darkdemon/work/motor_control/install/python_moveit_interface/share/python_moveit_interface/environment/path.sh
[3.810s] -- Installing: /home/darkdemon/work/motor_control/install/python_moveit_interface/share/python_moveit_interface/environment/path.dsv
[3.810s] -- Installing: /home/darkdemon/work/motor_control/install/python_moveit_interface/share/python_moveit_interface/local_setup.bash
[3.810s] -- Installing: /home/darkdemon/work/motor_control/install/python_moveit_interface/share/python_moveit_interface/local_setup.sh
[3.810s] -- Installing: /home/darkdemon/work/motor_control/install/python_moveit_interface/share/python_moveit_interface/local_setup.zsh
[3.810s] -- Installing: /home/darkdemon/work/motor_control/install/python_moveit_interface/share/python_moveit_interface/local_setup.dsv
[3.810s] -- Installing: /home/darkdemon/work/motor_control/install/python_moveit_interface/share/python_moveit_interface/package.dsv
[3.810s] -- Installing: /home/darkdemon/work/motor_control/install/python_moveit_interface/share/ament_index/resource_index/packages/python_moveit_interface
[3.810s] -- Installing: /home/darkdemon/work/motor_control/install/python_moveit_interface/share/python_moveit_interface/cmake/export_python_moveit_interface__rosidl_generator_cExport.cmake
[3.810s] -- Installing: /home/darkdemon/work/motor_control/install/python_moveit_interface/share/python_moveit_interface/cmake/export_python_moveit_interface__rosidl_generator_cExport-noconfig.cmake
[3.810s] -- Installing: /home/darkdemon/work/motor_control/install/python_moveit_interface/share/python_moveit_interface/cmake/export_python_moveit_interface__rosidl_typesupport_fastrtps_cExport.cmake
[3.811s] -- Installing: /home/darkdemon/work/motor_control/install/python_moveit_interface/share/python_moveit_interface/cmake/export_python_moveit_interface__rosidl_typesupport_fastrtps_cExport-noconfig.cmake
[3.811s] -- Installing: /home/darkdemon/work/motor_control/install/python_moveit_interface/share/python_moveit_interface/cmake/python_moveit_interface__rosidl_typesupport_introspection_cExport.cmake
[3.811s] -- Installing: /home/darkdemon/work/motor_control/install/python_moveit_interface/share/python_moveit_interface/cmake/python_moveit_interface__rosidl_typesupport_introspection_cExport-noconfig.cmake
[3.811s] -- Installing: /home/darkdemon/work/motor_control/install/python_moveit_interface/share/python_moveit_interface/cmake/python_moveit_interface__rosidl_typesupport_cExport.cmake
[3.811s] -- Installing: /home/darkdemon/work/motor_control/install/python_moveit_interface/share/python_moveit_interface/cmake/python_moveit_interface__rosidl_typesupport_cExport-noconfig.cmake
[3.811s] -- Installing: /home/darkdemon/work/motor_control/install/python_moveit_interface/share/python_moveit_interface/cmake/export_python_moveit_interface__rosidl_generator_cppExport.cmake
[3.811s] -- Installing: /home/darkdemon/work/motor_control/install/python_moveit_interface/share/python_moveit_interface/cmake/export_python_moveit_interface__rosidl_typesupport_fastrtps_cppExport.cmake
[3.811s] -- Installing: /home/darkdemon/work/motor_control/install/python_moveit_interface/share/python_moveit_interface/cmake/export_python_moveit_interface__rosidl_typesupport_fastrtps_cppExport-noconfig.cmake
[3.811s] -- Installing: /home/darkdemon/work/motor_control/install/python_moveit_interface/share/python_moveit_interface/cmake/python_moveit_interface__rosidl_typesupport_introspection_cppExport.cmake
[3.811s] -- Installing: /home/darkdemon/work/motor_control/install/python_moveit_interface/share/python_moveit_interface/cmake/python_moveit_interface__rosidl_typesupport_introspection_cppExport-noconfig.cmake
[3.811s] -- Installing: /home/darkdemon/work/motor_control/install/python_moveit_interface/share/python_moveit_interface/cmake/python_moveit_interface__rosidl_typesupport_cppExport.cmake
[3.811s] -- Installing: /home/darkdemon/work/motor_control/install/python_moveit_interface/share/python_moveit_interface/cmake/python_moveit_interface__rosidl_typesupport_cppExport-noconfig.cmake
[3.811s] -- Installing: /home/darkdemon/work/motor_control/install/python_moveit_interface/share/python_moveit_interface/cmake/export_python_moveit_interface__rosidl_generator_pyExport.cmake
[3.811s] -- Installing: /home/darkdemon/work/motor_control/install/python_moveit_interface/share/python_moveit_interface/cmake/export_python_moveit_interface__rosidl_generator_pyExport-noconfig.cmake
[3.811s] -- Installing: /home/darkdemon/work/motor_control/install/python_moveit_interface/share/python_moveit_interface/cmake/rosidl_cmake-extras.cmake
[3.811s] -- Installing: /home/darkdemon/work/motor_control/install/python_moveit_interface/share/python_moveit_interface/cmake/ament_cmake_export_dependencies-extras.cmake
[3.812s] -- Installing: /home/darkdemon/work/motor_control/install/python_moveit_interface/share/python_moveit_interface/cmake/ament_cmake_export_include_directories-extras.cmake
[3.812s] -- Installing: /home/darkdemon/work/motor_control/install/python_moveit_interface/share/python_moveit_interface/cmake/ament_cmake_export_libraries-extras.cmake
[3.812s] -- Installing: /home/darkdemon/work/motor_control/install/python_moveit_interface/share/python_moveit_interface/cmake/ament_cmake_export_targets-extras.cmake
[3.812s] -- Installing: /home/darkdemon/work/motor_control/install/python_moveit_interface/share/python_moveit_interface/cmake/rosidl_cmake_export_typesupport_targets-extras.cmake
[3.812s] -- Installing: /home/darkdemon/work/motor_control/install/python_moveit_interface/share/python_moveit_interface/cmake/rosidl_cmake_export_typesupport_libraries-extras.cmake
[3.812s] -- Installing: /home/darkdemon/work/motor_control/install/python_moveit_interface/share/python_moveit_interface/cmake/python_moveit_interfaceConfig.cmake
[3.812s] -- Installing: /home/darkdemon/work/motor_control/install/python_moveit_interface/share/python_moveit_interface/cmake/python_moveit_interfaceConfig-version.cmake
[3.812s] -- Installing: /home/darkdemon/work/motor_control/install/python_moveit_interface/share/python_moveit_interface/package.xml
[3.813s] Invoked command in '/home/darkdemon/work/motor_control/build/python_moveit_interface' returned '0': /usr/bin/cmake --install /home/darkdemon/work/motor_control/build/python_moveit_interface
