[0.291s] Invoking command in '/home/darkdemon/work/motor_control/build/small_arm_moveit_cpp': CMAKE_PREFIX_PATH=${CMAKE_PREFIX_PATH}:/home/darkdemon/work/motor_control/install/realsense:/home/darkdemon/work/motor_control/install/python_moveit2:/opt/ros/humble /usr/bin/cmake --build /home/darkdemon/work/motor_control/build/small_arm_moveit_cpp -- -j20 -l20
[0.340s] [ 40%] Built target eye_hand_pose
[0.341s] [ 40%] Built target auto_pose_goal
[0.341s] [ 50%] [32mBuilding CXX object CMakeFiles/ee_pose_in_base.dir/src/ee_pose_in_base.cpp.o[0m
[0.348s] [ 90%] Built target named_goal
[0.348s] [ 90%] Built target gripper_open
[5.206s] [100%] [32m[1mLinking CXX executable ee_pose_in_base[0m
[5.734s] [100%] Built target ee_pose_in_base
[5.743s] Invoked command in '/home/darkdemon/work/motor_control/build/small_arm_moveit_cpp' returned '0': CMAKE_PREFIX_PATH=${CMAKE_PREFIX_PATH}:/home/darkdemon/work/motor_control/install/realsense:/home/darkdemon/work/motor_control/install/python_moveit2:/opt/ros/humble /usr/bin/cmake --build /home/darkdemon/work/motor_control/build/small_arm_moveit_cpp -- -j20 -l20
[5.744s] Invoking command in '/home/darkdemon/work/motor_control/build/small_arm_moveit_cpp': CMAKE_PREFIX_PATH=${CMAKE_PREFIX_PATH}:/home/darkdemon/work/motor_control/install/realsense:/home/darkdemon/work/motor_control/install/python_moveit2:/opt/ros/humble /usr/bin/cmake --install /home/darkdemon/work/motor_control/build/small_arm_moveit_cpp
[5.749s] -- Install configuration: ""
[5.749s] -- Up-to-date: /home/darkdemon/work/motor_control/install/small_arm_moveit_cpp/lib/small_arm_moveit_cpp/named_goal
[5.749s] -- Installing: /home/darkdemon/work/motor_control/install/small_arm_moveit_cpp/lib/small_arm_moveit_cpp/ee_pose_in_base
[5.751s] -- Set runtime path of "/home/darkdemon/work/motor_control/install/small_arm_moveit_cpp/lib/small_arm_moveit_cpp/ee_pose_in_base" to ""
[5.751s] -- Up-to-date: /home/darkdemon/work/motor_control/install/small_arm_moveit_cpp/lib/small_arm_moveit_cpp/eye_hand_pose
[5.751s] -- Up-to-date: /home/darkdemon/work/motor_control/install/small_arm_moveit_cpp/lib/small_arm_moveit_cpp/auto_pose_goal
[5.751s] -- Up-to-date: /home/darkdemon/work/motor_control/install/small_arm_moveit_cpp/lib/small_arm_moveit_cpp/gripper_open
[5.751s] -- Up-to-date: /home/darkdemon/work/motor_control/install/small_arm_moveit_cpp/share/small_arm_moveit_cpp/launch
[5.751s] -- Up-to-date: /home/darkdemon/work/motor_control/install/small_arm_moveit_cpp/share/small_arm_moveit_cpp/launch/motion_planning.launch.py
[5.751s] -- Up-to-date: /home/darkdemon/work/motor_control/install/small_arm_moveit_cpp/share/small_arm_moveit_cpp/config
[5.751s] -- Up-to-date: /home/darkdemon/work/motor_control/install/small_arm_moveit_cpp/share/small_arm_moveit_cpp/config/moveit_cpp.yaml
[5.751s] -- Up-to-date: /home/darkdemon/work/motor_control/install/small_arm_moveit_cpp/share/ament_index/resource_index/package_run_dependencies/small_arm_moveit_cpp
[5.751s] -- Up-to-date: /home/darkdemon/work/motor_control/install/small_arm_moveit_cpp/share/ament_index/resource_index/parent_prefix_path/small_arm_moveit_cpp
[5.751s] -- Up-to-date: /home/darkdemon/work/motor_control/install/small_arm_moveit_cpp/share/small_arm_moveit_cpp/environment/ament_prefix_path.sh
[5.751s] -- Up-to-date: /home/darkdemon/work/motor_control/install/small_arm_moveit_cpp/share/small_arm_moveit_cpp/environment/ament_prefix_path.dsv
[5.751s] -- Up-to-date: /home/darkdemon/work/motor_control/install/small_arm_moveit_cpp/share/small_arm_moveit_cpp/environment/path.sh
[5.752s] -- Up-to-date: /home/darkdemon/work/motor_control/install/small_arm_moveit_cpp/share/small_arm_moveit_cpp/environment/path.dsv
[5.752s] -- Up-to-date: /home/darkdemon/work/motor_control/install/small_arm_moveit_cpp/share/small_arm_moveit_cpp/local_setup.bash
[5.752s] -- Up-to-date: /home/darkdemon/work/motor_control/install/small_arm_moveit_cpp/share/small_arm_moveit_cpp/local_setup.sh
[5.752s] -- Up-to-date: /home/darkdemon/work/motor_control/install/small_arm_moveit_cpp/share/small_arm_moveit_cpp/local_setup.zsh
[5.752s] -- Up-to-date: /home/darkdemon/work/motor_control/install/small_arm_moveit_cpp/share/small_arm_moveit_cpp/local_setup.dsv
[5.752s] -- Installing: /home/darkdemon/work/motor_control/install/small_arm_moveit_cpp/share/small_arm_moveit_cpp/package.dsv
[5.752s] -- Up-to-date: /home/darkdemon/work/motor_control/install/small_arm_moveit_cpp/share/ament_index/resource_index/packages/small_arm_moveit_cpp
[5.752s] -- Up-to-date: /home/darkdemon/work/motor_control/install/small_arm_moveit_cpp/share/small_arm_moveit_cpp/cmake/small_arm_moveit_cppConfig.cmake
[5.752s] -- Up-to-date: /home/darkdemon/work/motor_control/install/small_arm_moveit_cpp/share/small_arm_moveit_cpp/cmake/small_arm_moveit_cppConfig-version.cmake
[5.752s] -- Up-to-date: /home/darkdemon/work/motor_control/install/small_arm_moveit_cpp/share/small_arm_moveit_cpp/package.xml
[5.753s] Invoked command in '/home/darkdemon/work/motor_control/build/small_arm_moveit_cpp' returned '0': CMAKE_PREFIX_PATH=${CMAKE_PREFIX_PATH}:/home/darkdemon/work/motor_control/install/realsense:/home/darkdemon/work/motor_control/install/python_moveit2:/opt/ros/humble /usr/bin/cmake --install /home/darkdemon/work/motor_control/build/small_arm_moveit_cpp
