[2.409s] Invoking command in '/home/darkdemon/work/motor_control/src/RobotSot/src/visual': PYTHONPATH=/home/darkdemon/work/motor_control/build/visual/prefix_override:/usr/lib/python3/dist-packages/colcon_core/task/python/colcon_distutils_commands:/home/darkdemon/work/motor_control/install/visual/lib/python3.10/site-packages:${PYTHONPATH} /usr/bin/python3 -W ignore:setup.py install is deprecated -W ignore:easy_install command is deprecated setup.py egg_info --egg-base ../../../../build/visual build --build-base /home/darkdemon/work/motor_control/build/visual/build install --record /home/darkdemon/work/motor_control/build/visual/install.log --single-version-externally-managed install_data
[2.701s] running egg_info
[2.702s] writing ../../../../build/visual/visual.egg-info/PKG-INFO
[2.702s] writing dependency_links to ../../../../build/visual/visual.egg-info/dependency_links.txt
[2.702s] writing entry points to ../../../../build/visual/visual.egg-info/entry_points.txt
[2.702s] writing requirements to ../../../../build/visual/visual.egg-info/requires.txt
[2.703s] writing top-level names to ../../../../build/visual/visual.egg-info/top_level.txt
[2.705s] reading manifest file '../../../../build/visual/visual.egg-info/SOURCES.txt'
[2.707s] writing manifest file '../../../../build/visual/visual.egg-info/SOURCES.txt'
[2.707s] running build
[2.707s] running build_py
[2.707s] running install
[2.708s] running install_lib
[2.710s] running install_data
[2.710s] running install_egg_info
[2.715s] removing '/home/darkdemon/work/motor_control/install/visual/lib/python3.10/site-packages/visual-0.0.0-py3.10.egg-info' (and everything under it)
[2.715s] Copying ../../../../build/visual/visual.egg-info to /home/darkdemon/work/motor_control/install/visual/lib/python3.10/site-packages/visual-0.0.0-py3.10.egg-info
[2.716s] running install_scripts
[2.744s] Installing main script to /home/darkdemon/work/motor_control/install/visual/lib/visual
[2.744s] Installing slave script to /home/darkdemon/work/motor_control/install/visual/lib/visual
[2.745s] writing list of installed files to '/home/darkdemon/work/motor_control/build/visual/install.log'
[2.774s] Invoked command in '/home/darkdemon/work/motor_control/src/RobotSot/src/visual' returned '0': PYTHONPATH=/home/darkdemon/work/motor_control/build/visual/prefix_override:/usr/lib/python3/dist-packages/colcon_core/task/python/colcon_distutils_commands:/home/darkdemon/work/motor_control/install/visual/lib/python3.10/site-packages:${PYTHONPATH} /usr/bin/python3 -W ignore:setup.py install is deprecated -W ignore:easy_install command is deprecated setup.py egg_info --egg-base ../../../../build/visual build --build-base /home/darkdemon/work/motor_control/build/visual/build install --record /home/darkdemon/work/motor_control/build/visual/install.log --single-version-externally-managed install_data
