[1.430s] Invoking command in '/home/darkdemon/work/motor_control/src/RobotSot/src/visual': PYTHONPATH=/home/darkdemon/work/motor_control/build/visual/prefix_override:/usr/lib/python3/dist-packages/colcon_core/task/python/colcon_distutils_commands:/home/darkdemon/work/motor_control/install/visual/lib/python3.10/site-packages:${PYTHONPATH} /usr/bin/python3 -W ignore:setup.py install is deprecated -W ignore:easy_install command is deprecated setup.py egg_info --egg-base ../../../../build/visual build --build-base /home/darkdemon/work/motor_control/build/visual/build install --record /home/darkdemon/work/motor_control/build/visual/install.log --single-version-externally-managed install_data
[1.669s] running egg_info
[1.669s] creating ../../../../build/visual/visual.egg-info
[1.670s] writing ../../../../build/visual/visual.egg-info/PKG-INFO
[1.670s] writing dependency_links to ../../../../build/visual/visual.egg-info/dependency_links.txt
[1.670s] writing entry points to ../../../../build/visual/visual.egg-info/entry_points.txt
[1.670s] writing requirements to ../../../../build/visual/visual.egg-info/requires.txt
[1.671s] writing top-level names to ../../../../build/visual/visual.egg-info/top_level.txt
[1.671s] writing manifest file '../../../../build/visual/visual.egg-info/SOURCES.txt'
[1.673s] reading manifest file '../../../../build/visual/visual.egg-info/SOURCES.txt'
[1.674s] writing manifest file '../../../../build/visual/visual.egg-info/SOURCES.txt'
[1.674s] running build
[1.674s] running build_py
[1.674s] creating /home/darkdemon/work/motor_control/build/visual/build
[1.674s] creating /home/darkdemon/work/motor_control/build/visual/build/lib
[1.674s] creating /home/darkdemon/work/motor_control/build/visual/build/lib/visual
[1.675s] copying visual/slave.py -> /home/darkdemon/work/motor_control/build/visual/build/lib/visual
[1.675s] copying visual/__init__.py -> /home/darkdemon/work/motor_control/build/visual/build/lib/visual
[1.675s] copying visual/visual_ros.py -> /home/darkdemon/work/motor_control/build/visual/build/lib/visual
[1.675s] copying visual/visual.py -> /home/darkdemon/work/motor_control/build/visual/build/lib/visual
[1.678s] running install
[1.678s] running install_lib
[1.678s] creating /home/darkdemon/work/motor_control/install/visual/lib/python3.10/site-packages/visual
[1.678s] copying /home/darkdemon/work/motor_control/build/visual/build/lib/visual/slave.py -> /home/darkdemon/work/motor_control/install/visual/lib/python3.10/site-packages/visual
[1.679s] copying /home/darkdemon/work/motor_control/build/visual/build/lib/visual/__init__.py -> /home/darkdemon/work/motor_control/install/visual/lib/python3.10/site-packages/visual
[1.684s] copying /home/darkdemon/work/motor_control/build/visual/build/lib/visual/visual_ros.py -> /home/darkdemon/work/motor_control/install/visual/lib/python3.10/site-packages/visual
[1.685s] copying /home/darkdemon/work/motor_control/build/visual/build/lib/visual/visual.py -> /home/darkdemon/work/motor_control/install/visual/lib/python3.10/site-packages/visual
[1.685s] byte-compiling /home/darkdemon/work/motor_control/install/visual/lib/python3.10/site-packages/visual/slave.py to slave.cpython-310.pyc
[1.685s] byte-compiling /home/darkdemon/work/motor_control/install/visual/lib/python3.10/site-packages/visual/__init__.py to __init__.cpython-310.pyc
[1.685s] byte-compiling /home/darkdemon/work/motor_control/install/visual/lib/python3.10/site-packages/visual/visual_ros.py to visual_ros.cpython-310.pyc
[1.685s] byte-compiling /home/darkdemon/work/motor_control/install/visual/lib/python3.10/site-packages/visual/visual.py to visual.cpython-310.pyc
[1.686s] running install_data
[1.686s] creating /home/darkdemon/work/motor_control/install/visual/share/ament_index
[1.686s] creating /home/darkdemon/work/motor_control/install/visual/share/ament_index/resource_index
[1.687s] creating /home/darkdemon/work/motor_control/install/visual/share/ament_index/resource_index/packages
[1.687s] copying resource/visual -> /home/darkdemon/work/motor_control/install/visual/share/ament_index/resource_index/packages
[1.687s] copying package.xml -> /home/darkdemon/work/motor_control/install/visual/share/visual
[1.687s] creating /home/darkdemon/work/motor_control/install/visual/lib/visual
[1.689s] copying visual/visual_ros.py -> /home/darkdemon/work/motor_control/install/visual/lib/visual
[1.689s] copying visual/image/robot.png -> /home/darkdemon/work/motor_control/install/visual/lib/visual
[1.689s] running install_egg_info
[1.692s] Copying ../../../../build/visual/visual.egg-info to /home/darkdemon/work/motor_control/install/visual/lib/python3.10/site-packages/visual-0.0.0-py3.10.egg-info
[1.693s] running install_scripts
[1.730s] Installing main script to /home/darkdemon/work/motor_control/install/visual/lib/visual
[1.730s] Installing slave script to /home/darkdemon/work/motor_control/install/visual/lib/visual
[1.730s] writing list of installed files to '/home/darkdemon/work/motor_control/build/visual/install.log'
[1.757s] Invoked command in '/home/darkdemon/work/motor_control/src/RobotSot/src/visual' returned '0': PYTHONPATH=/home/darkdemon/work/motor_control/build/visual/prefix_override:/usr/lib/python3/dist-packages/colcon_core/task/python/colcon_distutils_commands:/home/darkdemon/work/motor_control/install/visual/lib/python3.10/site-packages:${PYTHONPATH} /usr/bin/python3 -W ignore:setup.py install is deprecated -W ignore:easy_install command is deprecated setup.py egg_info --egg-base ../../../../build/visual build --build-base /home/darkdemon/work/motor_control/build/visual/build install --record /home/darkdemon/work/motor_control/build/visual/install.log --single-version-externally-managed install_data
